 cckddiag64

 Timestamp is 63de279a (Sat Feb  4 10:38:34 2023)

 Preferred load address is 0000000100400000

 Start         Length     Name                   Class
 0001:00000000 00004b10H .text$mn                CODE
 0001:00004b10 00000040H .text$mn$00             CODE
 0001:00004b50 0000006dH .text$x                 CODE
 0002:00000000 00000270H .idata$5                DATA
 0002:00000270 00000038H .00cfg                  DATA
 0002:000002a8 00000008H .CRT$XCA                DATA
 0002:000002b0 00000008H .CRT$XCAA               DATA
 0002:000002b8 00000008H .CRT$XCZ                DATA
 0002:000002c0 00000008H .CRT$XIA                DATA
 0002:000002c8 00000008H .CRT$XIAA               DATA
 0002:000002d0 00000008H .CRT$XIAC               DATA
 0002:000002d8 00000008H .CRT$XIZ                DATA
 0002:000002e0 00000008H .CRT$XPA                DATA
 0002:000002e8 00000008H .CRT$XPZ                DATA
 0002:000002f0 00000008H .CRT$XTA                DATA
 0002:000002f8 00000008H .CRT$XTZ                DATA
 0002:00000300 00000000H .gehcont$y              DATA
 0002:00000300 00000000H .gfids$y                DATA
 0002:00000300 00000280H .rdata                  DATA
 0002:00000580 00000080H .rdata$CastGuardVftablesA DATA
 0002:00000600 00000080H .rdata$CastGuardVftablesC DATA
 0002:00000680 00000098H .rdata$voltmd           DATA
 0002:00000718 00000340H .rdata$zzzdbg           DATA
 0002:00000a58 00000008H .rtc$IAA                DATA
 0002:00000a60 00000008H .rtc$IZZ                DATA
 0002:00000a68 00000008H .rtc$TAA                DATA
 0002:00000a70 00000008H .rtc$TZZ                DATA
 0002:00000a78 0000032cH .xdata                  DATA
 0002:00000da4 00000000H .edata                  DATA
 0002:00000da4 00000064H .idata$2                DATA
 0002:00000e08 00000018H .idata$3                DATA
 0002:00000e20 00000270H .idata$4                DATA
 0002:00001090 0000058aH .idata$6                DATA
 0003:00000000 00001060H .data                   DATA
 0003:00001060 00000638H .bss                    DATA
 0004:00000000 00000438H .pdata                  DATA
 0005:00000000 000002d0H .rsrc$01                DATA
 0005:000002d0 000215f0H .rsrc$02                DATA

  Address         Publics by Value              Rva+Base               Lib:Object

 0000:00000000       __AbsoluteZero             0000000000000000     <absolute>
 0000:00000000       ___safe_se_handler_count   0000000000000000     <absolute>
 0000:00000000       ___safe_se_handler_table   0000000000000000     <absolute>
 0000:00000000       __arm64x_extra_rfe_table   0000000000000000     <absolute>
 0000:00000000       __arm64x_extra_rfe_table_size 0000000000000000     <absolute>
 0000:00000000       __arm64x_native_entrypoint 0000000000000000     <absolute>
 0000:00000000       __arm64x_redirection_metadata 0000000000000000     <absolute>
 0000:00000000       __arm64x_redirection_metadata_count 0000000000000000     <absolute>
 0000:00000000       __dynamic_value_reloc_table 0000000000000000     <absolute>
 0000:00000000       __enclave_config           0000000000000000     <absolute>
 0000:00000000       __guard_check_icall_a64n_fptr 0000000000000000     <absolute>
 0000:00000000       __guard_eh_cont_count      0000000000000000     <absolute>
 0000:00000000       __guard_eh_cont_table      0000000000000000     <absolute>
 0000:00000000       __guard_fids_count         0000000000000000     <absolute>
 0000:00000000       __guard_fids_table         0000000000000000     <absolute>
 0000:00000000       __guard_iat_count          0000000000000000     <absolute>
 0000:00000000       __guard_iat_table          0000000000000000     <absolute>
 0000:00000000       __guard_longjmp_count      0000000000000000     <absolute>
 0000:00000000       __guard_longjmp_table      0000000000000000     <absolute>
 0000:00000000       __hybrid_auxiliary_iat     0000000000000000     <absolute>
 0000:00000000       __hybrid_auxiliary_iat_copy 0000000000000000     <absolute>
 0000:00000000       __hybrid_code_map          0000000000000000     <absolute>
 0000:00000000       __hybrid_code_map_count    0000000000000000     <absolute>
 0000:00000000       __x64_code_ranges_to_entry_points 0000000000000000     <absolute>
 0000:00000000       __x64_code_ranges_to_entry_points_count 0000000000000000     <absolute>
 0000:00000100       __guard_flags              0000000000000100     <absolute>
 0000:00000000       __ImageBase                0000000100400000     <linker-defined>
 0001:000011b0       main                       00000001004021b0 f   cckddiag64.obj
 0001:00002990       __local_stdio_printf_options 0000000100403990 f i cckddiag64.obj
 0001:000029a0       _vfprintf_l                00000001004039a0 f i cckddiag64.obj
 0001:000029f0       fetch_fw_noswap            00000001004039f0 f i cckddiag64.obj
 0001:00002a10       printf                     0000000100403a10 f i cckddiag64.obj
 0001:00002a68       dasd_lookup                0000000100403a68 f   hdasd:hdasd.dll
 0001:00002a6e       cckd_def_opt_bigend        0000000100403a6e f   hdasd:hdasd.dll
 0001:00002a74       data_dump                  0000000100403a74 f   hdasd:hdasd.dll
 0001:00002a7a       data_dump_ascii            0000000100403a7a f   hdasd:hdasd.dll
 0001:00002a80       data_dump_offset           0000000100403a80 f   hdasd:hdasd.dll
 0001:00002a86       is_dh_devid_typ            0000000100403a86 f   hdasd:hdasd.dll
 0001:00002a8c       initialize_utility         0000000100403a8c f   hutil:hutil.dll
 0001:00002a92       w32_strerror               0000000100403a92 f   hutil:hutil.dll
 0001:00002a98       hostpath                   0000000100403a98 f   hutil:hutil.dll
 0001:00002a9e       w32_hopen                  0000000100403a9e f   hutil:hutil.dll
 0001:00002aa4       fwritemsg                  0000000100403aa4 f   hutil:hutil.dll
 0001:00002ab0       __GSHandlerCheck           0000000100403ab0 f   MSVCRTD:gshandler.obj
 0001:00002af0       __GSHandlerCheckCommon     0000000100403af0 f   MSVCRTD:gshandler.obj
 0001:00002c00       __chkstk                   0000000100403c00 f   MSVCRTD:chkstk.obj
 0001:00002c00       _alloca_probe              0000000100403c00 f   MSVCRTD:chkstk.obj
 0001:00002c60       __security_check_cookie    0000000100403c60 f   MSVCRTD:amdsecgs.obj
 0001:00002f30       ?configure_argv@__scrt_narrow_argv_policy@@SAHXZ 0000000100403f30 f i MSVCRTD:exe_main.obj
 0001:00002f50       ?initialize_environment@__scrt_narrow_environment_policy@@SAHXZ 0000000100403f50 f i MSVCRTD:exe_main.obj
 0001:00002fa0       ?set_app_type@__scrt_main_policy@@SAXXZ 0000000100403fa0 f i MSVCRTD:exe_main.obj
 0001:00002fc0       ?set_commode@__scrt_file_policy@@SAXXZ 0000000100403fc0 f i MSVCRTD:exe_main.obj
 0001:00002fe0       ?set_fmode@__scrt_file_policy@@SAXXZ 0000000100403fe0 f i MSVCRTD:exe_main.obj
 0001:00003000       mainCRTStartup             0000000100404000 f   MSVCRTD:exe_main.obj
 0001:00003020       __raise_securityfailure    0000000100404020 f   MSVCRTD:gs_report.obj
 0001:00003060       __report_gsfailure         0000000100404060 f   MSVCRTD:gs_report.obj
 0001:00003140       __report_rangecheckfailure 0000000100404140 f   MSVCRTD:gs_report.obj
 0001:00003160       __report_securityfailure   0000000100404160 f   MSVCRTD:gs_report.obj
 0001:00003200       __report_securityfailureEx 0000000100404200 f   MSVCRTD:gs_report.obj
 0001:000035d0       NtCurrentTeb               00000001004045d0 f i MSVCRTD:utility.obj
 0001:000035e0       __scrt_acquire_startup_lock 00000001004045e0 f   MSVCRTD:utility.obj
 0001:00003650       __scrt_dllmain_after_initialize_c 0000000100404650 f   MSVCRTD:utility.obj
 0001:00003680       __scrt_dllmain_before_initialize_c 0000000100404680 f   MSVCRTD:utility.obj
 0001:000036a0       __scrt_dllmain_crt_thread_attach 00000001004046a0 f   MSVCRTD:utility.obj
 0001:000036d0       __scrt_dllmain_crt_thread_detach 00000001004046d0 f   MSVCRTD:utility.obj
 0001:000036f0       __scrt_dllmain_exception_filter 00000001004046f0 f   MSVCRTD:utility.obj
 0001:00003760       __scrt_dllmain_uninitialize_c 0000000100404760 f   MSVCRTD:utility.obj
 0001:00003790       __scrt_dllmain_uninitialize_critical 0000000100404790 f   MSVCRTD:utility.obj
 0001:000037b0       __scrt_initialize_crt      00000001004047b0 f   MSVCRTD:utility.obj
 0001:00003800       __scrt_initialize_onexit_tables 0000000100404800 f   MSVCRTD:utility.obj
 0001:00003910       __scrt_is_nonwritable_in_current_image 0000000100404910 f   MSVCRTD:utility.obj
 0001:000039a0       __scrt_release_startup_lock 00000001004049a0 f   MSVCRTD:utility.obj
 0001:000039d0       __scrt_uninitialize_crt    00000001004049d0 f   MSVCRTD:utility.obj
 0001:00003a10       _onexit                    0000000100404a10 f   MSVCRTD:utility.obj
 0001:00003a90       at_quick_exit              0000000100404a90 f   MSVCRTD:utility.obj
 0001:00003ae0       atexit                     0000000100404ae0 f   MSVCRTD:utility.obj
 0001:00003be0       __security_init_cookie     0000000100404be0 f   MSVCRTD:gs_support.obj
 0001:00003c60       _matherr                   0000000100404c60 f   MSVCRTD:matherr.obj
 0001:00003c70       _get_startup_argv_mode     0000000100404c70 f   MSVCRTD:argv_mode.obj
 0001:00003c80       _get_startup_commit_mode   0000000100404c80 f   MSVCRTD:commit_mode.obj
 0001:00003c90       _get_startup_file_mode     0000000100404c90 f   MSVCRTD:file_mode.obj
 0001:00003ca0       _get_startup_new_mode      0000000100404ca0 f   MSVCRTD:new_mode.obj
 0001:00003cb0       _get_startup_thread_locale_mode 0000000100404cb0 f   MSVCRTD:thread_locale.obj
 0001:00003cc0       ?__scrt_initialize_type_info@@YAXXZ 0000000100404cc0 f   MSVCRTD:tncleanup.obj
 0001:00003ce0       ?__scrt_uninitialize_type_info@@YAXXZ 0000000100404ce0 f   MSVCRTD:tncleanup.obj
 0001:00003d00       _should_initialize_environment 0000000100404d00 f   MSVCRTD:env_mode.obj
 0001:00003d10       _initialize_invalid_parameter_handler 0000000100404d10 f   MSVCRTD:invalid_parameter_handler.obj
 0001:00003d20       _initialize_denormal_control 0000000100404d20 f   MSVCRTD:denormal_control.obj
 0001:00003d30       __local_stdio_scanf_options 0000000100404d30 f i MSVCRTD:default_local_stdio_options.obj
 0001:00003d40       __scrt_initialize_default_local_stdio_options 0000000100404d40 f   MSVCRTD:default_local_stdio_options.obj
 0001:00003d90       __scrt_is_user_matherr_present 0000000100404d90 f   MSVCRTD:matherr_detection.obj
 0001:00003dc0       __scrt_get_dyn_tls_init_callback 0000000100404dc0 f   MSVCRTD:dyn_tls_init.obj
 0001:00003dd0       __scrt_get_dyn_tls_dtor_callback 0000000100404dd0 f   MSVCRTD:dyn_tls_dtor.obj
 0001:00003de0       __crt_debugger_hook        0000000100404de0 f   MSVCRTD:utility_desktop.obj
 0001:00003df0       __scrt_fastfail            0000000100404df0 f   MSVCRTD:utility_desktop.obj
 0001:00003f90       __scrt_get_show_window_mode 0000000100404f90 f   MSVCRTD:utility_desktop.obj
 0001:00003ff0       __scrt_initialize_mta      0000000100404ff0 f   MSVCRTD:utility_desktop.obj
 0001:00004000       __scrt_initialize_winrt    0000000100405000 f   MSVCRTD:utility_desktop.obj
 0001:00004010       __scrt_is_managed_app      0000000100405010 f   MSVCRTD:utility_desktop.obj
 0001:000040c0       __scrt_set_unhandled_exception_filter 00000001004050c0 f   MSVCRTD:utility_desktop.obj
 0001:000040e0       __scrt_exe_initialize_mta  00000001004050e0 f   MSVCRTD:utility_desktop.obj
 0001:000040e0       __scrt_stub_for_initialize_mta 00000001004050e0 f   MSVCRTD:utility_desktop.obj
 0001:000040f0       __scrt_unhandled_exception_filter 00000001004050f0 f   MSVCRTD:utility_desktop.obj
 0001:00004190       _RTC_Initialize            0000000100405190 f   MSVCRTD:initsect.obj
 0001:000041e0       _RTC_Terminate             00000001004051e0 f   MSVCRTD:initsect.obj
 0001:00004230       _guard_check_icall_nop     0000000100405230 f i MSVCRTD:guard_support.obj
 0001:00004240       ReadNoFence64              0000000100405240 f i MSVCRTD:guard_support.obj
 0001:00004260       ReadPointerNoFence         0000000100405260 f i MSVCRTD:guard_support.obj
 0001:00004280       __castguard_check_failure_debugbreak 0000000100405280 f i MSVCRTD:guard_support.obj
 0001:000042a0       __castguard_check_failure_fastfail 00000001004052a0 f i MSVCRTD:guard_support.obj
 0001:000042d0       __castguard_check_failure_nop 00000001004052d0 f i MSVCRTD:guard_support.obj
 0001:000042e0       __castguard_check_failure_os_handled 00000001004052e0 f i MSVCRTD:guard_support.obj
 0001:000043b0       __castguard_slow_path_check_debugbreak 00000001004053b0 f i MSVCRTD:guard_support.obj
 0001:000043f0       __castguard_slow_path_check_fastfail 00000001004053f0 f i MSVCRTD:guard_support.obj
 0001:00004440       __castguard_slow_path_check_nop 0000000100405440 f i MSVCRTD:guard_support.obj
 0001:00004450       __castguard_slow_path_check_os_handled 0000000100405450 f i MSVCRTD:guard_support.obj
 0001:00004510       _guard_icall_checks_enforced 0000000100405510 f i MSVCRTD:guard_support.obj
 0001:00004550       _guard_rf_checks_enforced  0000000100405550 f i MSVCRTD:guard_support.obj
 0001:00004560       __isa_available_init       0000000100405560 f   MSVCRTD:cpu_disp.obj
 0001:00004910       __scrt_is_ucrt_dll_in_use  0000000100405910 f   MSVCRTD:ucrt_detection.obj
 0001:00004940       strchr                     0000000100405940 f   vcruntimed:VCRUNTIME140D.dll
 0001:00004946       memcmp                     0000000100405946 f   vcruntimed:VCRUNTIME140D.dll
 0001:0000494c       __C_specific_handler       000000010040594c f   vcruntimed:VCRUNTIME140D.dll
 0001:00004952       __std_type_info_destroy_list 0000000100405952 f   vcruntimed:VCRUNTIME140D.dll
 0001:00004958       __current_exception        0000000100405958 f   vcruntimed:VCRUNTIME140D.dll
 0001:0000495e       __current_exception_context 000000010040595e f   vcruntimed:VCRUNTIME140D.dll
 0001:00004964       isxdigit                   0000000100405964 f   ucrtd:ucrtbased.dll
 0001:0000496a       _errno                     000000010040596a f   ucrtd:ucrtbased.dll
 0001:00004970       free                       0000000100405970 f   ucrtd:ucrtbased.dll
 0001:00004976       malloc                     0000000100405976 f   ucrtd:ucrtbased.dll
 0001:0000497c       exit                       000000010040597c f   ucrtd:ucrtbased.dll
 0001:00004982       _byteswap_ulong            0000000100405982 f   ucrtd:ucrtbased.dll
 0001:00004988       _byteswap_uint64           0000000100405988 f   ucrtd:ucrtbased.dll
 0001:0000498e       _atoi64                    000000010040598e f   ucrtd:ucrtbased.dll
 0001:00004994       _lseeki64                  0000000100405994 f   ucrtd:ucrtbased.dll
 0001:0000499a       __acrt_iob_func            000000010040599a f   ucrtd:ucrtbased.dll
 0001:000049a0       getc                       00000001004059a0 f   ucrtd:ucrtbased.dll
 0001:000049a6       __stdio_common_vfprintf    00000001004059a6 f   ucrtd:ucrtbased.dll
 0001:000049ac       _seh_filter_exe            00000001004059ac f   ucrtd:ucrtbased.dll
 0001:000049b2       _set_app_type              00000001004059b2 f   ucrtd:ucrtbased.dll
 0001:000049b8       __setusermatherr           00000001004059b8 f   ucrtd:ucrtbased.dll
 0001:000049be       _configure_narrow_argv     00000001004059be f   ucrtd:ucrtbased.dll
 0001:000049c4       _initialize_narrow_environment 00000001004059c4 f   ucrtd:ucrtbased.dll
 0001:000049ca       _get_initial_narrow_environment 00000001004059ca f   ucrtd:ucrtbased.dll
 0001:000049d0       _initterm                  00000001004059d0 f   ucrtd:ucrtbased.dll
 0001:000049d6       _initterm_e                00000001004059d6 f   ucrtd:ucrtbased.dll
 0001:000049dc       _exit                      00000001004059dc f   ucrtd:ucrtbased.dll
 0001:000049e2       _set_fmode                 00000001004059e2 f   ucrtd:ucrtbased.dll
 0001:000049e8       __p___argc                 00000001004059e8 f   ucrtd:ucrtbased.dll
 0001:000049ee       __p___argv                 00000001004059ee f   ucrtd:ucrtbased.dll
 0001:000049f4       _cexit                     00000001004059f4 f   ucrtd:ucrtbased.dll
 0001:000049fa       _c_exit                    00000001004059fa f   ucrtd:ucrtbased.dll
 0001:00004a00       _register_thread_local_exe_atexit_callback 0000000100405a00 f   ucrtd:ucrtbased.dll
 0001:00004a06       _configthreadlocale        0000000100405a06 f   ucrtd:ucrtbased.dll
 0001:00004a0c       _set_new_mode              0000000100405a0c f   ucrtd:ucrtbased.dll
 0001:00004a12       __p__commode               0000000100405a12 f   ucrtd:ucrtbased.dll
 0001:00004a18       _seh_filter_dll            0000000100405a18 f   ucrtd:ucrtbased.dll
 0001:00004a1e       _initialize_onexit_table   0000000100405a1e f   ucrtd:ucrtbased.dll
 0001:00004a24       _register_onexit_function  0000000100405a24 f   ucrtd:ucrtbased.dll
 0001:00004a2a       _execute_onexit_table      0000000100405a2a f   ucrtd:ucrtbased.dll
 0001:00004a30       _crt_atexit                0000000100405a30 f   ucrtd:ucrtbased.dll
 0001:00004a36       _crt_at_quick_exit         0000000100405a36 f   ucrtd:ucrtbased.dll
 0001:00004a3c       terminate                  0000000100405a3c f   ucrtd:ucrtbased.dll
 0001:00004a42       _close                     0000000100405a42 f   ucrtd:ucrtbased.dll
 0001:00004a48       _read                      0000000100405a48 f   ucrtd:ucrtbased.dll
 0001:00004a4e       RtlCaptureContext          0000000100405a4e f   kernel32:KERNEL32.dll
 0001:00004a54       RtlLookupFunctionEntry     0000000100405a54 f   kernel32:KERNEL32.dll
 0001:00004a5a       RtlVirtualUnwind           0000000100405a5a f   kernel32:KERNEL32.dll
 0001:00004a60       UnhandledExceptionFilter   0000000100405a60 f   kernel32:KERNEL32.dll
 0001:00004a66       SetUnhandledExceptionFilter 0000000100405a66 f   kernel32:KERNEL32.dll
 0001:00004a6c       GetCurrentProcess          0000000100405a6c f   kernel32:KERNEL32.dll
 0001:00004a72       TerminateProcess           0000000100405a72 f   kernel32:KERNEL32.dll
 0001:00004a78       IsProcessorFeaturePresent  0000000100405a78 f   kernel32:KERNEL32.dll
 0001:00004a7e       QueryPerformanceCounter    0000000100405a7e f   kernel32:KERNEL32.dll
 0001:00004a84       GetCurrentProcessId        0000000100405a84 f   kernel32:KERNEL32.dll
 0001:00004a8a       GetCurrentThreadId         0000000100405a8a f   kernel32:KERNEL32.dll
 0001:00004a90       GetSystemTimeAsFileTime    0000000100405a90 f   kernel32:KERNEL32.dll
 0001:00004a96       InitializeSListHead        0000000100405a96 f   kernel32:KERNEL32.dll
 0001:00004a9c       IsDebuggerPresent          0000000100405a9c f   kernel32:KERNEL32.dll
 0001:00004aa2       GetStartupInfoW            0000000100405aa2 f   kernel32:KERNEL32.dll
 0001:00004aa8       GetModuleHandleW           0000000100405aa8 f   kernel32:KERNEL32.dll
 0001:00004ab0       __acrt_initialize          0000000100405ab0 f   MSVCRTD:ucrt_stubs.obj
 0001:00004ab0       __scrt_stub_for_acrt_initialize 0000000100405ab0 f   MSVCRTD:ucrt_stubs.obj
 0001:00004ab0       __vcrt_initialize          0000000100405ab0 f   MSVCRTD:ucrt_stubs.obj
 0001:00004ac0       __acrt_thread_attach       0000000100405ac0 f   MSVCRTD:ucrt_stubs.obj
 0001:00004ac0       __scrt_stub_for_acrt_thread_attach 0000000100405ac0 f   MSVCRTD:ucrt_stubs.obj
 0001:00004ac0       __vcrt_thread_attach       0000000100405ac0 f   MSVCRTD:ucrt_stubs.obj
 0001:00004ad0       __acrt_thread_detach       0000000100405ad0 f   MSVCRTD:ucrt_stubs.obj
 0001:00004ad0       __scrt_stub_for_acrt_thread_detach 0000000100405ad0 f   MSVCRTD:ucrt_stubs.obj
 0001:00004ad0       __vcrt_thread_detach       0000000100405ad0 f   MSVCRTD:ucrt_stubs.obj
 0001:00004ae0       __acrt_uninitialize        0000000100405ae0 f   MSVCRTD:ucrt_stubs.obj
 0001:00004ae0       __scrt_stub_for_acrt_uninitialize 0000000100405ae0 f   MSVCRTD:ucrt_stubs.obj
 0001:00004ae0       __vcrt_uninitialize        0000000100405ae0 f   MSVCRTD:ucrt_stubs.obj
 0001:00004af0       __acrt_uninitialize_critical 0000000100405af0 f   MSVCRTD:ucrt_stubs.obj
 0001:00004af0       __scrt_stub_for_acrt_uninitialize_critical 0000000100405af0 f   MSVCRTD:ucrt_stubs.obj
 0001:00004af0       __vcrt_uninitialize_critical 0000000100405af0 f   MSVCRTD:ucrt_stubs.obj
 0001:00004b00       __scrt_stub_for_is_c_termination_complete 0000000100405b00 f   MSVCRTD:ucrt_stubs.obj
 0001:00004b00       _is_c_termination_complete 0000000100405b00 f   MSVCRTD:ucrt_stubs.obj
 0001:00004b03       memcpy                     0000000100405b03 f   vcruntimed:VCRUNTIME140D.dll
 0001:00004b20       _guard_dispatch_icall_nop  0000000100405b20 f   MSVCRTD:guard_dispatch.obj
 0001:00004b40       _guard_xfg_dispatch_icall_nop 0000000100405b40 f   MSVCRTD:guard_xfg_dispatch.obj
 0002:00000000       __imp_RtlCaptureContext    0000000100406000     kernel32:KERNEL32.dll
 0002:00000008       __imp_RtlLookupFunctionEntry 0000000100406008     kernel32:KERNEL32.dll
 0002:00000010       __imp_RtlVirtualUnwind     0000000100406010     kernel32:KERNEL32.dll
 0002:00000018       __imp_UnhandledExceptionFilter 0000000100406018     kernel32:KERNEL32.dll
 0002:00000020       __imp_SetUnhandledExceptionFilter 0000000100406020     kernel32:KERNEL32.dll
 0002:00000028       __imp_GetCurrentProcess    0000000100406028     kernel32:KERNEL32.dll
 0002:00000030       __imp_QueryPerformanceCounter 0000000100406030     kernel32:KERNEL32.dll
 0002:00000038       __imp_GetModuleHandleW     0000000100406038     kernel32:KERNEL32.dll
 0002:00000040       __imp_GetStartupInfoW      0000000100406040     kernel32:KERNEL32.dll
 0002:00000048       __imp_IsDebuggerPresent    0000000100406048     kernel32:KERNEL32.dll
 0002:00000050       __imp_InitializeSListHead  0000000100406050     kernel32:KERNEL32.dll
 0002:00000058       __imp_GetSystemTimeAsFileTime 0000000100406058     kernel32:KERNEL32.dll
 0002:00000060       __imp_GetCurrentThreadId   0000000100406060     kernel32:KERNEL32.dll
 0002:00000068       __imp_GetCurrentProcessId  0000000100406068     kernel32:KERNEL32.dll
 0002:00000070       __imp_TerminateProcess     0000000100406070     kernel32:KERNEL32.dll
 0002:00000078       __imp_IsProcessorFeaturePresent 0000000100406078     kernel32:KERNEL32.dll
 0002:00000080       \177KERNEL32_NULL_THUNK_DATA 0000000100406080     kernel32:KERNEL32.dll
 0002:00000088       __imp___current_exception_context 0000000100406088     vcruntimed:VCRUNTIME140D.dll
 0002:00000090       __imp_memcmp               0000000100406090     vcruntimed:VCRUNTIME140D.dll
 0002:00000098       __imp_strchr               0000000100406098     vcruntimed:VCRUNTIME140D.dll
 0002:000000a0       __imp___current_exception  00000001004060a0     vcruntimed:VCRUNTIME140D.dll
 0002:000000a8       __imp___std_type_info_destroy_list 00000001004060a8     vcruntimed:VCRUNTIME140D.dll
 0002:000000b0       __imp___C_specific_handler 00000001004060b0     vcruntimed:VCRUNTIME140D.dll
 0002:000000b8       __imp_memcpy               00000001004060b8     vcruntimed:VCRUNTIME140D.dll
 0002:000000c0       \177VCRUNTIME140D_NULL_THUNK_DATA 00000001004060c0     vcruntimed:VCRUNTIME140D.dll
 0002:000000c8       __imp_data_dump_ascii      00000001004060c8     hdasd:hdasd.dll
 0002:000000d0       __imp_data_dump            00000001004060d0     hdasd:hdasd.dll
 0002:000000d8       __imp_cckd_def_opt_bigend  00000001004060d8     hdasd:hdasd.dll
 0002:000000e0       __imp_data_dump_offset     00000001004060e0     hdasd:hdasd.dll
 0002:000000e8       __imp_is_dh_devid_typ      00000001004060e8     hdasd:hdasd.dll
 0002:000000f0       __imp_dasd_lookup          00000001004060f0     hdasd:hdasd.dll
 0002:000000f8       \177hdasd_NULL_THUNK_DATA  00000001004060f8     hdasd:hdasd.dll
 0002:00000100       __imp_w32_hopen            0000000100406100     hutil:hutil.dll
 0002:00000108       __imp_fwritemsg            0000000100406108     hutil:hutil.dll
 0002:00000110       __imp_hostpath             0000000100406110     hutil:hutil.dll
 0002:00000118       __imp_initialize_utility   0000000100406118     hutil:hutil.dll
 0002:00000120       __imp_w32_strerror         0000000100406120     hutil:hutil.dll
 0002:00000128       \177hutil_NULL_THUNK_DATA  0000000100406128     hutil:hutil.dll
 0002:00000130       __imp__initterm            0000000100406130     ucrtd:ucrtbased.dll
 0002:00000138       __imp_getc                 0000000100406138     ucrtd:ucrtbased.dll
 0002:00000140       __imp__exit                0000000100406140     ucrtd:ucrtbased.dll
 0002:00000148       __imp__set_fmode           0000000100406148     ucrtd:ucrtbased.dll
 0002:00000150       __imp___p___argc           0000000100406150     ucrtd:ucrtbased.dll
 0002:00000158       __imp___p___argv           0000000100406158     ucrtd:ucrtbased.dll
 0002:00000160       __imp__cexit               0000000100406160     ucrtd:ucrtbased.dll
 0002:00000168       __imp__c_exit              0000000100406168     ucrtd:ucrtbased.dll
 0002:00000170       __imp__register_thread_local_exe_atexit_callback 0000000100406170     ucrtd:ucrtbased.dll
 0002:00000178       __imp__configthreadlocale  0000000100406178     ucrtd:ucrtbased.dll
 0002:00000180       __imp__set_new_mode        0000000100406180     ucrtd:ucrtbased.dll
 0002:00000188       __imp___p__commode         0000000100406188     ucrtd:ucrtbased.dll
 0002:00000190       __imp__seh_filter_dll      0000000100406190     ucrtd:ucrtbased.dll
 0002:00000198       __imp__initialize_onexit_table 0000000100406198     ucrtd:ucrtbased.dll
 0002:000001a0       __imp__register_onexit_function 00000001004061a0     ucrtd:ucrtbased.dll
 0002:000001a8       __imp__initialize_narrow_environment 00000001004061a8     ucrtd:ucrtbased.dll
 0002:000001b0       __imp__crt_atexit          00000001004061b0     ucrtd:ucrtbased.dll
 0002:000001b8       __imp__crt_at_quick_exit   00000001004061b8     ucrtd:ucrtbased.dll
 0002:000001c0       __imp_terminate            00000001004061c0     ucrtd:ucrtbased.dll
 0002:000001c8       __imp__close               00000001004061c8     ucrtd:ucrtbased.dll
 0002:000001c8       __imp_close                00000001004061c8     ucrtd:ucrtbased.dll
 0002:000001d0       __imp__read                00000001004061d0     ucrtd:ucrtbased.dll
 0002:000001d0       __imp_read                 00000001004061d0     ucrtd:ucrtbased.dll
 0002:000001d8       __imp__configure_narrow_argv 00000001004061d8     ucrtd:ucrtbased.dll
 0002:000001e0       __imp___acrt_iob_func      00000001004061e0     ucrtd:ucrtbased.dll
 0002:000001e8       __imp__lseeki64            00000001004061e8     ucrtd:ucrtbased.dll
 0002:000001f0       __imp__atoi64              00000001004061f0     ucrtd:ucrtbased.dll
 0002:000001f8       __imp__byteswap_uint64     00000001004061f8     ucrtd:ucrtbased.dll
 0002:00000200       __imp__byteswap_ulong      0000000100406200     ucrtd:ucrtbased.dll
 0002:00000208       __imp_exit                 0000000100406208     ucrtd:ucrtbased.dll
 0002:00000210       __imp_malloc               0000000100406210     ucrtd:ucrtbased.dll
 0002:00000218       __imp_free                 0000000100406218     ucrtd:ucrtbased.dll
 0002:00000220       __imp__errno               0000000100406220     ucrtd:ucrtbased.dll
 0002:00000228       __imp_isxdigit             0000000100406228     ucrtd:ucrtbased.dll
 0002:00000230       __imp__get_initial_narrow_environment 0000000100406230     ucrtd:ucrtbased.dll
 0002:00000238       __imp___setusermatherr     0000000100406238     ucrtd:ucrtbased.dll
 0002:00000240       __imp__set_app_type        0000000100406240     ucrtd:ucrtbased.dll
 0002:00000248       __imp__seh_filter_exe      0000000100406248     ucrtd:ucrtbased.dll
 0002:00000250       __imp__execute_onexit_table 0000000100406250     ucrtd:ucrtbased.dll
 0002:00000258       __imp___stdio_common_vfprintf 0000000100406258     ucrtd:ucrtbased.dll
 0002:00000260       __imp__initterm_e          0000000100406260     ucrtd:ucrtbased.dll
 0002:00000268       \177ucrtbased_NULL_THUNK_DATA 0000000100406268     ucrtd:ucrtbased.dll
 0002:00000270       __guard_check_icall_fptr   0000000100406270     MSVCRTD:guard_support.obj
 0002:00000278       __guard_xfg_check_icall_fptr 0000000100406278     MSVCRTD:guard_support.obj
 0002:00000280       __guard_dispatch_icall_fptr 0000000100406280     MSVCRTD:guard_support.obj
 0002:00000288       __guard_xfg_dispatch_icall_fptr 0000000100406288     MSVCRTD:guard_support.obj
 0002:00000290       __guard_xfg_table_dispatch_icall_fptr 0000000100406290     MSVCRTD:guard_support.obj
 0002:00000298       __castguard_check_failure_os_handled_fptr 0000000100406298     MSVCRTD:guard_support.obj
 0002:000002a0       __guard_memcpy_fptr        00000001004062a0     vcruntimed:softmemtag.obj
 0002:000002a8       __xc_a                     00000001004062a8     MSVCRTD:initializers.obj
 0002:000002b8       __xc_z                     00000001004062b8     MSVCRTD:initializers.obj
 0002:000002c0       __xi_a                     00000001004062c0     MSVCRTD:initializers.obj
 0002:000002d8       __xi_z                     00000001004062d8     MSVCRTD:initializers.obj
 0002:000002e0       __xp_a                     00000001004062e0     MSVCRTD:initializers.obj
 0002:000002e8       __xp_z                     00000001004062e8     MSVCRTD:initializers.obj
 0002:000002f0       __xt_a                     00000001004062f0     MSVCRTD:initializers.obj
 0002:000002f8       __xt_z                     00000001004062f8     MSVCRTD:initializers.obj
 0002:000003c0       _load_config_used          00000001004063c0     MSVCRTD:loadcfg.obj
 0002:00000580       __CastGuardVftablesStart   0000000100406580     MSVCRTD:guard_support.obj
 0002:00000600       __CastGuardVftablesEnd     0000000100406600     MSVCRTD:guard_support.obj
 0002:00000680       __volatile_metadata        0000000100406680     <linker-defined>
 0002:00000a58       __rtc_iaa                  0000000100406a58     MSVCRTD:initsect.obj
 0002:00000a60       __rtc_izz                  0000000100406a60     MSVCRTD:initsect.obj
 0002:00000a68       __rtc_taa                  0000000100406a68     MSVCRTD:initsect.obj
 0002:00000a70       __rtc_tzz                  0000000100406a70     MSVCRTD:initsect.obj
 0002:00000da4       __IMPORT_DESCRIPTOR_hdasd  0000000100406da4     hdasd:hdasd.dll
 0002:00000db8       __IMPORT_DESCRIPTOR_hutil  0000000100406db8     hutil:hutil.dll
 0002:00000dcc       __IMPORT_DESCRIPTOR_VCRUNTIME140D 0000000100406dcc     vcruntimed:VCRUNTIME140D.dll
 0002:00000de0       __IMPORT_DESCRIPTOR_ucrtbased 0000000100406de0     ucrtd:ucrtbased.dll
 0002:00000df4       __IMPORT_DESCRIPTOR_KERNEL32 0000000100406df4     kernel32:KERNEL32.dll
 0002:00000e08       __NULL_IMPORT_DESCRIPTOR   0000000100406e08     hdasd:hdasd.dll
 0003:00001020       __security_cookie_complement 0000000100409020     MSVCRTD:gs_cookie.obj
 0003:00001028       __security_cookie          0000000100409028     MSVCRTD:gs_cookie.obj
 0003:00001030       __scrt_native_dllmain_reason 0000000100409030     MSVCRTD:utility.obj
 0003:00001034       __scrt_default_matherr     0000000100409034     MSVCRTD:matherr.obj
 0003:00001038       __isa_available            0000000100409038     MSVCRTD:cpu_disp.obj
 0003:0000103c       __isa_enabled              000000010040903c     MSVCRTD:cpu_disp.obj
 0003:00001040       __memset_fast_string_threshold 0000000100409040     MSVCRTD:cpu_disp.obj
 0003:00001048       __memset_nt_threshold      0000000100409048     MSVCRTD:cpu_disp.obj
 0003:00001050       __scrt_ucrt_dll_is_in_use  0000000100409050     MSVCRTD:ucrt_stubs.obj
 0003:00001600       __scrt_current_native_startup_state 0000000100409600     MSVCRTD:utility.obj
 0003:00001608       __scrt_native_startup_lock 0000000100409608     MSVCRTD:utility.obj
 0003:00001650       ?__type_info_root_node@@3U__type_info_node@@A 0000000100409650     MSVCRTD:tncleanup.obj
 0003:00001660       ?_OptionsStorage@?1??__local_stdio_printf_options@@9@4_KA 0000000100409660     MSVCRTD:default_local_stdio_options.obj
 0003:00001668       ?_OptionsStorage@?1??__local_stdio_scanf_options@@9@4_KA 0000000100409668     MSVCRTD:default_local_stdio_options.obj
 0003:00001670       __scrt_debugger_hook_flag  0000000100409670     MSVCRTD:utility_desktop.obj
 0003:00001674       __favor                    0000000100409674     MSVCRTD:cpu_disp.obj
 0003:00001678       ?_OptionsStorage@?1??__local_stdio_printf_options@@9@9 0000000100409678     <common>
 0003:00001680       __@@_PchSym_@00@UkzkzUnbtrgUsbkvirlmRaevxgliUnhexOwvyftOznwGEOlyqUyfrowPkxsOlyq@4B2008FD98C1DD4 0000000100409680     <common>
 0003:00001688       __dyn_tls_dtor_callback    0000000100409688     <common>
 0003:00001690       __dyn_tls_init_callback    0000000100409690     <common>

 entry point at        0001:00003000

 Static symbols

 0000:00000000       _volmd                     0000000100400000     cckddiag64.obj
 0000:fffd2000       .debug$S                   0000000100400000     kernel32:KERNEL32.dll
 0000:fffd2000       .debug$S                   0000000100400000     kernel32:KERNEL32.dll
 0000:fffd2000       .debug$S                   0000000100400000     kernel32:KERNEL32.dll
 0000:fffd2000       .debug$S                   0000000100400000     kernel32:KERNEL32.dll
 0000:fffd2000       .debug$S                   0000000100400000     kernel32:KERNEL32.dll
 0000:fffd2000       .debug$S                   0000000100400000     kernel32:KERNEL32.dll
 0000:fffd2000       .debug$S                   0000000100400000     kernel32:KERNEL32.dll
 0000:fffd2000       .debug$S                   0000000100400000     kernel32:KERNEL32.dll
 0000:fffd2000       .debug$S                   0000000100400000     kernel32:KERNEL32.dll
 0000:fffd2000       .debug$S                   0000000100400000     kernel32:KERNEL32.dll
 0000:fffd2000       .debug$S                   0000000100400000     kernel32:KERNEL32.dll
 0000:fffd2000       .debug$S                   0000000100400000     kernel32:KERNEL32.dll
 0000:fffd2000       .debug$S                   0000000100400000     kernel32:KERNEL32.dll
 0000:fffd2000       .debug$S                   0000000100400000     kernel32:KERNEL32.dll
 0000:fffd2000       .debug$S                   0000000100400000     kernel32:KERNEL32.dll
 0000:fffd2000       .debug$S                   0000000100400000     kernel32:KERNEL32.dll
 0000:fffd2000       .debug$S                   0000000100400000     ucrtd:ucrtbased.dll
 0000:fffd2000       .debug$S                   0000000100400000     ucrtd:ucrtbased.dll
 0000:fffd2000       .debug$S                   0000000100400000     ucrtd:ucrtbased.dll
 0000:fffd2000       .debug$S                   0000000100400000     ucrtd:ucrtbased.dll
 0000:fffd2000       .debug$S                   0000000100400000     ucrtd:ucrtbased.dll
 0000:fffd2000       .debug$S                   0000000100400000     ucrtd:ucrtbased.dll
 0000:fffd2000       .debug$S                   0000000100400000     ucrtd:ucrtbased.dll
 0000:fffd2000       .debug$S                   0000000100400000     ucrtd:ucrtbased.dll
 0000:fffd2000       .debug$S                   0000000100400000     ucrtd:ucrtbased.dll
 0000:fffd2000       .debug$S                   0000000100400000     ucrtd:ucrtbased.dll
 0000:fffd2000       .debug$S                   0000000100400000     ucrtd:ucrtbased.dll
 0000:fffd2000       .debug$S                   0000000100400000     ucrtd:ucrtbased.dll
 0000:fffd2000       .debug$S                   0000000100400000     ucrtd:ucrtbased.dll
 0000:fffd2000       .debug$S                   0000000100400000     ucrtd:ucrtbased.dll
 0000:fffd2000       .debug$S                   0000000100400000     ucrtd:ucrtbased.dll
 0000:fffd2000       .debug$S                   0000000100400000     ucrtd:ucrtbased.dll
 0000:fffd2000       .debug$S                   0000000100400000     ucrtd:ucrtbased.dll
 0000:fffd2000       .debug$S                   0000000100400000     ucrtd:ucrtbased.dll
 0000:fffd2000       .debug$S                   0000000100400000     ucrtd:ucrtbased.dll
 0000:fffd2000       .debug$S                   0000000100400000     ucrtd:ucrtbased.dll
 0000:fffd2000       .debug$S                   0000000100400000     ucrtd:ucrtbased.dll
 0000:fffd2000       .debug$S                   0000000100400000     ucrtd:ucrtbased.dll
 0000:fffd2000       .debug$S                   0000000100400000     ucrtd:ucrtbased.dll
 0000:fffd2000       .debug$S                   0000000100400000     ucrtd:ucrtbased.dll
 0000:fffd2000       .debug$S                   0000000100400000     ucrtd:ucrtbased.dll
 0000:fffd2000       .debug$S                   0000000100400000     ucrtd:ucrtbased.dll
 0000:fffd2000       .debug$S                   0000000100400000     ucrtd:ucrtbased.dll
 0000:fffd2000       .debug$S                   0000000100400000     ucrtd:ucrtbased.dll
 0000:fffd2000       .debug$S                   0000000100400000     ucrtd:ucrtbased.dll
 0000:fffd2000       .debug$S                   0000000100400000     ucrtd:ucrtbased.dll
 0000:fffd2000       .debug$S                   0000000100400000     ucrtd:ucrtbased.dll
 0000:fffd2000       .debug$S                   0000000100400000     ucrtd:ucrtbased.dll
 0000:fffd2000       .debug$S                   0000000100400000     ucrtd:ucrtbased.dll
 0000:fffd2000       .debug$S                   0000000100400000     ucrtd:ucrtbased.dll
 0000:fffd2000       .debug$S                   0000000100400000     ucrtd:ucrtbased.dll
 0000:fffd2000       .debug$S                   0000000100400000     ucrtd:ucrtbased.dll
 0000:fffd2000       .debug$S                   0000000100400000     ucrtd:ucrtbased.dll
 0000:fffd2000       .debug$S                   0000000100400000     ucrtd:ucrtbased.dll
 0000:fffd2000       .debug$S                   0000000100400000     ucrtd:ucrtbased.dll
 0000:00000000       _volmd                     0000000100400000     MSVCRTD:cpu_disp.obj
 0002:ffffa000       __guard_ehcont_?__scrt_common_main_seh@@YAHXZ 0000000100400000     MSVCRTD:exe_main.obj
 0002:ffffa000       __guard_fids_?pre_c_initialization@@YAHXZ 0000000100400000     MSVCRTD:exe_main.obj
 0002:ffffa000       __guard_fids__             0000000100400000     MSVCRTD:exe_main.obj
 0000:00000000       _volmd                     0000000100400000     MSVCRTD:gs_report.obj
 0000:00000000       _volmd                     0000000100400000     MSVCRTD:gs_report.obj
 0000:00000000       _volmd                     0000000100400000     MSVCRTD:gs_report.obj
 0002:ffffa000       __guard_fids__             0000000100400000     MSVCRTD:guard_support.obj
 0002:ffffa000       __guard_fids__             0000000100400000     MSVCRTD:guard_support.obj
 0002:ffffa000       __guard_fids__guard_icall_checks_enforced 0000000100400000     MSVCRTD:guard_support.obj
 0000:00000000       _volmd                     0000000100400000     MSVCRTD:guard_support.obj
 0000:00000000       _volmd                     0000000100400000     MSVCRTD:guard_support.obj
 0002:ffffa000       $unwind$?configure_argv@__scrt_narrow_argv_policy@@SAHXZ 0000000100400000     MSVCRTD:utility.obj
 0002:ffffa000       $unwind$?initialize_environment@__scrt_narrow_environment_policy@@SAHXZ 0000000100400000     MSVCRTD:utility.obj
 0002:ffffa000       __guard_ehcont___scrt_is_nonwritable_in_current_image 0000000100400000     MSVCRTD:utility.obj
 0000:00000000       _volmd                     0000000100400000     MSVCRTD:utility.obj
 0000:00000000       _volmd                     0000000100400000     MSVCRTD:utility.obj
 0000:00000000       _volmd                     0000000100400000     MSVCRTD:utility.obj
 0002:ffffa000       __guard_fids___scrt_set_unhandled_exception_filter 0000000100400000     MSVCRTD:utility_desktop.obj
 0000:00000000       _volmd                     0000000100400000     MSVCRTD:utility_desktop.obj
 0002:ffffa000       __guard_fids__             0000000100400000     vcruntimed:softmemtag.obj
 0000:fffd2000       .debug$S                   0000000100400000     vcruntimed:VCRUNTIME140D.dll
 0000:fffd2000       .debug$S                   0000000100400000     vcruntimed:VCRUNTIME140D.dll
 0000:fffd2000       .debug$S                   0000000100400000     vcruntimed:VCRUNTIME140D.dll
 0000:fffd2000       .debug$S                   0000000100400000     vcruntimed:VCRUNTIME140D.dll
 0000:fffd2000       .debug$S                   0000000100400000     vcruntimed:VCRUNTIME140D.dll
 0000:fffd2000       .debug$S                   0000000100400000     vcruntimed:VCRUNTIME140D.dll
 0000:fffd2000       .debug$S                   0000000100400000     vcruntimed:VCRUNTIME140D.dll
 0000:fffd2000       .debug$S                   0000000100400000     hdasd:hdasd.dll
 0000:fffd2000       .debug$S                   0000000100400000     hdasd:hdasd.dll
 0000:fffd2000       .debug$S                   0000000100400000     hdasd:hdasd.dll
 0000:fffd2000       .debug$S                   0000000100400000     hdasd:hdasd.dll
 0000:fffd2000       .debug$S                   0000000100400000     hdasd:hdasd.dll
 0000:fffd2000       .debug$S                   0000000100400000     hdasd:hdasd.dll
 0000:fffd2000       .debug$S                   0000000100400000     hutil:hutil.dll
 0000:fffd2000       .debug$S                   0000000100400000     hutil:hutil.dll
 0000:fffd2000       .debug$S                   0000000100400000     hutil:hutil.dll
 0000:fffd2000       .debug$S                   0000000100400000     hutil:hutil.dll
 0000:fffd2000       .debug$S                   0000000100400000     hutil:hutil.dll
 0002:ffffa004       __guard_fids__             0000000100400004     MSVCRTD:exe_main.obj
 0002:ffffa008       __guard_fids__             0000000100400008     MSVCRTD:exe_main.obj
 0000:00000010       _volmd                     0000000100400010     cckddiag64.obj
 0001:00000000       ErrExit                    0000000100401000 f   cckddiag64.obj
 0001:00000020       syntax                     0000000100401020 f   cckddiag64.obj
 0001:00000090       clean                      0000000100401090 f   cckddiag64.obj
 0001:000000e0       makbuf                     00000001004010e0 f   cckddiag64.obj
 0001:00000200       readpos                    0000000100401200 f   cckddiag64.obj
 0001:00000530       decomptrk                  0000000100401530 f   cckddiag64.obj
 0001:000005f0       show_ckd_count             00000001004015f0 f   cckddiag64.obj
 0001:000007a0       show_ckd_key               00000001004017a0 f   cckddiag64.obj
 0001:000008e0       show_ckd_data              00000001004018e0 f   cckddiag64.obj
 0001:00000a30       show_fba_block             0000000100401a30 f   cckddiag64.obj
 0001:00000ad0       snap                       0000000100401ad0 f   cckddiag64.obj
 0001:00000d00       showtrkorblk               0000000100401d00 f   cckddiag64.obj
 0001:00000fb0       offtify                    0000000100401fb0 f   cckddiag64.obj
 0001:00002910       $LN85                      0000000100403910     cckddiag64.obj
 0001:00002940       $LN84                      0000000100403940     cckddiag64.obj
 0001:00002bf0       $$000000                   0000000100403bf0     MSVCRTD:chkstk.obj
 0001:00002c50       $$000000                   0000000100403c50     MSVCRTD:amdsecgs.obj
 0001:00002c80       ?pre_c_initialization@@YAHXZ 0000000100403c80 f   MSVCRTD:exe_main.obj
 0001:00002d40       ?post_pgo_initialization@@YAHXZ 0000000100403d40 f   MSVCRTD:exe_main.obj
 0001:00002d50       ?pre_cpp_initialization@@YAXXZ 0000000100403d50 f   MSVCRTD:exe_main.obj
 0001:00002d70       ?__scrt_common_main@@YAHXZ 0000000100403d70 f   MSVCRTD:exe_main.obj
 0001:00002d90       ?__scrt_common_main_seh@@YAHXZ 0000000100403d90 f   MSVCRTD:exe_main.obj
 0001:00002f60       ?invoke_main@@YAHXZ        0000000100403f60 f   MSVCRTD:exe_main.obj
 0001:00003310       capture_current_context    0000000100404310 f   MSVCRTD:gs_report.obj
 0001:000033b0       capture_previous_context   00000001004043b0 f   MSVCRTD:gs_report.obj
 0001:00003470       ?find_pe_section@@YAPEAU_IMAGE_SECTION_HEADER@@QEAE_K@Z 0000000100404470 f   MSVCRTD:utility.obj
 0001:00003540       ?is_potentially_valid_image_base@@YA_NQEAX@Z 0000000100404540 f   MSVCRTD:utility.obj
 0001:00003b20       __get_entropy              0000000100404b20 f   MSVCRTD:gs_support.obj
 0001:00004310       __castguard_check_failure_os_handled_wrapper 0000000100405310 f   MSVCRTD:guard_support.obj
 0001:00004340       __castguard_compat_check   0000000100405340 f   MSVCRTD:guard_support.obj
 0001:000044a0       __castguard_slow_path_compat_check 00000001004054a0 f   MSVCRTD:guard_support.obj
 0001:00004b10       $$000000                   0000000100405b10     MSVCRTD:guard_dispatch.obj
 0001:00004b30       $$000000                   0000000100405b30     MSVCRTD:guard_xfg_dispatch.obj
 0001:00004b50       ?filt$0@?0??__scrt_common_main_seh@@YAHXZ@4HA 0000000100405b50 f   MSVCRTD:exe_main.obj
 0001:00004b80       __scrt_is_nonwritable_in_current_image$filt$0 0000000100405b80 f   MSVCRTD:utility.obj
 0002:000002b0       ?pre_cpp_initializer@@3P6AXXZEA 00000001004062b0     MSVCRTD:exe_main.obj
 0002:000002c8       ?pre_c_initializer@@3P6AHXZEA 00000001004062c8     MSVCRTD:exe_main.obj
 0002:000002d0       ?post_pgo_initializer@@3P6AHXZEA 00000001004062d0     MSVCRTD:exe_main.obj
 0002:00000300       CKD_ENDTRK                 0000000100406300     cckddiag64.obj
 0002:00000308       VOL1_KEYA                  0000000100406308     cckddiag64.obj
 0002:0000030c       VOL1_KEY                   000000010040630c     cckddiag64.obj
 0002:00000310       IPL1_KEY                   0000000100406310     cckddiag64.obj
 0002:00000314       IPL2_KEY                   0000000100406314     cckddiag64.obj
 0002:00000318       iplpsw                     0000000100406318     cckddiag64.obj
 0002:00000320       iplccw1                    0000000100406320     cckddiag64.obj
 0002:00000328       iplccw2                    0000000100406328     cckddiag64.obj
 0002:00000330       noiplpsw                   0000000100406330     cckddiag64.obj
 0002:00000338       noiplccw1                  0000000100406338     cckddiag64.obj
 0002:00000340       noiplccw2                  0000000100406340     cckddiag64.obj
 0002:00000348       ipl2data                   0000000100406348     cckddiag64.obj
 0002:00000378       ?xd@?1??offtify@@9@9       0000000100406378     cckddiag64.obj
 0002:00000390       ?xv@?1??offtify@@9@9       0000000100406390     cckddiag64.obj
 0002:000003a8       GS_ExceptionPointers       00000001004063a8     MSVCRTD:gs_report.obj
 0002:00000a78       $unwind$_vfprintf_l        0000000100406a78     cckddiag64.obj
 0002:00000a80       $unwind$printf             0000000100406a80     cckddiag64.obj
 0002:00000a88       $unwind$fetch_fw_noswap    0000000100406a88     cckddiag64.obj
 0002:00000a90       $unwind$ErrExit            0000000100406a90     cckddiag64.obj
 0002:00000a98       $unwind$syntax             0000000100406a98     cckddiag64.obj
 0002:00000aa0       $unwind$clean              0000000100406aa0     cckddiag64.obj
 0002:00000aa8       $unwind$makbuf             0000000100406aa8     cckddiag64.obj
 0002:00000ab0       $unwind$readpos            0000000100406ab0     cckddiag64.obj
 0002:00000ab8       $unwind$decomptrk          0000000100406ab8     cckddiag64.obj
 0002:00000ac4       $unwind$show_ckd_count     0000000100406ac4     cckddiag64.obj
 0002:00000acc       $unwind$show_ckd_key       0000000100406acc     cckddiag64.obj
 0002:00000ad4       $unwind$show_ckd_data      0000000100406ad4     cckddiag64.obj
 0002:00000adc       $unwind$show_fba_block     0000000100406adc     cckddiag64.obj
 0002:00000ae4       $unwind$snap               0000000100406ae4     cckddiag64.obj
 0002:00000aec       $unwind$showtrkorblk       0000000100406aec     cckddiag64.obj
 0002:00000afc       $unwind$offtify            0000000100406afc     cckddiag64.obj
 0002:00000b04       $unwind$main               0000000100406b04     cckddiag64.obj
 0002:00000b14       $unwind$__GSHandlerCheckCommon 0000000100406b14     MSVCRTD:gshandler.obj
 0002:00000b1c       $unwind$__GSHandlerCheck   0000000100406b1c     MSVCRTD:gshandler.obj
 0002:00000b28       $xdatasym                  0000000100406b28     MSVCRTD:chkstk.obj
 0002:00000b30       $xdatasym                  0000000100406b30     MSVCRTD:amdsecgs.obj
 0002:00000b34       $unwind$?configure_argv@__scrt_narrow_argv_policy@@SAHXZ 0000000100406b34     MSVCRTD:exe_main.obj
 0002:00000b3c       $unwind$?initialize_environment@__scrt_narrow_environment_policy@@SAHXZ 0000000100406b3c     MSVCRTD:exe_main.obj
 0002:00000b44       $unwind$?set_app_type@__scrt_main_policy@@SAXXZ 0000000100406b44     MSVCRTD:exe_main.obj
 0002:00000b4c       $unwind$?set_fmode@__scrt_file_policy@@SAXXZ 0000000100406b4c     MSVCRTD:exe_main.obj
 0002:00000b54       $unwind$?set_commode@__scrt_file_policy@@SAXXZ 0000000100406b54     MSVCRTD:exe_main.obj
 0002:00000b5c       $unwind$?invoke_main@@YAHXZ 0000000100406b5c     MSVCRTD:exe_main.obj
 0002:00000b64       $unwind$?pre_c_initialization@@YAHXZ 0000000100406b64     MSVCRTD:exe_main.obj
 0002:00000b6c       $unwind$?post_pgo_initialization@@YAHXZ 0000000100406b6c     MSVCRTD:exe_main.obj
 0002:00000b74       $unwind$?pre_cpp_initialization@@YAXXZ 0000000100406b74     MSVCRTD:exe_main.obj
 0002:00000b7c       $unwind$?__scrt_common_main_seh@@YAHXZ 0000000100406b7c     MSVCRTD:exe_main.obj
 0002:00000b9c       $unwind$?filt$0@?0??__scrt_common_main_seh@@YAHXZ@4HA 0000000100406b9c     MSVCRTD:exe_main.obj
 0002:00000ba4       $unwind$?__scrt_common_main@@YAHXZ 0000000100406ba4     MSVCRTD:exe_main.obj
 0002:00000bac       $unwind$mainCRTStartup     0000000100406bac     MSVCRTD:exe_main.obj
 0002:00000bb4       $unwind$__report_securityfailure 0000000100406bb4     MSVCRTD:gs_report.obj
 0002:00000bbc       $unwind$__report_securityfailureEx 0000000100406bbc     MSVCRTD:gs_report.obj
 0002:00000bc4       $unwind$__report_rangecheckfailure 0000000100406bc4     MSVCRTD:gs_report.obj
 0002:00000bcc       $unwind$__report_gsfailure 0000000100406bcc     MSVCRTD:gs_report.obj
 0002:00000bd4       $unwind$capture_current_context 0000000100406bd4     MSVCRTD:gs_report.obj
 0002:00000bdc       $unwind$capture_previous_context 0000000100406bdc     MSVCRTD:gs_report.obj
 0002:00000be4       $unwind$__raise_securityfailure 0000000100406be4     MSVCRTD:gs_report.obj
 0002:00000bec       $unwind$atexit             0000000100406bec     MSVCRTD:utility.obj
 0002:00000bf4       $unwind$_onexit            0000000100406bf4     MSVCRTD:utility.obj
 0002:00000bfc       $unwind$at_quick_exit      0000000100406bfc     MSVCRTD:utility.obj
 0002:00000c04       $unwind$__scrt_is_nonwritable_in_current_image 0000000100406c04     MSVCRTD:utility.obj
 0002:00000c24       $unwind$__scrt_is_nonwritable_in_current_image$filt$0 0000000100406c24     MSVCRTD:utility.obj
 0002:00000c2c       $unwind$__scrt_acquire_startup_lock 0000000100406c2c     MSVCRTD:utility.obj
 0002:00000c34       $unwind$__scrt_release_startup_lock 0000000100406c34     MSVCRTD:utility.obj
 0002:00000c3c       $unwind$__scrt_initialize_crt 0000000100406c3c     MSVCRTD:utility.obj
 0002:00000c44       $unwind$__scrt_uninitialize_crt 0000000100406c44     MSVCRTD:utility.obj
 0002:00000c4c       $unwind$__scrt_initialize_onexit_tables 0000000100406c4c     MSVCRTD:utility.obj
 0002:00000c58       $unwind$__scrt_dllmain_exception_filter 0000000100406c58     MSVCRTD:utility.obj
 0002:00000c60       $unwind$__scrt_dllmain_before_initialize_c 0000000100406c60     MSVCRTD:utility.obj
 0002:00000c68       $unwind$__scrt_dllmain_after_initialize_c 0000000100406c68     MSVCRTD:utility.obj
 0002:00000c70       $unwind$__scrt_dllmain_uninitialize_c 0000000100406c70     MSVCRTD:utility.obj
 0002:00000c78       $unwind$__scrt_dllmain_uninitialize_critical 0000000100406c78     MSVCRTD:utility.obj
 0002:00000c80       $unwind$__scrt_dllmain_crt_thread_attach 0000000100406c80     MSVCRTD:utility.obj
 0002:00000c88       $unwind$__scrt_dllmain_crt_thread_detach 0000000100406c88     MSVCRTD:utility.obj
 0002:00000c90       $unwind$?is_potentially_valid_image_base@@YA_NQEAX@Z 0000000100406c90     MSVCRTD:utility.obj
 0002:00000c98       $unwind$?find_pe_section@@YAPEAU_IMAGE_SECTION_HEADER@@QEAE_K@Z 0000000100406c98     MSVCRTD:utility.obj
 0002:00000ca0       $unwind$__security_init_cookie 0000000100406ca0     MSVCRTD:gs_support.obj
 0002:00000ca8       $unwind$__get_entropy      0000000100406ca8     MSVCRTD:gs_support.obj
 0002:00000cb0       $unwind$?__scrt_initialize_type_info@@YAXXZ 0000000100406cb0     MSVCRTD:tncleanup.obj
 0002:00000cb8       $unwind$?__scrt_uninitialize_type_info@@YAXXZ 0000000100406cb8     MSVCRTD:tncleanup.obj
 0002:00000cc0       $unwind$__scrt_initialize_default_local_stdio_options 0000000100406cc0     MSVCRTD:default_local_stdio_options.obj
 0002:00000cc8       $unwind$__scrt_is_user_matherr_present 0000000100406cc8     MSVCRTD:matherr_detection.obj
 0002:00000cd0       $unwind$__scrt_get_show_window_mode 0000000100406cd0     MSVCRTD:utility_desktop.obj
 0002:00000cdc       $unwind$__scrt_is_managed_app 0000000100406cdc     MSVCRTD:utility_desktop.obj
 0002:00000ce4       $unwind$__scrt_initialize_mta 0000000100406ce4     MSVCRTD:utility_desktop.obj
 0002:00000cec       $unwind$__scrt_set_unhandled_exception_filter 0000000100406cec     MSVCRTD:utility_desktop.obj
 0002:00000cf4       $unwind$__scrt_fastfail    0000000100406cf4     MSVCRTD:utility_desktop.obj
 0002:00000d00       $unwind$__scrt_unhandled_exception_filter 0000000100406d00     MSVCRTD:utility_desktop.obj
 0002:00000d08       $unwind$_RTC_Initialize    0000000100406d08     MSVCRTD:initsect.obj
 0002:00000d14       $unwind$_RTC_Terminate     0000000100406d14     MSVCRTD:initsect.obj
 0002:00000d20       $unwind$ReadNoFence64      0000000100406d20     MSVCRTD:guard_support.obj
 0002:00000d28       $unwind$ReadPointerNoFence 0000000100406d28     MSVCRTD:guard_support.obj
 0002:00000d30       $unwind$_guard_icall_checks_enforced 0000000100406d30     MSVCRTD:guard_support.obj
 0002:00000d38       $unwind$__castguard_compat_check 0000000100406d38     MSVCRTD:guard_support.obj
 0002:00000d40       $unwind$__castguard_check_failure_os_handled_wrapper 0000000100406d40     MSVCRTD:guard_support.obj
 0002:00000d48       $unwind$__castguard_check_failure_debugbreak 0000000100406d48     MSVCRTD:guard_support.obj
 0002:00000d50       $unwind$__castguard_check_failure_fastfail 0000000100406d50     MSVCRTD:guard_support.obj
 0002:00000d58       $unwind$__castguard_check_failure_os_handled 0000000100406d58     MSVCRTD:guard_support.obj
 0002:00000d60       $unwind$__castguard_slow_path_compat_check 0000000100406d60     MSVCRTD:guard_support.obj
 0002:00000d68       $unwind$__castguard_slow_path_check_debugbreak 0000000100406d68     MSVCRTD:guard_support.obj
 0002:00000d70       $unwind$__castguard_slow_path_check_fastfail 0000000100406d70     MSVCRTD:guard_support.obj
 0002:00000d78       $unwind$__castguard_slow_path_check_os_handled 0000000100406d78     MSVCRTD:guard_support.obj
 0002:00000d80       $unwind$__isa_available_init 0000000100406d80     MSVCRTD:cpu_disp.obj
 0002:00000d90       $unwind$__scrt_is_ucrt_dll_in_use 0000000100406d90     MSVCRTD:ucrt_detection.obj
 0002:00000d98       $xdatasym                  0000000100406d98     MSVCRTD:guard_dispatch.obj
 0002:00000da0       $xdatasym                  0000000100406da0     MSVCRTD:guard_xfg_dispatch.obj
 0002:000010f8       .idata$6                   00000001004070f8     hdasd:hdasd.dll
 0002:0000114c       .idata$6                   000000010040714c     hutil:hutil.dll
 0002:000011d6       .idata$6                   00000001004071d6     vcruntimed:VCRUNTIME140D.dll
 0002:00001484       .idata$6                   0000000100407484     ucrtd:ucrtbased.dll
 0002:00001602       .idata$6                   0000000100407602     kernel32:KERNEL32.dll
 0003:00000000       $SG159574                  0000000100408000     cckddiag64.obj
 0003:00000010       $SG159575                  0000000100408010     cckddiag64.obj
 0003:000002c0       $SG159576                  00000001004082c0     cckddiag64.obj
 0003:000002c8       $SG159577                  00000001004082c8     cckddiag64.obj
 0003:000002d8       $SG159592                  00000001004082d8     cckddiag64.obj
 0003:000002e4       $SG159593                  00000001004082e4     cckddiag64.obj
 0003:000002e8       $SG159595                  00000001004082e8     cckddiag64.obj
 0003:000002f0       $SG159594                  00000001004082f0     cckddiag64.obj
 0003:00000334       $SG159598                  0000000100408334     cckddiag64.obj
 0003:00000338       $SG159596                  0000000100408338     cckddiag64.obj
 0003:00000348       $SG159599                  0000000100408348     cckddiag64.obj
 0003:00000380       $SG159600                  0000000100408380     cckddiag64.obj
 0003:00000388       $SG159601                  0000000100408388     cckddiag64.obj
 0003:00000398       $SG159615                  0000000100408398     cckddiag64.obj
 0003:0000039c       $SG159620                  000000010040839c     cckddiag64.obj
 0003:000003a0       $SG159616                  00000001004083a0     cckddiag64.obj
 0003:000003d0       $SG159617                  00000001004083d0     cckddiag64.obj
 0003:000003d8       $SG159618                  00000001004083d8     cckddiag64.obj
 0003:000003e8       $SG159621                  00000001004083e8     cckddiag64.obj
 0003:0000041c       $SG159625                  000000010040841c     cckddiag64.obj
 0003:00000420       $SG159622                  0000000100408420     cckddiag64.obj
 0003:00000428       $SG159623                  0000000100408428     cckddiag64.obj
 0003:00000438       $SG159626                  0000000100408438     cckddiag64.obj
 0003:00000474       $SG159633                  0000000100408474     cckddiag64.obj
 0003:00000478       $SG159627                  0000000100408478     cckddiag64.obj
 0003:00000480       $SG159628                  0000000100408480     cckddiag64.obj
 0003:00000490       $SG159632                  0000000100408490     cckddiag64.obj
 0003:000004a0       $SG159634                  00000001004084a0     cckddiag64.obj
 0003:000004b4       $SG159641                  00000001004084b4     cckddiag64.obj
 0003:000004b8       $SG159635                  00000001004084b8     cckddiag64.obj
 0003:000004c0       $SG159636                  00000001004084c0     cckddiag64.obj
 0003:000004d0       $SG159639                  00000001004084d0     cckddiag64.obj
 0003:000004e0       $SG159640                  00000001004084e0     cckddiag64.obj
 0003:000004f0       $SG159642                  00000001004084f0     cckddiag64.obj
 0003:00000504       $SG159647                  0000000100408504     cckddiag64.obj
 0003:00000508       $SG159643                  0000000100408508     cckddiag64.obj
 0003:00000510       $SG159644                  0000000100408510     cckddiag64.obj
 0003:00000520       $SG159645                  0000000100408520     cckddiag64.obj
 0003:0000052c       $SG159696                  000000010040852c     cckddiag64.obj
 0003:00000530       $SG159646                  0000000100408530     cckddiag64.obj
 0003:00000540       $SG159648                  0000000100408540     cckddiag64.obj
 0003:00000554       $SG159712                  0000000100408554     cckddiag64.obj
 0003:00000558       $SG159649                  0000000100408558     cckddiag64.obj
 0003:00000560       $SG159650                  0000000100408560     cckddiag64.obj
 0003:00000570       $SG159697                  0000000100408570     cckddiag64.obj
 0003:000005c4       $SG159713                  00000001004085c4     cckddiag64.obj
 0003:000005c8       $SG159698                  00000001004085c8     cckddiag64.obj
 0003:000005d8       $SG159699                  00000001004085d8     cckddiag64.obj
 0003:000005e8       $SG159714                  00000001004085e8     cckddiag64.obj
 0003:000005ec       $SG159718                  00000001004085ec     cckddiag64.obj
 0003:000005f0       $SG159715                  00000001004085f0     cckddiag64.obj
 0003:0000061c       $SG159731                  000000010040861c     cckddiag64.obj
 0003:00000620       $SG159716                  0000000100408620     cckddiag64.obj
 0003:00000630       $SG159717                  0000000100408630     cckddiag64.obj
 0003:00000640       $SG159732                  0000000100408640     cckddiag64.obj
 0003:00000644       $SG159733                  0000000100408644     cckddiag64.obj
 0003:00000648       $SG159734                  0000000100408648     cckddiag64.obj
 0003:00000674       $SG159737                  0000000100408674     cckddiag64.obj
 0003:00000678       $SG159735                  0000000100408678     cckddiag64.obj
 0003:00000688       $SG159736                  0000000100408688     cckddiag64.obj
 0003:00000698       $SG159747                  0000000100408698     cckddiag64.obj
 0003:0000069c       $SG159751                  000000010040869c     cckddiag64.obj
 0003:000006a0       $SG159748                  00000001004086a0     cckddiag64.obj
 0003:000006b8       $SG159749                  00000001004086b8     cckddiag64.obj
 0003:000006c8       $SG159750                  00000001004086c8     cckddiag64.obj
 0003:000006d8       $SG159764                  00000001004086d8     cckddiag64.obj
 0003:000006e0       $SG159765                  00000001004086e0     cckddiag64.obj
 0003:000006ec       $SG159766                  00000001004086ec     cckddiag64.obj
 0003:000006f0       $SG159767                  00000001004086f0     cckddiag64.obj
 0003:000006f4       $SG159768                  00000001004086f4     cckddiag64.obj
 0003:000006f8       $SG159769                  00000001004086f8     cckddiag64.obj
 0003:0000072c       $SG159770                  000000010040872c     cckddiag64.obj
 0003:00000734       $SG159772                  0000000100408734     cckddiag64.obj
 0003:0000073c       $SG159774                  000000010040873c     cckddiag64.obj
 0003:00000740       $SG159771                  0000000100408740     cckddiag64.obj
 0003:00000750       $SG159773                  0000000100408750     cckddiag64.obj
 0003:0000075c       $SG159775                  000000010040875c     cckddiag64.obj
 0003:00000760       $SG159776                  0000000100408760     cckddiag64.obj
 0003:00000764       $SG159781                  0000000100408764     cckddiag64.obj
 0003:00000768       $SG159777                  0000000100408768     cckddiag64.obj
 0003:0000079c       $SG159778                  000000010040879c     cckddiag64.obj
 0003:000007a4       $SG159783                  00000001004087a4     cckddiag64.obj
 0003:000007a8       $SG159779                  00000001004087a8     cckddiag64.obj
 0003:000007b8       $SG159782                  00000001004087b8     cckddiag64.obj
 0003:000007d0       $SG159784                  00000001004087d0     cckddiag64.obj
 0003:000007e0       $SG159785                  00000001004087e0     cckddiag64.obj
 0003:000007e8       $SG159786                  00000001004087e8     cckddiag64.obj
 0003:000007f8       $SG159817                  00000001004087f8     cckddiag64.obj
 0003:000007fc       $SG159819                  00000001004087fc     cckddiag64.obj
 0003:00000800       $SG159823                  0000000100408800     cckddiag64.obj
 0003:00000810       $SG159824                  0000000100408810     cckddiag64.obj
 0003:00000814       $SG159845                  0000000100408814     cckddiag64.obj
 0003:00000818       $SG159825                  0000000100408818     cckddiag64.obj
 0003:00000828       $SG159826                  0000000100408828     cckddiag64.obj
 0003:00000838       $SG159827                  0000000100408838     cckddiag64.obj
 0003:00000848       $SG159846                  0000000100408848     cckddiag64.obj
 0003:00000888       $SG159847                  0000000100408888     cckddiag64.obj
 0003:00000890       $SG159848                  0000000100408890     cckddiag64.obj
 0003:000008a0       $SG159850                  00000001004088a0     cckddiag64.obj
 0003:000008a4       $SG159851                  00000001004088a4     cckddiag64.obj
 0003:000008a8       $SG159852                  00000001004088a8     cckddiag64.obj
 0003:000008e8       $SG159853                  00000001004088e8     cckddiag64.obj
 0003:000008f0       $SG159854                  00000001004088f0     cckddiag64.obj
 0003:00000900       $SG159958                  0000000100408900     cckddiag64.obj
 0003:00000924       $SG159985                  0000000100408924     cckddiag64.obj
 0003:00000928       $SG159959                  0000000100408928     cckddiag64.obj
 0003:00000934       $SG159987                  0000000100408934     cckddiag64.obj
 0003:00000938       $SG159988                  0000000100408938     cckddiag64.obj
 0003:00000960       $SG159989                  0000000100408960     cckddiag64.obj
 0003:00000968       $SG159990                  0000000100408968     cckddiag64.obj
 0003:00000978       $SG159992                  0000000100408978     cckddiag64.obj
 0003:0000097c       $SG159993                  000000010040897c     cckddiag64.obj
 0003:00000984       $SG159994                  0000000100408984     cckddiag64.obj
 0003:00000988       $SG159995                  0000000100408988     cckddiag64.obj
 0003:000009b0       $SG159996                  00000001004089b0     cckddiag64.obj
 0003:000009b8       $SG159997                  00000001004089b8     cckddiag64.obj
 0003:000009c8       $SG159998                  00000001004089c8     cckddiag64.obj
 0003:000009cc       $SG160002                  00000001004089cc     cckddiag64.obj
 0003:000009d0       $SG160003                  00000001004089d0     cckddiag64.obj
 0003:00000a0c       $SG160004                  0000000100408a0c     cckddiag64.obj
 0003:00000a14       $SG160009                  0000000100408a14     cckddiag64.obj
 0003:00000a18       $SG160005                  0000000100408a18     cckddiag64.obj
 0003:00000a28       $SG160010                  0000000100408a28     cckddiag64.obj
 0003:00000a64       $SG160011                  0000000100408a64     cckddiag64.obj
 0003:00000a6c       $SG160015                  0000000100408a6c     cckddiag64.obj
 0003:00000a70       $SG160012                  0000000100408a70     cckddiag64.obj
 0003:00000a80       $SG160014                  0000000100408a80     cckddiag64.obj
 0003:00000a94       $SG160021                  0000000100408a94     cckddiag64.obj
 0003:00000a98       $SG160016                  0000000100408a98     cckddiag64.obj
 0003:00000aac       $SG160017                  0000000100408aac     cckddiag64.obj
 0003:00000ab4       $SG160026                  0000000100408ab4     cckddiag64.obj
 0003:00000ab8       $SG160018                  0000000100408ab8     cckddiag64.obj
 0003:00000ac8       $SG160022                  0000000100408ac8     cckddiag64.obj
 0003:00000af4       $SG160023                  0000000100408af4     cckddiag64.obj
 0003:00000afc       $SG160028                  0000000100408afc     cckddiag64.obj
 0003:00000b00       $SG160024                  0000000100408b00     cckddiag64.obj
 0003:00000b10       $SG160027                  0000000100408b10     cckddiag64.obj
 0003:00000b18       $SG160029                  0000000100408b18     cckddiag64.obj
 0003:00000b40       $SG160030                  0000000100408b40     cckddiag64.obj
 0003:00000b48       $SG160031                  0000000100408b48     cckddiag64.obj
 0003:00000b58       $SG160032                  0000000100408b58     cckddiag64.obj
 0003:00000b5c       $SG160036                  0000000100408b5c     cckddiag64.obj
 0003:00000b60       $SG160034                  0000000100408b60     cckddiag64.obj
 0003:00000b68       $SG160037                  0000000100408b68     cckddiag64.obj
 0003:00000b70       $SG160038                  0000000100408b70     cckddiag64.obj
 0003:00000b74       $SG160042                  0000000100408b74     cckddiag64.obj
 0003:00000b78       $SG160039                  0000000100408b78     cckddiag64.obj
 0003:00000ba0       $SG160040                  0000000100408ba0     cckddiag64.obj
 0003:00000ba8       $SG160041                  0000000100408ba8     cckddiag64.obj
 0003:00000bb8       $SG160044                  0000000100408bb8     cckddiag64.obj
 0003:00000bc0       $SG160045                  0000000100408bc0     cckddiag64.obj
 0003:00000bc4       $SG160046                  0000000100408bc4     cckddiag64.obj
 0003:00000bc8       $SG160047                  0000000100408bc8     cckddiag64.obj
 0003:00000bd0       $SG160048                  0000000100408bd0     cckddiag64.obj
 0003:00000bd4       $SG160050                  0000000100408bd4     cckddiag64.obj
 0003:00000be0       $SG160049                  0000000100408be0     cckddiag64.obj
 0003:00000c28       $SG160051                  0000000100408c28     cckddiag64.obj
 0003:00000c38       $SG160052                  0000000100408c38     cckddiag64.obj
 0003:00000c3c       $SG160056                  0000000100408c3c     cckddiag64.obj
 0003:00000c40       $SG160055                  0000000100408c40     cckddiag64.obj
 0003:00000c5c       $SG160067                  0000000100408c5c     cckddiag64.obj
 0003:00000c60       $SG160057                  0000000100408c60     cckddiag64.obj
 0003:00000c74       $SG160058                  0000000100408c74     cckddiag64.obj
 0003:00000c7c       $SG160065                  0000000100408c7c     cckddiag64.obj
 0003:00000c84       $SG160076                  0000000100408c84     cckddiag64.obj
 0003:00000c88       $SG160059                  0000000100408c88     cckddiag64.obj
 0003:00000c98       $SG160066                  0000000100408c98     cckddiag64.obj
 0003:00000ca0       $SG160068                  0000000100408ca0     cckddiag64.obj
 0003:00000cd0       $SG160069                  0000000100408cd0     cckddiag64.obj
 0003:00000cd8       $SG160070                  0000000100408cd8     cckddiag64.obj
 0003:00000ce8       $SG160078                  0000000100408ce8     cckddiag64.obj
 0003:00000cf0       $SG160077                  0000000100408cf0     cckddiag64.obj
 0003:00000d34       $SG160080                  0000000100408d34     cckddiag64.obj
 0003:00000d38       $SG160079                  0000000100408d38     cckddiag64.obj
 0003:00000d48       $SG160081                  0000000100408d48     cckddiag64.obj
 0003:00000d7c       $SG160082                  0000000100408d7c     cckddiag64.obj
 0003:00000d84       $SG160084                  0000000100408d84     cckddiag64.obj
 0003:00000d88       $SG160083                  0000000100408d88     cckddiag64.obj
 0003:00000d98       $SG160085                  0000000100408d98     cckddiag64.obj
 0003:00000dd4       $SG160086                  0000000100408dd4     cckddiag64.obj
 0003:00000ddc       $SG160090                  0000000100408ddc     cckddiag64.obj
 0003:00000de4       $SG160092                  0000000100408de4     cckddiag64.obj
 0003:00000de8       $SG160087                  0000000100408de8     cckddiag64.obj
 0003:00000df8       $SG160091                  0000000100408df8     cckddiag64.obj
 0003:00000e00       $SG160093                  0000000100408e00     cckddiag64.obj
 0003:00000e28       $SG160094                  0000000100408e28     cckddiag64.obj
 0003:00000e30       $SG160095                  0000000100408e30     cckddiag64.obj
 0003:00000e40       $SG160096                  0000000100408e40     cckddiag64.obj
 0003:00000e48       $SG160098                  0000000100408e48     cckddiag64.obj
 0003:00000e4c       $SG160099                  0000000100408e4c     cckddiag64.obj
 0003:00000e54       $SG160100                  0000000100408e54     cckddiag64.obj
 0003:00000e58       $SG160101                  0000000100408e58     cckddiag64.obj
 0003:00000e80       $SG160102                  0000000100408e80     cckddiag64.obj
 0003:00000e88       $SG160103                  0000000100408e88     cckddiag64.obj
 0003:00000e98       $SG160104                  0000000100408e98     cckddiag64.obj
 0003:00000e9c       $SG160105                  0000000100408e9c     cckddiag64.obj
 0003:00000ea0       $SG160106                  0000000100408ea0     cckddiag64.obj
 0003:00000ed4       $SG160107                  0000000100408ed4     cckddiag64.obj
 0003:00000edc       $SG160109                  0000000100408edc     cckddiag64.obj
 0003:00000ee0       $SG160108                  0000000100408ee0     cckddiag64.obj
 0003:00000ef0       $SG160112                  0000000100408ef0     cckddiag64.obj
 0003:00000ef8       $SG160113                  0000000100408ef8     cckddiag64.obj
 0003:00000f00       $SG160114                  0000000100408f00     cckddiag64.obj
 0003:00000f04       $SG160116                  0000000100408f04     cckddiag64.obj
 0003:00000f10       $SG160115                  0000000100408f10     cckddiag64.obj
 0003:00000f58       $SG160117                  0000000100408f58     cckddiag64.obj
 0003:00000f68       $SG160120                  0000000100408f68     cckddiag64.obj
 0003:00000f70       $SG160121                  0000000100408f70     cckddiag64.obj
 0003:00000f78       $SG160122                  0000000100408f78     cckddiag64.obj
 0003:00000f7c       $SG160130                  0000000100408f7c     cckddiag64.obj
 0003:00000f80       $SG160123                  0000000100408f80     cckddiag64.obj
 0003:00000f9c       $SG160124                  0000000100408f9c     cckddiag64.obj
 0003:00000fa4       $SG160128                  0000000100408fa4     cckddiag64.obj
 0003:00000fac       $SG160131                  0000000100408fac     cckddiag64.obj
 0003:00000fb0       $SG160125                  0000000100408fb0     cckddiag64.obj
 0003:00000fc0       $SG160126                  0000000100408fc0     cckddiag64.obj
 0003:00000fcc       $SG160132                  0000000100408fcc     cckddiag64.obj
 0003:00000fd0       $SG160127                  0000000100408fd0     cckddiag64.obj
 0003:00000fdc       $SG160129                  0000000100408fdc     cckddiag64.obj
 0003:00000fe4       $SG160136                  0000000100408fe4     cckddiag64.obj
 0003:00000fe8       $SG160133                  0000000100408fe8     cckddiag64.obj
 0003:00001004       $SG160134                  0000000100409004     cckddiag64.obj
 0003:00001010       $SG160135                  0000000100409010     cckddiag64.obj
 0003:00001060       L1tab                      0000000100409060     cckddiag64.obj
 0003:00001068       L2tab                      0000000100409068     cckddiag64.obj
 0003:00001070       tbuf                       0000000100409070     cckddiag64.obj
 0003:00001078       bulk                       0000000100409078     cckddiag64.obj
 0003:00001080       fd                         0000000100409080     cckddiag64.obj
 0003:00001084       debug                      0000000100409084     cckddiag64.obj
 0003:00001088       pausesnap                  0000000100409088     cckddiag64.obj
 0003:0000108c       $SG160013                  000000010040908c     cckddiag64.obj
 0003:0000108d       $SG160054                  000000010040908d     cckddiag64.obj
 0003:0000108e       $SG160111                  000000010040908e     cckddiag64.obj
 0003:00001090       GS_ExceptionRecord         0000000100409090     MSVCRTD:gs_report.obj
 0003:00001130       GS_ContextRecord           0000000100409130     MSVCRTD:gs_report.obj
 0003:00001610       ?is_initialized_as_dll@@3_NA 0000000100409610     MSVCRTD:utility.obj
 0003:00001611       ?module_local_atexit_table_initialized@@3_NA 0000000100409611     MSVCRTD:utility.obj
 0003:00001618       ?module_local_atexit_table@@3U_onexit_table_t@@A 0000000100409618     MSVCRTD:utility.obj
 0003:00001630       ?module_local_at_quick_exit_table@@3U_onexit_table_t@@A 0000000100409630     MSVCRTD:utility.obj
 0005:000002d0       $R000000                   000000010040b2d0     hercdasd.res
 0005:00000878       $R0005A8                   000000010040b878     hercdasd.res
 0005:000009a0       $R0006D0                   000000010040b9a0     hercdasd.res
 0005:00000f08       $R000C38                   000000010040bf08     hercdasd.res
 0005:00001370       $R0010A0                   000000010040c370     hercdasd.res
 0005:00001658       $R001388                   000000010040c658     hercdasd.res
 0005:00001f00       $R001C30                   000000010040cf00     hercdasd.res
 0005:00002fa8       $R002CD8                   000000010040dfa8     hercdasd.res
 0005:00003610       $R003340                   000000010040e610     hercdasd.res
 0005:000044b8       $R0041E8                   000000010040f4b8     hercdasd.res
 0005:00006a60       $R006790                   0000000100411a60     hercdasd.res
 0005:0000ff08       $R00FC38                   000000010041af08     hercdasd.res
 0005:00021820       $R021550                   000000010042c820     hercdasd.res
