 dasdcat

 Timestamp is 63e1440a (Mon Feb  6 19:16:42 2023)

 Preferred load address is 0000000100400000

 Start         Length     Name                   Class
 0001:00000000 000036f0H .text$mn                CODE
 0001:000036f0 00000040H .text$mn$00             CODE
 0001:00003730 0000006dH .text$x                 CODE
 0002:00000000 000002a8H .idata$5                DATA
 0002:000002a8 00000038H .00cfg                  DATA
 0002:000002e0 00000008H .CRT$XCA                DATA
 0002:000002e8 00000008H .CRT$XCAA               DATA
 0002:000002f0 00000008H .CRT$XCZ                DATA
 0002:000002f8 00000008H .CRT$XIA                DATA
 0002:00000300 00000008H .CRT$XIAA               DATA
 0002:00000308 00000008H .CRT$XIAC               DATA
 0002:00000310 00000008H .CRT$XIZ                DATA
 0002:00000318 00000008H .CRT$XPA                DATA
 0002:00000320 00000008H .CRT$XPZ                DATA
 0002:00000328 00000008H .CRT$XTA                DATA
 0002:00000330 00000010H .CRT$XTZ                DATA
 0002:00000338 00000000H .gehcont$y              DATA
 0002:00000338 00000000H .gfids$y                DATA
 0002:00000340 00000240H .rdata                  DATA
 0002:00000580 00000080H .rdata$CastGuardVftablesA DATA
 0002:00000600 00000080H .rdata$CastGuardVftablesC DATA
 0002:00000680 000000b0H .rdata$voltmd           DATA
 0002:00000730 00000338H .rdata$zzzdbg           DATA
 0002:00000a68 00000008H .rtc$IAA                DATA
 0002:00000a70 00000008H .rtc$IZZ                DATA
 0002:00000a78 00000008H .rtc$TAA                DATA
 0002:00000a80 00000008H .rtc$TZZ                DATA
 0002:00000a88 000002fcH .xdata                  DATA
 0002:00000d84 00000000H .edata                  DATA
 0002:00000d84 00000078H .idata$2                DATA
 0002:00000dfc 00000014H .idata$3                DATA
 0002:00000e10 000002a8H .idata$4                DATA
 0002:000010b8 000005e6H .idata$6                DATA
 0003:00000000 00000af0H .data                   DATA
 0003:00000af0 00000618H .bss                    DATA
 0004:00000000 000003ccH .pdata                  DATA
 0005:00000000 000002d0H .rsrc$01                DATA
 0005:000002d0 000215f0H .rsrc$02                DATA

  Address         Publics by Value              Rva+Base               Lib:Object

 0000:00000000       __AbsoluteZero             0000000000000000     <absolute>
 0000:00000000       ___safe_se_handler_count   0000000000000000     <absolute>
 0000:00000000       ___safe_se_handler_table   0000000000000000     <absolute>
 0000:00000000       __arm64x_extra_rfe_table   0000000000000000     <absolute>
 0000:00000000       __arm64x_extra_rfe_table_size 0000000000000000     <absolute>
 0000:00000000       __arm64x_native_entrypoint 0000000000000000     <absolute>
 0000:00000000       __arm64x_redirection_metadata 0000000000000000     <absolute>
 0000:00000000       __arm64x_redirection_metadata_count 0000000000000000     <absolute>
 0000:00000000       __dynamic_value_reloc_table 0000000000000000     <absolute>
 0000:00000000       __enclave_config           0000000000000000     <absolute>
 0000:00000000       __guard_check_icall_a64n_fptr 0000000000000000     <absolute>
 0000:00000000       __guard_eh_cont_count      0000000000000000     <absolute>
 0000:00000000       __guard_eh_cont_table      0000000000000000     <absolute>
 0000:00000000       __guard_fids_count         0000000000000000     <absolute>
 0000:00000000       __guard_fids_table         0000000000000000     <absolute>
 0000:00000000       __guard_iat_count          0000000000000000     <absolute>
 0000:00000000       __guard_iat_table          0000000000000000     <absolute>
 0000:00000000       __guard_longjmp_count      0000000000000000     <absolute>
 0000:00000000       __guard_longjmp_table      0000000000000000     <absolute>
 0000:00000000       __hybrid_auxiliary_iat     0000000000000000     <absolute>
 0000:00000000       __hybrid_auxiliary_iat_copy 0000000000000000     <absolute>
 0000:00000000       __hybrid_code_map          0000000000000000     <absolute>
 0000:00000000       __hybrid_code_map_count    0000000000000000     <absolute>
 0000:00000000       __x64_code_ranges_to_entry_points 0000000000000000     <absolute>
 0000:00000000       __x64_code_ranges_to_entry_points_count 0000000000000000     <absolute>
 0000:00000100       __guard_flags              0000000000000100     <absolute>
 0000:00000000       __ImageBase                0000000100400000     <linker-defined>
 0001:00000000       do_cat                     0000000100401000 f   dasdcat.obj
 0001:00000670       get_volser                 0000000100401670 f   dasdcat.obj
 0001:00000760       do_cat_cards               0000000100401760 f   dasdcat.obj
 0001:000008d0       do_cat_pdsmember           00000001004018d0 f   dasdcat.obj
 0001:00000ac0       process_member             0000000100401ac0 f   dasdcat.obj
 0001:00000f60       process_dirblk             0000000100401f60 f   dasdcat.obj
 0001:00001330       main                       0000000100402330 f   dasdcat.obj
 0001:000015d0       __local_stdio_printf_options 00000001004025d0 f i dasdcat.obj
 0001:000015e0       _vfprintf_l                00000001004025e0 f i dasdcat.obj
 0001:00001630       printf                     0000000100402630 f i dasdcat.obj
 0001:00001688       read_block                 0000000100402688 f   hdasd:hdasd.dll
 0001:0000168e       convert_tt                 000000010040268e f   hdasd:hdasd.dll
 0001:00001694       open_ckd_image             0000000100402694 f   hdasd:hdasd.dll
 0001:0000169a       close_ckd_image            000000010040269a f   hdasd:hdasd.dll
 0001:000016a0       build_extent_array         00000001004026a0 f   hdasd:hdasd.dll
 0001:000016a6       set_verbose_util           00000001004026a6 f   hdasd:hdasd.dll
 0001:000016ac       fmt_memsize                00000001004026ac f   hutil:hutil.dll
 0001:000016b2       initialize_utility         00000001004026b2 f   hutil:hutil.dll
 0001:000016b8       string_to_upper            00000001004026b8 f   hutil:hutil.dll
 0001:000016be       string_to_lower            00000001004026be f   hutil:hutil.dll
 0001:000016c4       make_asciiz                00000001004026c4 f   hutil:hutil.dll
 0001:000016ca       w32_strerror               00000001004026ca f   hutil:hutil.dll
 0001:000016d0       w32_fwrite                 00000001004026d0 f   hutil:hutil.dll
 0001:000016d6       w32_fprintf                00000001004026d6 f   hutil:hutil.dll
 0001:000016dc       guest_to_host              00000001004026dc f   hutil:hutil.dll
 0001:000016e2       fwritemsg                  00000001004026e2 f   hutil:hutil.dll
 0001:000016f0       __raise_securityfailure    00000001004026f0 f   MSVCRTD:gs_report.obj
 0001:00001730       __report_gsfailure         0000000100402730 f   MSVCRTD:gs_report.obj
 0001:00001810       __report_rangecheckfailure 0000000100402810 f   MSVCRTD:gs_report.obj
 0001:00001830       __report_securityfailure   0000000100402830 f   MSVCRTD:gs_report.obj
 0001:000018d0       __report_securityfailureEx 00000001004028d0 f   MSVCRTD:gs_report.obj
 0001:00001b40       __GSHandlerCheck           0000000100402b40 f   MSVCRTD:gshandler.obj
 0001:00001b80       __GSHandlerCheckCommon     0000000100402b80 f   MSVCRTD:gshandler.obj
 0001:00001c90       __security_check_cookie    0000000100402c90 f   MSVCRTD:amdsecgs.obj
 0001:00001f60       ?configure_argv@__scrt_narrow_argv_policy@@SAHXZ 0000000100402f60 f i MSVCRTD:exe_main.obj
 0001:00001f80       ?initialize_environment@__scrt_narrow_environment_policy@@SAHXZ 0000000100402f80 f i MSVCRTD:exe_main.obj
 0001:00001fd0       ?set_app_type@__scrt_main_policy@@SAXXZ 0000000100402fd0 f i MSVCRTD:exe_main.obj
 0001:00001ff0       ?set_commode@__scrt_file_policy@@SAXXZ 0000000100402ff0 f i MSVCRTD:exe_main.obj
 0001:00002010       ?set_fmode@__scrt_file_policy@@SAXXZ 0000000100403010 f i MSVCRTD:exe_main.obj
 0001:00002030       mainCRTStartup             0000000100403030 f   MSVCRTD:exe_main.obj
 0001:000021b0       NtCurrentTeb               00000001004031b0 f i MSVCRTD:utility.obj
 0001:000021c0       __scrt_acquire_startup_lock 00000001004031c0 f   MSVCRTD:utility.obj
 0001:00002230       __scrt_dllmain_after_initialize_c 0000000100403230 f   MSVCRTD:utility.obj
 0001:00002260       __scrt_dllmain_before_initialize_c 0000000100403260 f   MSVCRTD:utility.obj
 0001:00002280       __scrt_dllmain_crt_thread_attach 0000000100403280 f   MSVCRTD:utility.obj
 0001:000022b0       __scrt_dllmain_crt_thread_detach 00000001004032b0 f   MSVCRTD:utility.obj
 0001:000022d0       __scrt_dllmain_exception_filter 00000001004032d0 f   MSVCRTD:utility.obj
 0001:00002340       __scrt_dllmain_uninitialize_c 0000000100403340 f   MSVCRTD:utility.obj
 0001:00002370       __scrt_dllmain_uninitialize_critical 0000000100403370 f   MSVCRTD:utility.obj
 0001:00002390       __scrt_initialize_crt      0000000100403390 f   MSVCRTD:utility.obj
 0001:000023e0       __scrt_initialize_onexit_tables 00000001004033e0 f   MSVCRTD:utility.obj
 0001:000024f0       __scrt_is_nonwritable_in_current_image 00000001004034f0 f   MSVCRTD:utility.obj
 0001:00002580       __scrt_release_startup_lock 0000000100403580 f   MSVCRTD:utility.obj
 0001:000025b0       __scrt_uninitialize_crt    00000001004035b0 f   MSVCRTD:utility.obj
 0001:000025f0       _onexit                    00000001004035f0 f   MSVCRTD:utility.obj
 0001:00002670       at_quick_exit              0000000100403670 f   MSVCRTD:utility.obj
 0001:000026c0       atexit                     00000001004036c0 f   MSVCRTD:utility.obj
 0001:000027c0       __security_init_cookie     00000001004037c0 f   MSVCRTD:gs_support.obj
 0001:00002840       _matherr                   0000000100403840 f   MSVCRTD:matherr.obj
 0001:00002850       _get_startup_argv_mode     0000000100403850 f   MSVCRTD:argv_mode.obj
 0001:00002860       _get_startup_commit_mode   0000000100403860 f   MSVCRTD:commit_mode.obj
 0001:00002870       _get_startup_file_mode     0000000100403870 f   MSVCRTD:file_mode.obj
 0001:00002880       _get_startup_new_mode      0000000100403880 f   MSVCRTD:new_mode.obj
 0001:00002890       _get_startup_thread_locale_mode 0000000100403890 f   MSVCRTD:thread_locale.obj
 0001:000028a0       ?__scrt_initialize_type_info@@YAXXZ 00000001004038a0 f   MSVCRTD:tncleanup.obj
 0001:000028c0       ?__scrt_uninitialize_type_info@@YAXXZ 00000001004038c0 f   MSVCRTD:tncleanup.obj
 0001:000028e0       _should_initialize_environment 00000001004038e0 f   MSVCRTD:env_mode.obj
 0001:000028f0       _initialize_invalid_parameter_handler 00000001004038f0 f   MSVCRTD:invalid_parameter_handler.obj
 0001:00002900       _initialize_denormal_control 0000000100403900 f   MSVCRTD:denormal_control.obj
 0001:00002910       __local_stdio_scanf_options 0000000100403910 f i MSVCRTD:default_local_stdio_options.obj
 0001:00002920       __scrt_initialize_default_local_stdio_options 0000000100403920 f   MSVCRTD:default_local_stdio_options.obj
 0001:00002970       __scrt_is_user_matherr_present 0000000100403970 f   MSVCRTD:matherr_detection.obj
 0001:000029a0       __scrt_get_dyn_tls_init_callback 00000001004039a0 f   MSVCRTD:dyn_tls_init.obj
 0001:000029b0       __scrt_get_dyn_tls_dtor_callback 00000001004039b0 f   MSVCRTD:dyn_tls_dtor.obj
 0001:000029c0       __crt_debugger_hook        00000001004039c0 f   MSVCRTD:utility_desktop.obj
 0001:000029d0       __scrt_fastfail            00000001004039d0 f   MSVCRTD:utility_desktop.obj
 0001:00002b70       __scrt_get_show_window_mode 0000000100403b70 f   MSVCRTD:utility_desktop.obj
 0001:00002bd0       __scrt_initialize_mta      0000000100403bd0 f   MSVCRTD:utility_desktop.obj
 0001:00002be0       __scrt_initialize_winrt    0000000100403be0 f   MSVCRTD:utility_desktop.obj
 0001:00002bf0       __scrt_is_managed_app      0000000100403bf0 f   MSVCRTD:utility_desktop.obj
 0001:00002ca0       __scrt_set_unhandled_exception_filter 0000000100403ca0 f   MSVCRTD:utility_desktop.obj
 0001:00002cc0       __scrt_exe_initialize_mta  0000000100403cc0 f   MSVCRTD:utility_desktop.obj
 0001:00002cc0       __scrt_stub_for_initialize_mta 0000000100403cc0 f   MSVCRTD:utility_desktop.obj
 0001:00002cd0       __scrt_unhandled_exception_filter 0000000100403cd0 f   MSVCRTD:utility_desktop.obj
 0001:00002d70       _RTC_Initialize            0000000100403d70 f   MSVCRTD:initsect.obj
 0001:00002dc0       _RTC_Terminate             0000000100403dc0 f   MSVCRTD:initsect.obj
 0001:00002e10       _guard_check_icall_nop     0000000100403e10 f i MSVCRTD:guard_support.obj
 0001:00002e20       ReadNoFence64              0000000100403e20 f i MSVCRTD:guard_support.obj
 0001:00002e40       ReadPointerNoFence         0000000100403e40 f i MSVCRTD:guard_support.obj
 0001:00002e60       __castguard_check_failure_debugbreak 0000000100403e60 f i MSVCRTD:guard_support.obj
 0001:00002e80       __castguard_check_failure_fastfail 0000000100403e80 f i MSVCRTD:guard_support.obj
 0001:00002eb0       __castguard_check_failure_nop 0000000100403eb0 f i MSVCRTD:guard_support.obj
 0001:00002ec0       __castguard_check_failure_os_handled 0000000100403ec0 f i MSVCRTD:guard_support.obj
 0001:00002f90       __castguard_slow_path_check_debugbreak 0000000100403f90 f i MSVCRTD:guard_support.obj
 0001:00002fd0       __castguard_slow_path_check_fastfail 0000000100403fd0 f i MSVCRTD:guard_support.obj
 0001:00003020       __castguard_slow_path_check_nop 0000000100404020 f i MSVCRTD:guard_support.obj
 0001:00003030       __castguard_slow_path_check_os_handled 0000000100404030 f i MSVCRTD:guard_support.obj
 0001:000030f0       _guard_icall_checks_enforced 00000001004040f0 f i MSVCRTD:guard_support.obj
 0001:00003130       _guard_rf_checks_enforced  0000000100404130 f i MSVCRTD:guard_support.obj
 0001:00003140       __isa_available_init       0000000100404140 f   MSVCRTD:cpu_disp.obj
 0001:000034f0       __scrt_is_ucrt_dll_in_use  00000001004044f0 f   MSVCRTD:ucrt_detection.obj
 0001:00003520       strchr                     0000000100404520 f   vcruntimed:VCRUNTIME140D.dll
 0001:00003526       memcmp                     0000000100404526 f   vcruntimed:VCRUNTIME140D.dll
 0001:0000352c       __C_specific_handler       000000010040452c f   vcruntimed:VCRUNTIME140D.dll
 0001:00003532       __std_type_info_destroy_list 0000000100404532 f   vcruntimed:VCRUNTIME140D.dll
 0001:00003538       __current_exception        0000000100404538 f   vcruntimed:VCRUNTIME140D.dll
 0001:0000353e       __current_exception_context 000000010040453e f   vcruntimed:VCRUNTIME140D.dll
 0001:00003544       _errno                     0000000100404544 f   ucrtd:ucrtbased.dll
 0001:0000354a       strcmp                     000000010040454a f   ucrtd:ucrtbased.dll
 0001:00003550       strlen                     0000000100404550 f   ucrtd:ucrtbased.dll
 0001:00003556       strncpy                    0000000100404556 f   ucrtd:ucrtbased.dll
 0001:0000355c       _chsize_s                  000000010040455c f   ucrtd:ucrtbased.dll
 0001:00003562       __acrt_iob_func            0000000100404562 f   ucrtd:ucrtbased.dll
 0001:00003568       putchar                    0000000100404568 f   ucrtd:ucrtbased.dll
 0001:0000356e       puts                       000000010040456e f   ucrtd:ucrtbased.dll
 0001:00003574       rewind                     0000000100404574 f   ucrtd:ucrtbased.dll
 0001:0000357a       __stdio_common_vfprintf    000000010040457a f   ucrtd:ucrtbased.dll
 0001:00003580       _seh_filter_exe            0000000100404580 f   ucrtd:ucrtbased.dll
 0001:00003586       _set_app_type              0000000100404586 f   ucrtd:ucrtbased.dll
 0001:0000358c       __setusermatherr           000000010040458c f   ucrtd:ucrtbased.dll
 0001:00003592       _configure_narrow_argv     0000000100404592 f   ucrtd:ucrtbased.dll
 0001:00003598       _initialize_narrow_environment 0000000100404598 f   ucrtd:ucrtbased.dll
 0001:0000359e       _get_initial_narrow_environment 000000010040459e f   ucrtd:ucrtbased.dll
 0001:000035a4       _initterm                  00000001004045a4 f   ucrtd:ucrtbased.dll
 0001:000035aa       _initterm_e                00000001004045aa f   ucrtd:ucrtbased.dll
 0001:000035b0       exit                       00000001004045b0 f   ucrtd:ucrtbased.dll
 0001:000035b6       _exit                      00000001004045b6 f   ucrtd:ucrtbased.dll
 0001:000035bc       _set_fmode                 00000001004045bc f   ucrtd:ucrtbased.dll
 0001:000035c2       __p___argc                 00000001004045c2 f   ucrtd:ucrtbased.dll
 0001:000035c8       __p___argv                 00000001004045c8 f   ucrtd:ucrtbased.dll
 0001:000035ce       _cexit                     00000001004045ce f   ucrtd:ucrtbased.dll
 0001:000035d4       _c_exit                    00000001004045d4 f   ucrtd:ucrtbased.dll
 0001:000035da       _register_thread_local_exe_atexit_callback 00000001004045da f   ucrtd:ucrtbased.dll
 0001:000035e0       _configthreadlocale        00000001004045e0 f   ucrtd:ucrtbased.dll
 0001:000035e6       _set_new_mode              00000001004045e6 f   ucrtd:ucrtbased.dll
 0001:000035ec       __p__commode               00000001004045ec f   ucrtd:ucrtbased.dll
 0001:000035f2       _seh_filter_dll            00000001004045f2 f   ucrtd:ucrtbased.dll
 0001:000035f8       _initialize_onexit_table   00000001004045f8 f   ucrtd:ucrtbased.dll
 0001:000035fe       _register_onexit_function  00000001004045fe f   ucrtd:ucrtbased.dll
 0001:00003604       _execute_onexit_table      0000000100404604 f   ucrtd:ucrtbased.dll
 0001:0000360a       _crt_atexit                000000010040460a f   ucrtd:ucrtbased.dll
 0001:00003610       _crt_at_quick_exit         0000000100404610 f   ucrtd:ucrtbased.dll
 0001:00003616       terminate                  0000000100404616 f   ucrtd:ucrtbased.dll
 0001:0000361c       _isatty                    000000010040461c f   ucrtd:ucrtbased.dll
 0001:00003622       _setmode                   0000000100404622 f   ucrtd:ucrtbased.dll
 0001:00003628       _fileno                    0000000100404628 f   ucrtd:ucrtbased.dll
 0001:0000362e       RtlCaptureContext          000000010040462e f   kernel32:KERNEL32.dll
 0001:00003634       RtlLookupFunctionEntry     0000000100404634 f   kernel32:KERNEL32.dll
 0001:0000363a       RtlVirtualUnwind           000000010040463a f   kernel32:KERNEL32.dll
 0001:00003640       UnhandledExceptionFilter   0000000100404640 f   kernel32:KERNEL32.dll
 0001:00003646       SetUnhandledExceptionFilter 0000000100404646 f   kernel32:KERNEL32.dll
 0001:0000364c       GetCurrentProcess          000000010040464c f   kernel32:KERNEL32.dll
 0001:00003652       TerminateProcess           0000000100404652 f   kernel32:KERNEL32.dll
 0001:00003658       IsProcessorFeaturePresent  0000000100404658 f   kernel32:KERNEL32.dll
 0001:0000365e       QueryPerformanceCounter    000000010040465e f   kernel32:KERNEL32.dll
 0001:00003664       GetCurrentProcessId        0000000100404664 f   kernel32:KERNEL32.dll
 0001:0000366a       GetCurrentThreadId         000000010040466a f   kernel32:KERNEL32.dll
 0001:00003670       GetSystemTimeAsFileTime    0000000100404670 f   kernel32:KERNEL32.dll
 0001:00003676       InitializeSListHead        0000000100404676 f   kernel32:KERNEL32.dll
 0001:0000367c       IsDebuggerPresent          000000010040467c f   kernel32:KERNEL32.dll
 0001:00003682       GetStartupInfoW            0000000100404682 f   kernel32:KERNEL32.dll
 0001:00003688       GetModuleHandleW           0000000100404688 f   kernel32:KERNEL32.dll
 0001:00003690       __acrt_initialize          0000000100404690 f   MSVCRTD:ucrt_stubs.obj
 0001:00003690       __scrt_stub_for_acrt_initialize 0000000100404690 f   MSVCRTD:ucrt_stubs.obj
 0001:00003690       __vcrt_initialize          0000000100404690 f   MSVCRTD:ucrt_stubs.obj
 0001:000036a0       __acrt_thread_attach       00000001004046a0 f   MSVCRTD:ucrt_stubs.obj
 0001:000036a0       __scrt_stub_for_acrt_thread_attach 00000001004046a0 f   MSVCRTD:ucrt_stubs.obj
 0001:000036a0       __vcrt_thread_attach       00000001004046a0 f   MSVCRTD:ucrt_stubs.obj
 0001:000036b0       __acrt_thread_detach       00000001004046b0 f   MSVCRTD:ucrt_stubs.obj
 0001:000036b0       __scrt_stub_for_acrt_thread_detach 00000001004046b0 f   MSVCRTD:ucrt_stubs.obj
 0001:000036b0       __vcrt_thread_detach       00000001004046b0 f   MSVCRTD:ucrt_stubs.obj
 0001:000036c0       __acrt_uninitialize        00000001004046c0 f   MSVCRTD:ucrt_stubs.obj
 0001:000036c0       __scrt_stub_for_acrt_uninitialize 00000001004046c0 f   MSVCRTD:ucrt_stubs.obj
 0001:000036c0       __vcrt_uninitialize        00000001004046c0 f   MSVCRTD:ucrt_stubs.obj
 0001:000036d0       __acrt_uninitialize_critical 00000001004046d0 f   MSVCRTD:ucrt_stubs.obj
 0001:000036d0       __scrt_stub_for_acrt_uninitialize_critical 00000001004046d0 f   MSVCRTD:ucrt_stubs.obj
 0001:000036d0       __vcrt_uninitialize_critical 00000001004046d0 f   MSVCRTD:ucrt_stubs.obj
 0001:000036e0       __scrt_stub_for_is_c_termination_complete 00000001004046e0 f   MSVCRTD:ucrt_stubs.obj
 0001:000036e0       _is_c_termination_complete 00000001004046e0 f   MSVCRTD:ucrt_stubs.obj
 0001:000036e3       memcpy                     00000001004046e3 f   vcruntimed:VCRUNTIME140D.dll
 0001:00003700       _guard_dispatch_icall_nop  0000000100404700 f   MSVCRTD:guard_dispatch.obj
 0001:00003720       _guard_xfg_dispatch_icall_nop 0000000100404720 f   MSVCRTD:guard_xfg_dispatch.obj
 0002:00000000       __imp_IsProcessorFeaturePresent 0000000100405000     kernel32:KERNEL32.dll
 0002:00000008       __imp_RtlLookupFunctionEntry 0000000100405008     kernel32:KERNEL32.dll
 0002:00000010       __imp_RtlVirtualUnwind     0000000100405010     kernel32:KERNEL32.dll
 0002:00000018       __imp_UnhandledExceptionFilter 0000000100405018     kernel32:KERNEL32.dll
 0002:00000020       __imp_SetUnhandledExceptionFilter 0000000100405020     kernel32:KERNEL32.dll
 0002:00000028       __imp_GetCurrentProcess    0000000100405028     kernel32:KERNEL32.dll
 0002:00000030       __imp_TerminateProcess     0000000100405030     kernel32:KERNEL32.dll
 0002:00000038       __imp_GetModuleHandleW     0000000100405038     kernel32:KERNEL32.dll
 0002:00000040       __imp_GetStartupInfoW      0000000100405040     kernel32:KERNEL32.dll
 0002:00000048       __imp_IsDebuggerPresent    0000000100405048     kernel32:KERNEL32.dll
 0002:00000050       __imp_InitializeSListHead  0000000100405050     kernel32:KERNEL32.dll
 0002:00000058       __imp_GetSystemTimeAsFileTime 0000000100405058     kernel32:KERNEL32.dll
 0002:00000060       __imp_GetCurrentThreadId   0000000100405060     kernel32:KERNEL32.dll
 0002:00000068       __imp_GetCurrentProcessId  0000000100405068     kernel32:KERNEL32.dll
 0002:00000070       __imp_QueryPerformanceCounter 0000000100405070     kernel32:KERNEL32.dll
 0002:00000078       __imp_RtlCaptureContext    0000000100405078     kernel32:KERNEL32.dll
 0002:00000080       \177KERNEL32_NULL_THUNK_DATA 0000000100405080     kernel32:KERNEL32.dll
 0002:00000088       __imp___current_exception_context 0000000100405088     vcruntimed:VCRUNTIME140D.dll
 0002:00000090       __imp___current_exception  0000000100405090     vcruntimed:VCRUNTIME140D.dll
 0002:00000098       __imp___std_type_info_destroy_list 0000000100405098     vcruntimed:VCRUNTIME140D.dll
 0002:000000a0       __imp_strchr               00000001004050a0     vcruntimed:VCRUNTIME140D.dll
 0002:000000a8       __imp_memcmp               00000001004050a8     vcruntimed:VCRUNTIME140D.dll
 0002:000000b0       __imp___C_specific_handler 00000001004050b0     vcruntimed:VCRUNTIME140D.dll
 0002:000000b8       __imp_memcpy               00000001004050b8     vcruntimed:VCRUNTIME140D.dll
 0002:000000c0       \177VCRUNTIME140D_NULL_THUNK_DATA 00000001004050c0     vcruntimed:VCRUNTIME140D.dll
 0002:000000c8       __imp_set_verbose_util     00000001004050c8     hdasd:hdasd.dll
 0002:000000d0       __imp_open_ckd_image       00000001004050d0     hdasd:hdasd.dll
 0002:000000d8       __imp_convert_tt           00000001004050d8     hdasd:hdasd.dll
 0002:000000e0       __imp_build_extent_array   00000001004050e0     hdasd:hdasd.dll
 0002:000000e8       __imp_close_ckd_image      00000001004050e8     hdasd:hdasd.dll
 0002:000000f0       __imp_read_block           00000001004050f0     hdasd:hdasd.dll
 0002:000000f8       \177hdasd_NULL_THUNK_DATA  00000001004050f8     hdasd:hdasd.dll
 0002:00000100       __imp_extgui               0000000100405100     hsys:hsys.dll
 0002:00000108       \177hsys_NULL_THUNK_DATA   0000000100405108     hsys:hsys.dll
 0002:00000110       __imp_fmt_memsize          0000000100405110     hutil:hutil.dll
 0002:00000118       __imp_string_to_upper      0000000100405118     hutil:hutil.dll
 0002:00000120       __imp_string_to_lower      0000000100405120     hutil:hutil.dll
 0002:00000128       __imp_make_asciiz          0000000100405128     hutil:hutil.dll
 0002:00000130       __imp_w32_strerror         0000000100405130     hutil:hutil.dll
 0002:00000138       __imp_w32_fwrite           0000000100405138     hutil:hutil.dll
 0002:00000140       __imp_w32_fprintf          0000000100405140     hutil:hutil.dll
 0002:00000148       __imp_guest_to_host        0000000100405148     hutil:hutil.dll
 0002:00000150       __imp_fwritemsg            0000000100405150     hutil:hutil.dll
 0002:00000158       __imp_initialize_utility   0000000100405158     hutil:hutil.dll
 0002:00000160       \177hutil_NULL_THUNK_DATA  0000000100405160     hutil:hutil.dll
 0002:00000168       __imp_exit                 0000000100405168     ucrtd:ucrtbased.dll
 0002:00000170       __imp__exit                0000000100405170     ucrtd:ucrtbased.dll
 0002:00000178       __imp__set_fmode           0000000100405178     ucrtd:ucrtbased.dll
 0002:00000180       __imp___p___argc           0000000100405180     ucrtd:ucrtbased.dll
 0002:00000188       __imp___p___argv           0000000100405188     ucrtd:ucrtbased.dll
 0002:00000190       __imp__cexit               0000000100405190     ucrtd:ucrtbased.dll
 0002:00000198       __imp__c_exit              0000000100405198     ucrtd:ucrtbased.dll
 0002:000001a0       __imp__register_thread_local_exe_atexit_callback 00000001004051a0     ucrtd:ucrtbased.dll
 0002:000001a8       __imp__configthreadlocale  00000001004051a8     ucrtd:ucrtbased.dll
 0002:000001b0       __imp__set_new_mode        00000001004051b0     ucrtd:ucrtbased.dll
 0002:000001b8       __imp___p__commode         00000001004051b8     ucrtd:ucrtbased.dll
 0002:000001c0       __imp_putchar              00000001004051c0     ucrtd:ucrtbased.dll
 0002:000001c8       __imp__initterm            00000001004051c8     ucrtd:ucrtbased.dll
 0002:000001d0       __imp__register_onexit_function 00000001004051d0     ucrtd:ucrtbased.dll
 0002:000001d8       __imp__execute_onexit_table 00000001004051d8     ucrtd:ucrtbased.dll
 0002:000001e0       __imp__crt_atexit          00000001004051e0     ucrtd:ucrtbased.dll
 0002:000001e8       __imp__crt_at_quick_exit   00000001004051e8     ucrtd:ucrtbased.dll
 0002:000001f0       __imp_terminate            00000001004051f0     ucrtd:ucrtbased.dll
 0002:000001f8       __imp__isatty              00000001004051f8     ucrtd:ucrtbased.dll
 0002:000001f8       __imp_isatty               00000001004051f8     ucrtd:ucrtbased.dll
 0002:00000200       __imp__setmode             0000000100405200     ucrtd:ucrtbased.dll
 0002:00000200       __imp_setmode              0000000100405200     ucrtd:ucrtbased.dll
 0002:00000208       __imp__fileno              0000000100405208     ucrtd:ucrtbased.dll
 0002:00000208       __imp_fileno               0000000100405208     ucrtd:ucrtbased.dll
 0002:00000210       __imp___acrt_iob_func      0000000100405210     ucrtd:ucrtbased.dll
 0002:00000218       __imp_strlen               0000000100405218     ucrtd:ucrtbased.dll
 0002:00000220       __imp_strcmp               0000000100405220     ucrtd:ucrtbased.dll
 0002:00000228       __imp__errno               0000000100405228     ucrtd:ucrtbased.dll
 0002:00000230       __imp__initterm_e          0000000100405230     ucrtd:ucrtbased.dll
 0002:00000238       __imp_strncpy              0000000100405238     ucrtd:ucrtbased.dll
 0002:00000240       __imp__initialize_narrow_environment 0000000100405240     ucrtd:ucrtbased.dll
 0002:00000248       __imp__configure_narrow_argv 0000000100405248     ucrtd:ucrtbased.dll
 0002:00000250       __imp___setusermatherr     0000000100405250     ucrtd:ucrtbased.dll
 0002:00000258       __imp__set_app_type        0000000100405258     ucrtd:ucrtbased.dll
 0002:00000260       __imp__seh_filter_exe      0000000100405260     ucrtd:ucrtbased.dll
 0002:00000268       __imp___stdio_common_vfprintf 0000000100405268     ucrtd:ucrtbased.dll
 0002:00000270       __imp_rewind               0000000100405270     ucrtd:ucrtbased.dll
 0002:00000278       __imp__initialize_onexit_table 0000000100405278     ucrtd:ucrtbased.dll
 0002:00000280       __imp_puts                 0000000100405280     ucrtd:ucrtbased.dll
 0002:00000288       __imp__seh_filter_dll      0000000100405288     ucrtd:ucrtbased.dll
 0002:00000290       __imp__chsize_s            0000000100405290     ucrtd:ucrtbased.dll
 0002:00000298       __imp__get_initial_narrow_environment 0000000100405298     ucrtd:ucrtbased.dll
 0002:000002a0       \177ucrtbased_NULL_THUNK_DATA 00000001004052a0     ucrtd:ucrtbased.dll
 0002:000002a8       __guard_check_icall_fptr   00000001004052a8     MSVCRTD:guard_support.obj
 0002:000002b0       __guard_xfg_check_icall_fptr 00000001004052b0     MSVCRTD:guard_support.obj
 0002:000002b8       __guard_dispatch_icall_fptr 00000001004052b8     MSVCRTD:guard_support.obj
 0002:000002c0       __guard_xfg_dispatch_icall_fptr 00000001004052c0     MSVCRTD:guard_support.obj
 0002:000002c8       __guard_xfg_table_dispatch_icall_fptr 00000001004052c8     MSVCRTD:guard_support.obj
 0002:000002d0       __castguard_check_failure_os_handled_fptr 00000001004052d0     MSVCRTD:guard_support.obj
 0002:000002d8       __guard_memcpy_fptr        00000001004052d8     vcruntimed:softmemtag.obj
 0002:000002e0       __xc_a                     00000001004052e0     MSVCRTD:initializers.obj
 0002:000002f0       __xc_z                     00000001004052f0     MSVCRTD:initializers.obj
 0002:000002f8       __xi_a                     00000001004052f8     MSVCRTD:initializers.obj
 0002:00000310       __xi_z                     0000000100405310     MSVCRTD:initializers.obj
 0002:00000318       __xp_a                     0000000100405318     MSVCRTD:initializers.obj
 0002:00000320       __xp_z                     0000000100405320     MSVCRTD:initializers.obj
 0002:00000328       __xt_a                     0000000100405328     MSVCRTD:initializers.obj
 0002:00000330       __xt_z                     0000000100405330     MSVCRTD:initializers.obj
 0002:000003d0       _load_config_used          00000001004053d0     MSVCRTD:loadcfg.obj
 0002:00000580       __CastGuardVftablesStart   0000000100405580     MSVCRTD:guard_support.obj
 0002:00000600       __CastGuardVftablesEnd     0000000100405600     MSVCRTD:guard_support.obj
 0002:00000680       __volatile_metadata        0000000100405680     <linker-defined>
 0002:00000a68       __rtc_iaa                  0000000100405a68     MSVCRTD:initsect.obj
 0002:00000a70       __rtc_izz                  0000000100405a70     MSVCRTD:initsect.obj
 0002:00000a78       __rtc_taa                  0000000100405a78     MSVCRTD:initsect.obj
 0002:00000a80       __rtc_tzz                  0000000100405a80     MSVCRTD:initsect.obj
 0002:00000d84       __IMPORT_DESCRIPTOR_hdasd  0000000100405d84     hdasd:hdasd.dll
 0002:00000d98       __IMPORT_DESCRIPTOR_hsys   0000000100405d98     hsys:hsys.dll
 0002:00000dac       __IMPORT_DESCRIPTOR_hutil  0000000100405dac     hutil:hutil.dll
 0002:00000dc0       __IMPORT_DESCRIPTOR_VCRUNTIME140D 0000000100405dc0     vcruntimed:VCRUNTIME140D.dll
 0002:00000dd4       __IMPORT_DESCRIPTOR_ucrtbased 0000000100405dd4     ucrtd:ucrtbased.dll
 0002:00000de8       __IMPORT_DESCRIPTOR_KERNEL32 0000000100405de8     kernel32:KERNEL32.dll
 0002:00000dfc       __NULL_IMPORT_DESCRIPTOR   0000000100405dfc     hdasd:hdasd.dll
 0003:00000ab0       __security_cookie_complement 0000000100407ab0     MSVCRTD:gs_cookie.obj
 0003:00000ab8       __security_cookie          0000000100407ab8     MSVCRTD:gs_cookie.obj
 0003:00000ac0       __scrt_native_dllmain_reason 0000000100407ac0     MSVCRTD:utility.obj
 0003:00000ac4       __scrt_default_matherr     0000000100407ac4     MSVCRTD:matherr.obj
 0003:00000ac8       __isa_available            0000000100407ac8     MSVCRTD:cpu_disp.obj
 0003:00000acc       __isa_enabled              0000000100407acc     MSVCRTD:cpu_disp.obj
 0003:00000ad0       __memset_fast_string_threshold 0000000100407ad0     MSVCRTD:cpu_disp.obj
 0003:00000ad8       __memset_nt_threshold      0000000100407ad8     MSVCRTD:cpu_disp.obj
 0003:00000ae0       __scrt_ucrt_dll_is_in_use  0000000100407ae0     MSVCRTD:ucrt_stubs.obj
 0003:00001070       __scrt_current_native_startup_state 0000000100408070     MSVCRTD:utility.obj
 0003:00001078       __scrt_native_startup_lock 0000000100408078     MSVCRTD:utility.obj
 0003:000010c0       ?__type_info_root_node@@3U__type_info_node@@A 00000001004080c0     MSVCRTD:tncleanup.obj
 0003:000010d0       ?_OptionsStorage@?1??__local_stdio_printf_options@@9@4_KA 00000001004080d0     MSVCRTD:default_local_stdio_options.obj
 0003:000010d8       ?_OptionsStorage@?1??__local_stdio_scanf_options@@9@4_KA 00000001004080d8     MSVCRTD:default_local_stdio_options.obj
 0003:000010e0       __scrt_debugger_hook_flag  00000001004080e0     MSVCRTD:utility_desktop.obj
 0003:000010e4       __favor                    00000001004080e4     MSVCRTD:cpu_disp.obj
 0003:000010e8       ?_OptionsStorage@?1??__local_stdio_printf_options@@9@9 00000001004080e8     <common>
 0003:000010f0       __@@_PchSym_@00@UkzkzUnbtrgUsbkvirlmRaevxgliUnhexOwvyftOznwGEOlyqUyfrowPkxsOlyq@4B2008FD98C1DD4 00000001004080f0     <common>
 0003:000010f8       __dyn_tls_dtor_callback    00000001004080f8     <common>
 0003:00001100       __dyn_tls_init_callback    0000000100408100     <common>

 entry point at        0001:00002030

 Static symbols

 0000:00000000       _volmd                     0000000100400000     dasdcat.obj
 0000:fffd3000       .debug$S                   0000000100400000     kernel32:KERNEL32.dll
 0000:fffd3000       .debug$S                   0000000100400000     kernel32:KERNEL32.dll
 0000:fffd3000       .debug$S                   0000000100400000     kernel32:KERNEL32.dll
 0000:fffd3000       .debug$S                   0000000100400000     kernel32:KERNEL32.dll
 0000:fffd3000       .debug$S                   0000000100400000     kernel32:KERNEL32.dll
 0000:fffd3000       .debug$S                   0000000100400000     kernel32:KERNEL32.dll
 0000:fffd3000       .debug$S                   0000000100400000     kernel32:KERNEL32.dll
 0000:fffd3000       .debug$S                   0000000100400000     kernel32:KERNEL32.dll
 0000:fffd3000       .debug$S                   0000000100400000     kernel32:KERNEL32.dll
 0000:fffd3000       .debug$S                   0000000100400000     kernel32:KERNEL32.dll
 0000:fffd3000       .debug$S                   0000000100400000     kernel32:KERNEL32.dll
 0000:fffd3000       .debug$S                   0000000100400000     kernel32:KERNEL32.dll
 0000:fffd3000       .debug$S                   0000000100400000     kernel32:KERNEL32.dll
 0000:fffd3000       .debug$S                   0000000100400000     kernel32:KERNEL32.dll
 0000:fffd3000       .debug$S                   0000000100400000     kernel32:KERNEL32.dll
 0000:fffd3000       .debug$S                   0000000100400000     kernel32:KERNEL32.dll
 0000:fffd3000       .debug$S                   0000000100400000     ucrtd:ucrtbased.dll
 0000:fffd3000       .debug$S                   0000000100400000     ucrtd:ucrtbased.dll
 0000:fffd3000       .debug$S                   0000000100400000     ucrtd:ucrtbased.dll
 0000:fffd3000       .debug$S                   0000000100400000     ucrtd:ucrtbased.dll
 0000:fffd3000       .debug$S                   0000000100400000     ucrtd:ucrtbased.dll
 0000:fffd3000       .debug$S                   0000000100400000     ucrtd:ucrtbased.dll
 0000:fffd3000       .debug$S                   0000000100400000     ucrtd:ucrtbased.dll
 0000:fffd3000       .debug$S                   0000000100400000     ucrtd:ucrtbased.dll
 0000:fffd3000       .debug$S                   0000000100400000     ucrtd:ucrtbased.dll
 0000:fffd3000       .debug$S                   0000000100400000     ucrtd:ucrtbased.dll
 0000:fffd3000       .debug$S                   0000000100400000     ucrtd:ucrtbased.dll
 0000:fffd3000       .debug$S                   0000000100400000     ucrtd:ucrtbased.dll
 0000:fffd3000       .debug$S                   0000000100400000     ucrtd:ucrtbased.dll
 0000:fffd3000       .debug$S                   0000000100400000     ucrtd:ucrtbased.dll
 0000:fffd3000       .debug$S                   0000000100400000     ucrtd:ucrtbased.dll
 0000:fffd3000       .debug$S                   0000000100400000     ucrtd:ucrtbased.dll
 0000:fffd3000       .debug$S                   0000000100400000     ucrtd:ucrtbased.dll
 0000:fffd3000       .debug$S                   0000000100400000     ucrtd:ucrtbased.dll
 0000:fffd3000       .debug$S                   0000000100400000     ucrtd:ucrtbased.dll
 0000:fffd3000       .debug$S                   0000000100400000     ucrtd:ucrtbased.dll
 0000:fffd3000       .debug$S                   0000000100400000     ucrtd:ucrtbased.dll
 0000:fffd3000       .debug$S                   0000000100400000     ucrtd:ucrtbased.dll
 0000:fffd3000       .debug$S                   0000000100400000     ucrtd:ucrtbased.dll
 0000:fffd3000       .debug$S                   0000000100400000     ucrtd:ucrtbased.dll
 0000:fffd3000       .debug$S                   0000000100400000     ucrtd:ucrtbased.dll
 0000:fffd3000       .debug$S                   0000000100400000     ucrtd:ucrtbased.dll
 0000:fffd3000       .debug$S                   0000000100400000     ucrtd:ucrtbased.dll
 0000:fffd3000       .debug$S                   0000000100400000     ucrtd:ucrtbased.dll
 0000:fffd3000       .debug$S                   0000000100400000     ucrtd:ucrtbased.dll
 0000:fffd3000       .debug$S                   0000000100400000     ucrtd:ucrtbased.dll
 0000:fffd3000       .debug$S                   0000000100400000     ucrtd:ucrtbased.dll
 0000:fffd3000       .debug$S                   0000000100400000     ucrtd:ucrtbased.dll
 0000:fffd3000       .debug$S                   0000000100400000     ucrtd:ucrtbased.dll
 0000:fffd3000       .debug$S                   0000000100400000     ucrtd:ucrtbased.dll
 0000:fffd3000       .debug$S                   0000000100400000     ucrtd:ucrtbased.dll
 0000:fffd3000       .debug$S                   0000000100400000     ucrtd:ucrtbased.dll
 0000:fffd3000       .debug$S                   0000000100400000     ucrtd:ucrtbased.dll
 0000:fffd3000       .debug$S                   0000000100400000     ucrtd:ucrtbased.dll
 0000:fffd3000       .debug$S                   0000000100400000     ucrtd:ucrtbased.dll
 0000:00000000       _volmd                     0000000100400000     MSVCRTD:cpu_disp.obj
 0002:ffffb000       __guard_ehcont_?__scrt_common_main_seh@@YAHXZ 0000000100400000     MSVCRTD:exe_main.obj
 0002:ffffb000       __guard_fids_?pre_c_initialization@@YAHXZ 0000000100400000     MSVCRTD:exe_main.obj
 0002:ffffb000       __guard_fids__             0000000100400000     MSVCRTD:exe_main.obj
 0000:00000000       _volmd                     0000000100400000     MSVCRTD:gs_report.obj
 0000:00000000       _volmd                     0000000100400000     MSVCRTD:gs_report.obj
 0000:00000000       _volmd                     0000000100400000     MSVCRTD:gs_report.obj
 0002:ffffb000       __guard_fids__             0000000100400000     MSVCRTD:guard_support.obj
 0002:ffffb000       __guard_fids__             0000000100400000     MSVCRTD:guard_support.obj
 0002:ffffb000       __guard_fids__guard_icall_checks_enforced 0000000100400000     MSVCRTD:guard_support.obj
 0000:00000000       _volmd                     0000000100400000     MSVCRTD:guard_support.obj
 0000:00000000       _volmd                     0000000100400000     MSVCRTD:guard_support.obj
 0002:ffffb000       $unwind$?configure_argv@__scrt_narrow_argv_policy@@SAHXZ 0000000100400000     MSVCRTD:utility.obj
 0002:ffffb000       $unwind$?initialize_environment@__scrt_narrow_environment_policy@@SAHXZ 0000000100400000     MSVCRTD:utility.obj
 0002:ffffb000       __guard_ehcont___scrt_is_nonwritable_in_current_image 0000000100400000     MSVCRTD:utility.obj
 0000:00000000       _volmd                     0000000100400000     MSVCRTD:utility.obj
 0000:00000000       _volmd                     0000000100400000     MSVCRTD:utility.obj
 0000:00000000       _volmd                     0000000100400000     MSVCRTD:utility.obj
 0002:ffffb000       __guard_fids___scrt_set_unhandled_exception_filter 0000000100400000     MSVCRTD:utility_desktop.obj
 0000:00000000       _volmd                     0000000100400000     MSVCRTD:utility_desktop.obj
 0002:ffffb000       __guard_fids__             0000000100400000     vcruntimed:softmemtag.obj
 0000:fffd3000       .debug$S                   0000000100400000     vcruntimed:VCRUNTIME140D.dll
 0000:fffd3000       .debug$S                   0000000100400000     vcruntimed:VCRUNTIME140D.dll
 0000:fffd3000       .debug$S                   0000000100400000     vcruntimed:VCRUNTIME140D.dll
 0000:fffd3000       .debug$S                   0000000100400000     vcruntimed:VCRUNTIME140D.dll
 0000:fffd3000       .debug$S                   0000000100400000     vcruntimed:VCRUNTIME140D.dll
 0000:fffd3000       .debug$S                   0000000100400000     vcruntimed:VCRUNTIME140D.dll
 0000:fffd3000       .debug$S                   0000000100400000     vcruntimed:VCRUNTIME140D.dll
 0000:fffd3000       .debug$S                   0000000100400000     hdasd:hdasd.dll
 0000:fffd3000       .debug$S                   0000000100400000     hdasd:hdasd.dll
 0000:fffd3000       .debug$S                   0000000100400000     hdasd:hdasd.dll
 0000:fffd3000       .debug$S                   0000000100400000     hdasd:hdasd.dll
 0000:fffd3000       .debug$S                   0000000100400000     hdasd:hdasd.dll
 0000:fffd3000       .debug$S                   0000000100400000     hdasd:hdasd.dll
 0000:fffd3000       .debug$S                   0000000100400000     hsys:hsys.dll
 0000:fffd3000       .debug$S                   0000000100400000     hutil:hutil.dll
 0000:fffd3000       .debug$S                   0000000100400000     hutil:hutil.dll
 0000:fffd3000       .debug$S                   0000000100400000     hutil:hutil.dll
 0000:fffd3000       .debug$S                   0000000100400000     hutil:hutil.dll
 0000:fffd3000       .debug$S                   0000000100400000     hutil:hutil.dll
 0000:fffd3000       .debug$S                   0000000100400000     hutil:hutil.dll
 0000:fffd3000       .debug$S                   0000000100400000     hutil:hutil.dll
 0000:fffd3000       .debug$S                   0000000100400000     hutil:hutil.dll
 0000:fffd3000       .debug$S                   0000000100400000     hutil:hutil.dll
 0000:fffd3000       .debug$S                   0000000100400000     hutil:hutil.dll
 0002:ffffb004       __guard_fids__             0000000100400004     MSVCRTD:exe_main.obj
 0002:ffffb008       __guard_fids__             0000000100400008     MSVCRTD:exe_main.obj
 0000:00000010       _volmd                     0000000100400010     dasdcat.obj
 0000:00000020       _volmd                     0000000100400020     dasdcat.obj
 0000:00000030       _volmd                     0000000100400030     dasdcat.obj
 0000:00000040       _volmd                     0000000100400040     dasdcat.obj
 0001:000019e0       capture_current_context    00000001004029e0 f   MSVCRTD:gs_report.obj
 0001:00001a80       capture_previous_context   0000000100402a80 f   MSVCRTD:gs_report.obj
 0001:00001c80       $$000000                   0000000100402c80     MSVCRTD:amdsecgs.obj
 0001:00001cb0       ?pre_c_initialization@@YAHXZ 0000000100402cb0 f   MSVCRTD:exe_main.obj
 0001:00001d70       ?post_pgo_initialization@@YAHXZ 0000000100402d70 f   MSVCRTD:exe_main.obj
 0001:00001d80       ?pre_cpp_initialization@@YAXXZ 0000000100402d80 f   MSVCRTD:exe_main.obj
 0001:00001da0       ?__scrt_common_main@@YAHXZ 0000000100402da0 f   MSVCRTD:exe_main.obj
 0001:00001dc0       ?__scrt_common_main_seh@@YAHXZ 0000000100402dc0 f   MSVCRTD:exe_main.obj
 0001:00001f90       ?invoke_main@@YAHXZ        0000000100402f90 f   MSVCRTD:exe_main.obj
 0001:00002050       ?find_pe_section@@YAPEAU_IMAGE_SECTION_HEADER@@QEAE_K@Z 0000000100403050 f   MSVCRTD:utility.obj
 0001:00002120       ?is_potentially_valid_image_base@@YA_NQEAX@Z 0000000100403120 f   MSVCRTD:utility.obj
 0001:00002700       __get_entropy              0000000100403700 f   MSVCRTD:gs_support.obj
 0001:00002ef0       __castguard_check_failure_os_handled_wrapper 0000000100403ef0 f   MSVCRTD:guard_support.obj
 0001:00002f20       __castguard_compat_check   0000000100403f20 f   MSVCRTD:guard_support.obj
 0001:00003080       __castguard_slow_path_compat_check 0000000100404080 f   MSVCRTD:guard_support.obj
 0001:000036f0       $$000000                   00000001004046f0     MSVCRTD:guard_dispatch.obj
 0001:00003710       $$000000                   0000000100404710     MSVCRTD:guard_xfg_dispatch.obj
 0001:00003730       ?filt$0@?0??__scrt_common_main_seh@@YAHXZ@4HA 0000000100404730 f   MSVCRTD:exe_main.obj
 0001:00003760       __scrt_is_nonwritable_in_current_image$filt$0 0000000100404760 f   MSVCRTD:utility.obj
 0002:000002e8       ?pre_cpp_initializer@@3P6AXXZEA 00000001004052e8     MSVCRTD:exe_main.obj
 0002:00000300       ?pre_c_initializer@@3P6AHXZEA 0000000100405300     MSVCRTD:exe_main.obj
 0002:00000308       ?post_pgo_initializer@@3P6AHXZEA 0000000100405308     MSVCRTD:exe_main.obj
 0002:00000340       CKD_ENDTRK                 0000000100405340     dasdcat.obj
 0002:00000348       VOL1_KEYA                  0000000100405348     dasdcat.obj
 0002:0000034c       VOL1_KEY                   000000010040534c     dasdcat.obj
 0002:00000350       IPL1_KEY                   0000000100405350     dasdcat.obj
 0002:00000354       IPL2_KEY                   0000000100405354     dasdcat.obj
 0002:00000358       iplpsw                     0000000100405358     dasdcat.obj
 0002:00000360       iplccw1                    0000000100405360     dasdcat.obj
 0002:00000368       iplccw2                    0000000100405368     dasdcat.obj
 0002:00000370       noiplpsw                   0000000100405370     dasdcat.obj
 0002:00000378       noiplccw1                  0000000100405378     dasdcat.obj
 0002:00000380       noiplccw2                  0000000100405380     dasdcat.obj
 0002:00000388       ipl2data                   0000000100405388     dasdcat.obj
 0002:000003b8       ?endofdir@?1??process_dirblk@@9@9 00000001004053b8     dasdcat.obj
 0002:000003c0       GS_ExceptionPointers       00000001004053c0     MSVCRTD:gs_report.obj
 0002:00000a88       $unwind$_vfprintf_l        0000000100405a88     dasdcat.obj
 0002:00000a90       $unwind$printf             0000000100405a90     dasdcat.obj
 0002:00000a98       $unwind$do_cat             0000000100405a98     dasdcat.obj
 0002:00000aa8       $unwind$get_volser         0000000100405aa8     dasdcat.obj
 0002:00000ab0       $unwind$do_cat_cards       0000000100405ab0     dasdcat.obj
 0002:00000ac0       $unwind$do_cat_pdsmember   0000000100405ac0     dasdcat.obj
 0002:00000ad4       $unwind$process_member     0000000100405ad4     dasdcat.obj
 0002:00000ae4       $unwind$process_dirblk     0000000100405ae4     dasdcat.obj
 0002:00000af8       $unwind$main               0000000100405af8     dasdcat.obj
 0002:00000b00       $unwind$__report_securityfailure 0000000100405b00     MSVCRTD:gs_report.obj
 0002:00000b08       $unwind$__report_securityfailureEx 0000000100405b08     MSVCRTD:gs_report.obj
 0002:00000b10       $unwind$__report_rangecheckfailure 0000000100405b10     MSVCRTD:gs_report.obj
 0002:00000b18       $unwind$__report_gsfailure 0000000100405b18     MSVCRTD:gs_report.obj
 0002:00000b20       $unwind$capture_current_context 0000000100405b20     MSVCRTD:gs_report.obj
 0002:00000b28       $unwind$capture_previous_context 0000000100405b28     MSVCRTD:gs_report.obj
 0002:00000b30       $unwind$__raise_securityfailure 0000000100405b30     MSVCRTD:gs_report.obj
 0002:00000b38       $unwind$__GSHandlerCheckCommon 0000000100405b38     MSVCRTD:gshandler.obj
 0002:00000b40       $unwind$__GSHandlerCheck   0000000100405b40     MSVCRTD:gshandler.obj
 0002:00000b48       $xdatasym                  0000000100405b48     MSVCRTD:amdsecgs.obj
 0002:00000b4c       $unwind$?configure_argv@__scrt_narrow_argv_policy@@SAHXZ 0000000100405b4c     MSVCRTD:exe_main.obj
 0002:00000b54       $unwind$?initialize_environment@__scrt_narrow_environment_policy@@SAHXZ 0000000100405b54     MSVCRTD:exe_main.obj
 0002:00000b5c       $unwind$?set_app_type@__scrt_main_policy@@SAXXZ 0000000100405b5c     MSVCRTD:exe_main.obj
 0002:00000b64       $unwind$?set_fmode@__scrt_file_policy@@SAXXZ 0000000100405b64     MSVCRTD:exe_main.obj
 0002:00000b6c       $unwind$?set_commode@__scrt_file_policy@@SAXXZ 0000000100405b6c     MSVCRTD:exe_main.obj
 0002:00000b74       $unwind$?invoke_main@@YAHXZ 0000000100405b74     MSVCRTD:exe_main.obj
 0002:00000b7c       $unwind$?pre_c_initialization@@YAHXZ 0000000100405b7c     MSVCRTD:exe_main.obj
 0002:00000b84       $unwind$?post_pgo_initialization@@YAHXZ 0000000100405b84     MSVCRTD:exe_main.obj
 0002:00000b8c       $unwind$?pre_cpp_initialization@@YAXXZ 0000000100405b8c     MSVCRTD:exe_main.obj
 0002:00000b94       $unwind$?__scrt_common_main_seh@@YAHXZ 0000000100405b94     MSVCRTD:exe_main.obj
 0002:00000bb4       $unwind$?filt$0@?0??__scrt_common_main_seh@@YAHXZ@4HA 0000000100405bb4     MSVCRTD:exe_main.obj
 0002:00000bbc       $unwind$?__scrt_common_main@@YAHXZ 0000000100405bbc     MSVCRTD:exe_main.obj
 0002:00000bc4       $unwind$mainCRTStartup     0000000100405bc4     MSVCRTD:exe_main.obj
 0002:00000bcc       $unwind$atexit             0000000100405bcc     MSVCRTD:utility.obj
 0002:00000bd4       $unwind$_onexit            0000000100405bd4     MSVCRTD:utility.obj
 0002:00000bdc       $unwind$at_quick_exit      0000000100405bdc     MSVCRTD:utility.obj
 0002:00000be4       $unwind$__scrt_is_nonwritable_in_current_image 0000000100405be4     MSVCRTD:utility.obj
 0002:00000c04       $unwind$__scrt_is_nonwritable_in_current_image$filt$0 0000000100405c04     MSVCRTD:utility.obj
 0002:00000c0c       $unwind$__scrt_acquire_startup_lock 0000000100405c0c     MSVCRTD:utility.obj
 0002:00000c14       $unwind$__scrt_release_startup_lock 0000000100405c14     MSVCRTD:utility.obj
 0002:00000c1c       $unwind$__scrt_initialize_crt 0000000100405c1c     MSVCRTD:utility.obj
 0002:00000c24       $unwind$__scrt_uninitialize_crt 0000000100405c24     MSVCRTD:utility.obj
 0002:00000c2c       $unwind$__scrt_initialize_onexit_tables 0000000100405c2c     MSVCRTD:utility.obj
 0002:00000c38       $unwind$__scrt_dllmain_exception_filter 0000000100405c38     MSVCRTD:utility.obj
 0002:00000c40       $unwind$__scrt_dllmain_before_initialize_c 0000000100405c40     MSVCRTD:utility.obj
 0002:00000c48       $unwind$__scrt_dllmain_after_initialize_c 0000000100405c48     MSVCRTD:utility.obj
 0002:00000c50       $unwind$__scrt_dllmain_uninitialize_c 0000000100405c50     MSVCRTD:utility.obj
 0002:00000c58       $unwind$__scrt_dllmain_uninitialize_critical 0000000100405c58     MSVCRTD:utility.obj
 0002:00000c60       $unwind$__scrt_dllmain_crt_thread_attach 0000000100405c60     MSVCRTD:utility.obj
 0002:00000c68       $unwind$__scrt_dllmain_crt_thread_detach 0000000100405c68     MSVCRTD:utility.obj
 0002:00000c70       $unwind$?is_potentially_valid_image_base@@YA_NQEAX@Z 0000000100405c70     MSVCRTD:utility.obj
 0002:00000c78       $unwind$?find_pe_section@@YAPEAU_IMAGE_SECTION_HEADER@@QEAE_K@Z 0000000100405c78     MSVCRTD:utility.obj
 0002:00000c80       $unwind$__security_init_cookie 0000000100405c80     MSVCRTD:gs_support.obj
 0002:00000c88       $unwind$__get_entropy      0000000100405c88     MSVCRTD:gs_support.obj
 0002:00000c90       $unwind$?__scrt_initialize_type_info@@YAXXZ 0000000100405c90     MSVCRTD:tncleanup.obj
 0002:00000c98       $unwind$?__scrt_uninitialize_type_info@@YAXXZ 0000000100405c98     MSVCRTD:tncleanup.obj
 0002:00000ca0       $unwind$__scrt_initialize_default_local_stdio_options 0000000100405ca0     MSVCRTD:default_local_stdio_options.obj
 0002:00000ca8       $unwind$__scrt_is_user_matherr_present 0000000100405ca8     MSVCRTD:matherr_detection.obj
 0002:00000cb0       $unwind$__scrt_get_show_window_mode 0000000100405cb0     MSVCRTD:utility_desktop.obj
 0002:00000cbc       $unwind$__scrt_is_managed_app 0000000100405cbc     MSVCRTD:utility_desktop.obj
 0002:00000cc4       $unwind$__scrt_initialize_mta 0000000100405cc4     MSVCRTD:utility_desktop.obj
 0002:00000ccc       $unwind$__scrt_set_unhandled_exception_filter 0000000100405ccc     MSVCRTD:utility_desktop.obj
 0002:00000cd4       $unwind$__scrt_fastfail    0000000100405cd4     MSVCRTD:utility_desktop.obj
 0002:00000ce0       $unwind$__scrt_unhandled_exception_filter 0000000100405ce0     MSVCRTD:utility_desktop.obj
 0002:00000ce8       $unwind$_RTC_Initialize    0000000100405ce8     MSVCRTD:initsect.obj
 0002:00000cf4       $unwind$_RTC_Terminate     0000000100405cf4     MSVCRTD:initsect.obj
 0002:00000d00       $unwind$ReadNoFence64      0000000100405d00     MSVCRTD:guard_support.obj
 0002:00000d08       $unwind$ReadPointerNoFence 0000000100405d08     MSVCRTD:guard_support.obj
 0002:00000d10       $unwind$_guard_icall_checks_enforced 0000000100405d10     MSVCRTD:guard_support.obj
 0002:00000d18       $unwind$__castguard_compat_check 0000000100405d18     MSVCRTD:guard_support.obj
 0002:00000d20       $unwind$__castguard_check_failure_os_handled_wrapper 0000000100405d20     MSVCRTD:guard_support.obj
 0002:00000d28       $unwind$__castguard_check_failure_debugbreak 0000000100405d28     MSVCRTD:guard_support.obj
 0002:00000d30       $unwind$__castguard_check_failure_fastfail 0000000100405d30     MSVCRTD:guard_support.obj
 0002:00000d38       $unwind$__castguard_check_failure_os_handled 0000000100405d38     MSVCRTD:guard_support.obj
 0002:00000d40       $unwind$__castguard_slow_path_compat_check 0000000100405d40     MSVCRTD:guard_support.obj
 0002:00000d48       $unwind$__castguard_slow_path_check_debugbreak 0000000100405d48     MSVCRTD:guard_support.obj
 0002:00000d50       $unwind$__castguard_slow_path_check_fastfail 0000000100405d50     MSVCRTD:guard_support.obj
 0002:00000d58       $unwind$__castguard_slow_path_check_os_handled 0000000100405d58     MSVCRTD:guard_support.obj
 0002:00000d60       $unwind$__isa_available_init 0000000100405d60     MSVCRTD:cpu_disp.obj
 0002:00000d70       $unwind$__scrt_is_ucrt_dll_in_use 0000000100405d70     MSVCRTD:ucrt_detection.obj
 0002:00000d78       $xdatasym                  0000000100405d78     MSVCRTD:guard_dispatch.obj
 0002:00000d80       $xdatasym                  0000000100405d80     MSVCRTD:guard_xfg_dispatch.obj
 0002:00001122       .idata$6                   0000000100406122     hdasd:hdasd.dll
 0002:00001136       .idata$6                   0000000100406136     hsys:hsys.dll
 0002:000011de       .idata$6                   00000001004061de     hutil:hutil.dll
 0002:00001268       .idata$6                   0000000100406268     vcruntimed:VCRUNTIME140D.dll
 0002:00001508       .idata$6                   0000000100406508     ucrtd:ucrtbased.dll
 0002:00001686       .idata$6                   0000000100406686     kernel32:KERNEL32.dll
 0003:00000000       $SG159647                  0000000100407000     dasdcat.obj
 0003:00000018       $SG159648                  0000000100407018     dasdcat.obj
 0003:00000020       $SG159650                  0000000100407020     dasdcat.obj
 0003:00000024       $SG159652                  0000000100407024     dasdcat.obj
 0003:00000030       $SG159651                  0000000100407030     dasdcat.obj
 0003:00000760       $SG159653                  0000000100407760     dasdcat.obj
 0003:0000076c       $SG159656                  000000010040776c     dasdcat.obj
 0003:00000770       $SG159659                  0000000100407770     dasdcat.obj
 0003:00000774       $SG159662                  0000000100407774     dasdcat.obj
 0003:00000778       $SG159663                  0000000100407778     dasdcat.obj
 0003:00000798       $SG159664                  0000000100407798     dasdcat.obj
 0003:000007a0       $SG159665                  00000001004077a0     dasdcat.obj
 0003:000007ac       $SG159681                  00000001004077ac     dasdcat.obj
 0003:000007b0       $SG159682                  00000001004077b0     dasdcat.obj
 0003:000007f4       $SG159738                  00000001004077f4     dasdcat.obj
 0003:000007f8       $SG159683                  00000001004077f8     dasdcat.obj
 0003:00000808       $SG159684                  0000000100407808     dasdcat.obj
 0003:00000818       $SG159740                  0000000100407818     dasdcat.obj
 0003:00000828       $SG159772                  0000000100407828     dasdcat.obj
 0003:00000860       $SG159739                  0000000100407860     dasdcat.obj
 0003:000008ac       $SG159771                  00000001004078ac     dasdcat.obj
 0003:000008b0       $SG159741                  00000001004078b0     dasdcat.obj
 0003:000008bc       $SG159786                  00000001004078bc     dasdcat.obj
 0003:000008c0       $SG159773                  00000001004078c0     dasdcat.obj
 0003:000008d0       $SG159774                  00000001004078d0     dasdcat.obj
 0003:000008dc       $SG159868                  00000001004078dc     dasdcat.obj
 0003:000008e0       $SG159782                  00000001004078e0     dasdcat.obj
 0003:000008f0       $SG159785                  00000001004078f0     dasdcat.obj
 0003:000008fc       $SG159870                  00000001004078fc     dasdcat.obj
 0003:00000904       $SG159882                  0000000100407904     dasdcat.obj
 0003:00000908       $SG159787                  0000000100407908     dasdcat.obj
 0003:00000930       $SG159788                  0000000100407930     dasdcat.obj
 0003:00000940       $SG159789                  0000000100407940     dasdcat.obj
 0003:0000094c       $SG159884                  000000010040794c     dasdcat.obj
 0003:00000950       $SG159819                  0000000100407950     dasdcat.obj
 0003:0000095c       $SG159886                  000000010040795c     dasdcat.obj
 0003:00000960       $SG159869                  0000000100407960     dasdcat.obj
 0003:00000998       $SG159871                  0000000100407998     dasdcat.obj
 0003:000009a4       $SG159888                  00000001004079a4     dasdcat.obj
 0003:000009ac       $SG159890                  00000001004079ac     dasdcat.obj
 0003:000009b0       $SG159877                  00000001004079b0     dasdcat.obj
 0003:000009c0       $SG159887                  00000001004079c0     dasdcat.obj
 0003:00000a04       $SG159892                  0000000100407a04     dasdcat.obj
 0003:00000a0c       $SG159903                  0000000100407a0c     dasdcat.obj
 0003:00000a10       $SG159889                  0000000100407a10     dasdcat.obj
 0003:00000a20       $SG159891                  0000000100407a20     dasdcat.obj
 0003:00000a50       $SG159893                  0000000100407a50     dasdcat.obj
 0003:00000a5c       $SG159902                  0000000100407a5c     dasdcat.obj
 0003:00000a68       $SG159904                  0000000100407a68     dasdcat.obj
 0003:00000a88       $SG159905                  0000000100407a88     dasdcat.obj
 0003:00000a98       $SG159906                  0000000100407a98     dasdcat.obj
 0003:00000af0       found                      0000000100407af0     dasdcat.obj
 0003:00000af4       volser                     0000000100407af4     dasdcat.obj
 0003:00000b00       GS_ExceptionRecord         0000000100407b00     MSVCRTD:gs_report.obj
 0003:00000ba0       GS_ContextRecord           0000000100407ba0     MSVCRTD:gs_report.obj
 0003:00001080       ?is_initialized_as_dll@@3_NA 0000000100408080     MSVCRTD:utility.obj
 0003:00001081       ?module_local_atexit_table_initialized@@3_NA 0000000100408081     MSVCRTD:utility.obj
 0003:00001088       ?module_local_atexit_table@@3U_onexit_table_t@@A 0000000100408088     MSVCRTD:utility.obj
 0003:000010a0       ?module_local_at_quick_exit_table@@3U_onexit_table_t@@A 00000001004080a0     MSVCRTD:utility.obj
 0005:000002d0       $R000000                   000000010040a2d0     hercdasd.res
 0005:00000878       $R0005A8                   000000010040a878     hercdasd.res
 0005:000009a0       $R0006D0                   000000010040a9a0     hercdasd.res
 0005:00000f08       $R000C38                   000000010040af08     hercdasd.res
 0005:00001370       $R0010A0                   000000010040b370     hercdasd.res
 0005:00001658       $R001388                   000000010040b658     hercdasd.res
 0005:00001f00       $R001C30                   000000010040bf00     hercdasd.res
 0005:00002fa8       $R002CD8                   000000010040cfa8     hercdasd.res
 0005:00003610       $R003340                   000000010040d610     hercdasd.res
 0005:000044b8       $R0041E8                   000000010040e4b8     hercdasd.res
 0005:00006a60       $R006790                   0000000100410a60     hercdasd.res
 0005:0000ff08       $R00FC38                   0000000100419f08     hercdasd.res
 0005:00021820       $R021550                   000000010042b820     hercdasd.res
