 dasdisup

 Timestamp is 63de279f (Sat Feb  4 10:38:39 2023)

 Preferred load address is 0000000100400000

 Start         Length     Name                   Class
 0001:00000000 00003ba0H .text$mn                CODE
 0001:00003ba0 00000040H .text$mn$00             CODE
 0001:00003be0 0000006dH .text$x                 CODE
 0002:00000000 00000240H .idata$5                DATA
 0002:00000240 00000038H .00cfg                  DATA
 0002:00000278 00000008H .CRT$XCA                DATA
 0002:00000280 00000008H .CRT$XCAA               DATA
 0002:00000288 00000008H .CRT$XCZ                DATA
 0002:00000290 00000008H .CRT$XIA                DATA
 0002:00000298 00000008H .CRT$XIAA               DATA
 0002:000002a0 00000008H .CRT$XIAC               DATA
 0002:000002a8 00000008H .CRT$XIZ                DATA
 0002:000002b0 00000008H .CRT$XPA                DATA
 0002:000002b8 00000008H .CRT$XPZ                DATA
 0002:000002c0 00000008H .CRT$XTA                DATA
 0002:000002c8 00000008H .CRT$XTZ                DATA
 0002:000002d0 00000000H .gehcont$y              DATA
 0002:000002d0 00000000H .gfids$y                DATA
 0002:000002d0 00000230H .rdata                  DATA
 0002:00000500 00000080H .rdata$CastGuardVftablesA DATA
 0002:00000580 00000080H .rdata$CastGuardVftablesC DATA
 0002:00000600 000000a0H .rdata$voltmd           DATA
 0002:000006a0 00000340H .rdata$zzzdbg           DATA
 0002:000009e0 00000008H .rtc$IAA                DATA
 0002:000009e8 00000008H .rtc$IZZ                DATA
 0002:000009f0 00000008H .rtc$TAA                DATA
 0002:000009f8 00000008H .rtc$TZZ                DATA
 0002:00000a00 000002bcH .xdata                  DATA
 0002:00000cbc 00000000H .edata                  DATA
 0002:00000cbc 00000078H .idata$2                DATA
 0002:00000d34 00000014H .idata$3                DATA
 0002:00000d48 00000240H .idata$4                DATA
 0002:00000f88 00000538H .idata$6                DATA
 0003:00000000 00000d10H .data                   DATA
 0003:00000d10 00000610H .bss                    DATA
 0004:00000000 00000384H .pdata                  DATA
 0005:00000000 000002d0H .rsrc$01                DATA
 0005:000002d0 000215f0H .rsrc$02                DATA

  Address         Publics by Value              Rva+Base               Lib:Object

 0000:00000000       __AbsoluteZero             0000000000000000     <absolute>
 0000:00000000       ___safe_se_handler_count   0000000000000000     <absolute>
 0000:00000000       ___safe_se_handler_table   0000000000000000     <absolute>
 0000:00000000       __arm64x_extra_rfe_table   0000000000000000     <absolute>
 0000:00000000       __arm64x_extra_rfe_table_size 0000000000000000     <absolute>
 0000:00000000       __arm64x_native_entrypoint 0000000000000000     <absolute>
 0000:00000000       __arm64x_redirection_metadata 0000000000000000     <absolute>
 0000:00000000       __arm64x_redirection_metadata_count 0000000000000000     <absolute>
 0000:00000000       __dynamic_value_reloc_table 0000000000000000     <absolute>
 0000:00000000       __enclave_config           0000000000000000     <absolute>
 0000:00000000       __guard_check_icall_a64n_fptr 0000000000000000     <absolute>
 0000:00000000       __guard_eh_cont_count      0000000000000000     <absolute>
 0000:00000000       __guard_eh_cont_table      0000000000000000     <absolute>
 0000:00000000       __guard_fids_count         0000000000000000     <absolute>
 0000:00000000       __guard_fids_table         0000000000000000     <absolute>
 0000:00000000       __guard_iat_count          0000000000000000     <absolute>
 0000:00000000       __guard_iat_table          0000000000000000     <absolute>
 0000:00000000       __guard_longjmp_count      0000000000000000     <absolute>
 0000:00000000       __guard_longjmp_table      0000000000000000     <absolute>
 0000:00000000       __hybrid_auxiliary_iat     0000000000000000     <absolute>
 0000:00000000       __hybrid_auxiliary_iat_copy 0000000000000000     <absolute>
 0000:00000000       __hybrid_code_map          0000000000000000     <absolute>
 0000:00000000       __hybrid_code_map_count    0000000000000000     <absolute>
 0000:00000000       __x64_code_ranges_to_entry_points 0000000000000000     <absolute>
 0000:00000000       __x64_code_ranges_to_entry_points_count 0000000000000000     <absolute>
 0000:00000100       __guard_flags              0000000000000100     <absolute>
 0000:00000000       __ImageBase                0000000100400000     <linker-defined>
 0001:00001680       main                       0000000100402680 f   dasdisup.obj
 0001:00001b6e       read_block                 0000000100402b6e f   hdasd:hdasd.dll
 0001:00001b74       convert_tt                 0000000100402b74 f   hdasd:hdasd.dll
 0001:00001b7a       open_ckd_image             0000000100402b7a f   hdasd:hdasd.dll
 0001:00001b80       close_ckd_image            0000000100402b80 f   hdasd:hdasd.dll
 0001:00001b86       build_extent_array         0000000100402b86 f   hdasd:hdasd.dll
 0001:00001b8c       initialize_utility         0000000100402b8c f   hutil:hutil.dll
 0001:00001b92       convert_to_ebcdic          0000000100402b92 f   hutil:hutil.dll
 0001:00001b98       make_asciiz                0000000100402b98 f   hutil:hutil.dll
 0001:00001b9e       w32_strerror               0000000100402b9e f   hutil:hutil.dll
 0001:00001ba4       w32_snprintf               0000000100402ba4 f   hutil:hutil.dll
 0001:00001baa       w32_fprintf                0000000100402baa f   hutil:hutil.dll
 0001:00001bb0       fwritemsg                  0000000100402bb0 f   hutil:hutil.dll
 0001:00001bc0       __GSHandlerCheck           0000000100402bc0 f   MSVCRTD:gshandler.obj
 0001:00001c00       __GSHandlerCheckCommon     0000000100402c00 f   MSVCRTD:gshandler.obj
 0001:00001d10       __security_check_cookie    0000000100402d10 f   MSVCRTD:amdsecgs.obj
 0001:00001fe0       ?configure_argv@__scrt_narrow_argv_policy@@SAHXZ 0000000100402fe0 f i MSVCRTD:exe_main.obj
 0001:00002000       ?initialize_environment@__scrt_narrow_environment_policy@@SAHXZ 0000000100403000 f i MSVCRTD:exe_main.obj
 0001:00002050       ?set_app_type@__scrt_main_policy@@SAXXZ 0000000100403050 f i MSVCRTD:exe_main.obj
 0001:00002070       ?set_commode@__scrt_file_policy@@SAXXZ 0000000100403070 f i MSVCRTD:exe_main.obj
 0001:00002090       ?set_fmode@__scrt_file_policy@@SAXXZ 0000000100403090 f i MSVCRTD:exe_main.obj
 0001:000020b0       mainCRTStartup             00000001004030b0 f   MSVCRTD:exe_main.obj
 0001:000020d0       __raise_securityfailure    00000001004030d0 f   MSVCRTD:gs_report.obj
 0001:00002110       __report_gsfailure         0000000100403110 f   MSVCRTD:gs_report.obj
 0001:000021f0       __report_rangecheckfailure 00000001004031f0 f   MSVCRTD:gs_report.obj
 0001:00002210       __report_securityfailure   0000000100403210 f   MSVCRTD:gs_report.obj
 0001:000022b0       __report_securityfailureEx 00000001004032b0 f   MSVCRTD:gs_report.obj
 0001:00002680       NtCurrentTeb               0000000100403680 f i MSVCRTD:utility.obj
 0001:00002690       __scrt_acquire_startup_lock 0000000100403690 f   MSVCRTD:utility.obj
 0001:00002700       __scrt_dllmain_after_initialize_c 0000000100403700 f   MSVCRTD:utility.obj
 0001:00002730       __scrt_dllmain_before_initialize_c 0000000100403730 f   MSVCRTD:utility.obj
 0001:00002750       __scrt_dllmain_crt_thread_attach 0000000100403750 f   MSVCRTD:utility.obj
 0001:00002780       __scrt_dllmain_crt_thread_detach 0000000100403780 f   MSVCRTD:utility.obj
 0001:000027a0       __scrt_dllmain_exception_filter 00000001004037a0 f   MSVCRTD:utility.obj
 0001:00002810       __scrt_dllmain_uninitialize_c 0000000100403810 f   MSVCRTD:utility.obj
 0001:00002840       __scrt_dllmain_uninitialize_critical 0000000100403840 f   MSVCRTD:utility.obj
 0001:00002860       __scrt_initialize_crt      0000000100403860 f   MSVCRTD:utility.obj
 0001:000028b0       __scrt_initialize_onexit_tables 00000001004038b0 f   MSVCRTD:utility.obj
 0001:000029c0       __scrt_is_nonwritable_in_current_image 00000001004039c0 f   MSVCRTD:utility.obj
 0001:00002a50       __scrt_release_startup_lock 0000000100403a50 f   MSVCRTD:utility.obj
 0001:00002a80       __scrt_uninitialize_crt    0000000100403a80 f   MSVCRTD:utility.obj
 0001:00002ac0       _onexit                    0000000100403ac0 f   MSVCRTD:utility.obj
 0001:00002b40       at_quick_exit              0000000100403b40 f   MSVCRTD:utility.obj
 0001:00002b90       atexit                     0000000100403b90 f   MSVCRTD:utility.obj
 0001:00002c90       __security_init_cookie     0000000100403c90 f   MSVCRTD:gs_support.obj
 0001:00002d10       _matherr                   0000000100403d10 f   MSVCRTD:matherr.obj
 0001:00002d20       _get_startup_argv_mode     0000000100403d20 f   MSVCRTD:argv_mode.obj
 0001:00002d30       _get_startup_commit_mode   0000000100403d30 f   MSVCRTD:commit_mode.obj
 0001:00002d40       _get_startup_file_mode     0000000100403d40 f   MSVCRTD:file_mode.obj
 0001:00002d50       _get_startup_new_mode      0000000100403d50 f   MSVCRTD:new_mode.obj
 0001:00002d60       _get_startup_thread_locale_mode 0000000100403d60 f   MSVCRTD:thread_locale.obj
 0001:00002d70       ?__scrt_initialize_type_info@@YAXXZ 0000000100403d70 f   MSVCRTD:tncleanup.obj
 0001:00002d90       ?__scrt_uninitialize_type_info@@YAXXZ 0000000100403d90 f   MSVCRTD:tncleanup.obj
 0001:00002db0       _should_initialize_environment 0000000100403db0 f   MSVCRTD:env_mode.obj
 0001:00002dc0       _initialize_invalid_parameter_handler 0000000100403dc0 f   MSVCRTD:invalid_parameter_handler.obj
 0001:00002dd0       _initialize_denormal_control 0000000100403dd0 f   MSVCRTD:denormal_control.obj
 0001:00002de0       __local_stdio_printf_options 0000000100403de0 f i MSVCRTD:default_local_stdio_options.obj
 0001:00002df0       __local_stdio_scanf_options 0000000100403df0 f i MSVCRTD:default_local_stdio_options.obj
 0001:00002e00       __scrt_initialize_default_local_stdio_options 0000000100403e00 f   MSVCRTD:default_local_stdio_options.obj
 0001:00002e50       __scrt_is_user_matherr_present 0000000100403e50 f   MSVCRTD:matherr_detection.obj
 0001:00002e80       __scrt_get_dyn_tls_init_callback 0000000100403e80 f   MSVCRTD:dyn_tls_init.obj
 0001:00002e90       __scrt_get_dyn_tls_dtor_callback 0000000100403e90 f   MSVCRTD:dyn_tls_dtor.obj
 0001:00002ea0       __crt_debugger_hook        0000000100403ea0 f   MSVCRTD:utility_desktop.obj
 0001:00002eb0       __scrt_fastfail            0000000100403eb0 f   MSVCRTD:utility_desktop.obj
 0001:00003050       __scrt_get_show_window_mode 0000000100404050 f   MSVCRTD:utility_desktop.obj
 0001:000030b0       __scrt_initialize_mta      00000001004040b0 f   MSVCRTD:utility_desktop.obj
 0001:000030c0       __scrt_initialize_winrt    00000001004040c0 f   MSVCRTD:utility_desktop.obj
 0001:000030d0       __scrt_is_managed_app      00000001004040d0 f   MSVCRTD:utility_desktop.obj
 0001:00003180       __scrt_set_unhandled_exception_filter 0000000100404180 f   MSVCRTD:utility_desktop.obj
 0001:000031a0       __scrt_exe_initialize_mta  00000001004041a0 f   MSVCRTD:utility_desktop.obj
 0001:000031a0       __scrt_stub_for_initialize_mta 00000001004041a0 f   MSVCRTD:utility_desktop.obj
 0001:000031b0       __scrt_unhandled_exception_filter 00000001004041b0 f   MSVCRTD:utility_desktop.obj
 0001:00003250       _RTC_Initialize            0000000100404250 f   MSVCRTD:initsect.obj
 0001:000032a0       _RTC_Terminate             00000001004042a0 f   MSVCRTD:initsect.obj
 0001:000032f0       _guard_check_icall_nop     00000001004042f0 f i MSVCRTD:guard_support.obj
 0001:00003300       ReadNoFence64              0000000100404300 f i MSVCRTD:guard_support.obj
 0001:00003320       ReadPointerNoFence         0000000100404320 f i MSVCRTD:guard_support.obj
 0001:00003340       __castguard_check_failure_debugbreak 0000000100404340 f i MSVCRTD:guard_support.obj
 0001:00003360       __castguard_check_failure_fastfail 0000000100404360 f i MSVCRTD:guard_support.obj
 0001:00003390       __castguard_check_failure_nop 0000000100404390 f i MSVCRTD:guard_support.obj
 0001:000033a0       __castguard_check_failure_os_handled 00000001004043a0 f i MSVCRTD:guard_support.obj
 0001:00003470       __castguard_slow_path_check_debugbreak 0000000100404470 f i MSVCRTD:guard_support.obj
 0001:000034b0       __castguard_slow_path_check_fastfail 00000001004044b0 f i MSVCRTD:guard_support.obj
 0001:00003500       __castguard_slow_path_check_nop 0000000100404500 f i MSVCRTD:guard_support.obj
 0001:00003510       __castguard_slow_path_check_os_handled 0000000100404510 f i MSVCRTD:guard_support.obj
 0001:000035d0       _guard_icall_checks_enforced 00000001004045d0 f i MSVCRTD:guard_support.obj
 0001:00003610       _guard_rf_checks_enforced  0000000100404610 f i MSVCRTD:guard_support.obj
 0001:00003620       __isa_available_init       0000000100404620 f   MSVCRTD:cpu_disp.obj
 0001:000039d0       __scrt_is_ucrt_dll_in_use  00000001004049d0 f   MSVCRTD:ucrt_detection.obj
 0001:00003a00       memcmp                     0000000100404a00 f   vcruntimed:VCRUNTIME140D.dll
 0001:00003a06       __C_specific_handler       0000000100404a06 f   vcruntimed:VCRUNTIME140D.dll
 0001:00003a0c       __std_type_info_destroy_list 0000000100404a0c f   vcruntimed:VCRUNTIME140D.dll
 0001:00003a12       __current_exception        0000000100404a12 f   vcruntimed:VCRUNTIME140D.dll
 0001:00003a18       __current_exception_context 0000000100404a18 f   vcruntimed:VCRUNTIME140D.dll
 0001:00003a1e       _errno                     0000000100404a1e f   ucrtd:ucrtbased.dll
 0001:00003a24       strcmp                     0000000100404a24 f   ucrtd:ucrtbased.dll
 0001:00003a2a       calloc                     0000000100404a2a f   ucrtd:ucrtbased.dll
 0001:00003a30       free                       0000000100404a30 f   ucrtd:ucrtbased.dll
 0001:00003a36       __acrt_iob_func            0000000100404a36 f   ucrtd:ucrtbased.dll
 0001:00003a3c       _seh_filter_exe            0000000100404a3c f   ucrtd:ucrtbased.dll
 0001:00003a42       _set_app_type              0000000100404a42 f   ucrtd:ucrtbased.dll
 0001:00003a48       __setusermatherr           0000000100404a48 f   ucrtd:ucrtbased.dll
 0001:00003a4e       _configure_narrow_argv     0000000100404a4e f   ucrtd:ucrtbased.dll
 0001:00003a54       _initialize_narrow_environment 0000000100404a54 f   ucrtd:ucrtbased.dll
 0001:00003a5a       _get_initial_narrow_environment 0000000100404a5a f   ucrtd:ucrtbased.dll
 0001:00003a60       _initterm                  0000000100404a60 f   ucrtd:ucrtbased.dll
 0001:00003a66       _initterm_e                0000000100404a66 f   ucrtd:ucrtbased.dll
 0001:00003a6c       exit                       0000000100404a6c f   ucrtd:ucrtbased.dll
 0001:00003a72       _exit                      0000000100404a72 f   ucrtd:ucrtbased.dll
 0001:00003a78       _set_fmode                 0000000100404a78 f   ucrtd:ucrtbased.dll
 0001:00003a7e       __p___argc                 0000000100404a7e f   ucrtd:ucrtbased.dll
 0001:00003a84       __p___argv                 0000000100404a84 f   ucrtd:ucrtbased.dll
 0001:00003a8a       _cexit                     0000000100404a8a f   ucrtd:ucrtbased.dll
 0001:00003a90       _c_exit                    0000000100404a90 f   ucrtd:ucrtbased.dll
 0001:00003a96       _register_thread_local_exe_atexit_callback 0000000100404a96 f   ucrtd:ucrtbased.dll
 0001:00003a9c       _configthreadlocale        0000000100404a9c f   ucrtd:ucrtbased.dll
 0001:00003aa2       _set_new_mode              0000000100404aa2 f   ucrtd:ucrtbased.dll
 0001:00003aa8       __p__commode               0000000100404aa8 f   ucrtd:ucrtbased.dll
 0001:00003aae       _seh_filter_dll            0000000100404aae f   ucrtd:ucrtbased.dll
 0001:00003ab4       _initialize_onexit_table   0000000100404ab4 f   ucrtd:ucrtbased.dll
 0001:00003aba       _register_onexit_function  0000000100404aba f   ucrtd:ucrtbased.dll
 0001:00003ac0       _execute_onexit_table      0000000100404ac0 f   ucrtd:ucrtbased.dll
 0001:00003ac6       _crt_atexit                0000000100404ac6 f   ucrtd:ucrtbased.dll
 0001:00003acc       _crt_at_quick_exit         0000000100404acc f   ucrtd:ucrtbased.dll
 0001:00003ad2       terminate                  0000000100404ad2 f   ucrtd:ucrtbased.dll
 0001:00003ad8       RtlCaptureContext          0000000100404ad8 f   kernel32:KERNEL32.dll
 0001:00003ade       RtlLookupFunctionEntry     0000000100404ade f   kernel32:KERNEL32.dll
 0001:00003ae4       RtlVirtualUnwind           0000000100404ae4 f   kernel32:KERNEL32.dll
 0001:00003aea       UnhandledExceptionFilter   0000000100404aea f   kernel32:KERNEL32.dll
 0001:00003af0       SetUnhandledExceptionFilter 0000000100404af0 f   kernel32:KERNEL32.dll
 0001:00003af6       GetCurrentProcess          0000000100404af6 f   kernel32:KERNEL32.dll
 0001:00003afc       TerminateProcess           0000000100404afc f   kernel32:KERNEL32.dll
 0001:00003b02       IsProcessorFeaturePresent  0000000100404b02 f   kernel32:KERNEL32.dll
 0001:00003b08       QueryPerformanceCounter    0000000100404b08 f   kernel32:KERNEL32.dll
 0001:00003b0e       GetCurrentProcessId        0000000100404b0e f   kernel32:KERNEL32.dll
 0001:00003b14       GetCurrentThreadId         0000000100404b14 f   kernel32:KERNEL32.dll
 0001:00003b1a       GetSystemTimeAsFileTime    0000000100404b1a f   kernel32:KERNEL32.dll
 0001:00003b20       InitializeSListHead        0000000100404b20 f   kernel32:KERNEL32.dll
 0001:00003b26       IsDebuggerPresent          0000000100404b26 f   kernel32:KERNEL32.dll
 0001:00003b2c       GetStartupInfoW            0000000100404b2c f   kernel32:KERNEL32.dll
 0001:00003b32       GetModuleHandleW           0000000100404b32 f   kernel32:KERNEL32.dll
 0001:00003b40       __acrt_initialize          0000000100404b40 f   MSVCRTD:ucrt_stubs.obj
 0001:00003b40       __scrt_stub_for_acrt_initialize 0000000100404b40 f   MSVCRTD:ucrt_stubs.obj
 0001:00003b40       __vcrt_initialize          0000000100404b40 f   MSVCRTD:ucrt_stubs.obj
 0001:00003b50       __acrt_thread_attach       0000000100404b50 f   MSVCRTD:ucrt_stubs.obj
 0001:00003b50       __scrt_stub_for_acrt_thread_attach 0000000100404b50 f   MSVCRTD:ucrt_stubs.obj
 0001:00003b50       __vcrt_thread_attach       0000000100404b50 f   MSVCRTD:ucrt_stubs.obj
 0001:00003b60       __acrt_thread_detach       0000000100404b60 f   MSVCRTD:ucrt_stubs.obj
 0001:00003b60       __scrt_stub_for_acrt_thread_detach 0000000100404b60 f   MSVCRTD:ucrt_stubs.obj
 0001:00003b60       __vcrt_thread_detach       0000000100404b60 f   MSVCRTD:ucrt_stubs.obj
 0001:00003b70       __acrt_uninitialize        0000000100404b70 f   MSVCRTD:ucrt_stubs.obj
 0001:00003b70       __scrt_stub_for_acrt_uninitialize 0000000100404b70 f   MSVCRTD:ucrt_stubs.obj
 0001:00003b70       __vcrt_uninitialize        0000000100404b70 f   MSVCRTD:ucrt_stubs.obj
 0001:00003b80       __acrt_uninitialize_critical 0000000100404b80 f   MSVCRTD:ucrt_stubs.obj
 0001:00003b80       __scrt_stub_for_acrt_uninitialize_critical 0000000100404b80 f   MSVCRTD:ucrt_stubs.obj
 0001:00003b80       __vcrt_uninitialize_critical 0000000100404b80 f   MSVCRTD:ucrt_stubs.obj
 0001:00003b90       __scrt_stub_for_is_c_termination_complete 0000000100404b90 f   MSVCRTD:ucrt_stubs.obj
 0001:00003b90       _is_c_termination_complete 0000000100404b90 f   MSVCRTD:ucrt_stubs.obj
 0001:00003b93       memcpy                     0000000100404b93 f   vcruntimed:VCRUNTIME140D.dll
 0001:00003bb0       _guard_dispatch_icall_nop  0000000100404bb0 f   MSVCRTD:guard_dispatch.obj
 0001:00003bd0       _guard_xfg_dispatch_icall_nop 0000000100404bd0 f   MSVCRTD:guard_xfg_dispatch.obj
 0002:00000000       __imp_IsProcessorFeaturePresent 0000000100405000     kernel32:KERNEL32.dll
 0002:00000008       __imp_RtlLookupFunctionEntry 0000000100405008     kernel32:KERNEL32.dll
 0002:00000010       __imp_RtlVirtualUnwind     0000000100405010     kernel32:KERNEL32.dll
 0002:00000018       __imp_UnhandledExceptionFilter 0000000100405018     kernel32:KERNEL32.dll
 0002:00000020       __imp_SetUnhandledExceptionFilter 0000000100405020     kernel32:KERNEL32.dll
 0002:00000028       __imp_GetCurrentProcess    0000000100405028     kernel32:KERNEL32.dll
 0002:00000030       __imp_GetModuleHandleW     0000000100405030     kernel32:KERNEL32.dll
 0002:00000038       __imp_GetStartupInfoW      0000000100405038     kernel32:KERNEL32.dll
 0002:00000040       __imp_IsDebuggerPresent    0000000100405040     kernel32:KERNEL32.dll
 0002:00000048       __imp_InitializeSListHead  0000000100405048     kernel32:KERNEL32.dll
 0002:00000050       __imp_GetSystemTimeAsFileTime 0000000100405050     kernel32:KERNEL32.dll
 0002:00000058       __imp_GetCurrentThreadId   0000000100405058     kernel32:KERNEL32.dll
 0002:00000060       __imp_GetCurrentProcessId  0000000100405060     kernel32:KERNEL32.dll
 0002:00000068       __imp_QueryPerformanceCounter 0000000100405068     kernel32:KERNEL32.dll
 0002:00000070       __imp_RtlCaptureContext    0000000100405070     kernel32:KERNEL32.dll
 0002:00000078       __imp_TerminateProcess     0000000100405078     kernel32:KERNEL32.dll
 0002:00000080       \177KERNEL32_NULL_THUNK_DATA 0000000100405080     kernel32:KERNEL32.dll
 0002:00000088       __imp___C_specific_handler 0000000100405088     vcruntimed:VCRUNTIME140D.dll
 0002:00000090       __imp___std_type_info_destroy_list 0000000100405090     vcruntimed:VCRUNTIME140D.dll
 0002:00000098       __imp___current_exception  0000000100405098     vcruntimed:VCRUNTIME140D.dll
 0002:000000a0       __imp___current_exception_context 00000001004050a0     vcruntimed:VCRUNTIME140D.dll
 0002:000000a8       __imp_memcmp               00000001004050a8     vcruntimed:VCRUNTIME140D.dll
 0002:000000b0       __imp_memcpy               00000001004050b0     vcruntimed:VCRUNTIME140D.dll
 0002:000000b8       \177VCRUNTIME140D_NULL_THUNK_DATA 00000001004050b8     vcruntimed:VCRUNTIME140D.dll
 0002:000000c0       __imp_open_ckd_image       00000001004050c0     hdasd:hdasd.dll
 0002:000000c8       __imp_convert_tt           00000001004050c8     hdasd:hdasd.dll
 0002:000000d0       __imp_close_ckd_image      00000001004050d0     hdasd:hdasd.dll
 0002:000000d8       __imp_build_extent_array   00000001004050d8     hdasd:hdasd.dll
 0002:000000e0       __imp_read_block           00000001004050e0     hdasd:hdasd.dll
 0002:000000e8       \177hdasd_NULL_THUNK_DATA  00000001004050e8     hdasd:hdasd.dll
 0002:000000f0       __imp_extgui               00000001004050f0     hsys:hsys.dll
 0002:000000f8       \177hsys_NULL_THUNK_DATA   00000001004050f8     hsys:hsys.dll
 0002:00000100       __imp_initialize_utility   0000000100405100     hutil:hutil.dll
 0002:00000108       __imp_make_asciiz          0000000100405108     hutil:hutil.dll
 0002:00000110       __imp_w32_strerror         0000000100405110     hutil:hutil.dll
 0002:00000118       __imp_w32_snprintf         0000000100405118     hutil:hutil.dll
 0002:00000120       __imp_w32_fprintf          0000000100405120     hutil:hutil.dll
 0002:00000128       __imp_fwritemsg            0000000100405128     hutil:hutil.dll
 0002:00000130       __imp_convert_to_ebcdic    0000000100405130     hutil:hutil.dll
 0002:00000138       \177hutil_NULL_THUNK_DATA  0000000100405138     hutil:hutil.dll
 0002:00000140       __imp__cexit               0000000100405140     ucrtd:ucrtbased.dll
 0002:00000148       __imp__c_exit              0000000100405148     ucrtd:ucrtbased.dll
 0002:00000150       __imp__register_thread_local_exe_atexit_callback 0000000100405150     ucrtd:ucrtbased.dll
 0002:00000158       __imp__configthreadlocale  0000000100405158     ucrtd:ucrtbased.dll
 0002:00000160       __imp__set_new_mode        0000000100405160     ucrtd:ucrtbased.dll
 0002:00000168       __imp___p__commode         0000000100405168     ucrtd:ucrtbased.dll
 0002:00000170       __imp__seh_filter_dll      0000000100405170     ucrtd:ucrtbased.dll
 0002:00000178       __imp__initialize_onexit_table 0000000100405178     ucrtd:ucrtbased.dll
 0002:00000180       __imp__register_onexit_function 0000000100405180     ucrtd:ucrtbased.dll
 0002:00000188       __imp___p___argc           0000000100405188     ucrtd:ucrtbased.dll
 0002:00000190       __imp__crt_atexit          0000000100405190     ucrtd:ucrtbased.dll
 0002:00000198       __imp__crt_at_quick_exit   0000000100405198     ucrtd:ucrtbased.dll
 0002:000001a0       __imp_terminate            00000001004051a0     ucrtd:ucrtbased.dll
 0002:000001a8       __imp__configure_narrow_argv 00000001004051a8     ucrtd:ucrtbased.dll
 0002:000001b0       __imp__seh_filter_exe      00000001004051b0     ucrtd:ucrtbased.dll
 0002:000001b8       __imp___acrt_iob_func      00000001004051b8     ucrtd:ucrtbased.dll
 0002:000001c0       __imp_free                 00000001004051c0     ucrtd:ucrtbased.dll
 0002:000001c8       __imp_calloc               00000001004051c8     ucrtd:ucrtbased.dll
 0002:000001d0       __imp_strcmp               00000001004051d0     ucrtd:ucrtbased.dll
 0002:000001d8       __imp__errno               00000001004051d8     ucrtd:ucrtbased.dll
 0002:000001e0       __imp___p___argv           00000001004051e0     ucrtd:ucrtbased.dll
 0002:000001e8       __imp__set_fmode           00000001004051e8     ucrtd:ucrtbased.dll
 0002:000001f0       __imp__set_app_type        00000001004051f0     ucrtd:ucrtbased.dll
 0002:000001f8       __imp_exit                 00000001004051f8     ucrtd:ucrtbased.dll
 0002:00000200       __imp__initterm_e          0000000100405200     ucrtd:ucrtbased.dll
 0002:00000208       __imp__initterm            0000000100405208     ucrtd:ucrtbased.dll
 0002:00000210       __imp__initialize_narrow_environment 0000000100405210     ucrtd:ucrtbased.dll
 0002:00000218       __imp__get_initial_narrow_environment 0000000100405218     ucrtd:ucrtbased.dll
 0002:00000220       __imp__execute_onexit_table 0000000100405220     ucrtd:ucrtbased.dll
 0002:00000228       __imp___setusermatherr     0000000100405228     ucrtd:ucrtbased.dll
 0002:00000230       __imp__exit                0000000100405230     ucrtd:ucrtbased.dll
 0002:00000238       \177ucrtbased_NULL_THUNK_DATA 0000000100405238     ucrtd:ucrtbased.dll
 0002:00000240       __guard_check_icall_fptr   0000000100405240     MSVCRTD:guard_support.obj
 0002:00000248       __guard_xfg_check_icall_fptr 0000000100405248     MSVCRTD:guard_support.obj
 0002:00000250       __guard_dispatch_icall_fptr 0000000100405250     MSVCRTD:guard_support.obj
 0002:00000258       __guard_xfg_dispatch_icall_fptr 0000000100405258     MSVCRTD:guard_support.obj
 0002:00000260       __guard_xfg_table_dispatch_icall_fptr 0000000100405260     MSVCRTD:guard_support.obj
 0002:00000268       __castguard_check_failure_os_handled_fptr 0000000100405268     MSVCRTD:guard_support.obj
 0002:00000270       __guard_memcpy_fptr        0000000100405270     vcruntimed:softmemtag.obj
 0002:00000278       __xc_a                     0000000100405278     MSVCRTD:initializers.obj
 0002:00000288       __xc_z                     0000000100405288     MSVCRTD:initializers.obj
 0002:00000290       __xi_a                     0000000100405290     MSVCRTD:initializers.obj
 0002:000002a8       __xi_z                     00000001004052a8     MSVCRTD:initializers.obj
 0002:000002b0       __xp_a                     00000001004052b0     MSVCRTD:initializers.obj
 0002:000002b8       __xp_z                     00000001004052b8     MSVCRTD:initializers.obj
 0002:000002c0       __xt_a                     00000001004052c0     MSVCRTD:initializers.obj
 0002:000002c8       __xt_z                     00000001004052c8     MSVCRTD:initializers.obj
 0002:00000360       _load_config_used          0000000100405360     MSVCRTD:loadcfg.obj
 0002:00000500       __CastGuardVftablesStart   0000000100405500     MSVCRTD:guard_support.obj
 0002:00000580       __CastGuardVftablesEnd     0000000100405580     MSVCRTD:guard_support.obj
 0002:00000600       __volatile_metadata        0000000100405600     <linker-defined>
 0002:000009e0       __rtc_iaa                  00000001004059e0     MSVCRTD:initsect.obj
 0002:000009e8       __rtc_izz                  00000001004059e8     MSVCRTD:initsect.obj
 0002:000009f0       __rtc_taa                  00000001004059f0     MSVCRTD:initsect.obj
 0002:000009f8       __rtc_tzz                  00000001004059f8     MSVCRTD:initsect.obj
 0002:00000cbc       __IMPORT_DESCRIPTOR_hdasd  0000000100405cbc     hdasd:hdasd.dll
 0002:00000cd0       __IMPORT_DESCRIPTOR_hsys   0000000100405cd0     hsys:hsys.dll
 0002:00000ce4       __IMPORT_DESCRIPTOR_hutil  0000000100405ce4     hutil:hutil.dll
 0002:00000cf8       __IMPORT_DESCRIPTOR_VCRUNTIME140D 0000000100405cf8     vcruntimed:VCRUNTIME140D.dll
 0002:00000d0c       __IMPORT_DESCRIPTOR_ucrtbased 0000000100405d0c     ucrtd:ucrtbased.dll
 0002:00000d20       __IMPORT_DESCRIPTOR_KERNEL32 0000000100405d20     kernel32:KERNEL32.dll
 0002:00000d34       __NULL_IMPORT_DESCRIPTOR   0000000100405d34     hdasd:hdasd.dll
 0003:00000cd0       __security_cookie_complement 0000000100407cd0     MSVCRTD:gs_cookie.obj
 0003:00000cd8       __security_cookie          0000000100407cd8     MSVCRTD:gs_cookie.obj
 0003:00000ce0       __scrt_native_dllmain_reason 0000000100407ce0     MSVCRTD:utility.obj
 0003:00000ce4       __scrt_default_matherr     0000000100407ce4     MSVCRTD:matherr.obj
 0003:00000ce8       __isa_available            0000000100407ce8     MSVCRTD:cpu_disp.obj
 0003:00000cec       __isa_enabled              0000000100407cec     MSVCRTD:cpu_disp.obj
 0003:00000cf0       __memset_fast_string_threshold 0000000100407cf0     MSVCRTD:cpu_disp.obj
 0003:00000cf8       __memset_nt_threshold      0000000100407cf8     MSVCRTD:cpu_disp.obj
 0003:00000d00       __scrt_ucrt_dll_is_in_use  0000000100407d00     MSVCRTD:ucrt_stubs.obj
 0003:00001290       __scrt_current_native_startup_state 0000000100408290     MSVCRTD:utility.obj
 0003:00001298       __scrt_native_startup_lock 0000000100408298     MSVCRTD:utility.obj
 0003:000012e0       ?__type_info_root_node@@3U__type_info_node@@A 00000001004082e0     MSVCRTD:tncleanup.obj
 0003:000012f0       ?_OptionsStorage@?1??__local_stdio_printf_options@@9@4_KA 00000001004082f0     MSVCRTD:default_local_stdio_options.obj
 0003:000012f8       ?_OptionsStorage@?1??__local_stdio_scanf_options@@9@4_KA 00000001004082f8     MSVCRTD:default_local_stdio_options.obj
 0003:00001300       __scrt_debugger_hook_flag  0000000100408300     MSVCRTD:utility_desktop.obj
 0003:00001304       __favor                    0000000100408304     MSVCRTD:cpu_disp.obj
 0003:00001308       __@@_PchSym_@00@UkzkzUnbtrgUsbkvirlmRaevxgliUnhexOwvyftOznwGEOlyqUyfrowPkxsOlyq@4B2008FD98C1DD4 0000000100408308     <common>
 0003:00001310       __dyn_tls_dtor_callback    0000000100408310     <common>
 0003:00001318       __dyn_tls_init_callback    0000000100408318     <common>

 entry point at        0001:000020b0

 Static symbols

 0000:00000000       _volmd                     0000000100400000     dasdisup.obj
 0000:fffd3000       .debug$S                   0000000100400000     kernel32:KERNEL32.dll
 0000:fffd3000       .debug$S                   0000000100400000     kernel32:KERNEL32.dll
 0000:fffd3000       .debug$S                   0000000100400000     kernel32:KERNEL32.dll
 0000:fffd3000       .debug$S                   0000000100400000     kernel32:KERNEL32.dll
 0000:fffd3000       .debug$S                   0000000100400000     kernel32:KERNEL32.dll
 0000:fffd3000       .debug$S                   0000000100400000     kernel32:KERNEL32.dll
 0000:fffd3000       .debug$S                   0000000100400000     kernel32:KERNEL32.dll
 0000:fffd3000       .debug$S                   0000000100400000     kernel32:KERNEL32.dll
 0000:fffd3000       .debug$S                   0000000100400000     kernel32:KERNEL32.dll
 0000:fffd3000       .debug$S                   0000000100400000     kernel32:KERNEL32.dll
 0000:fffd3000       .debug$S                   0000000100400000     kernel32:KERNEL32.dll
 0000:fffd3000       .debug$S                   0000000100400000     kernel32:KERNEL32.dll
 0000:fffd3000       .debug$S                   0000000100400000     kernel32:KERNEL32.dll
 0000:fffd3000       .debug$S                   0000000100400000     kernel32:KERNEL32.dll
 0000:fffd3000       .debug$S                   0000000100400000     kernel32:KERNEL32.dll
 0000:fffd3000       .debug$S                   0000000100400000     kernel32:KERNEL32.dll
 0000:fffd3000       .debug$S                   0000000100400000     ucrtd:ucrtbased.dll
 0000:fffd3000       .debug$S                   0000000100400000     ucrtd:ucrtbased.dll
 0000:fffd3000       .debug$S                   0000000100400000     ucrtd:ucrtbased.dll
 0000:fffd3000       .debug$S                   0000000100400000     ucrtd:ucrtbased.dll
 0000:fffd3000       .debug$S                   0000000100400000     ucrtd:ucrtbased.dll
 0000:fffd3000       .debug$S                   0000000100400000     ucrtd:ucrtbased.dll
 0000:fffd3000       .debug$S                   0000000100400000     ucrtd:ucrtbased.dll
 0000:fffd3000       .debug$S                   0000000100400000     ucrtd:ucrtbased.dll
 0000:fffd3000       .debug$S                   0000000100400000     ucrtd:ucrtbased.dll
 0000:fffd3000       .debug$S                   0000000100400000     ucrtd:ucrtbased.dll
 0000:fffd3000       .debug$S                   0000000100400000     ucrtd:ucrtbased.dll
 0000:fffd3000       .debug$S                   0000000100400000     ucrtd:ucrtbased.dll
 0000:fffd3000       .debug$S                   0000000100400000     ucrtd:ucrtbased.dll
 0000:fffd3000       .debug$S                   0000000100400000     ucrtd:ucrtbased.dll
 0000:fffd3000       .debug$S                   0000000100400000     ucrtd:ucrtbased.dll
 0000:fffd3000       .debug$S                   0000000100400000     ucrtd:ucrtbased.dll
 0000:fffd3000       .debug$S                   0000000100400000     ucrtd:ucrtbased.dll
 0000:fffd3000       .debug$S                   0000000100400000     ucrtd:ucrtbased.dll
 0000:fffd3000       .debug$S                   0000000100400000     ucrtd:ucrtbased.dll
 0000:fffd3000       .debug$S                   0000000100400000     ucrtd:ucrtbased.dll
 0000:fffd3000       .debug$S                   0000000100400000     ucrtd:ucrtbased.dll
 0000:fffd3000       .debug$S                   0000000100400000     ucrtd:ucrtbased.dll
 0000:fffd3000       .debug$S                   0000000100400000     ucrtd:ucrtbased.dll
 0000:fffd3000       .debug$S                   0000000100400000     ucrtd:ucrtbased.dll
 0000:fffd3000       .debug$S                   0000000100400000     ucrtd:ucrtbased.dll
 0000:fffd3000       .debug$S                   0000000100400000     ucrtd:ucrtbased.dll
 0000:fffd3000       .debug$S                   0000000100400000     ucrtd:ucrtbased.dll
 0000:fffd3000       .debug$S                   0000000100400000     ucrtd:ucrtbased.dll
 0000:fffd3000       .debug$S                   0000000100400000     ucrtd:ucrtbased.dll
 0000:fffd3000       .debug$S                   0000000100400000     ucrtd:ucrtbased.dll
 0000:fffd3000       .debug$S                   0000000100400000     ucrtd:ucrtbased.dll
 0000:00000000       _volmd                     0000000100400000     MSVCRTD:cpu_disp.obj
 0002:ffffb000       __guard_ehcont_?__scrt_common_main_seh@@YAHXZ 0000000100400000     MSVCRTD:exe_main.obj
 0002:ffffb000       __guard_fids_?pre_c_initialization@@YAHXZ 0000000100400000     MSVCRTD:exe_main.obj
 0002:ffffb000       __guard_fids__             0000000100400000     MSVCRTD:exe_main.obj
 0000:00000000       _volmd                     0000000100400000     MSVCRTD:gs_report.obj
 0000:00000000       _volmd                     0000000100400000     MSVCRTD:gs_report.obj
 0000:00000000       _volmd                     0000000100400000     MSVCRTD:gs_report.obj
 0002:ffffb000       __guard_fids__             0000000100400000     MSVCRTD:guard_support.obj
 0002:ffffb000       __guard_fids__             0000000100400000     MSVCRTD:guard_support.obj
 0002:ffffb000       __guard_fids__guard_icall_checks_enforced 0000000100400000     MSVCRTD:guard_support.obj
 0000:00000000       _volmd                     0000000100400000     MSVCRTD:guard_support.obj
 0000:00000000       _volmd                     0000000100400000     MSVCRTD:guard_support.obj
 0002:ffffb000       $unwind$?configure_argv@__scrt_narrow_argv_policy@@SAHXZ 0000000100400000     MSVCRTD:utility.obj
 0002:ffffb000       $unwind$?initialize_environment@__scrt_narrow_environment_policy@@SAHXZ 0000000100400000     MSVCRTD:utility.obj
 0002:ffffb000       __guard_ehcont___scrt_is_nonwritable_in_current_image 0000000100400000     MSVCRTD:utility.obj
 0000:00000000       _volmd                     0000000100400000     MSVCRTD:utility.obj
 0000:00000000       _volmd                     0000000100400000     MSVCRTD:utility.obj
 0000:00000000       _volmd                     0000000100400000     MSVCRTD:utility.obj
 0002:ffffb000       __guard_fids___scrt_set_unhandled_exception_filter 0000000100400000     MSVCRTD:utility_desktop.obj
 0000:00000000       _volmd                     0000000100400000     MSVCRTD:utility_desktop.obj
 0002:ffffb000       __guard_fids__             0000000100400000     vcruntimed:softmemtag.obj
 0000:fffd3000       .debug$S                   0000000100400000     vcruntimed:VCRUNTIME140D.dll
 0000:fffd3000       .debug$S                   0000000100400000     vcruntimed:VCRUNTIME140D.dll
 0000:fffd3000       .debug$S                   0000000100400000     vcruntimed:VCRUNTIME140D.dll
 0000:fffd3000       .debug$S                   0000000100400000     vcruntimed:VCRUNTIME140D.dll
 0000:fffd3000       .debug$S                   0000000100400000     vcruntimed:VCRUNTIME140D.dll
 0000:fffd3000       .debug$S                   0000000100400000     vcruntimed:VCRUNTIME140D.dll
 0000:fffd3000       .debug$S                   0000000100400000     hdasd:hdasd.dll
 0000:fffd3000       .debug$S                   0000000100400000     hdasd:hdasd.dll
 0000:fffd3000       .debug$S                   0000000100400000     hdasd:hdasd.dll
 0000:fffd3000       .debug$S                   0000000100400000     hdasd:hdasd.dll
 0000:fffd3000       .debug$S                   0000000100400000     hdasd:hdasd.dll
 0000:fffd3000       .debug$S                   0000000100400000     hsys:hsys.dll
 0000:fffd3000       .debug$S                   0000000100400000     hutil:hutil.dll
 0000:fffd3000       .debug$S                   0000000100400000     hutil:hutil.dll
 0000:fffd3000       .debug$S                   0000000100400000     hutil:hutil.dll
 0000:fffd3000       .debug$S                   0000000100400000     hutil:hutil.dll
 0000:fffd3000       .debug$S                   0000000100400000     hutil:hutil.dll
 0000:fffd3000       .debug$S                   0000000100400000     hutil:hutil.dll
 0000:fffd3000       .debug$S                   0000000100400000     hutil:hutil.dll
 0002:ffffb004       __guard_fids__             0000000100400004     MSVCRTD:exe_main.obj
 0002:ffffb008       __guard_fids__             0000000100400008     MSVCRTD:exe_main.obj
 0000:00000010       _volmd                     0000000100400010     dasdisup.obj
 0000:00000020       _volmd                     0000000100400020     dasdisup.obj
 0001:00000000       process_dirblk             0000000100401000 f   dasdisup.obj
 0001:00000760       resolve_xctltab            0000000100401760 f   dasdisup.obj
 0001:00001d00       $$000000                   0000000100402d00     MSVCRTD:amdsecgs.obj
 0001:00001d30       ?pre_c_initialization@@YAHXZ 0000000100402d30 f   MSVCRTD:exe_main.obj
 0001:00001df0       ?post_pgo_initialization@@YAHXZ 0000000100402df0 f   MSVCRTD:exe_main.obj
 0001:00001e00       ?pre_cpp_initialization@@YAXXZ 0000000100402e00 f   MSVCRTD:exe_main.obj
 0001:00001e20       ?__scrt_common_main@@YAHXZ 0000000100402e20 f   MSVCRTD:exe_main.obj
 0001:00001e40       ?__scrt_common_main_seh@@YAHXZ 0000000100402e40 f   MSVCRTD:exe_main.obj
 0001:00002010       ?invoke_main@@YAHXZ        0000000100403010 f   MSVCRTD:exe_main.obj
 0001:000023c0       capture_current_context    00000001004033c0 f   MSVCRTD:gs_report.obj
 0001:00002460       capture_previous_context   0000000100403460 f   MSVCRTD:gs_report.obj
 0001:00002520       ?find_pe_section@@YAPEAU_IMAGE_SECTION_HEADER@@QEAE_K@Z 0000000100403520 f   MSVCRTD:utility.obj
 0001:000025f0       ?is_potentially_valid_image_base@@YA_NQEAX@Z 00000001004035f0 f   MSVCRTD:utility.obj
 0001:00002bd0       __get_entropy              0000000100403bd0 f   MSVCRTD:gs_support.obj
 0001:000033d0       __castguard_check_failure_os_handled_wrapper 00000001004043d0 f   MSVCRTD:guard_support.obj
 0001:00003400       __castguard_compat_check   0000000100404400 f   MSVCRTD:guard_support.obj
 0001:00003560       __castguard_slow_path_compat_check 0000000100404560 f   MSVCRTD:guard_support.obj
 0001:00003ba0       $$000000                   0000000100404ba0     MSVCRTD:guard_dispatch.obj
 0001:00003bc0       $$000000                   0000000100404bc0     MSVCRTD:guard_xfg_dispatch.obj
 0001:00003be0       ?filt$0@?0??__scrt_common_main_seh@@YAHXZ@4HA 0000000100404be0 f   MSVCRTD:exe_main.obj
 0001:00003c10       __scrt_is_nonwritable_in_current_image$filt$0 0000000100404c10 f   MSVCRTD:utility.obj
 0002:00000280       ?pre_cpp_initializer@@3P6AXXZEA 0000000100405280     MSVCRTD:exe_main.obj
 0002:00000298       ?pre_c_initializer@@3P6AHXZEA 0000000100405298     MSVCRTD:exe_main.obj
 0002:000002a0       ?post_pgo_initializer@@3P6AHXZEA 00000001004052a0     MSVCRTD:exe_main.obj
 0002:000002d0       CKD_ENDTRK                 00000001004052d0     dasdisup.obj
 0002:000002d8       VOL1_KEYA                  00000001004052d8     dasdisup.obj
 0002:000002dc       VOL1_KEY                   00000001004052dc     dasdisup.obj
 0002:000002e0       IPL1_KEY                   00000001004052e0     dasdisup.obj
 0002:000002e4       IPL2_KEY                   00000001004052e4     dasdisup.obj
 0002:000002e8       iplpsw                     00000001004052e8     dasdisup.obj
 0002:000002f0       iplccw1                    00000001004052f0     dasdisup.obj
 0002:000002f8       iplccw2                    00000001004052f8     dasdisup.obj
 0002:00000300       noiplpsw                   0000000100405300     dasdisup.obj
 0002:00000308       noiplccw1                  0000000100405308     dasdisup.obj
 0002:00000310       noiplccw2                  0000000100405310     dasdisup.obj
 0002:00000318       ipl2data                   0000000100405318     dasdisup.obj
 0002:00000348       GS_ExceptionPointers       0000000100405348     MSVCRTD:gs_report.obj
 0002:00000a00       $unwind$process_dirblk     0000000100405a00     dasdisup.obj
 0002:00000a14       $unwind$resolve_xctltab    0000000100405a14     dasdisup.obj
 0002:00000a28       $unwind$main               0000000100405a28     dasdisup.obj
 0002:00000a38       $unwind$__GSHandlerCheckCommon 0000000100405a38     MSVCRTD:gshandler.obj
 0002:00000a40       $unwind$__GSHandlerCheck   0000000100405a40     MSVCRTD:gshandler.obj
 0002:00000a48       $xdatasym                  0000000100405a48     MSVCRTD:amdsecgs.obj
 0002:00000a4c       $unwind$?configure_argv@__scrt_narrow_argv_policy@@SAHXZ 0000000100405a4c     MSVCRTD:exe_main.obj
 0002:00000a54       $unwind$?initialize_environment@__scrt_narrow_environment_policy@@SAHXZ 0000000100405a54     MSVCRTD:exe_main.obj
 0002:00000a5c       $unwind$?set_app_type@__scrt_main_policy@@SAXXZ 0000000100405a5c     MSVCRTD:exe_main.obj
 0002:00000a64       $unwind$?set_fmode@__scrt_file_policy@@SAXXZ 0000000100405a64     MSVCRTD:exe_main.obj
 0002:00000a6c       $unwind$?set_commode@__scrt_file_policy@@SAXXZ 0000000100405a6c     MSVCRTD:exe_main.obj
 0002:00000a74       $unwind$?invoke_main@@YAHXZ 0000000100405a74     MSVCRTD:exe_main.obj
 0002:00000a7c       $unwind$?pre_c_initialization@@YAHXZ 0000000100405a7c     MSVCRTD:exe_main.obj
 0002:00000a84       $unwind$?post_pgo_initialization@@YAHXZ 0000000100405a84     MSVCRTD:exe_main.obj
 0002:00000a8c       $unwind$?pre_cpp_initialization@@YAXXZ 0000000100405a8c     MSVCRTD:exe_main.obj
 0002:00000a94       $unwind$?__scrt_common_main_seh@@YAHXZ 0000000100405a94     MSVCRTD:exe_main.obj
 0002:00000ab4       $unwind$?filt$0@?0??__scrt_common_main_seh@@YAHXZ@4HA 0000000100405ab4     MSVCRTD:exe_main.obj
 0002:00000abc       $unwind$?__scrt_common_main@@YAHXZ 0000000100405abc     MSVCRTD:exe_main.obj
 0002:00000ac4       $unwind$mainCRTStartup     0000000100405ac4     MSVCRTD:exe_main.obj
 0002:00000acc       $unwind$__report_securityfailure 0000000100405acc     MSVCRTD:gs_report.obj
 0002:00000ad4       $unwind$__report_securityfailureEx 0000000100405ad4     MSVCRTD:gs_report.obj
 0002:00000adc       $unwind$__report_rangecheckfailure 0000000100405adc     MSVCRTD:gs_report.obj
 0002:00000ae4       $unwind$__report_gsfailure 0000000100405ae4     MSVCRTD:gs_report.obj
 0002:00000aec       $unwind$capture_current_context 0000000100405aec     MSVCRTD:gs_report.obj
 0002:00000af4       $unwind$capture_previous_context 0000000100405af4     MSVCRTD:gs_report.obj
 0002:00000afc       $unwind$__raise_securityfailure 0000000100405afc     MSVCRTD:gs_report.obj
 0002:00000b04       $unwind$atexit             0000000100405b04     MSVCRTD:utility.obj
 0002:00000b0c       $unwind$_onexit            0000000100405b0c     MSVCRTD:utility.obj
 0002:00000b14       $unwind$at_quick_exit      0000000100405b14     MSVCRTD:utility.obj
 0002:00000b1c       $unwind$__scrt_is_nonwritable_in_current_image 0000000100405b1c     MSVCRTD:utility.obj
 0002:00000b3c       $unwind$__scrt_is_nonwritable_in_current_image$filt$0 0000000100405b3c     MSVCRTD:utility.obj
 0002:00000b44       $unwind$__scrt_acquire_startup_lock 0000000100405b44     MSVCRTD:utility.obj
 0002:00000b4c       $unwind$__scrt_release_startup_lock 0000000100405b4c     MSVCRTD:utility.obj
 0002:00000b54       $unwind$__scrt_initialize_crt 0000000100405b54     MSVCRTD:utility.obj
 0002:00000b5c       $unwind$__scrt_uninitialize_crt 0000000100405b5c     MSVCRTD:utility.obj
 0002:00000b64       $unwind$__scrt_initialize_onexit_tables 0000000100405b64     MSVCRTD:utility.obj
 0002:00000b70       $unwind$__scrt_dllmain_exception_filter 0000000100405b70     MSVCRTD:utility.obj
 0002:00000b78       $unwind$__scrt_dllmain_before_initialize_c 0000000100405b78     MSVCRTD:utility.obj
 0002:00000b80       $unwind$__scrt_dllmain_after_initialize_c 0000000100405b80     MSVCRTD:utility.obj
 0002:00000b88       $unwind$__scrt_dllmain_uninitialize_c 0000000100405b88     MSVCRTD:utility.obj
 0002:00000b90       $unwind$__scrt_dllmain_uninitialize_critical 0000000100405b90     MSVCRTD:utility.obj
 0002:00000b98       $unwind$__scrt_dllmain_crt_thread_attach 0000000100405b98     MSVCRTD:utility.obj
 0002:00000ba0       $unwind$__scrt_dllmain_crt_thread_detach 0000000100405ba0     MSVCRTD:utility.obj
 0002:00000ba8       $unwind$?is_potentially_valid_image_base@@YA_NQEAX@Z 0000000100405ba8     MSVCRTD:utility.obj
 0002:00000bb0       $unwind$?find_pe_section@@YAPEAU_IMAGE_SECTION_HEADER@@QEAE_K@Z 0000000100405bb0     MSVCRTD:utility.obj
 0002:00000bb8       $unwind$__security_init_cookie 0000000100405bb8     MSVCRTD:gs_support.obj
 0002:00000bc0       $unwind$__get_entropy      0000000100405bc0     MSVCRTD:gs_support.obj
 0002:00000bc8       $unwind$?__scrt_initialize_type_info@@YAXXZ 0000000100405bc8     MSVCRTD:tncleanup.obj
 0002:00000bd0       $unwind$?__scrt_uninitialize_type_info@@YAXXZ 0000000100405bd0     MSVCRTD:tncleanup.obj
 0002:00000bd8       $unwind$__scrt_initialize_default_local_stdio_options 0000000100405bd8     MSVCRTD:default_local_stdio_options.obj
 0002:00000be0       $unwind$__scrt_is_user_matherr_present 0000000100405be0     MSVCRTD:matherr_detection.obj
 0002:00000be8       $unwind$__scrt_get_show_window_mode 0000000100405be8     MSVCRTD:utility_desktop.obj
 0002:00000bf4       $unwind$__scrt_is_managed_app 0000000100405bf4     MSVCRTD:utility_desktop.obj
 0002:00000bfc       $unwind$__scrt_initialize_mta 0000000100405bfc     MSVCRTD:utility_desktop.obj
 0002:00000c04       $unwind$__scrt_set_unhandled_exception_filter 0000000100405c04     MSVCRTD:utility_desktop.obj
 0002:00000c0c       $unwind$__scrt_fastfail    0000000100405c0c     MSVCRTD:utility_desktop.obj
 0002:00000c18       $unwind$__scrt_unhandled_exception_filter 0000000100405c18     MSVCRTD:utility_desktop.obj
 0002:00000c20       $unwind$_RTC_Initialize    0000000100405c20     MSVCRTD:initsect.obj
 0002:00000c2c       $unwind$_RTC_Terminate     0000000100405c2c     MSVCRTD:initsect.obj
 0002:00000c38       $unwind$ReadNoFence64      0000000100405c38     MSVCRTD:guard_support.obj
 0002:00000c40       $unwind$ReadPointerNoFence 0000000100405c40     MSVCRTD:guard_support.obj
 0002:00000c48       $unwind$_guard_icall_checks_enforced 0000000100405c48     MSVCRTD:guard_support.obj
 0002:00000c50       $unwind$__castguard_compat_check 0000000100405c50     MSVCRTD:guard_support.obj
 0002:00000c58       $unwind$__castguard_check_failure_os_handled_wrapper 0000000100405c58     MSVCRTD:guard_support.obj
 0002:00000c60       $unwind$__castguard_check_failure_debugbreak 0000000100405c60     MSVCRTD:guard_support.obj
 0002:00000c68       $unwind$__castguard_check_failure_fastfail 0000000100405c68     MSVCRTD:guard_support.obj
 0002:00000c70       $unwind$__castguard_check_failure_os_handled 0000000100405c70     MSVCRTD:guard_support.obj
 0002:00000c78       $unwind$__castguard_slow_path_compat_check 0000000100405c78     MSVCRTD:guard_support.obj
 0002:00000c80       $unwind$__castguard_slow_path_check_debugbreak 0000000100405c80     MSVCRTD:guard_support.obj
 0002:00000c88       $unwind$__castguard_slow_path_check_fastfail 0000000100405c88     MSVCRTD:guard_support.obj
 0002:00000c90       $unwind$__castguard_slow_path_check_os_handled 0000000100405c90     MSVCRTD:guard_support.obj
 0002:00000c98       $unwind$__isa_available_init 0000000100405c98     MSVCRTD:cpu_disp.obj
 0002:00000ca8       $unwind$__scrt_is_ucrt_dll_in_use 0000000100405ca8     MSVCRTD:ucrt_detection.obj
 0002:00000cb0       $xdatasym                  0000000100405cb0     MSVCRTD:guard_dispatch.obj
 0002:00000cb8       $xdatasym                  0000000100405cb8     MSVCRTD:guard_xfg_dispatch.obj
 0002:00000fde       .idata$6                   0000000100405fde     hdasd:hdasd.dll
 0002:00000ff2       .idata$6                   0000000100405ff2     hsys:hsys.dll
 0002:0000106e       .idata$6                   000000010040606e     hutil:hutil.dll
 0002:000010ee       .idata$6                   00000001004060ee     vcruntimed:VCRUNTIME140D.dll
 0002:0000132a       .idata$6                   000000010040632a     ucrtd:ucrtbased.dll
 0002:000014a8       .idata$6                   00000001004064a8     kernel32:KERNEL32.dll
 0003:00000000       $SG159564                  0000000100407000     dasdisup.obj
 0003:00000010       $SG159565                  0000000100407010     dasdisup.obj
 0003:0000001c       $SG159579                  000000010040701c     dasdisup.obj
 0003:00000028       $SG159566                  0000000100407028     dasdisup.obj
 0003:00000034       $SG159580                  0000000100407034     dasdisup.obj
 0003:00000040       $SG159567                  0000000100407040     dasdisup.obj
 0003:0000004c       $SG159581                  000000010040704c     dasdisup.obj
 0003:00000058       $SG159568                  0000000100407058     dasdisup.obj
 0003:00000064       $SG159582                  0000000100407064     dasdisup.obj
 0003:00000070       $SG159569                  0000000100407070     dasdisup.obj
 0003:0000007c       $SG159583                  000000010040707c     dasdisup.obj
 0003:00000088       $SG159570                  0000000100407088     dasdisup.obj
 0003:00000094       $SG159584                  0000000100407094     dasdisup.obj
 0003:000000a0       $SG159571                  00000001004070a0     dasdisup.obj
 0003:000000ac       $SG159585                  00000001004070ac     dasdisup.obj
 0003:000000b8       $SG159572                  00000001004070b8     dasdisup.obj
 0003:000000c4       $SG159586                  00000001004070c4     dasdisup.obj
 0003:000000d0       $SG159573                  00000001004070d0     dasdisup.obj
 0003:000000dc       $SG159587                  00000001004070dc     dasdisup.obj
 0003:000000e8       $SG159574                  00000001004070e8     dasdisup.obj
 0003:000000f4       $SG159588                  00000001004070f4     dasdisup.obj
 0003:00000100       $SG159575                  0000000100407100     dasdisup.obj
 0003:0000010c       $SG159589                  000000010040710c     dasdisup.obj
 0003:00000118       $SG159576                  0000000100407118     dasdisup.obj
 0003:00000124       $SG159590                  0000000100407124     dasdisup.obj
 0003:0000012c       $SG159591                  000000010040712c     dasdisup.obj
 0003:00000134       $SG159592                  0000000100407134     dasdisup.obj
 0003:0000013c       $SG159593                  000000010040713c     dasdisup.obj
 0003:00000150       firstload                  0000000100407150     dasdisup.obj
 0003:000001c0       secondload                 00000001004071c0     dasdisup.obj
 0003:00000240       $SG159664                  0000000100407240     dasdisup.obj
 0003:0000024c       $SG159668                  000000010040724c     dasdisup.obj
 0003:00000250       $SG159665                  0000000100407250     dasdisup.obj
 0003:00000260       $SG159669                  0000000100407260     dasdisup.obj
 0003:000004ec       $SG159670                  00000001004074ec     dasdisup.obj
 0003:000004f4       $SG159676                  00000001004074f4     dasdisup.obj
 0003:000004f8       $SG159671                  00000001004074f8     dasdisup.obj
 0003:00000504       $SG159689                  0000000100407504     dasdisup.obj
 0003:00000508       $SG159675                  0000000100407508     dasdisup.obj
 0003:00000518       $SG159677                  0000000100407518     dasdisup.obj
 0003:00000540       $SG159678                  0000000100407540     dasdisup.obj
 0003:00000548       $SG159679                  0000000100407548     dasdisup.obj
 0003:00000554       $SG159747                  0000000100407554     dasdisup.obj
 0003:00000558       $SG159681                  0000000100407558     dasdisup.obj
 0003:00000564       $SG159759                  0000000100407564     dasdisup.obj
 0003:00000568       $SG159690                  0000000100407568     dasdisup.obj
 0003:0000059c       $SG159691                  000000010040759c     dasdisup.obj
 0003:000005a4       $SG159757                  00000001004075a4     dasdisup.obj
 0003:000005ac       $SG159758                  00000001004075ac     dasdisup.obj
 0003:000005b4       $SG159764                  00000001004075b4     dasdisup.obj
 0003:000005b8       $SG159692                  00000001004075b8     dasdisup.obj
 0003:000005c4       $SG159769                  00000001004075c4     dasdisup.obj
 0003:000005c8       $SG159694                  00000001004075c8     dasdisup.obj
 0003:000005d4       $SG159774                  00000001004075d4     dasdisup.obj
 0003:000005d8       $SG159696                  00000001004075d8     dasdisup.obj
 0003:000005e0       $SG159748                  00000001004075e0     dasdisup.obj
 0003:00000614       $SG159779                  0000000100407614     dasdisup.obj
 0003:00000618       $SG159749                  0000000100407618     dasdisup.obj
 0003:00000628       $SG159750                  0000000100407628     dasdisup.obj
 0003:00000634       $SG159784                  0000000100407634     dasdisup.obj
 0003:00000638       $SG159760                  0000000100407638     dasdisup.obj
 0003:00000660       $SG159761                  0000000100407660     dasdisup.obj
 0003:00000670       $SG159762                  0000000100407670     dasdisup.obj
 0003:0000067c       $SG159835                  000000010040767c     dasdisup.obj
 0003:00000680       $SG159765                  0000000100407680     dasdisup.obj
 0003:000006a0       $SG159766                  00000001004076a0     dasdisup.obj
 0003:000006b0       $SG159767                  00000001004076b0     dasdisup.obj
 0003:000006bc       $SG159841                  00000001004076bc     dasdisup.obj
 0003:000006c0       $SG159770                  00000001004076c0     dasdisup.obj
 0003:000006ec       $SG159834                  00000001004076ec     dasdisup.obj
 0003:000006f4       $SG159840                  00000001004076f4     dasdisup.obj
 0003:000006fc       $SG159846                  00000001004076fc     dasdisup.obj
 0003:00000700       $SG159771                  0000000100407700     dasdisup.obj
 0003:00000710       $SG159772                  0000000100407710     dasdisup.obj
 0003:0000071c       $SG159851                  000000010040771c     dasdisup.obj
 0003:00000720       $SG159775                  0000000100407720     dasdisup.obj
 0003:00000754       $SG159855                  0000000100407754     dasdisup.obj
 0003:00000758       $SG159776                  0000000100407758     dasdisup.obj
 0003:00000768       $SG159777                  0000000100407768     dasdisup.obj
 0003:00000774       $SG159860                  0000000100407774     dasdisup.obj
 0003:00000778       $SG159780                  0000000100407778     dasdisup.obj
 0003:000007ac       $SG159866                  00000001004077ac     dasdisup.obj
 0003:000007b0       $SG159781                  00000001004077b0     dasdisup.obj
 0003:000007c0       $SG159782                  00000001004077c0     dasdisup.obj
 0003:000007cc       $SG159871                  00000001004077cc     dasdisup.obj
 0003:000007d0       $SG159785                  00000001004077d0     dasdisup.obj
 0003:00000808       $SG159786                  0000000100407808     dasdisup.obj
 0003:00000818       $SG159787                  0000000100407818     dasdisup.obj
 0003:00000824       $SG159879                  0000000100407824     dasdisup.obj
 0003:00000828       $SG159836                  0000000100407828     dasdisup.obj
 0003:00000850       $SG159837                  0000000100407850     dasdisup.obj
 0003:00000860       $SG159838                  0000000100407860     dasdisup.obj
 0003:0000086c       $SG159880                  000000010040786c     dasdisup.obj
 0003:00000870       $SG159842                  0000000100407870     dasdisup.obj
 0003:00000898       $SG159843                  0000000100407898     dasdisup.obj
 0003:000008a8       $SG159844                  00000001004078a8     dasdisup.obj
 0003:000008b4       $SG159881                  00000001004078b4     dasdisup.obj
 0003:000008b8       $SG159847                  00000001004078b8     dasdisup.obj
 0003:000008ec       $SG159882                  00000001004078ec     dasdisup.obj
 0003:000008f0       $SG159848                  00000001004078f0     dasdisup.obj
 0003:00000900       $SG159849                  0000000100407900     dasdisup.obj
 0003:0000090c       $SG159883                  000000010040790c     dasdisup.obj
 0003:00000910       $SG159852                  0000000100407910     dasdisup.obj
 0003:00000940       $SG159853                  0000000100407940     dasdisup.obj
 0003:00000950       $SG159854                  0000000100407950     dasdisup.obj
 0003:00000960       $SG159856                  0000000100407960     dasdisup.obj
 0003:000009b0       $SG159857                  00000001004079b0     dasdisup.obj
 0003:000009c0       $SG159858                  00000001004079c0     dasdisup.obj
 0003:000009cc       $SG159884                  00000001004079cc     dasdisup.obj
 0003:000009d0       $SG159861                  00000001004079d0     dasdisup.obj
 0003:00000a04       $SG159885                  0000000100407a04     dasdisup.obj
 0003:00000a08       $SG159862                  0000000100407a08     dasdisup.obj
 0003:00000a18       $SG159863                  0000000100407a18     dasdisup.obj
 0003:00000a28       $SG159868                  0000000100407a28     dasdisup.obj
 0003:00000a38       $SG159886                  0000000100407a38     dasdisup.obj
 0003:00000a40       $SG159867                  0000000100407a40     dasdisup.obj
 0003:00000a84       $SG159889                  0000000100407a84     dasdisup.obj
 0003:00000a88       $SG159869                  0000000100407a88     dasdisup.obj
 0003:00000a98       $SG159873                  0000000100407a98     dasdisup.obj
 0003:00000aa8       $SG159891                  0000000100407aa8     dasdisup.obj
 0003:00000ab0       $SG159872                  0000000100407ab0     dasdisup.obj
 0003:00000b08       $SG159874                  0000000100407b08     dasdisup.obj
 0003:00000b18       $SG159893                  0000000100407b18     dasdisup.obj
 0003:00000b28       $SG159898                  0000000100407b28     dasdisup.obj
 0003:00000b40       $SG159892                  0000000100407b40     dasdisup.obj
 0003:00000b84       $SG159899                  0000000100407b84     dasdisup.obj
 0003:00000b88       $SG159894                  0000000100407b88     dasdisup.obj
 0003:00000b94       $SG159905                  0000000100407b94     dasdisup.obj
 0003:00000b98       $SG159900                  0000000100407b98     dasdisup.obj
 0003:00000bcc       $SG159914                  0000000100407bcc     dasdisup.obj
 0003:00000bd0       $SG159901                  0000000100407bd0     dasdisup.obj
 0003:00000be0       $SG159902                  0000000100407be0     dasdisup.obj
 0003:00000bf0       $SG159906                  0000000100407bf0     dasdisup.obj
 0003:00000c28       $SG159907                  0000000100407c28     dasdisup.obj
 0003:00000c38       $SG159908                  0000000100407c38     dasdisup.obj
 0003:00000c44       $SG159911                  0000000100407c44     dasdisup.obj
 0003:00000c50       $SG159913                  0000000100407c50     dasdisup.obj
 0003:00000c78       $SG159915                  0000000100407c78     dasdisup.obj
 0003:00000cb0       $SG159916                  0000000100407cb0     dasdisup.obj
 0003:00000cc0       $SG159917                  0000000100407cc0     dasdisup.obj
 0003:00000d10       $SG159904                  0000000100407d10     dasdisup.obj
 0003:00000d11       $SG159912                  0000000100407d11     dasdisup.obj
 0003:00000d20       GS_ExceptionRecord         0000000100407d20     MSVCRTD:gs_report.obj
 0003:00000dc0       GS_ContextRecord           0000000100407dc0     MSVCRTD:gs_report.obj
 0003:000012a0       ?is_initialized_as_dll@@3_NA 00000001004082a0     MSVCRTD:utility.obj
 0003:000012a1       ?module_local_atexit_table_initialized@@3_NA 00000001004082a1     MSVCRTD:utility.obj
 0003:000012a8       ?module_local_atexit_table@@3U_onexit_table_t@@A 00000001004082a8     MSVCRTD:utility.obj
 0003:000012c0       ?module_local_at_quick_exit_table@@3U_onexit_table_t@@A 00000001004082c0     MSVCRTD:utility.obj
 0005:000002d0       $R000000                   000000010040a2d0     hercdasd.res
 0005:00000878       $R0005A8                   000000010040a878     hercdasd.res
 0005:000009a0       $R0006D0                   000000010040a9a0     hercdasd.res
 0005:00000f08       $R000C38                   000000010040af08     hercdasd.res
 0005:00001370       $R0010A0                   000000010040b370     hercdasd.res
 0005:00001658       $R001388                   000000010040b658     hercdasd.res
 0005:00001f00       $R001C30                   000000010040bf00     hercdasd.res
 0005:00002fa8       $R002CD8                   000000010040cfa8     hercdasd.res
 0005:00003610       $R003340                   000000010040d610     hercdasd.res
 0005:000044b8       $R0041E8                   000000010040e4b8     hercdasd.res
 0005:00006a60       $R006790                   0000000100410a60     hercdasd.res
 0005:0000ff08       $R00FC38                   0000000100419f08     hercdasd.res
 0005:00021820       $R021550                   000000010042b820     hercdasd.res
