 dasdser

 Timestamp is 63de27a1 (Sat Feb  4 10:38:41 2023)

 Preferred load address is 0000000100400000

 Start         Length     Name                   Class
 0001:00000000 00002740H .text$mn                CODE
 0001:00002740 00000040H .text$mn$00             CODE
 0001:00002780 0000006dH .text$x                 CODE
 0002:00000000 00000208H .idata$5                DATA
 0002:00000208 00000038H .00cfg                  DATA
 0002:00000240 00000008H .CRT$XCA                DATA
 0002:00000248 00000008H .CRT$XCAA               DATA
 0002:00000250 00000008H .CRT$XCZ                DATA
 0002:00000258 00000008H .CRT$XIA                DATA
 0002:00000260 00000008H .CRT$XIAA               DATA
 0002:00000268 00000008H .CRT$XIAC               DATA
 0002:00000270 00000008H .CRT$XIZ                DATA
 0002:00000278 00000008H .CRT$XPA                DATA
 0002:00000280 00000008H .CRT$XPZ                DATA
 0002:00000288 00000008H .CRT$XTA                DATA
 0002:00000290 00000010H .CRT$XTZ                DATA
 0002:00000298 00000000H .gehcont$y              DATA
 0002:00000298 00000000H .gfids$y                DATA
 0002:000002a0 00000260H .rdata                  DATA
 0002:00000500 00000080H .rdata$CastGuardVftablesA DATA
 0002:00000580 00000080H .rdata$CastGuardVftablesC DATA
 0002:00000600 00000090H .rdata$voltmd           DATA
 0002:00000690 00000338H .rdata$zzzdbg           DATA
 0002:000009c8 00000008H .rtc$IAA                DATA
 0002:000009d0 00000008H .rtc$IZZ                DATA
 0002:000009d8 00000008H .rtc$TAA                DATA
 0002:000009e0 00000008H .rtc$TZZ                DATA
 0002:000009e8 000002a4H .xdata                  DATA
 0002:00000c8c 00000000H .edata                  DATA
 0002:00000c8c 00000064H .idata$2                DATA
 0002:00000cf0 00000018H .idata$3                DATA
 0002:00000d08 00000208H .idata$4                DATA
 0002:00000f10 000004c2H .idata$6                DATA
 0003:00000000 000003e0H .data                   DATA
 0003:000003e0 00000600H .bss                    DATA
 0004:00000000 00000378H .pdata                  DATA
 0005:00000000 000002d0H .rsrc$01                DATA
 0005:000002d0 000215f0H .rsrc$02                DATA

  Address         Publics by Value              Rva+Base               Lib:Object

 0000:00000000       __AbsoluteZero             0000000000000000     <absolute>
 0000:00000000       ___safe_se_handler_count   0000000000000000     <absolute>
 0000:00000000       ___safe_se_handler_table   0000000000000000     <absolute>
 0000:00000000       __arm64x_extra_rfe_table   0000000000000000     <absolute>
 0000:00000000       __arm64x_extra_rfe_table_size 0000000000000000     <absolute>
 0000:00000000       __arm64x_native_entrypoint 0000000000000000     <absolute>
 0000:00000000       __arm64x_redirection_metadata 0000000000000000     <absolute>
 0000:00000000       __arm64x_redirection_metadata_count 0000000000000000     <absolute>
 0000:00000000       __dynamic_value_reloc_table 0000000000000000     <absolute>
 0000:00000000       __enclave_config           0000000000000000     <absolute>
 0000:00000000       __guard_check_icall_a64n_fptr 0000000000000000     <absolute>
 0000:00000000       __guard_eh_cont_count      0000000000000000     <absolute>
 0000:00000000       __guard_eh_cont_table      0000000000000000     <absolute>
 0000:00000000       __guard_fids_count         0000000000000000     <absolute>
 0000:00000000       __guard_fids_table         0000000000000000     <absolute>
 0000:00000000       __guard_iat_count          0000000000000000     <absolute>
 0000:00000000       __guard_iat_table          0000000000000000     <absolute>
 0000:00000000       __guard_longjmp_count      0000000000000000     <absolute>
 0000:00000000       __guard_longjmp_table      0000000000000000     <absolute>
 0000:00000000       __hybrid_auxiliary_iat     0000000000000000     <absolute>
 0000:00000000       __hybrid_auxiliary_iat_copy 0000000000000000     <absolute>
 0000:00000000       __hybrid_code_map          0000000000000000     <absolute>
 0000:00000000       __hybrid_code_map_count    0000000000000000     <absolute>
 0000:00000000       __x64_code_ranges_to_entry_points 0000000000000000     <absolute>
 0000:00000000       __x64_code_ranges_to_entry_points_count 0000000000000000     <absolute>
 0000:00000100       __guard_flags              0000000000000100     <absolute>
 0000:00000000       __ImageBase                0000000100400000     <linker-defined>
 0001:00000020       main                       0000000100401020 f   dasdser.obj
 0001:00000729       is_dh_devid_typ            0000000100401729 f   hdasd:hdasd.dll
 0001:0000072f       initialize_utility         000000010040172f f   hutil:hutil.dll
 0001:00000735       is_numeric                 0000000100401735 f   hutil:hutil.dll
 0001:0000073b       w32_strerror               000000010040173b f   hutil:hutil.dll
 0001:00000741       fwritemsg                  0000000100401741 f   hutil:hutil.dll
 0001:00000750       __raise_securityfailure    0000000100401750 f   MSVCRTD:gs_report.obj
 0001:00000790       __report_gsfailure         0000000100401790 f   MSVCRTD:gs_report.obj
 0001:00000870       __report_rangecheckfailure 0000000100401870 f   MSVCRTD:gs_report.obj
 0001:00000890       __report_securityfailure   0000000100401890 f   MSVCRTD:gs_report.obj
 0001:00000930       __report_securityfailureEx 0000000100401930 f   MSVCRTD:gs_report.obj
 0001:00000ba0       __GSHandlerCheck           0000000100401ba0 f   MSVCRTD:gshandler.obj
 0001:00000be0       __GSHandlerCheckCommon     0000000100401be0 f   MSVCRTD:gshandler.obj
 0001:00000cf0       __security_check_cookie    0000000100401cf0 f   MSVCRTD:amdsecgs.obj
 0001:00000fc0       ?configure_argv@__scrt_narrow_argv_policy@@SAHXZ 0000000100401fc0 f i MSVCRTD:exe_main.obj
 0001:00000fe0       ?initialize_environment@__scrt_narrow_environment_policy@@SAHXZ 0000000100401fe0 f i MSVCRTD:exe_main.obj
 0001:00001030       ?set_app_type@__scrt_main_policy@@SAXXZ 0000000100402030 f i MSVCRTD:exe_main.obj
 0001:00001050       ?set_commode@__scrt_file_policy@@SAXXZ 0000000100402050 f i MSVCRTD:exe_main.obj
 0001:00001070       ?set_fmode@__scrt_file_policy@@SAXXZ 0000000100402070 f i MSVCRTD:exe_main.obj
 0001:00001090       mainCRTStartup             0000000100402090 f   MSVCRTD:exe_main.obj
 0001:00001210       NtCurrentTeb               0000000100402210 f i MSVCRTD:utility.obj
 0001:00001220       __scrt_acquire_startup_lock 0000000100402220 f   MSVCRTD:utility.obj
 0001:00001290       __scrt_dllmain_after_initialize_c 0000000100402290 f   MSVCRTD:utility.obj
 0001:000012c0       __scrt_dllmain_before_initialize_c 00000001004022c0 f   MSVCRTD:utility.obj
 0001:000012e0       __scrt_dllmain_crt_thread_attach 00000001004022e0 f   MSVCRTD:utility.obj
 0001:00001310       __scrt_dllmain_crt_thread_detach 0000000100402310 f   MSVCRTD:utility.obj
 0001:00001330       __scrt_dllmain_exception_filter 0000000100402330 f   MSVCRTD:utility.obj
 0001:000013a0       __scrt_dllmain_uninitialize_c 00000001004023a0 f   MSVCRTD:utility.obj
 0001:000013d0       __scrt_dllmain_uninitialize_critical 00000001004023d0 f   MSVCRTD:utility.obj
 0001:000013f0       __scrt_initialize_crt      00000001004023f0 f   MSVCRTD:utility.obj
 0001:00001440       __scrt_initialize_onexit_tables 0000000100402440 f   MSVCRTD:utility.obj
 0001:00001550       __scrt_is_nonwritable_in_current_image 0000000100402550 f   MSVCRTD:utility.obj
 0001:000015e0       __scrt_release_startup_lock 00000001004025e0 f   MSVCRTD:utility.obj
 0001:00001610       __scrt_uninitialize_crt    0000000100402610 f   MSVCRTD:utility.obj
 0001:00001650       _onexit                    0000000100402650 f   MSVCRTD:utility.obj
 0001:000016d0       at_quick_exit              00000001004026d0 f   MSVCRTD:utility.obj
 0001:00001720       atexit                     0000000100402720 f   MSVCRTD:utility.obj
 0001:00001820       __security_init_cookie     0000000100402820 f   MSVCRTD:gs_support.obj
 0001:000018a0       _matherr                   00000001004028a0 f   MSVCRTD:matherr.obj
 0001:000018b0       _get_startup_argv_mode     00000001004028b0 f   MSVCRTD:argv_mode.obj
 0001:000018c0       _get_startup_commit_mode   00000001004028c0 f   MSVCRTD:commit_mode.obj
 0001:000018d0       _get_startup_file_mode     00000001004028d0 f   MSVCRTD:file_mode.obj
 0001:000018e0       _get_startup_new_mode      00000001004028e0 f   MSVCRTD:new_mode.obj
 0001:000018f0       _get_startup_thread_locale_mode 00000001004028f0 f   MSVCRTD:thread_locale.obj
 0001:00001900       ?__scrt_initialize_type_info@@YAXXZ 0000000100402900 f   MSVCRTD:tncleanup.obj
 0001:00001920       ?__scrt_uninitialize_type_info@@YAXXZ 0000000100402920 f   MSVCRTD:tncleanup.obj
 0001:00001940       _should_initialize_environment 0000000100402940 f   MSVCRTD:env_mode.obj
 0001:00001950       _initialize_invalid_parameter_handler 0000000100402950 f   MSVCRTD:invalid_parameter_handler.obj
 0001:00001960       _initialize_denormal_control 0000000100402960 f   MSVCRTD:denormal_control.obj
 0001:00001970       __local_stdio_printf_options 0000000100402970 f i MSVCRTD:default_local_stdio_options.obj
 0001:00001980       __local_stdio_scanf_options 0000000100402980 f i MSVCRTD:default_local_stdio_options.obj
 0001:00001990       __scrt_initialize_default_local_stdio_options 0000000100402990 f   MSVCRTD:default_local_stdio_options.obj
 0001:000019e0       __scrt_is_user_matherr_present 00000001004029e0 f   MSVCRTD:matherr_detection.obj
 0001:00001a10       __scrt_get_dyn_tls_init_callback 0000000100402a10 f   MSVCRTD:dyn_tls_init.obj
 0001:00001a20       __scrt_get_dyn_tls_dtor_callback 0000000100402a20 f   MSVCRTD:dyn_tls_dtor.obj
 0001:00001a30       __crt_debugger_hook        0000000100402a30 f   MSVCRTD:utility_desktop.obj
 0001:00001a40       __scrt_fastfail            0000000100402a40 f   MSVCRTD:utility_desktop.obj
 0001:00001be0       __scrt_get_show_window_mode 0000000100402be0 f   MSVCRTD:utility_desktop.obj
 0001:00001c40       __scrt_initialize_mta      0000000100402c40 f   MSVCRTD:utility_desktop.obj
 0001:00001c50       __scrt_initialize_winrt    0000000100402c50 f   MSVCRTD:utility_desktop.obj
 0001:00001c60       __scrt_is_managed_app      0000000100402c60 f   MSVCRTD:utility_desktop.obj
 0001:00001d10       __scrt_set_unhandled_exception_filter 0000000100402d10 f   MSVCRTD:utility_desktop.obj
 0001:00001d30       __scrt_exe_initialize_mta  0000000100402d30 f   MSVCRTD:utility_desktop.obj
 0001:00001d30       __scrt_stub_for_initialize_mta 0000000100402d30 f   MSVCRTD:utility_desktop.obj
 0001:00001d40       __scrt_unhandled_exception_filter 0000000100402d40 f   MSVCRTD:utility_desktop.obj
 0001:00001de0       _RTC_Initialize            0000000100402de0 f   MSVCRTD:initsect.obj
 0001:00001e30       _RTC_Terminate             0000000100402e30 f   MSVCRTD:initsect.obj
 0001:00001e80       _guard_check_icall_nop     0000000100402e80 f i MSVCRTD:guard_support.obj
 0001:00001e90       ReadNoFence64              0000000100402e90 f i MSVCRTD:guard_support.obj
 0001:00001eb0       ReadPointerNoFence         0000000100402eb0 f i MSVCRTD:guard_support.obj
 0001:00001ed0       __castguard_check_failure_debugbreak 0000000100402ed0 f i MSVCRTD:guard_support.obj
 0001:00001ef0       __castguard_check_failure_fastfail 0000000100402ef0 f i MSVCRTD:guard_support.obj
 0001:00001f20       __castguard_check_failure_nop 0000000100402f20 f i MSVCRTD:guard_support.obj
 0001:00001f30       __castguard_check_failure_os_handled 0000000100402f30 f i MSVCRTD:guard_support.obj
 0001:00002000       __castguard_slow_path_check_debugbreak 0000000100403000 f i MSVCRTD:guard_support.obj
 0001:00002040       __castguard_slow_path_check_fastfail 0000000100403040 f i MSVCRTD:guard_support.obj
 0001:00002090       __castguard_slow_path_check_nop 0000000100403090 f i MSVCRTD:guard_support.obj
 0001:000020a0       __castguard_slow_path_check_os_handled 00000001004030a0 f i MSVCRTD:guard_support.obj
 0001:00002160       _guard_icall_checks_enforced 0000000100403160 f i MSVCRTD:guard_support.obj
 0001:000021a0       _guard_rf_checks_enforced  00000001004031a0 f i MSVCRTD:guard_support.obj
 0001:000021b0       __isa_available_init       00000001004031b0 f   MSVCRTD:cpu_disp.obj
 0001:00002560       __scrt_is_ucrt_dll_in_use  0000000100403560 f   MSVCRTD:ucrt_detection.obj
 0001:00002590       __C_specific_handler       0000000100403590 f   vcruntimed:VCRUNTIME140D.dll
 0001:00002596       __std_type_info_destroy_list 0000000100403596 f   vcruntimed:VCRUNTIME140D.dll
 0001:0000259c       __current_exception        000000010040359c f   vcruntimed:VCRUNTIME140D.dll
 0001:000025a2       __current_exception_context 00000001004035a2 f   vcruntimed:VCRUNTIME140D.dll
 0001:000025a8       _errno                     00000001004035a8 f   ucrtd:ucrtbased.dll
 0001:000025ae       strlen                     00000001004035ae f   ucrtd:ucrtbased.dll
 0001:000025b4       exit                       00000001004035b4 f   ucrtd:ucrtbased.dll
 0001:000025ba       _lseeki64                  00000001004035ba f   ucrtd:ucrtbased.dll
 0001:000025c0       __acrt_iob_func            00000001004035c0 f   ucrtd:ucrtbased.dll
 0001:000025c6       _seh_filter_exe            00000001004035c6 f   ucrtd:ucrtbased.dll
 0001:000025cc       _set_app_type              00000001004035cc f   ucrtd:ucrtbased.dll
 0001:000025d2       __setusermatherr           00000001004035d2 f   ucrtd:ucrtbased.dll
 0001:000025d8       _configure_narrow_argv     00000001004035d8 f   ucrtd:ucrtbased.dll
 0001:000025de       _initialize_narrow_environment 00000001004035de f   ucrtd:ucrtbased.dll
 0001:000025e4       _get_initial_narrow_environment 00000001004035e4 f   ucrtd:ucrtbased.dll
 0001:000025ea       _initterm                  00000001004035ea f   ucrtd:ucrtbased.dll
 0001:000025f0       _initterm_e                00000001004035f0 f   ucrtd:ucrtbased.dll
 0001:000025f6       _exit                      00000001004035f6 f   ucrtd:ucrtbased.dll
 0001:000025fc       _set_fmode                 00000001004035fc f   ucrtd:ucrtbased.dll
 0001:00002602       __p___argc                 0000000100403602 f   ucrtd:ucrtbased.dll
 0001:00002608       __p___argv                 0000000100403608 f   ucrtd:ucrtbased.dll
 0001:0000260e       _cexit                     000000010040360e f   ucrtd:ucrtbased.dll
 0001:00002614       _c_exit                    0000000100403614 f   ucrtd:ucrtbased.dll
 0001:0000261a       _register_thread_local_exe_atexit_callback 000000010040361a f   ucrtd:ucrtbased.dll
 0001:00002620       _configthreadlocale        0000000100403620 f   ucrtd:ucrtbased.dll
 0001:00002626       _set_new_mode              0000000100403626 f   ucrtd:ucrtbased.dll
 0001:0000262c       __p__commode               000000010040362c f   ucrtd:ucrtbased.dll
 0001:00002632       _seh_filter_dll            0000000100403632 f   ucrtd:ucrtbased.dll
 0001:00002638       _initialize_onexit_table   0000000100403638 f   ucrtd:ucrtbased.dll
 0001:0000263e       _register_onexit_function  000000010040363e f   ucrtd:ucrtbased.dll
 0001:00002644       _execute_onexit_table      0000000100403644 f   ucrtd:ucrtbased.dll
 0001:0000264a       _crt_atexit                000000010040364a f   ucrtd:ucrtbased.dll
 0001:00002650       _crt_at_quick_exit         0000000100403650 f   ucrtd:ucrtbased.dll
 0001:00002656       terminate                  0000000100403656 f   ucrtd:ucrtbased.dll
 0001:0000265c       _close                     000000010040365c f   ucrtd:ucrtbased.dll
 0001:00002662       _open                      0000000100403662 f   ucrtd:ucrtbased.dll
 0001:00002668       _read                      0000000100403668 f   ucrtd:ucrtbased.dll
 0001:0000266e       _write                     000000010040366e f   ucrtd:ucrtbased.dll
 0001:00002674       RtlCaptureContext          0000000100403674 f   kernel32:KERNEL32.dll
 0001:0000267a       RtlLookupFunctionEntry     000000010040367a f   kernel32:KERNEL32.dll
 0001:00002680       RtlVirtualUnwind           0000000100403680 f   kernel32:KERNEL32.dll
 0001:00002686       UnhandledExceptionFilter   0000000100403686 f   kernel32:KERNEL32.dll
 0001:0000268c       SetUnhandledExceptionFilter 000000010040368c f   kernel32:KERNEL32.dll
 0001:00002692       GetCurrentProcess          0000000100403692 f   kernel32:KERNEL32.dll
 0001:00002698       TerminateProcess           0000000100403698 f   kernel32:KERNEL32.dll
 0001:0000269e       IsProcessorFeaturePresent  000000010040369e f   kernel32:KERNEL32.dll
 0001:000026a4       QueryPerformanceCounter    00000001004036a4 f   kernel32:KERNEL32.dll
 0001:000026aa       GetCurrentProcessId        00000001004036aa f   kernel32:KERNEL32.dll
 0001:000026b0       GetCurrentThreadId         00000001004036b0 f   kernel32:KERNEL32.dll
 0001:000026b6       GetSystemTimeAsFileTime    00000001004036b6 f   kernel32:KERNEL32.dll
 0001:000026bc       InitializeSListHead        00000001004036bc f   kernel32:KERNEL32.dll
 0001:000026c2       IsDebuggerPresent          00000001004036c2 f   kernel32:KERNEL32.dll
 0001:000026c8       GetStartupInfoW            00000001004036c8 f   kernel32:KERNEL32.dll
 0001:000026ce       GetModuleHandleW           00000001004036ce f   kernel32:KERNEL32.dll
 0001:000026e0       __acrt_initialize          00000001004036e0 f   MSVCRTD:ucrt_stubs.obj
 0001:000026e0       __scrt_stub_for_acrt_initialize 00000001004036e0 f   MSVCRTD:ucrt_stubs.obj
 0001:000026e0       __vcrt_initialize          00000001004036e0 f   MSVCRTD:ucrt_stubs.obj
 0001:000026f0       __acrt_thread_attach       00000001004036f0 f   MSVCRTD:ucrt_stubs.obj
 0001:000026f0       __scrt_stub_for_acrt_thread_attach 00000001004036f0 f   MSVCRTD:ucrt_stubs.obj
 0001:000026f0       __vcrt_thread_attach       00000001004036f0 f   MSVCRTD:ucrt_stubs.obj
 0001:00002700       __acrt_thread_detach       0000000100403700 f   MSVCRTD:ucrt_stubs.obj
 0001:00002700       __scrt_stub_for_acrt_thread_detach 0000000100403700 f   MSVCRTD:ucrt_stubs.obj
 0001:00002700       __vcrt_thread_detach       0000000100403700 f   MSVCRTD:ucrt_stubs.obj
 0001:00002710       __acrt_uninitialize        0000000100403710 f   MSVCRTD:ucrt_stubs.obj
 0001:00002710       __scrt_stub_for_acrt_uninitialize 0000000100403710 f   MSVCRTD:ucrt_stubs.obj
 0001:00002710       __vcrt_uninitialize        0000000100403710 f   MSVCRTD:ucrt_stubs.obj
 0001:00002720       __acrt_uninitialize_critical 0000000100403720 f   MSVCRTD:ucrt_stubs.obj
 0001:00002720       __scrt_stub_for_acrt_uninitialize_critical 0000000100403720 f   MSVCRTD:ucrt_stubs.obj
 0001:00002720       __vcrt_uninitialize_critical 0000000100403720 f   MSVCRTD:ucrt_stubs.obj
 0001:00002730       __scrt_stub_for_is_c_termination_complete 0000000100403730 f   MSVCRTD:ucrt_stubs.obj
 0001:00002730       _is_c_termination_complete 0000000100403730 f   MSVCRTD:ucrt_stubs.obj
 0001:00002733       memcpy                     0000000100403733 f   vcruntimed:VCRUNTIME140D.dll
 0001:00002750       _guard_dispatch_icall_nop  0000000100403750 f   MSVCRTD:guard_dispatch.obj
 0001:00002770       _guard_xfg_dispatch_icall_nop 0000000100403770 f   MSVCRTD:guard_xfg_dispatch.obj
 0002:00000000       __imp_RtlCaptureContext    0000000100404000     kernel32:KERNEL32.dll
 0002:00000008       __imp_RtlVirtualUnwind     0000000100404008     kernel32:KERNEL32.dll
 0002:00000010       __imp_GetModuleHandleW     0000000100404010     kernel32:KERNEL32.dll
 0002:00000018       __imp_GetStartupInfoW      0000000100404018     kernel32:KERNEL32.dll
 0002:00000020       __imp_IsDebuggerPresent    0000000100404020     kernel32:KERNEL32.dll
 0002:00000028       __imp_InitializeSListHead  0000000100404028     kernel32:KERNEL32.dll
 0002:00000030       __imp_GetSystemTimeAsFileTime 0000000100404030     kernel32:KERNEL32.dll
 0002:00000038       __imp_UnhandledExceptionFilter 0000000100404038     kernel32:KERNEL32.dll
 0002:00000040       __imp_SetUnhandledExceptionFilter 0000000100404040     kernel32:KERNEL32.dll
 0002:00000048       __imp_GetCurrentProcess    0000000100404048     kernel32:KERNEL32.dll
 0002:00000050       __imp_TerminateProcess     0000000100404050     kernel32:KERNEL32.dll
 0002:00000058       __imp_RtlLookupFunctionEntry 0000000100404058     kernel32:KERNEL32.dll
 0002:00000060       __imp_GetCurrentThreadId   0000000100404060     kernel32:KERNEL32.dll
 0002:00000068       __imp_GetCurrentProcessId  0000000100404068     kernel32:KERNEL32.dll
 0002:00000070       __imp_QueryPerformanceCounter 0000000100404070     kernel32:KERNEL32.dll
 0002:00000078       __imp_IsProcessorFeaturePresent 0000000100404078     kernel32:KERNEL32.dll
 0002:00000080       \177KERNEL32_NULL_THUNK_DATA 0000000100404080     kernel32:KERNEL32.dll
 0002:00000088       __imp___std_type_info_destroy_list 0000000100404088     vcruntimed:VCRUNTIME140D.dll
 0002:00000090       __imp___C_specific_handler 0000000100404090     vcruntimed:VCRUNTIME140D.dll
 0002:00000098       __imp___current_exception  0000000100404098     vcruntimed:VCRUNTIME140D.dll
 0002:000000a0       __imp_memcpy               00000001004040a0     vcruntimed:VCRUNTIME140D.dll
 0002:000000a8       __imp___current_exception_context 00000001004040a8     vcruntimed:VCRUNTIME140D.dll
 0002:000000b0       \177VCRUNTIME140D_NULL_THUNK_DATA 00000001004040b0     vcruntimed:VCRUNTIME140D.dll
 0002:000000b8       __imp_is_dh_devid_typ      00000001004040b8     hdasd:hdasd.dll
 0002:000000c0       \177hdasd_NULL_THUNK_DATA  00000001004040c0     hdasd:hdasd.dll
 0002:000000c8       __imp_fwritemsg            00000001004040c8     hutil:hutil.dll
 0002:000000d0       __imp_w32_strerror         00000001004040d0     hutil:hutil.dll
 0002:000000d8       __imp_initialize_utility   00000001004040d8     hutil:hutil.dll
 0002:000000e0       __imp_is_numeric           00000001004040e0     hutil:hutil.dll
 0002:000000e8       \177hutil_NULL_THUNK_DATA  00000001004040e8     hutil:hutil.dll
 0002:000000f0       __imp__c_exit              00000001004040f0     ucrtd:ucrtbased.dll
 0002:000000f8       __imp__register_thread_local_exe_atexit_callback 00000001004040f8     ucrtd:ucrtbased.dll
 0002:00000100       __imp__initterm            0000000100404100     ucrtd:ucrtbased.dll
 0002:00000108       __imp__set_new_mode        0000000100404108     ucrtd:ucrtbased.dll
 0002:00000110       __imp___p__commode         0000000100404110     ucrtd:ucrtbased.dll
 0002:00000118       __imp__seh_filter_dll      0000000100404118     ucrtd:ucrtbased.dll
 0002:00000120       __imp__initialize_onexit_table 0000000100404120     ucrtd:ucrtbased.dll
 0002:00000128       __imp__register_onexit_function 0000000100404128     ucrtd:ucrtbased.dll
 0002:00000130       __imp__execute_onexit_table 0000000100404130     ucrtd:ucrtbased.dll
 0002:00000138       __imp__crt_atexit          0000000100404138     ucrtd:ucrtbased.dll
 0002:00000140       __imp__crt_at_quick_exit   0000000100404140     ucrtd:ucrtbased.dll
 0002:00000148       __imp_terminate            0000000100404148     ucrtd:ucrtbased.dll
 0002:00000150       __imp__close               0000000100404150     ucrtd:ucrtbased.dll
 0002:00000150       __imp_close                0000000100404150     ucrtd:ucrtbased.dll
 0002:00000158       __imp___p___argv           0000000100404158     ucrtd:ucrtbased.dll
 0002:00000160       __imp__read                0000000100404160     ucrtd:ucrtbased.dll
 0002:00000160       __imp_read                 0000000100404160     ucrtd:ucrtbased.dll
 0002:00000168       __imp__write               0000000100404168     ucrtd:ucrtbased.dll
 0002:00000168       __imp_write                0000000100404168     ucrtd:ucrtbased.dll
 0002:00000170       __imp___p___argc           0000000100404170     ucrtd:ucrtbased.dll
 0002:00000178       __imp__get_initial_narrow_environment 0000000100404178     ucrtd:ucrtbased.dll
 0002:00000180       __imp__initialize_narrow_environment 0000000100404180     ucrtd:ucrtbased.dll
 0002:00000188       __imp__configure_narrow_argv 0000000100404188     ucrtd:ucrtbased.dll
 0002:00000190       __imp___setusermatherr     0000000100404190     ucrtd:ucrtbased.dll
 0002:00000198       __imp__set_app_type        0000000100404198     ucrtd:ucrtbased.dll
 0002:000001a0       __imp__seh_filter_exe      00000001004041a0     ucrtd:ucrtbased.dll
 0002:000001a8       __imp___acrt_iob_func      00000001004041a8     ucrtd:ucrtbased.dll
 0002:000001b0       __imp__lseeki64            00000001004041b0     ucrtd:ucrtbased.dll
 0002:000001b8       __imp_exit                 00000001004041b8     ucrtd:ucrtbased.dll
 0002:000001c0       __imp_strlen               00000001004041c0     ucrtd:ucrtbased.dll
 0002:000001c8       __imp__errno               00000001004041c8     ucrtd:ucrtbased.dll
 0002:000001d0       __imp__cexit               00000001004041d0     ucrtd:ucrtbased.dll
 0002:000001d8       __imp__set_fmode           00000001004041d8     ucrtd:ucrtbased.dll
 0002:000001e0       __imp__exit                00000001004041e0     ucrtd:ucrtbased.dll
 0002:000001e8       __imp__open                00000001004041e8     ucrtd:ucrtbased.dll
 0002:000001e8       __imp_open                 00000001004041e8     ucrtd:ucrtbased.dll
 0002:000001f0       __imp__initterm_e          00000001004041f0     ucrtd:ucrtbased.dll
 0002:000001f8       __imp__configthreadlocale  00000001004041f8     ucrtd:ucrtbased.dll
 0002:00000200       \177ucrtbased_NULL_THUNK_DATA 0000000100404200     ucrtd:ucrtbased.dll
 0002:00000208       __guard_check_icall_fptr   0000000100404208     MSVCRTD:guard_support.obj
 0002:00000210       __guard_xfg_check_icall_fptr 0000000100404210     MSVCRTD:guard_support.obj
 0002:00000218       __guard_dispatch_icall_fptr 0000000100404218     MSVCRTD:guard_support.obj
 0002:00000220       __guard_xfg_dispatch_icall_fptr 0000000100404220     MSVCRTD:guard_support.obj
 0002:00000228       __guard_xfg_table_dispatch_icall_fptr 0000000100404228     MSVCRTD:guard_support.obj
 0002:00000230       __castguard_check_failure_os_handled_fptr 0000000100404230     MSVCRTD:guard_support.obj
 0002:00000238       __guard_memcpy_fptr        0000000100404238     vcruntimed:softmemtag.obj
 0002:00000240       __xc_a                     0000000100404240     MSVCRTD:initializers.obj
 0002:00000250       __xc_z                     0000000100404250     MSVCRTD:initializers.obj
 0002:00000258       __xi_a                     0000000100404258     MSVCRTD:initializers.obj
 0002:00000270       __xi_z                     0000000100404270     MSVCRTD:initializers.obj
 0002:00000278       __xp_a                     0000000100404278     MSVCRTD:initializers.obj
 0002:00000280       __xp_z                     0000000100404280     MSVCRTD:initializers.obj
 0002:00000288       __xt_a                     0000000100404288     MSVCRTD:initializers.obj
 0002:00000290       __xt_z                     0000000100404290     MSVCRTD:initializers.obj
 0002:00000330       _load_config_used          0000000100404330     MSVCRTD:loadcfg.obj
 0002:00000500       __CastGuardVftablesStart   0000000100404500     MSVCRTD:guard_support.obj
 0002:00000580       __CastGuardVftablesEnd     0000000100404580     MSVCRTD:guard_support.obj
 0002:00000600       __volatile_metadata        0000000100404600     <linker-defined>
 0002:000009c8       __rtc_iaa                  00000001004049c8     MSVCRTD:initsect.obj
 0002:000009d0       __rtc_izz                  00000001004049d0     MSVCRTD:initsect.obj
 0002:000009d8       __rtc_taa                  00000001004049d8     MSVCRTD:initsect.obj
 0002:000009e0       __rtc_tzz                  00000001004049e0     MSVCRTD:initsect.obj
 0002:00000c8c       __IMPORT_DESCRIPTOR_hdasd  0000000100404c8c     hdasd:hdasd.dll
 0002:00000ca0       __IMPORT_DESCRIPTOR_hutil  0000000100404ca0     hutil:hutil.dll
 0002:00000cb4       __IMPORT_DESCRIPTOR_VCRUNTIME140D 0000000100404cb4     vcruntimed:VCRUNTIME140D.dll
 0002:00000cc8       __IMPORT_DESCRIPTOR_ucrtbased 0000000100404cc8     ucrtd:ucrtbased.dll
 0002:00000cdc       __IMPORT_DESCRIPTOR_KERNEL32 0000000100404cdc     kernel32:KERNEL32.dll
 0002:00000cf0       __NULL_IMPORT_DESCRIPTOR   0000000100404cf0     hdasd:hdasd.dll
 0003:000003a0       __security_cookie_complement 00000001004063a0     MSVCRTD:gs_cookie.obj
 0003:000003a8       __security_cookie          00000001004063a8     MSVCRTD:gs_cookie.obj
 0003:000003b0       __scrt_native_dllmain_reason 00000001004063b0     MSVCRTD:utility.obj
 0003:000003b4       __scrt_default_matherr     00000001004063b4     MSVCRTD:matherr.obj
 0003:000003b8       __isa_available            00000001004063b8     MSVCRTD:cpu_disp.obj
 0003:000003bc       __isa_enabled              00000001004063bc     MSVCRTD:cpu_disp.obj
 0003:000003c0       __memset_fast_string_threshold 00000001004063c0     MSVCRTD:cpu_disp.obj
 0003:000003c8       __memset_nt_threshold      00000001004063c8     MSVCRTD:cpu_disp.obj
 0003:000003d0       __scrt_ucrt_dll_is_in_use  00000001004063d0     MSVCRTD:ucrt_stubs.obj
 0003:00000950       __scrt_current_native_startup_state 0000000100406950     MSVCRTD:utility.obj
 0003:00000958       __scrt_native_startup_lock 0000000100406958     MSVCRTD:utility.obj
 0003:000009a0       ?__type_info_root_node@@3U__type_info_node@@A 00000001004069a0     MSVCRTD:tncleanup.obj
 0003:000009b0       ?_OptionsStorage@?1??__local_stdio_printf_options@@9@4_KA 00000001004069b0     MSVCRTD:default_local_stdio_options.obj
 0003:000009b8       ?_OptionsStorage@?1??__local_stdio_scanf_options@@9@4_KA 00000001004069b8     MSVCRTD:default_local_stdio_options.obj
 0003:000009c0       __scrt_debugger_hook_flag  00000001004069c0     MSVCRTD:utility_desktop.obj
 0003:000009c4       __favor                    00000001004069c4     MSVCRTD:cpu_disp.obj
 0003:000009c8       __@@_PchSym_@00@UkzkzUnbtrgUsbkvirlmRaevxgliUnhexOwvyftOznwGEOlyqUyfrowPkxsOlyq@4B2008FD98C1DD4 00000001004069c8     <common>
 0003:000009d0       __dyn_tls_dtor_callback    00000001004069d0     <common>
 0003:000009d8       __dyn_tls_init_callback    00000001004069d8     <common>

 entry point at        0001:00001090

 Static symbols

 0000:00000000       _volmd                     0000000100400000     dasdser.obj
 0000:fffd5000       .debug$S                   0000000100400000     kernel32:KERNEL32.dll
 0000:fffd5000       .debug$S                   0000000100400000     kernel32:KERNEL32.dll
 0000:fffd5000       .debug$S                   0000000100400000     kernel32:KERNEL32.dll
 0000:fffd5000       .debug$S                   0000000100400000     kernel32:KERNEL32.dll
 0000:fffd5000       .debug$S                   0000000100400000     kernel32:KERNEL32.dll
 0000:fffd5000       .debug$S                   0000000100400000     kernel32:KERNEL32.dll
 0000:fffd5000       .debug$S                   0000000100400000     kernel32:KERNEL32.dll
 0000:fffd5000       .debug$S                   0000000100400000     kernel32:KERNEL32.dll
 0000:fffd5000       .debug$S                   0000000100400000     kernel32:KERNEL32.dll
 0000:fffd5000       .debug$S                   0000000100400000     kernel32:KERNEL32.dll
 0000:fffd5000       .debug$S                   0000000100400000     kernel32:KERNEL32.dll
 0000:fffd5000       .debug$S                   0000000100400000     kernel32:KERNEL32.dll
 0000:fffd5000       .debug$S                   0000000100400000     kernel32:KERNEL32.dll
 0000:fffd5000       .debug$S                   0000000100400000     kernel32:KERNEL32.dll
 0000:fffd5000       .debug$S                   0000000100400000     kernel32:KERNEL32.dll
 0000:fffd5000       .debug$S                   0000000100400000     kernel32:KERNEL32.dll
 0000:fffd5000       .debug$S                   0000000100400000     ucrtd:ucrtbased.dll
 0000:fffd5000       .debug$S                   0000000100400000     ucrtd:ucrtbased.dll
 0000:fffd5000       .debug$S                   0000000100400000     ucrtd:ucrtbased.dll
 0000:fffd5000       .debug$S                   0000000100400000     ucrtd:ucrtbased.dll
 0000:fffd5000       .debug$S                   0000000100400000     ucrtd:ucrtbased.dll
 0000:fffd5000       .debug$S                   0000000100400000     ucrtd:ucrtbased.dll
 0000:fffd5000       .debug$S                   0000000100400000     ucrtd:ucrtbased.dll
 0000:fffd5000       .debug$S                   0000000100400000     ucrtd:ucrtbased.dll
 0000:fffd5000       .debug$S                   0000000100400000     ucrtd:ucrtbased.dll
 0000:fffd5000       .debug$S                   0000000100400000     ucrtd:ucrtbased.dll
 0000:fffd5000       .debug$S                   0000000100400000     ucrtd:ucrtbased.dll
 0000:fffd5000       .debug$S                   0000000100400000     ucrtd:ucrtbased.dll
 0000:fffd5000       .debug$S                   0000000100400000     ucrtd:ucrtbased.dll
 0000:fffd5000       .debug$S                   0000000100400000     ucrtd:ucrtbased.dll
 0000:fffd5000       .debug$S                   0000000100400000     ucrtd:ucrtbased.dll
 0000:fffd5000       .debug$S                   0000000100400000     ucrtd:ucrtbased.dll
 0000:fffd5000       .debug$S                   0000000100400000     ucrtd:ucrtbased.dll
 0000:fffd5000       .debug$S                   0000000100400000     ucrtd:ucrtbased.dll
 0000:fffd5000       .debug$S                   0000000100400000     ucrtd:ucrtbased.dll
 0000:fffd5000       .debug$S                   0000000100400000     ucrtd:ucrtbased.dll
 0000:fffd5000       .debug$S                   0000000100400000     ucrtd:ucrtbased.dll
 0000:fffd5000       .debug$S                   0000000100400000     ucrtd:ucrtbased.dll
 0000:fffd5000       .debug$S                   0000000100400000     ucrtd:ucrtbased.dll
 0000:fffd5000       .debug$S                   0000000100400000     ucrtd:ucrtbased.dll
 0000:fffd5000       .debug$S                   0000000100400000     ucrtd:ucrtbased.dll
 0000:fffd5000       .debug$S                   0000000100400000     ucrtd:ucrtbased.dll
 0000:fffd5000       .debug$S                   0000000100400000     ucrtd:ucrtbased.dll
 0000:fffd5000       .debug$S                   0000000100400000     ucrtd:ucrtbased.dll
 0000:fffd5000       .debug$S                   0000000100400000     ucrtd:ucrtbased.dll
 0000:fffd5000       .debug$S                   0000000100400000     ucrtd:ucrtbased.dll
 0000:fffd5000       .debug$S                   0000000100400000     ucrtd:ucrtbased.dll
 0000:fffd5000       .debug$S                   0000000100400000     ucrtd:ucrtbased.dll
 0000:fffd5000       .debug$S                   0000000100400000     ucrtd:ucrtbased.dll
 0000:fffd5000       .debug$S                   0000000100400000     ucrtd:ucrtbased.dll
 0000:00000000       _volmd                     0000000100400000     MSVCRTD:cpu_disp.obj
 0002:ffffc000       __guard_ehcont_?__scrt_common_main_seh@@YAHXZ 0000000100400000     MSVCRTD:exe_main.obj
 0002:ffffc000       __guard_fids_?pre_c_initialization@@YAHXZ 0000000100400000     MSVCRTD:exe_main.obj
 0002:ffffc000       __guard_fids__             0000000100400000     MSVCRTD:exe_main.obj
 0000:00000000       _volmd                     0000000100400000     MSVCRTD:gs_report.obj
 0000:00000000       _volmd                     0000000100400000     MSVCRTD:gs_report.obj
 0000:00000000       _volmd                     0000000100400000     MSVCRTD:gs_report.obj
 0002:ffffc000       __guard_fids__             0000000100400000     MSVCRTD:guard_support.obj
 0002:ffffc000       __guard_fids__             0000000100400000     MSVCRTD:guard_support.obj
 0002:ffffc000       __guard_fids__guard_icall_checks_enforced 0000000100400000     MSVCRTD:guard_support.obj
 0000:00000000       _volmd                     0000000100400000     MSVCRTD:guard_support.obj
 0000:00000000       _volmd                     0000000100400000     MSVCRTD:guard_support.obj
 0002:ffffc000       $unwind$?configure_argv@__scrt_narrow_argv_policy@@SAHXZ 0000000100400000     MSVCRTD:utility.obj
 0002:ffffc000       $unwind$?initialize_environment@__scrt_narrow_environment_policy@@SAHXZ 0000000100400000     MSVCRTD:utility.obj
 0002:ffffc000       __guard_ehcont___scrt_is_nonwritable_in_current_image 0000000100400000     MSVCRTD:utility.obj
 0000:00000000       _volmd                     0000000100400000     MSVCRTD:utility.obj
 0000:00000000       _volmd                     0000000100400000     MSVCRTD:utility.obj
 0000:00000000       _volmd                     0000000100400000     MSVCRTD:utility.obj
 0002:ffffc000       __guard_fids___scrt_set_unhandled_exception_filter 0000000100400000     MSVCRTD:utility_desktop.obj
 0000:00000000       _volmd                     0000000100400000     MSVCRTD:utility_desktop.obj
 0002:ffffc000       __guard_fids__             0000000100400000     vcruntimed:softmemtag.obj
 0000:fffd5000       .debug$S                   0000000100400000     vcruntimed:VCRUNTIME140D.dll
 0000:fffd5000       .debug$S                   0000000100400000     vcruntimed:VCRUNTIME140D.dll
 0000:fffd5000       .debug$S                   0000000100400000     vcruntimed:VCRUNTIME140D.dll
 0000:fffd5000       .debug$S                   0000000100400000     vcruntimed:VCRUNTIME140D.dll
 0000:fffd5000       .debug$S                   0000000100400000     vcruntimed:VCRUNTIME140D.dll
 0000:fffd5000       .debug$S                   0000000100400000     hdasd:hdasd.dll
 0000:fffd5000       .debug$S                   0000000100400000     hutil:hutil.dll
 0000:fffd5000       .debug$S                   0000000100400000     hutil:hutil.dll
 0000:fffd5000       .debug$S                   0000000100400000     hutil:hutil.dll
 0000:fffd5000       .debug$S                   0000000100400000     hutil:hutil.dll
 0002:ffffc004       __guard_fids__             0000000100400004     MSVCRTD:exe_main.obj
 0002:ffffc008       __guard_fids__             0000000100400008     MSVCRTD:exe_main.obj
 0001:00000000       retcode                    0000000100401000 f   dasdser.obj
 0001:00000a40       capture_current_context    0000000100401a40 f   MSVCRTD:gs_report.obj
 0001:00000ae0       capture_previous_context   0000000100401ae0 f   MSVCRTD:gs_report.obj
 0001:00000ce0       $$000000                   0000000100401ce0     MSVCRTD:amdsecgs.obj
 0001:00000d10       ?pre_c_initialization@@YAHXZ 0000000100401d10 f   MSVCRTD:exe_main.obj
 0001:00000dd0       ?post_pgo_initialization@@YAHXZ 0000000100401dd0 f   MSVCRTD:exe_main.obj
 0001:00000de0       ?pre_cpp_initialization@@YAXXZ 0000000100401de0 f   MSVCRTD:exe_main.obj
 0001:00000e00       ?__scrt_common_main@@YAHXZ 0000000100401e00 f   MSVCRTD:exe_main.obj
 0001:00000e20       ?__scrt_common_main_seh@@YAHXZ 0000000100401e20 f   MSVCRTD:exe_main.obj
 0001:00000ff0       ?invoke_main@@YAHXZ        0000000100401ff0 f   MSVCRTD:exe_main.obj
 0001:000010b0       ?find_pe_section@@YAPEAU_IMAGE_SECTION_HEADER@@QEAE_K@Z 00000001004020b0 f   MSVCRTD:utility.obj
 0001:00001180       ?is_potentially_valid_image_base@@YA_NQEAX@Z 0000000100402180 f   MSVCRTD:utility.obj
 0001:00001760       __get_entropy              0000000100402760 f   MSVCRTD:gs_support.obj
 0001:00001f60       __castguard_check_failure_os_handled_wrapper 0000000100402f60 f   MSVCRTD:guard_support.obj
 0001:00001f90       __castguard_compat_check   0000000100402f90 f   MSVCRTD:guard_support.obj
 0001:000020f0       __castguard_slow_path_compat_check 00000001004030f0 f   MSVCRTD:guard_support.obj
 0001:00002740       $$000000                   0000000100403740     MSVCRTD:guard_dispatch.obj
 0001:00002760       $$000000                   0000000100403760     MSVCRTD:guard_xfg_dispatch.obj
 0001:00002780       ?filt$0@?0??__scrt_common_main_seh@@YAHXZ@4HA 0000000100403780 f   MSVCRTD:exe_main.obj
 0001:000027b0       __scrt_is_nonwritable_in_current_image$filt$0 00000001004037b0 f   MSVCRTD:utility.obj
 0002:00000248       ?pre_cpp_initializer@@3P6AXXZEA 0000000100404248     MSVCRTD:exe_main.obj
 0002:00000260       ?pre_c_initializer@@3P6AHXZEA 0000000100404260     MSVCRTD:exe_main.obj
 0002:00000268       ?post_pgo_initializer@@3P6AHXZEA 0000000100404268     MSVCRTD:exe_main.obj
 0002:000002a0       CKD_ENDTRK                 00000001004042a0     dasdser.obj
 0002:000002a8       VOL1_KEYA                  00000001004042a8     dasdser.obj
 0002:000002ac       VOL1_KEY                   00000001004042ac     dasdser.obj
 0002:000002b0       IPL1_KEY                   00000001004042b0     dasdser.obj
 0002:000002b4       IPL2_KEY                   00000001004042b4     dasdser.obj
 0002:000002b8       iplpsw                     00000001004042b8     dasdser.obj
 0002:000002c0       iplccw1                    00000001004042c0     dasdser.obj
 0002:000002c8       iplccw2                    00000001004042c8     dasdser.obj
 0002:000002d0       noiplpsw                   00000001004042d0     dasdser.obj
 0002:000002d8       noiplccw1                  00000001004042d8     dasdser.obj
 0002:000002e0       noiplccw2                  00000001004042e0     dasdser.obj
 0002:000002e8       ipl2data                   00000001004042e8     dasdser.obj
 0002:00000318       GS_ExceptionPointers       0000000100404318     MSVCRTD:gs_report.obj
 0002:000009e8       $unwind$retcode            00000001004049e8     dasdser.obj
 0002:000009f0       $unwind$main               00000001004049f0     dasdser.obj
 0002:00000a04       $unwind$__report_securityfailure 0000000100404a04     MSVCRTD:gs_report.obj
 0002:00000a0c       $unwind$__report_securityfailureEx 0000000100404a0c     MSVCRTD:gs_report.obj
 0002:00000a14       $unwind$__report_rangecheckfailure 0000000100404a14     MSVCRTD:gs_report.obj
 0002:00000a1c       $unwind$__report_gsfailure 0000000100404a1c     MSVCRTD:gs_report.obj
 0002:00000a24       $unwind$capture_current_context 0000000100404a24     MSVCRTD:gs_report.obj
 0002:00000a2c       $unwind$capture_previous_context 0000000100404a2c     MSVCRTD:gs_report.obj
 0002:00000a34       $unwind$__raise_securityfailure 0000000100404a34     MSVCRTD:gs_report.obj
 0002:00000a3c       $unwind$__GSHandlerCheckCommon 0000000100404a3c     MSVCRTD:gshandler.obj
 0002:00000a44       $unwind$__GSHandlerCheck   0000000100404a44     MSVCRTD:gshandler.obj
 0002:00000a50       $xdatasym                  0000000100404a50     MSVCRTD:amdsecgs.obj
 0002:00000a54       $unwind$?configure_argv@__scrt_narrow_argv_policy@@SAHXZ 0000000100404a54     MSVCRTD:exe_main.obj
 0002:00000a5c       $unwind$?initialize_environment@__scrt_narrow_environment_policy@@SAHXZ 0000000100404a5c     MSVCRTD:exe_main.obj
 0002:00000a64       $unwind$?set_app_type@__scrt_main_policy@@SAXXZ 0000000100404a64     MSVCRTD:exe_main.obj
 0002:00000a6c       $unwind$?set_fmode@__scrt_file_policy@@SAXXZ 0000000100404a6c     MSVCRTD:exe_main.obj
 0002:00000a74       $unwind$?set_commode@__scrt_file_policy@@SAXXZ 0000000100404a74     MSVCRTD:exe_main.obj
 0002:00000a7c       $unwind$?invoke_main@@YAHXZ 0000000100404a7c     MSVCRTD:exe_main.obj
 0002:00000a84       $unwind$?pre_c_initialization@@YAHXZ 0000000100404a84     MSVCRTD:exe_main.obj
 0002:00000a8c       $unwind$?post_pgo_initialization@@YAHXZ 0000000100404a8c     MSVCRTD:exe_main.obj
 0002:00000a94       $unwind$?pre_cpp_initialization@@YAXXZ 0000000100404a94     MSVCRTD:exe_main.obj
 0002:00000a9c       $unwind$?__scrt_common_main_seh@@YAHXZ 0000000100404a9c     MSVCRTD:exe_main.obj
 0002:00000abc       $unwind$?filt$0@?0??__scrt_common_main_seh@@YAHXZ@4HA 0000000100404abc     MSVCRTD:exe_main.obj
 0002:00000ac4       $unwind$?__scrt_common_main@@YAHXZ 0000000100404ac4     MSVCRTD:exe_main.obj
 0002:00000acc       $unwind$mainCRTStartup     0000000100404acc     MSVCRTD:exe_main.obj
 0002:00000ad4       $unwind$atexit             0000000100404ad4     MSVCRTD:utility.obj
 0002:00000adc       $unwind$_onexit            0000000100404adc     MSVCRTD:utility.obj
 0002:00000ae4       $unwind$at_quick_exit      0000000100404ae4     MSVCRTD:utility.obj
 0002:00000aec       $unwind$__scrt_is_nonwritable_in_current_image 0000000100404aec     MSVCRTD:utility.obj
 0002:00000b0c       $unwind$__scrt_is_nonwritable_in_current_image$filt$0 0000000100404b0c     MSVCRTD:utility.obj
 0002:00000b14       $unwind$__scrt_acquire_startup_lock 0000000100404b14     MSVCRTD:utility.obj
 0002:00000b1c       $unwind$__scrt_release_startup_lock 0000000100404b1c     MSVCRTD:utility.obj
 0002:00000b24       $unwind$__scrt_initialize_crt 0000000100404b24     MSVCRTD:utility.obj
 0002:00000b2c       $unwind$__scrt_uninitialize_crt 0000000100404b2c     MSVCRTD:utility.obj
 0002:00000b34       $unwind$__scrt_initialize_onexit_tables 0000000100404b34     MSVCRTD:utility.obj
 0002:00000b40       $unwind$__scrt_dllmain_exception_filter 0000000100404b40     MSVCRTD:utility.obj
 0002:00000b48       $unwind$__scrt_dllmain_before_initialize_c 0000000100404b48     MSVCRTD:utility.obj
 0002:00000b50       $unwind$__scrt_dllmain_after_initialize_c 0000000100404b50     MSVCRTD:utility.obj
 0002:00000b58       $unwind$__scrt_dllmain_uninitialize_c 0000000100404b58     MSVCRTD:utility.obj
 0002:00000b60       $unwind$__scrt_dllmain_uninitialize_critical 0000000100404b60     MSVCRTD:utility.obj
 0002:00000b68       $unwind$__scrt_dllmain_crt_thread_attach 0000000100404b68     MSVCRTD:utility.obj
 0002:00000b70       $unwind$__scrt_dllmain_crt_thread_detach 0000000100404b70     MSVCRTD:utility.obj
 0002:00000b78       $unwind$?is_potentially_valid_image_base@@YA_NQEAX@Z 0000000100404b78     MSVCRTD:utility.obj
 0002:00000b80       $unwind$?find_pe_section@@YAPEAU_IMAGE_SECTION_HEADER@@QEAE_K@Z 0000000100404b80     MSVCRTD:utility.obj
 0002:00000b88       $unwind$__security_init_cookie 0000000100404b88     MSVCRTD:gs_support.obj
 0002:00000b90       $unwind$__get_entropy      0000000100404b90     MSVCRTD:gs_support.obj
 0002:00000b98       $unwind$?__scrt_initialize_type_info@@YAXXZ 0000000100404b98     MSVCRTD:tncleanup.obj
 0002:00000ba0       $unwind$?__scrt_uninitialize_type_info@@YAXXZ 0000000100404ba0     MSVCRTD:tncleanup.obj
 0002:00000ba8       $unwind$__scrt_initialize_default_local_stdio_options 0000000100404ba8     MSVCRTD:default_local_stdio_options.obj
 0002:00000bb0       $unwind$__scrt_is_user_matherr_present 0000000100404bb0     MSVCRTD:matherr_detection.obj
 0002:00000bb8       $unwind$__scrt_get_show_window_mode 0000000100404bb8     MSVCRTD:utility_desktop.obj
 0002:00000bc4       $unwind$__scrt_is_managed_app 0000000100404bc4     MSVCRTD:utility_desktop.obj
 0002:00000bcc       $unwind$__scrt_initialize_mta 0000000100404bcc     MSVCRTD:utility_desktop.obj
 0002:00000bd4       $unwind$__scrt_set_unhandled_exception_filter 0000000100404bd4     MSVCRTD:utility_desktop.obj
 0002:00000bdc       $unwind$__scrt_fastfail    0000000100404bdc     MSVCRTD:utility_desktop.obj
 0002:00000be8       $unwind$__scrt_unhandled_exception_filter 0000000100404be8     MSVCRTD:utility_desktop.obj
 0002:00000bf0       $unwind$_RTC_Initialize    0000000100404bf0     MSVCRTD:initsect.obj
 0002:00000bfc       $unwind$_RTC_Terminate     0000000100404bfc     MSVCRTD:initsect.obj
 0002:00000c08       $unwind$ReadNoFence64      0000000100404c08     MSVCRTD:guard_support.obj
 0002:00000c10       $unwind$ReadPointerNoFence 0000000100404c10     MSVCRTD:guard_support.obj
 0002:00000c18       $unwind$_guard_icall_checks_enforced 0000000100404c18     MSVCRTD:guard_support.obj
 0002:00000c20       $unwind$__castguard_compat_check 0000000100404c20     MSVCRTD:guard_support.obj
 0002:00000c28       $unwind$__castguard_check_failure_os_handled_wrapper 0000000100404c28     MSVCRTD:guard_support.obj
 0002:00000c30       $unwind$__castguard_check_failure_debugbreak 0000000100404c30     MSVCRTD:guard_support.obj
 0002:00000c38       $unwind$__castguard_check_failure_fastfail 0000000100404c38     MSVCRTD:guard_support.obj
 0002:00000c40       $unwind$__castguard_check_failure_os_handled 0000000100404c40     MSVCRTD:guard_support.obj
 0002:00000c48       $unwind$__castguard_slow_path_compat_check 0000000100404c48     MSVCRTD:guard_support.obj
 0002:00000c50       $unwind$__castguard_slow_path_check_debugbreak 0000000100404c50     MSVCRTD:guard_support.obj
 0002:00000c58       $unwind$__castguard_slow_path_check_fastfail 0000000100404c58     MSVCRTD:guard_support.obj
 0002:00000c60       $unwind$__castguard_slow_path_check_os_handled 0000000100404c60     MSVCRTD:guard_support.obj
 0002:00000c68       $unwind$__isa_available_init 0000000100404c68     MSVCRTD:cpu_disp.obj
 0002:00000c78       $unwind$__scrt_is_ucrt_dll_in_use 0000000100404c78     MSVCRTD:ucrt_detection.obj
 0002:00000c80       $xdatasym                  0000000100404c80     MSVCRTD:guard_dispatch.obj
 0002:00000c88       $xdatasym                  0000000100404c88     MSVCRTD:guard_xfg_dispatch.obj
 0002:00000f22       .idata$6                   0000000100404f22     hdasd:hdasd.dll
 0002:00000f6c       .idata$6                   0000000100404f6c     hutil:hutil.dll
 0002:00000fe2       .idata$6                   0000000100404fe2     vcruntimed:VCRUNTIME140D.dll
 0002:0000123c       .idata$6                   000000010040523c     ucrtd:ucrtbased.dll
 0002:000013ba       .idata$6                   00000001004053ba     kernel32:KERNEL32.dll
 0003:00000000       $SG159575                  0000000100406000     dasdser.obj
 0003:00000020       $SG159576                  0000000100406020     dasdser.obj
 0003:00000028       $SG159579                  0000000100406028     dasdser.obj
 0003:00000030       $SG159580                  0000000100406030     dasdser.obj
 0003:00000108       $SG159581                  0000000100406108     dasdser.obj
 0003:00000110       $SG159582                  0000000100406110     dasdser.obj
 0003:0000011c       $SG159586                  000000010040611c     dasdser.obj
 0003:00000124       $SG159587                  0000000100406124     dasdser.obj
 0003:00000128       $SG159588                  0000000100406128     dasdser.obj
 0003:00000144       $SG159589                  0000000100406144     dasdser.obj
 0003:0000014c       $SG159592                  000000010040614c     dasdser.obj
 0003:00000154       $SG159593                  0000000100406154     dasdser.obj
 0003:00000158       $SG159590                  0000000100406158     dasdser.obj
 0003:00000164       $SG159600                  0000000100406164     dasdser.obj
 0003:0000016c       $SG159601                  000000010040616c     dasdser.obj
 0003:00000170       $SG159594                  0000000100406170     dasdser.obj
 0003:00000198       $SG159595                  0000000100406198     dasdser.obj
 0003:000001a0       $SG159596                  00000001004061a0     dasdser.obj
 0003:000001ac       $SG159605                  00000001004061ac     dasdser.obj
 0003:000001b0       $SG159602                  00000001004061b0     dasdser.obj
 0003:000001d8       $SG159603                  00000001004061d8     dasdser.obj
 0003:000001e0       $SG159604                  00000001004061e0     dasdser.obj
 0003:000001ec       $SG159610                  00000001004061ec     dasdser.obj
 0003:000001f0       $SG159606                  00000001004061f0     dasdser.obj
 0003:00000220       $SG159607                  0000000100406220     dasdser.obj
 0003:00000228       $SG159608                  0000000100406228     dasdser.obj
 0003:00000234       $SG159618                  0000000100406234     dasdser.obj
 0003:00000238       $SG159611                  0000000100406238     dasdser.obj
 0003:00000268       $SG159612                  0000000100406268     dasdser.obj
 0003:00000270       $SG159613                  0000000100406270     dasdser.obj
 0003:0000027c       $SG159624                  000000010040627c     dasdser.obj
 0003:00000280       $SG159617                  0000000100406280     dasdser.obj
 0003:00000288       $SG159619                  0000000100406288     dasdser.obj
 0003:000002b0       $SG159620                  00000001004062b0     dasdser.obj
 0003:000002b8       $SG159621                  00000001004062b8     dasdser.obj
 0003:000002c4       $SG159629                  00000001004062c4     dasdser.obj
 0003:000002c8       $SG159623                  00000001004062c8     dasdser.obj
 0003:000002d0       $SG159625                  00000001004062d0     dasdser.obj
 0003:000002f8       $SG159626                  00000001004062f8     dasdser.obj
 0003:00000300       $SG159627                  0000000100406300     dasdser.obj
 0003:0000030c       $SG159634                  000000010040630c     dasdser.obj
 0003:00000310       $SG159628                  0000000100406310     dasdser.obj
 0003:00000320       $SG159630                  0000000100406320     dasdser.obj
 0003:0000033c       $SG159631                  000000010040633c     dasdser.obj
 0003:00000348       $SG159632                  0000000100406348     dasdser.obj
 0003:00000358       $SG159633                  0000000100406358     dasdser.obj
 0003:00000368       $SG159635                  0000000100406368     dasdser.obj
 0003:00000380       $SG159636                  0000000100406380     dasdser.obj
 0003:00000388       $SG159637                  0000000100406388     dasdser.obj
 0003:000003e0       GS_ExceptionRecord         00000001004063e0     MSVCRTD:gs_report.obj
 0003:00000480       GS_ContextRecord           0000000100406480     MSVCRTD:gs_report.obj
 0003:00000960       ?is_initialized_as_dll@@3_NA 0000000100406960     MSVCRTD:utility.obj
 0003:00000961       ?module_local_atexit_table_initialized@@3_NA 0000000100406961     MSVCRTD:utility.obj
 0003:00000968       ?module_local_atexit_table@@3U_onexit_table_t@@A 0000000100406968     MSVCRTD:utility.obj
 0003:00000980       ?module_local_at_quick_exit_table@@3U_onexit_table_t@@A 0000000100406980     MSVCRTD:utility.obj
 0005:000002d0       $R000000                   00000001004082d0     hercdasd.res
 0005:00000878       $R0005A8                   0000000100408878     hercdasd.res
 0005:000009a0       $R0006D0                   00000001004089a0     hercdasd.res
 0005:00000f08       $R000C38                   0000000100408f08     hercdasd.res
 0005:00001370       $R0010A0                   0000000100409370     hercdasd.res
 0005:00001658       $R001388                   0000000100409658     hercdasd.res
 0005:00001f00       $R001C30                   0000000100409f00     hercdasd.res
 0005:00002fa8       $R002CD8                   000000010040afa8     hercdasd.res
 0005:00003610       $R003340                   000000010040b610     hercdasd.res
 0005:000044b8       $R0041E8                   000000010040c4b8     hercdasd.res
 0005:00006a60       $R006790                   000000010040ea60     hercdasd.res
 0005:0000ff08       $R00FC38                   0000000100417f08     hercdasd.res
 0005:00021820       $R021550                   0000000100429820     hercdasd.res
