 dyncrypt

 Timestamp is 63e3da0e (Wed Feb  8 18:21:18 2023)

 Preferred load address is 0000000100400000

 Start         Length     Name                   Class
 0001:00000000 000354f0H .text$mn                CODE
 0001:000354f0 00000040H .text$mn$00             CODE
 0001:00035530 00000100H .text$x                 CODE
 0002:00000000 00000288H .idata$5                DATA
 0002:00000288 00000038H .00cfg                  DATA
 0002:000002c0 00000008H .CRT$XCA                DATA
 0002:000002c8 00000008H .CRT$XCZ                DATA
 0002:000002d0 00000008H .CRT$XIA                DATA
 0002:000002d8 00000008H .CRT$XIZ                DATA
 0002:000002e0 00000008H .CRT$XPA                DATA
 0002:000002e8 00000008H .CRT$XPZ                DATA
 0002:000002f0 00000008H .CRT$XTA                DATA
 0002:000002f8 00000008H .CRT$XTZ                DATA
 0002:00000300 00000000H .gehcont$y              DATA
 0002:00000300 00000000H .gfids$y                DATA
 0002:00000300 00004600H .rdata                  DATA
 0002:00004900 00000080H .rdata$CastGuardVftablesA DATA
 0002:00004980 00000080H .rdata$CastGuardVftablesC DATA
 0002:00004a00 00000330H .rdata$voltmd           DATA
 0002:00004d30 00000338H .rdata$zzzdbg           DATA
 0002:00005068 00000008H .rtc$IAA                DATA
 0002:00005070 00000020H .rtc$IMZ                DATA
 0002:00005090 00000008H .rtc$IZZ                DATA
 0002:00005098 00000008H .rtc$TAA                DATA
 0002:000050a0 00000020H .rtc$TMZ                DATA
 0002:000050c0 00000008H .rtc$TZZ                DATA
 0002:000050c8 00000d48H .xdata                  DATA
 0002:00005e10 00000098H .edata                  DATA
 0002:00005ea8 00000078H .idata$2                DATA
 0002:00005f20 00000018H .idata$3                DATA
 0002:00005f38 00000288H .idata$4                DATA
 0002:000061c0 0000064aH .idata$6                DATA
 0003:00000000 00000f30H .data                   DATA
 0003:00000f30 00000630H .bss                    DATA
 0004:00000000 00000c60H .pdata                  DATA
 0005:00000000 000002d0H .rsrc$01                DATA
 0005:000002d0 00013998H .rsrc$02                DATA

  Address         Publics by Value              Rva+Base               Lib:Object

 0000:00000000       __AbsoluteZero             0000000000000000     <absolute>
 0000:00000000       ___safe_se_handler_count   0000000000000000     <absolute>
 0000:00000000       ___safe_se_handler_table   0000000000000000     <absolute>
 0000:00000000       __arm64x_extra_rfe_table   0000000000000000     <absolute>
 0000:00000000       __arm64x_extra_rfe_table_size 0000000000000000     <absolute>
 0000:00000000       __arm64x_native_entrypoint 0000000000000000     <absolute>
 0000:00000000       __arm64x_redirection_metadata 0000000000000000     <absolute>
 0000:00000000       __arm64x_redirection_metadata_count 0000000000000000     <absolute>
 0000:00000000       __dynamic_value_reloc_table 0000000000000000     <absolute>
 0000:00000000       __enclave_config           0000000000000000     <absolute>
 0000:00000000       __guard_check_icall_a64n_fptr 0000000000000000     <absolute>
 0000:00000000       __guard_eh_cont_count      0000000000000000     <absolute>
 0000:00000000       __guard_eh_cont_table      0000000000000000     <absolute>
 0000:00000000       __guard_fids_count         0000000000000000     <absolute>
 0000:00000000       __guard_fids_table         0000000000000000     <absolute>
 0000:00000000       __guard_iat_count          0000000000000000     <absolute>
 0000:00000000       __guard_iat_table          0000000000000000     <absolute>
 0000:00000000       __guard_longjmp_count      0000000000000000     <absolute>
 0000:00000000       __guard_longjmp_table      0000000000000000     <absolute>
 0000:00000000       __hybrid_auxiliary_iat     0000000000000000     <absolute>
 0000:00000000       __hybrid_auxiliary_iat_copy 0000000000000000     <absolute>
 0000:00000000       __hybrid_code_map          0000000000000000     <absolute>
 0000:00000000       __hybrid_code_map_count    0000000000000000     <absolute>
 0000:00000000       __x64_code_ranges_to_entry_points 0000000000000000     <absolute>
 0000:00000000       __x64_code_ranges_to_entry_points_count 0000000000000000     <absolute>
 0000:00000100       __guard_flags              0000000000000100     <absolute>
 0000:00000000       __ImageBase                0000000100400000     <linker-defined>
 0001:00000000       crypto_fetch32             0000000100401000 f   dyncrypt.obj
 0001:00000030       crypto_store32             0000000100401030 f   dyncrypt.obj
 0001:00000060       crypto_cswap32             0000000100401060 f   dyncrypt.obj
 0001:00000080       crypto_cswap64             0000000100401080 f   dyncrypt.obj
 0001:000000a0       crypto_secure0             00000001004010a0 f   dyncrypt.obj
 0001:00000160       gcm_gf_mult                0000000100401160 f   dyncrypt.obj
 0001:000002c0       xts_mult_x                 00000001004012c0 f   dyncrypt.obj
 0001:00000370       xts_gf_mult                0000000100401370 f   dyncrypt.obj
 0001:00000cf0       shift_left                 0000000100401cf0 f   dyncrypt.obj
 0001:00000e00       des_set_key                0000000100401e00 f   dyncrypt.obj
 0001:00000e80       des_encrypt                0000000100401e80 f   dyncrypt.obj
 0001:00000f40       des_decrypt                0000000100401f40 f   dyncrypt.obj
 0001:00001000       des3_set_2keys             0000000100402000 f   dyncrypt.obj
 0001:00001100       des3_set_3keys             0000000100402100 f   dyncrypt.obj
 0001:00001230       des3_encrypt               0000000100402230 f   dyncrypt.obj
 0001:00001370       des3_decrypt               0000000100402370 f   dyncrypt.obj
 0001:00009c10       s370_dyn_compute_intermediate_message_digest 000000010040ac10 f   dyncrypt.obj
 0001:0000a0d0       s370_dyn_compute_last_message_digest 000000010040b0d0 f   dyncrypt.obj
 0001:0000a540       s370_dyn_cipher_message    000000010040b540 f   dyncrypt.obj
 0001:0000aab0       s370_dyn_compute_message_authentication_code 000000010040bab0 f   dyncrypt.obj
 0001:0000af90       s370_dyn_cipher_message_with_chaining 000000010040bf90 f   dyncrypt.obj
 0001:0000b500       s370_dyn_cipher_message_with_counter 000000010040c500 f   dyncrypt.obj
 0001:0000b9d0       s370_dyn_cipher_message_with_cipher_feedback 000000010040c9d0 f   dyncrypt.obj
 0001:0000be70       s370_dyn_cipher_message_with_output_feedback 000000010040ce70 f   dyncrypt.obj
 0001:0000c310       s370_dyn_perform_cryptographic_computation 000000010040d310 f   dyncrypt.obj
 0001:0000c4f0       s370_dyn_perform_cryptographic_key_management_operation 000000010040d4f0 f   dyncrypt.obj
 0001:0000faa0       s390_dyn_compute_intermediate_message_digest 0000000100410aa0 f   dyncrypt.obj
 0001:0000ff30       s390_dyn_compute_last_message_digest 0000000100410f30 f   dyncrypt.obj
 0001:000103b0       s390_dyn_cipher_message    00000001004113b0 f   dyncrypt.obj
 0001:00010860       s390_dyn_compute_message_authentication_code 0000000100411860 f   dyncrypt.obj
 0001:00010c70       s390_dyn_cipher_message_with_chaining 0000000100411c70 f   dyncrypt.obj
 0001:00011170       s390_dyn_perform_cryptographic_key_management_operation 0000000100412170 f   dyncrypt.obj
 0001:000112e0       s390_dyn_perform_cryptographic_computation 00000001004122e0 f   dyncrypt.obj
 0001:00011450       s390_dyn_cipher_message_with_cipher_feedback 0000000100412450 f   dyncrypt.obj
 0001:000115c0       s390_dyn_cipher_message_with_output_feedback 00000001004125c0 f   dyncrypt.obj
 0001:00011730       s390_dyn_cipher_message_with_counter 0000000100412730 f   dyncrypt.obj
 0001:0001f010       z900_dyn_compute_intermediate_message_digest 0000000100420010 f   dyncrypt.obj
 0001:0001f570       z900_dyn_compute_last_message_digest 0000000100420570 f   dyncrypt.obj
 0001:0001fbb0       z900_dyn_cipher_message    0000000100420bb0 f   dyncrypt.obj
 0001:000202f0       z900_dyn_compute_message_authentication_code 00000001004212f0 f   dyncrypt.obj
 0001:00020870       z900_dyn_cipher_message_with_chaining 0000000100421870 f   dyncrypt.obj
 0001:00020fb0       z900_dyn_cipher_message_with_counter 0000000100421fb0 f   dyncrypt.obj
 0001:00021540       z900_dyn_cipher_message_with_cipher_feedback 0000000100422540 f   dyncrypt.obj
 0001:00021bb0       z900_dyn_cipher_message_with_output_feedback 0000000100422bb0 f   dyncrypt.obj
 0001:00022220       z900_dyn_perform_cryptographic_computation 0000000100423220 f   dyncrypt.obj
 0001:00022460       z900_dyn_perform_cryptographic_key_management_operation 0000000100423460 f   dyncrypt.obj
 0001:00022a00       hdl_check_depends_ep       0000000100423a00 f   dyncrypt.obj
 0001:00022aa0       hdl_define_instructs_ep    0000000100423aa0 f   dyncrypt.obj
 0001:00022fc0       hdl_register_symbols_ep    0000000100423fc0 f   dyncrypt.obj
 0001:000230e0       RtlSecureZeroMemory        00000001004240e0 f i dyncrypt.obj
 0001:00023110       fetch_fw_noswap            0000000100424110 f i dyncrypt.obj
 0001:00023130       s370_maddr_l               0000000100424130 f i dyncrypt.obj
 0001:00023310       s370_validate_operand      0000000100424310 f i dyncrypt.obj
 0001:00023420       s370_vfetchc               0000000100424420 f i dyncrypt.obj
 0001:00023640       s370_vstorec               0000000100424640 f i dyncrypt.obj
 0001:000238a0       s390_maddr_l               00000001004248a0 f i dyncrypt.obj
 0001:00023a80       s390_validate_operand      0000000100424a80 f i dyncrypt.obj
 0001:00023b40       s390_vfetchc               0000000100424b40 f i dyncrypt.obj
 0001:00023cf0       s390_vstorec               0000000100424cf0 f i dyncrypt.obj
 0001:00023ef0       store_fw_noswap            0000000100424ef0 f i dyncrypt.obj
 0001:00023f10       z900_is_per3_event_suppressed 0000000100424f10 f i dyncrypt.obj
 0001:00023fc0       z900_maddr_l               0000000100424fc0 f i dyncrypt.obj
 0001:00024260       z900_per3_zero             0000000100425260 f i dyncrypt.obj
 0001:00024340       z900_per3_zero_check       0000000100425340 f i dyncrypt.obj
 0001:000243b0       z900_per3_zero_check2      00000001004253b0 f i dyncrypt.obj
 0001:00024470       z900_per3_zero_lcheck      0000000100425470 f i dyncrypt.obj
 0001:00024530       z900_validate_operand      0000000100425530 f i dyncrypt.obj
 0001:00024600       z900_vfetchc               0000000100425600 f i dyncrypt.obj
 0001:000247c0       z900_vstorec               00000001004257c0 f i dyncrypt.obj
 0001:000249bf       s370_fetch_int_timer       00000001004259bf f   hengine:hengine.dll
 0001:000249c5       s370_store_int_timer       00000001004259c5 f   hengine:hengine.dll
 0001:000249cb       txf_maddr_l                00000001004259cb f   hengine:hengine.dll
 0001:000249d1       z900_abort_transaction     00000001004259d1 f   hengine:hengine.dll
 0001:000249d7       s370_program_interrupt     00000001004259d7 f   hengine:hengine.dll
 0001:000249dd       s390_program_interrupt     00000001004259dd f   hengine:hengine.dll
 0001:000249e3       z900_program_interrupt     00000001004259e3 f   hengine:hengine.dll
 0001:000249e9       s370_logical_to_main_l     00000001004259e9 f   hengine:hengine.dll
 0001:000249ef       s390_logical_to_main_l     00000001004259ef f   hengine:hengine.dll
 0001:000249f5       z900_logical_to_main_l     00000001004259f5 f   hengine:hengine.dll
 0001:000249fb       reverse_bits               00000001004259fb f   hutil:hutil.dll
 0001:00024a01       fwritemsg                  0000000100425a01 f   hutil:hutil.dll
 0001:00024a10       rijndael_set_key           0000000100425a10 f   crypto64d:rijndael.c.obj
 0001:00024aa0       rijndael_set_key_enc_only  0000000100425aa0 f   crypto64d:rijndael.c.obj
 0001:00024b10       rijndael_decrypt           0000000100425b10 f   crypto64d:rijndael.c.obj
 0001:00024b60       rijndael_encrypt           0000000100425b60 f   crypto64d:rijndael.c.obj
 0001:00024bb0       rijndaelKeySetupEnc        0000000100425bb0 f   crypto64d:rijndael.c.obj
 0001:00025380       rijndaelKeySetupDec        0000000100426380 f   crypto64d:rijndael.c.obj
 0001:00025910       rijndaelEncrypt            0000000100426910 f   crypto64d:rijndael.c.obj
 0001:00026700       SHA1Init                   0000000100427700 f   crypto64d:sha1.c.obj
 0001:00026790       SHA1Transform              0000000100427790 f   crypto64d:sha1.c.obj
 0001:0002c620       SHA1Update                 000000010042d620 f   crypto64d:sha1.c.obj
 0001:0002c760       SHA1Final                  000000010042d760 f   crypto64d:sha1.c.obj
 0001:0002c8e0       SHA256Transform            000000010042d8e0 f   crypto64d:sha2.c.obj
 0001:0002d160       SHA512Transform            000000010042e160 f   crypto64d:sha2.c.obj
 0001:0002db50       SHA512Last                 000000010042eb50 f   crypto64d:sha2.c.obj
 0001:0002dd20       SHA256Init                 000000010042ed20 f   crypto64d:sha2.c.obj
 0001:0002dd80       SHA256Update               000000010042ed80 f   crypto64d:sha2.c.obj
 0001:0002dfd0       SHA256Final                000000010042efd0 f   crypto64d:sha2.c.obj
 0001:0002e1f0       SHA384Init                 000000010042f1f0 f   crypto64d:sha2.c.obj
 0001:0002e270       SHA384Update               000000010042f270 f   crypto64d:sha2.c.obj
 0001:0002e2b0       SHA384Final                000000010042f2b0 f   crypto64d:sha2.c.obj
 0001:0002e340       SHA512Init                 000000010042f340 f   crypto64d:sha2.c.obj
 0001:0002e3c0       SHA512Update               000000010042f3c0 f   crypto64d:sha2.c.obj
 0001:0002e740       SHA512Final                000000010042f740 f   crypto64d:sha2.c.obj
 0001:0002e7d0       des_key_setup              000000010042f7d0 f   crypto64d:sshdes.c.obj
 0001:0002e9a0       des_encipher               000000010042f9a0 f   crypto64d:sshdes.c.obj
 0001:000304a0       des_decipher               00000001004314a0 f   crypto64d:sshdes.c.obj
 0001:00032470       _CRT_INIT                  0000000100433470 f   MSVCRTD:dll_dllmain.obj
 0001:000324a0       _DllMainCRTStartup         00000001004334a0 f   MSVCRTD:dll_dllmain.obj
 0001:000324e0       __raise_securityfailure    00000001004334e0 f   MSVCRTD:gs_report.obj
 0001:00032520       __report_gsfailure         0000000100433520 f   MSVCRTD:gs_report.obj
 0001:00032600       __report_rangecheckfailure 0000000100433600 f   MSVCRTD:gs_report.obj
 0001:00032620       __report_securityfailure   0000000100433620 f   MSVCRTD:gs_report.obj
 0001:000326c0       __report_securityfailureEx 00000001004336c0 f   MSVCRTD:gs_report.obj
 0001:00032930       __GSHandlerCheck           0000000100433930 f   MSVCRTD:gshandler.obj
 0001:00032970       __GSHandlerCheckCommon     0000000100433970 f   MSVCRTD:gshandler.obj
 0001:00032a80       __security_check_cookie    0000000100433a80 f   MSVCRTD:amdsecgs.obj
 0001:00032aa0       _CRT_RTC_INIT              0000000100433aa0 f   MSVCRTD:init.obj
 0001:00032ab0       _CRT_RTC_INITW             0000000100433ab0 f   MSVCRTD:init.obj
 0001:00032ac0       _RTC_InitBase              0000000100433ac0 f   MSVCRTD:init.obj
 0001:00032b00       _RTC_Shutdown              0000000100433b00 f   MSVCRTD:init.obj
 0001:00032b30       _RTC_AllocaHelper          0000000100433b30 f   MSVCRTD:stack.obj
 0001:00032b70       _RTC_CheckStackVars        0000000100433b70 f   MSVCRTD:stack.obj
 0001:00032c00       _RTC_CheckStackVars2       0000000100433c00 f   MSVCRTD:stack.obj
 0001:00032dd0       __security_init_cookie     0000000100433dd0 f   MSVCRTD:gs_support.obj
 0001:00032e50       DllMain                    0000000100433e50 f   MSVCRTD:dll_dllmain_stub.obj
 0001:00032e90       ?__scrt_initialize_type_info@@YAXXZ 0000000100433e90 f   MSVCRTD:tncleanup.obj
 0001:00032eb0       ?__scrt_uninitialize_type_info@@YAXXZ 0000000100433eb0 f   MSVCRTD:tncleanup.obj
 0001:00032ed0       __local_stdio_printf_options 0000000100433ed0 f i MSVCRTD:default_local_stdio_options.obj
 0001:00032ee0       __local_stdio_scanf_options 0000000100433ee0 f i MSVCRTD:default_local_stdio_options.obj
 0001:00032ef0       __scrt_initialize_default_local_stdio_options 0000000100433ef0 f   MSVCRTD:default_local_stdio_options.obj
 0001:00032f40       ?configure_argv@__scrt_narrow_argv_policy@@SAHXZ 0000000100433f40 f i MSVCRTD:utility.obj
 0001:00033030       ?initialize_environment@__scrt_narrow_environment_policy@@SAHXZ 0000000100434030 f i MSVCRTD:utility.obj
 0001:000330d0       NtCurrentTeb               00000001004340d0 f i MSVCRTD:utility.obj
 0001:000330e0       __scrt_acquire_startup_lock 00000001004340e0 f   MSVCRTD:utility.obj
 0001:00033150       __scrt_dllmain_after_initialize_c 0000000100434150 f   MSVCRTD:utility.obj
 0001:00033180       __scrt_dllmain_before_initialize_c 0000000100434180 f   MSVCRTD:utility.obj
 0001:000331a0       __scrt_dllmain_crt_thread_attach 00000001004341a0 f   MSVCRTD:utility.obj
 0001:000331d0       __scrt_dllmain_crt_thread_detach 00000001004341d0 f   MSVCRTD:utility.obj
 0001:000331f0       __scrt_dllmain_exception_filter 00000001004341f0 f   MSVCRTD:utility.obj
 0001:00033260       __scrt_dllmain_uninitialize_c 0000000100434260 f   MSVCRTD:utility.obj
 0001:00033290       __scrt_dllmain_uninitialize_critical 0000000100434290 f   MSVCRTD:utility.obj
 0001:000332b0       __scrt_initialize_crt      00000001004342b0 f   MSVCRTD:utility.obj
 0001:00033300       __scrt_initialize_onexit_tables 0000000100434300 f   MSVCRTD:utility.obj
 0001:00033410       __scrt_is_nonwritable_in_current_image 0000000100434410 f   MSVCRTD:utility.obj
 0001:000334a0       __scrt_release_startup_lock 00000001004344a0 f   MSVCRTD:utility.obj
 0001:000334d0       __scrt_uninitialize_crt    00000001004344d0 f   MSVCRTD:utility.obj
 0001:00033510       _onexit                    0000000100434510 f   MSVCRTD:utility.obj
 0001:00033590       at_quick_exit              0000000100434590 f   MSVCRTD:utility.obj
 0001:000335e0       atexit                     00000001004345e0 f   MSVCRTD:utility.obj
 0001:00033620       __scrt_get_dyn_tls_init_callback 0000000100434620 f   MSVCRTD:dyn_tls_init.obj
 0001:00033630       __crt_debugger_hook        0000000100434630 f   MSVCRTD:utility_desktop.obj
 0001:00033640       __scrt_fastfail            0000000100434640 f   MSVCRTD:utility_desktop.obj
 0001:000337e0       __scrt_get_show_window_mode 00000001004347e0 f   MSVCRTD:utility_desktop.obj
 0001:00033840       __scrt_initialize_mta      0000000100434840 f   MSVCRTD:utility_desktop.obj
 0001:00033850       __scrt_initialize_winrt    0000000100434850 f   MSVCRTD:utility_desktop.obj
 0001:00033860       __scrt_is_managed_app      0000000100434860 f   MSVCRTD:utility_desktop.obj
 0001:00033910       __scrt_set_unhandled_exception_filter 0000000100434910 f   MSVCRTD:utility_desktop.obj
 0001:00033930       __scrt_exe_initialize_mta  0000000100434930 f   MSVCRTD:utility_desktop.obj
 0001:00033930       __scrt_stub_for_initialize_mta 0000000100434930 f   MSVCRTD:utility_desktop.obj
 0001:00033940       __scrt_unhandled_exception_filter 0000000100434940 f   MSVCRTD:utility_desktop.obj
 0001:000339e0       _RTC_Initialize            00000001004349e0 f   MSVCRTD:initsect.obj
 0001:00033a30       _RTC_Terminate             0000000100434a30 f   MSVCRTD:initsect.obj
 0001:00033a80       _guard_check_icall_nop     0000000100434a80 f i MSVCRTD:guard_support.obj
 0001:00033a90       ReadNoFence64              0000000100434a90 f i MSVCRTD:guard_support.obj
 0001:00033ab0       ReadPointerNoFence         0000000100434ab0 f i MSVCRTD:guard_support.obj
 0001:00033ad0       __castguard_check_failure_debugbreak 0000000100434ad0 f i MSVCRTD:guard_support.obj
 0001:00033af0       __castguard_check_failure_fastfail 0000000100434af0 f i MSVCRTD:guard_support.obj
 0001:00033b20       __castguard_check_failure_nop 0000000100434b20 f i MSVCRTD:guard_support.obj
 0001:00033b30       __castguard_check_failure_os_handled 0000000100434b30 f i MSVCRTD:guard_support.obj
 0001:00033c00       __castguard_slow_path_check_debugbreak 0000000100434c00 f i MSVCRTD:guard_support.obj
 0001:00033c40       __castguard_slow_path_check_fastfail 0000000100434c40 f i MSVCRTD:guard_support.obj
 0001:00033c90       __castguard_slow_path_check_nop 0000000100434c90 f i MSVCRTD:guard_support.obj
 0001:00033ca0       __castguard_slow_path_check_os_handled 0000000100434ca0 f i MSVCRTD:guard_support.obj
 0001:00033d60       _guard_icall_checks_enforced 0000000100434d60 f i MSVCRTD:guard_support.obj
 0001:00033da0       _guard_rf_checks_enforced  0000000100434da0 f i MSVCRTD:guard_support.obj
 0001:00033db0       ?_RTC_GetErrorFunc@@YAP6AHHPEBDH00ZZPEBX@Z 0000000100434db0 f   MSVCRTD:userapi.obj
 0001:00033dc0       ?_RTC_GetErrorFuncW@@YAP6AHHPEB_WH00ZZPEBX@Z 0000000100434dc0 f   MSVCRTD:userapi.obj
 0001:00033dd0       _RTC_GetErrDesc            0000000100434dd0 f   MSVCRTD:userapi.obj
 0001:00033df0       _RTC_NumErrors             0000000100434df0 f   MSVCRTD:userapi.obj
 0001:00033e00       _RTC_SetErrorFunc          0000000100434e00 f   MSVCRTD:userapi.obj
 0001:00033e20       _RTC_SetErrorFuncW         0000000100434e20 f   MSVCRTD:userapi.obj
 0001:00033e40       _RTC_SetErrorType          0000000100434e40 f   MSVCRTD:userapi.obj
 0001:00033ef0       ?_RTC_AllocaFailure@@YAXPEAXPEAU_RTC_ALLOCA_NODE@@H@Z 0000000100434ef0 f   MSVCRTD:error.obj
 0001:00034050       ?_RTC_Failure@@YAXPEAXH@Z  0000000100435050 f   MSVCRTD:error.obj
 0001:000340a0       ?_RTC_StackFailure@@YAXPEAXPEBD@Z 00000001004350a0 f   MSVCRTD:error.obj
 0001:000344d0       _RTC_UninitUse             00000001004354d0 f   MSVCRTD:error.obj
 0001:000345a0       _vsprintf_s_l              00000001004355a0 f i MSVCRTD:error.obj
 0001:00034610       sprintf_s                  0000000100435610 f i MSVCRTD:error.obj
 0001:00034640       __isa_available_init       0000000100435640 f   MSVCRTD:cpu_disp.obj
 0001:000349f0       _get_startup_argv_mode     00000001004359f0 f   MSVCRTD:argv_mode.obj
 0001:00034a00       __scrt_is_ucrt_dll_in_use  0000000100435a00 f   MSVCRTD:ucrt_detection.obj
 0001:00034f50       ?_RTC_GetSrcLine@@YAHPEAEPEA_WKPEAH1K@Z 0000000100435f50 f   MSVCRTD:pdblkup.obj
 0001:00035316       longjmp                    0000000100436316 f   vcruntimed:VCRUNTIME140D.dll
 0001:0003531c       memcmp                     000000010043631c f   vcruntimed:VCRUNTIME140D.dll
 0001:00035322       memcpy                     0000000100436322 f   vcruntimed:VCRUNTIME140D.dll
 0001:00035328       memset                     0000000100436328 f   vcruntimed:VCRUNTIME140D.dll
 0001:0003532e       __C_specific_handler       000000010043632e f   vcruntimed:VCRUNTIME140D.dll
 0001:00035334       __std_type_info_destroy_list 0000000100436334 f   vcruntimed:VCRUNTIME140D.dll
 0001:0003533a       __current_exception        000000010043633a f   vcruntimed:VCRUNTIME140D.dll
 0001:00035340       __current_exception_context 0000000100436340 f   vcruntimed:VCRUNTIME140D.dll
 0001:00035346       __C_specific_handler_noexcept 0000000100436346 f   vcruntimed:VCRUNTIME140D.dll
 0001:0003534c       __vcrt_GetModuleFileNameW  000000010043634c f   vcruntimed:VCRUNTIME140D.dll
 0001:00035352       __vcrt_GetModuleHandleW    0000000100436352 f   vcruntimed:VCRUNTIME140D.dll
 0001:00035358       __vcrt_LoadLibraryExW      0000000100436358 f   vcruntimed:VCRUNTIME140D.dll
 0001:0003535e       _byteswap_ulong            000000010043635e f   ucrtd:ucrtbased.dll
 0001:00035364       _byteswap_uint64           0000000100436364 f   ucrtd:ucrtbased.dll
 0001:0003536a       __acrt_iob_func            000000010043636a f   ucrtd:ucrtbased.dll
 0001:00035370       _initterm                  0000000100436370 f   ucrtd:ucrtbased.dll
 0001:00035376       _initterm_e                0000000100436376 f   ucrtd:ucrtbased.dll
 0001:0003537c       _CrtDbgReport              000000010043637c f   ucrtd:ucrtbased.dll
 0001:00035382       _CrtDbgReportW             0000000100436382 f   ucrtd:ucrtbased.dll
 0001:00035388       _seh_filter_dll            0000000100436388 f   ucrtd:ucrtbased.dll
 0001:0003538e       _configure_narrow_argv     000000010043638e f   ucrtd:ucrtbased.dll
 0001:00035394       _initialize_narrow_environment 0000000100436394 f   ucrtd:ucrtbased.dll
 0001:0003539a       _initialize_onexit_table   000000010043639a f   ucrtd:ucrtbased.dll
 0001:000353a0       _register_onexit_function  00000001004363a0 f   ucrtd:ucrtbased.dll
 0001:000353a6       _execute_onexit_table      00000001004363a6 f   ucrtd:ucrtbased.dll
 0001:000353ac       _crt_atexit                00000001004363ac f   ucrtd:ucrtbased.dll
 0001:000353b2       _crt_at_quick_exit         00000001004363b2 f   ucrtd:ucrtbased.dll
 0001:000353b8       _cexit                     00000001004363b8 f   ucrtd:ucrtbased.dll
 0001:000353be       terminate                  00000001004363be f   ucrtd:ucrtbased.dll
 0001:000353c4       strcpy_s                   00000001004363c4 f   ucrtd:ucrtbased.dll
 0001:000353ca       strcat_s                   00000001004363ca f   ucrtd:ucrtbased.dll
 0001:000353d0       __stdio_common_vsprintf_s  00000001004363d0 f   ucrtd:ucrtbased.dll
 0001:000353d6       _wmakepath_s               00000001004363d6 f   ucrtd:ucrtbased.dll
 0001:000353dc       _wsplitpath_s              00000001004363dc f   ucrtd:ucrtbased.dll
 0001:000353e2       wcscpy_s                   00000001004363e2 f   ucrtd:ucrtbased.dll
 0001:000353e8       RtlCaptureContext          00000001004363e8 f   kernel32:KERNEL32.dll
 0001:000353ee       RtlLookupFunctionEntry     00000001004363ee f   kernel32:KERNEL32.dll
 0001:000353f4       RtlVirtualUnwind           00000001004363f4 f   kernel32:KERNEL32.dll
 0001:000353fa       UnhandledExceptionFilter   00000001004363fa f   kernel32:KERNEL32.dll
 0001:00035400       SetUnhandledExceptionFilter 0000000100436400 f   kernel32:KERNEL32.dll
 0001:00035406       GetCurrentProcess          0000000100436406 f   kernel32:KERNEL32.dll
 0001:0003540c       TerminateProcess           000000010043640c f   kernel32:KERNEL32.dll
 0001:00035412       IsProcessorFeaturePresent  0000000100436412 f   kernel32:KERNEL32.dll
 0001:00035418       QueryPerformanceCounter    0000000100436418 f   kernel32:KERNEL32.dll
 0001:0003541e       GetCurrentProcessId        000000010043641e f   kernel32:KERNEL32.dll
 0001:00035424       GetCurrentThreadId         0000000100436424 f   kernel32:KERNEL32.dll
 0001:0003542a       GetSystemTimeAsFileTime    000000010043642a f   kernel32:KERNEL32.dll
 0001:00035430       DisableThreadLibraryCalls  0000000100436430 f   kernel32:KERNEL32.dll
 0001:00035436       InitializeSListHead        0000000100436436 f   kernel32:KERNEL32.dll
 0001:0003543c       IsDebuggerPresent          000000010043643c f   kernel32:KERNEL32.dll
 0001:00035442       GetStartupInfoW            0000000100436442 f   kernel32:KERNEL32.dll
 0001:00035448       GetModuleHandleW           0000000100436448 f   kernel32:KERNEL32.dll
 0001:0003544e       RaiseException             000000010043644e f   kernel32:KERNEL32.dll
 0001:00035454       MultiByteToWideChar        0000000100436454 f   kernel32:KERNEL32.dll
 0001:0003545a       WideCharToMultiByte        000000010043645a f   kernel32:KERNEL32.dll
 0001:00035460       GetLastError               0000000100436460 f   kernel32:KERNEL32.dll
 0001:00035466       HeapAlloc                  0000000100436466 f   kernel32:KERNEL32.dll
 0001:0003546c       HeapFree                   000000010043646c f   kernel32:KERNEL32.dll
 0001:00035472       GetProcessHeap             0000000100436472 f   kernel32:KERNEL32.dll
 0001:00035478       VirtualQuery               0000000100436478 f   kernel32:KERNEL32.dll
 0001:0003547e       FreeLibrary                000000010043647e f   kernel32:KERNEL32.dll
 0001:00035484       GetProcAddress             0000000100436484 f   kernel32:KERNEL32.dll
 0001:00035490       __acrt_initialize          0000000100436490 f   MSVCRTD:ucrt_stubs.obj
 0001:00035490       __scrt_stub_for_acrt_initialize 0000000100436490 f   MSVCRTD:ucrt_stubs.obj
 0001:00035490       __vcrt_initialize          0000000100436490 f   MSVCRTD:ucrt_stubs.obj
 0001:000354a0       __acrt_thread_attach       00000001004364a0 f   MSVCRTD:ucrt_stubs.obj
 0001:000354a0       __scrt_stub_for_acrt_thread_attach 00000001004364a0 f   MSVCRTD:ucrt_stubs.obj
 0001:000354a0       __vcrt_thread_attach       00000001004364a0 f   MSVCRTD:ucrt_stubs.obj
 0001:000354b0       __acrt_thread_detach       00000001004364b0 f   MSVCRTD:ucrt_stubs.obj
 0001:000354b0       __scrt_stub_for_acrt_thread_detach 00000001004364b0 f   MSVCRTD:ucrt_stubs.obj
 0001:000354b0       __vcrt_thread_detach       00000001004364b0 f   MSVCRTD:ucrt_stubs.obj
 0001:000354c0       __acrt_uninitialize        00000001004364c0 f   MSVCRTD:ucrt_stubs.obj
 0001:000354c0       __scrt_stub_for_acrt_uninitialize 00000001004364c0 f   MSVCRTD:ucrt_stubs.obj
 0001:000354c0       __vcrt_uninitialize        00000001004364c0 f   MSVCRTD:ucrt_stubs.obj
 0001:000354d0       __acrt_uninitialize_critical 00000001004364d0 f   MSVCRTD:ucrt_stubs.obj
 0001:000354d0       __scrt_stub_for_acrt_uninitialize_critical 00000001004364d0 f   MSVCRTD:ucrt_stubs.obj
 0001:000354d0       __vcrt_uninitialize_critical 00000001004364d0 f   MSVCRTD:ucrt_stubs.obj
 0001:000354e0       __scrt_stub_for_is_c_termination_complete 00000001004364e0 f   MSVCRTD:ucrt_stubs.obj
 0001:000354e0       _is_c_termination_complete 00000001004364e0 f   MSVCRTD:ucrt_stubs.obj
 0001:00035500       _guard_dispatch_icall_nop  0000000100436500 f   MSVCRTD:guard_dispatch.obj
 0001:00035520       _guard_xfg_dispatch_icall_nop 0000000100436520 f   MSVCRTD:guard_xfg_dispatch.obj
 0002:00000000       __imp_RtlCaptureContext    0000000100437000     kernel32:KERNEL32.dll
 0002:00000008       __imp_RtlLookupFunctionEntry 0000000100437008     kernel32:KERNEL32.dll
 0002:00000010       __imp_RtlVirtualUnwind     0000000100437010     kernel32:KERNEL32.dll
 0002:00000018       __imp_UnhandledExceptionFilter 0000000100437018     kernel32:KERNEL32.dll
 0002:00000020       __imp_SetUnhandledExceptionFilter 0000000100437020     kernel32:KERNEL32.dll
 0002:00000028       __imp_GetCurrentProcess    0000000100437028     kernel32:KERNEL32.dll
 0002:00000030       __imp_TerminateProcess     0000000100437030     kernel32:KERNEL32.dll
 0002:00000038       __imp_IsProcessorFeaturePresent 0000000100437038     kernel32:KERNEL32.dll
 0002:00000040       __imp_QueryPerformanceCounter 0000000100437040     kernel32:KERNEL32.dll
 0002:00000048       __imp_GetCurrentProcessId  0000000100437048     kernel32:KERNEL32.dll
 0002:00000050       __imp_GetProcAddress       0000000100437050     kernel32:KERNEL32.dll
 0002:00000058       __imp_FreeLibrary          0000000100437058     kernel32:KERNEL32.dll
 0002:00000060       __imp_VirtualQuery         0000000100437060     kernel32:KERNEL32.dll
 0002:00000068       __imp_GetProcessHeap       0000000100437068     kernel32:KERNEL32.dll
 0002:00000070       __imp_HeapFree             0000000100437070     kernel32:KERNEL32.dll
 0002:00000078       __imp_HeapAlloc            0000000100437078     kernel32:KERNEL32.dll
 0002:00000080       __imp_GetCurrentThreadId   0000000100437080     kernel32:KERNEL32.dll
 0002:00000088       __imp_GetSystemTimeAsFileTime 0000000100437088     kernel32:KERNEL32.dll
 0002:00000090       __imp_DisableThreadLibraryCalls 0000000100437090     kernel32:KERNEL32.dll
 0002:00000098       __imp_InitializeSListHead  0000000100437098     kernel32:KERNEL32.dll
 0002:000000a0       __imp_IsDebuggerPresent    00000001004370a0     kernel32:KERNEL32.dll
 0002:000000a8       __imp_GetStartupInfoW      00000001004370a8     kernel32:KERNEL32.dll
 0002:000000b0       __imp_GetModuleHandleW     00000001004370b0     kernel32:KERNEL32.dll
 0002:000000b8       __imp_RaiseException       00000001004370b8     kernel32:KERNEL32.dll
 0002:000000c0       __imp_MultiByteToWideChar  00000001004370c0     kernel32:KERNEL32.dll
 0002:000000c8       __imp_WideCharToMultiByte  00000001004370c8     kernel32:KERNEL32.dll
 0002:000000d0       __imp_GetLastError         00000001004370d0     kernel32:KERNEL32.dll
 0002:000000d8       \177KERNEL32_NULL_THUNK_DATA 00000001004370d8     kernel32:KERNEL32.dll
 0002:000000e0       __imp_longjmp              00000001004370e0     vcruntimed:VCRUNTIME140D.dll
 0002:000000e8       __imp___vcrt_LoadLibraryExW 00000001004370e8     vcruntimed:VCRUNTIME140D.dll
 0002:000000f0       __imp___vcrt_GetModuleHandleW 00000001004370f0     vcruntimed:VCRUNTIME140D.dll
 0002:000000f8       __imp___C_specific_handler_noexcept 00000001004370f8     vcruntimed:VCRUNTIME140D.dll
 0002:00000100       __imp___current_exception_context 0000000100437100     vcruntimed:VCRUNTIME140D.dll
 0002:00000108       __imp___current_exception  0000000100437108     vcruntimed:VCRUNTIME140D.dll
 0002:00000110       __imp___std_type_info_destroy_list 0000000100437110     vcruntimed:VCRUNTIME140D.dll
 0002:00000118       __imp___C_specific_handler 0000000100437118     vcruntimed:VCRUNTIME140D.dll
 0002:00000120       __imp_memset               0000000100437120     vcruntimed:VCRUNTIME140D.dll
 0002:00000128       __imp_memcpy               0000000100437128     vcruntimed:VCRUNTIME140D.dll
 0002:00000130       __imp_memcmp               0000000100437130     vcruntimed:VCRUNTIME140D.dll
 0002:00000138       __imp___vcrt_GetModuleFileNameW 0000000100437138     vcruntimed:VCRUNTIME140D.dll
 0002:00000140       \177VCRUNTIME140D_NULL_THUNK_DATA 0000000100437140     vcruntimed:VCRUNTIME140D.dll
 0002:00000148       __imp_z900_logical_to_main_l 0000000100437148     hengine:hengine.dll
 0002:00000150       __imp_s390_logical_to_main_l 0000000100437150     hengine:hengine.dll
 0002:00000158       __imp_s370_logical_to_main_l 0000000100437158     hengine:hengine.dll
 0002:00000160       __imp_z900_program_interrupt 0000000100437160     hengine:hengine.dll
 0002:00000168       __imp_s390_program_interrupt 0000000100437168     hengine:hengine.dll
 0002:00000170       __imp_s370_program_interrupt 0000000100437170     hengine:hengine.dll
 0002:00000178       __imp_z900_abort_transaction 0000000100437178     hengine:hengine.dll
 0002:00000180       __imp_txf_maddr_l          0000000100437180     hengine:hengine.dll
 0002:00000188       __imp_s370_store_int_timer 0000000100437188     hengine:hengine.dll
 0002:00000190       __imp_s370_fetch_int_timer 0000000100437190     hengine:hengine.dll
 0002:00000198       \177hengine_NULL_THUNK_DATA 0000000100437198     hengine:hengine.dll
 0002:000001a0       __imp_sysblk               00000001004371a0     hsys:hsys.dll
 0002:000001a8       \177hsys_NULL_THUNK_DATA   00000001004371a8     hsys:hsys.dll
 0002:000001b0       __imp_reverse_bits         00000001004371b0     hutil:hutil.dll
 0002:000001b8       __imp_fwritemsg            00000001004371b8     hutil:hutil.dll
 0002:000001c0       \177hutil_NULL_THUNK_DATA  00000001004371c0     hutil:hutil.dll
 0002:000001c8       __imp_strcpy_s             00000001004371c8     ucrtd:ucrtbased.dll
 0002:000001d0       __imp_terminate            00000001004371d0     ucrtd:ucrtbased.dll
 0002:000001d8       __imp__cexit               00000001004371d8     ucrtd:ucrtbased.dll
 0002:000001e0       __imp__crt_at_quick_exit   00000001004371e0     ucrtd:ucrtbased.dll
 0002:000001e8       __imp__crt_atexit          00000001004371e8     ucrtd:ucrtbased.dll
 0002:000001f0       __imp__execute_onexit_table 00000001004371f0     ucrtd:ucrtbased.dll
 0002:000001f8       __imp__initialize_onexit_table 00000001004371f8     ucrtd:ucrtbased.dll
 0002:00000200       __imp___stdio_common_vsprintf_s 0000000100437200     ucrtd:ucrtbased.dll
 0002:00000208       __imp__configure_narrow_argv 0000000100437208     ucrtd:ucrtbased.dll
 0002:00000210       __imp__seh_filter_dll      0000000100437210     ucrtd:ucrtbased.dll
 0002:00000218       __imp__CrtDbgReportW       0000000100437218     ucrtd:ucrtbased.dll
 0002:00000220       __imp__CrtDbgReport        0000000100437220     ucrtd:ucrtbased.dll
 0002:00000228       __imp__initterm_e          0000000100437228     ucrtd:ucrtbased.dll
 0002:00000230       __imp__initterm            0000000100437230     ucrtd:ucrtbased.dll
 0002:00000238       __imp___acrt_iob_func      0000000100437238     ucrtd:ucrtbased.dll
 0002:00000240       __imp__byteswap_uint64     0000000100437240     ucrtd:ucrtbased.dll
 0002:00000248       __imp__byteswap_ulong      0000000100437248     ucrtd:ucrtbased.dll
 0002:00000250       __imp__wmakepath_s         0000000100437250     ucrtd:ucrtbased.dll
 0002:00000258       __imp__wsplitpath_s        0000000100437258     ucrtd:ucrtbased.dll
 0002:00000260       __imp_strcat_s             0000000100437260     ucrtd:ucrtbased.dll
 0002:00000268       __imp__initialize_narrow_environment 0000000100437268     ucrtd:ucrtbased.dll
 0002:00000270       __imp_wcscpy_s             0000000100437270     ucrtd:ucrtbased.dll
 0002:00000278       __imp__register_onexit_function 0000000100437278     ucrtd:ucrtbased.dll
 0002:00000280       \177ucrtbased_NULL_THUNK_DATA 0000000100437280     ucrtd:ucrtbased.dll
 0002:00000288       __guard_check_icall_fptr   0000000100437288     MSVCRTD:guard_support.obj
 0002:00000290       __guard_xfg_check_icall_fptr 0000000100437290     MSVCRTD:guard_support.obj
 0002:00000298       __guard_dispatch_icall_fptr 0000000100437298     MSVCRTD:guard_support.obj
 0002:000002a0       __guard_xfg_dispatch_icall_fptr 00000001004372a0     MSVCRTD:guard_support.obj
 0002:000002a8       __guard_xfg_table_dispatch_icall_fptr 00000001004372a8     MSVCRTD:guard_support.obj
 0002:000002b0       __castguard_check_failure_os_handled_fptr 00000001004372b0     MSVCRTD:guard_support.obj
 0002:000002b8       __guard_memcpy_fptr        00000001004372b8     vcruntimed:softmemtag.obj
 0002:000002c0       __xc_a                     00000001004372c0     MSVCRTD:initializers.obj
 0002:000002c8       __xc_z                     00000001004372c8     MSVCRTD:initializers.obj
 0002:000002d0       __xi_a                     00000001004372d0     MSVCRTD:initializers.obj
 0002:000002d8       __xi_z                     00000001004372d8     MSVCRTD:initializers.obj
 0002:000002e0       __xp_a                     00000001004372e0     MSVCRTD:initializers.obj
 0002:000002e8       __xp_z                     00000001004372e8     MSVCRTD:initializers.obj
 0002:000002f0       __xt_a                     00000001004372f0     MSVCRTD:initializers.obj
 0002:000002f8       __xt_z                     00000001004372f8     MSVCRTD:initializers.obj
 0002:00003e30       _pDefaultRawDllMain        000000010043ae30     MSVCRTD:dll_dllmain.obj
 0002:00003e30       _pRawDllMain               000000010043ae30     MSVCRTD:dll_dllmain.obj
 0002:00003e70       ??_C@_0BJ@HEGAHDFO@Stack?5pointer?5corruption@ 000000010043ae70     MSVCRTD:userapi.obj
 0002:00003e90       ??_C@_0CK@FEGOIOPB@Cast?5to?5smaller?5type?5causing?5lo@ 000000010043ae90     MSVCRTD:userapi.obj
 0002:00003ec0       ??_C@_0BI@CIGMDCBH@Stack?5memory?5corruption@ 000000010043aec0     MSVCRTD:userapi.obj
 0002:00003ed8       ??_C@_0CK@CNLNOEPB@Local?5variable?5used?5before?5init@ 000000010043aed8     MSVCRTD:userapi.obj
 0002:00003f08       ??_C@_0BP@OGBCLIBO@Stack?5around?5_alloca?5corrupted@ 000000010043af08     MSVCRTD:userapi.obj
 0002:00003ff0       ??_C@_0NN@JMPELKLB@The?5value?5of?5ESP?5was?5not?5proper@ 000000010043aff0     MSVCRTD:error.obj
 0002:000040d0       ??_C@_0BBN@ELNNILBE@A?5cast?5to?5a?5smaller?5data?5type?5h@ 000000010043b0d0     MSVCRTD:error.obj
 0002:000041f0       ??_C@_0BN@BPOGFMJL@Stack?5memory?5was?5corrupted?$AN?6@ 000000010043b1f0     MSVCRTD:error.obj
 0002:00004210       ??_C@_0DG@DAJCDLPN@A?5local?5variable?5was?5used?5befor@ 000000010043b210     MSVCRTD:error.obj
 0002:00004248       ??_C@_0CM@JMIDGKLA@Stack?5memory?5around?5_alloca?5was@ 000000010043b248     MSVCRTD:error.obj
 0002:00004278       ??_C@_0BO@CHIONIOI@Unknown?5Runtime?5Check?5Error?$AN?6@ 000000010043b278     MSVCRTD:error.obj
 0002:000042a0       ??_C@_1GM@CNOOJIHC@?$AAR?$AAu?$AAn?$AAt?$AAi?$AAm?$AAe?$AA?5?$AAC?$AAh?$AAe?$AAc?$AAk?$AA?5?$AAE@ 000000010043b2a0     MSVCRTD:error.obj
 0002:00004310       ??_C@_1EA@NFKNIFJP@?$AAR?$AAu?$AAn?$AA?9?$AAT?$AAi?$AAm?$AAe?$AA?5?$AAC?$AAh?$AAe?$AAc?$AAk?$AA?5@ 000000010043b310     MSVCRTD:error.obj
 0002:00004350       ??_C@_0BB@PFFGGCJP@Unknown?5Filename@ 000000010043b350     MSVCRTD:error.obj
 0002:00004368       ??_C@_0BE@GNBOBNCK@Unknown?5Module?5Name@ 000000010043b368     MSVCRTD:error.obj
 0002:00004380       ??_C@_0CA@IODNCDPG@Run?9Time?5Check?5Failure?5?$CD?$CFd?5?9?5?$CFs@ 000000010043b380     MSVCRTD:error.obj
 0002:000043a0       ??_C@_0CG@IAFNJNEE@Stack?5corrupted?5near?5unknown?5va@ 000000010043b3a0     MSVCRTD:error.obj
 0002:000043c8       ??_C@_05MKKEDADM@?$CF?42X?5@ 000000010043b3c8     MSVCRTD:error.obj
 0002:000043d0       ??_C@_0EJ@LJKNEOLN@Stack?5area?5around?5_alloca?5memor@ 000000010043b3d0     MSVCRTD:error.obj
 0002:0000441c       ??_C@_01EEMJAFIK@?6@       000000010043b41c     MSVCRTD:error.obj
 0002:00004420       ??_C@_02LLMPMKNF@?$DO?5@   000000010043b420     MSVCRTD:error.obj
 0002:00004428       ??_C@_08OMAHNMHJ@?6Data?3?5?$DM@ 000000010043b428     MSVCRTD:error.obj
 0002:00004438       ??_C@_0CK@DKGBICFE@?6Allocation?5number?5within?5this?5@ 000000010043b438     MSVCRTD:error.obj
 0002:00004468       ??_C@_07DFDJCKFN@?6Size?3?5@ 000000010043b468     MSVCRTD:error.obj
 0002:00004470       ??_C@_0N@MHFFIMFG@?6Address?3?50x@ 000000010043b470     MSVCRTD:error.obj
 0002:00004480       ??_C@_0EI@CLEPFNGI@Stack?5area?5around?5_alloca?5memor@ 000000010043b480     MSVCRTD:error.obj
 0002:000044c8       ??_C@_0BK@ODNDAGKB@?$CFs?$CFs?$CFp?$CFs?$CFzd?$CFs?$CFd?$CFs?$CFs?$CFs?$CFs?$CFs@ 000000010043b4c8     MSVCRTD:error.obj
 0002:000044e8       ??_C@_0DE@OHJBPMBP@A?5variable?5is?5being?5used?5withou@ 000000010043b4e8     MSVCRTD:error.obj
 0002:00004580       ??_C@_1EI@MLPKHBGE@?$AAa?$AAp?$AAi?$AA?9?$AAm?$AAs?$AA?9?$AAw?$AAi?$AAn?$AA?9?$AAc?$AAo?$AAr?$AAe@ 000000010043b580     MSVCRTD:pdblkup.obj
 0002:000045c8       ??_C@_1BK@JHLNAEJL@?$AAa?$AAd?$AAv?$AAa?$AAp?$AAi?$AA3?$AA2?$AA?4?$AAd?$AAl?$AAl@ 000000010043b5c8     MSVCRTD:pdblkup.obj
 0002:000045e8       ??_C@_0O@COHOBMLB@RegOpenKeyExW@ 000000010043b5e8     MSVCRTD:pdblkup.obj
 0002:000045f8       ??_C@_0BB@GLNAEDBD@RegQueryValueExW@ 000000010043b5f8     MSVCRTD:pdblkup.obj
 0002:00004610       ??_C@_0M@HLOHPNFA@RegCloseKey@ 000000010043b610     MSVCRTD:pdblkup.obj
 0002:00004620       ??_C@_1HE@EBEAGLFB@?$AAS?$AAO?$AAF?$AAT?$AAW?$AAA?$AAR?$AAE?$AA?2?$AAW?$AAo?$AAw?$AA6?$AA4?$AA3@ 000000010043b620     MSVCRTD:pdblkup.obj
 0002:00004698       ??_C@_1BG@EABPBLLF@?$AAP?$AAr?$AAo?$AAd?$AAu?$AAc?$AAt?$AAD?$AAi?$AAr@ 000000010043b698     MSVCRTD:pdblkup.obj
 0002:000046d0       ??_C@_1BC@JINFINNJ@?$AAM?$AAS?$AAP?$AAD?$AAB?$AA1?$AA4?$AA0@ 000000010043b6d0     MSVCRTD:pdblkup.obj
 0002:000046e8       ??_C@_0BB@KCIACLNC@PDBOpenValidate5@ 000000010043b6e8     MSVCRTD:pdblkup.obj
 0002:000046fc       ??_C@_01KDCPPGHE@r@        000000010043b6fc     MSVCRTD:pdblkup.obj
 0002:00004700       _load_config_used          000000010043b700     MSVCRTD:loadcfg.obj
 0002:00004900       __CastGuardVftablesStart   000000010043b900     MSVCRTD:guard_support.obj
 0002:00004980       __CastGuardVftablesEnd     000000010043b980     MSVCRTD:guard_support.obj
 0002:00004a00       __volatile_metadata        000000010043ba00     <linker-defined>
 0002:00005068       __rtc_iaa                  000000010043c068     MSVCRTD:initsect.obj
 0002:00005090       __rtc_izz                  000000010043c090     MSVCRTD:initsect.obj
 0002:00005098       __rtc_taa                  000000010043c098     MSVCRTD:initsect.obj
 0002:000050c0       __rtc_tzz                  000000010043c0c0     MSVCRTD:initsect.obj
 0002:00005ea8       __IMPORT_DESCRIPTOR_hengine 000000010043cea8     hengine:hengine.dll
 0002:00005ebc       __IMPORT_DESCRIPTOR_hutil  000000010043cebc     hutil:hutil.dll
 0002:00005ed0       __IMPORT_DESCRIPTOR_hsys   000000010043ced0     hsys:hsys.dll
 0002:00005ee4       __IMPORT_DESCRIPTOR_VCRUNTIME140D 000000010043cee4     vcruntimed:VCRUNTIME140D.dll
 0002:00005ef8       __IMPORT_DESCRIPTOR_ucrtbased 000000010043cef8     ucrtd:ucrtbased.dll
 0002:00005f0c       __IMPORT_DESCRIPTOR_KERNEL32 000000010043cf0c     kernel32:KERNEL32.dll
 0002:00005f20       __NULL_IMPORT_DESCRIPTOR   000000010043cf20     hengine:hengine.dll
 0003:00000ed0       __security_cookie_complement 000000010043eed0     MSVCRTD:gs_cookie.obj
 0003:00000ed8       __security_cookie          000000010043eed8     MSVCRTD:gs_cookie.obj
 0003:00000ee0       __scrt_native_dllmain_reason 000000010043eee0     MSVCRTD:utility.obj
 0003:00000ee8       ?_RTC_ErrorLevels@@3PAHA   000000010043eee8     MSVCRTD:error.obj
 0003:00000f00       __isa_available            000000010043ef00     MSVCRTD:cpu_disp.obj
 0003:00000f04       __isa_enabled              000000010043ef04     MSVCRTD:cpu_disp.obj
 0003:00000f08       __memset_fast_string_threshold 000000010043ef08     MSVCRTD:cpu_disp.obj
 0003:00000f10       __memset_nt_threshold      000000010043ef10     MSVCRTD:cpu_disp.obj
 0003:00000f20       __scrt_ucrt_dll_is_in_use  000000010043ef20     MSVCRTD:ucrt_stubs.obj
 0003:000014c0       ?__type_info_root_node@@3U__type_info_node@@A 000000010043f4c0     MSVCRTD:tncleanup.obj
 0003:000014d0       ?_OptionsStorage@?1??__local_stdio_printf_options@@9@4_KA 000000010043f4d0     MSVCRTD:default_local_stdio_options.obj
 0003:000014d8       ?_OptionsStorage@?1??__local_stdio_scanf_options@@9@4_KA 000000010043f4d8     MSVCRTD:default_local_stdio_options.obj
 0003:000014e0       __scrt_current_native_startup_state 000000010043f4e0     MSVCRTD:utility.obj
 0003:000014e8       __scrt_native_startup_lock 000000010043f4e8     MSVCRTD:utility.obj
 0003:00001528       __scrt_debugger_hook_flag  000000010043f528     MSVCRTD:utility_desktop.obj
 0003:00001540       __favor                    000000010043f540     MSVCRTD:cpu_disp.obj
 0003:00001554       __@@_PchSym_@00@UkzkzUnbtrgUsbkvirlmRaevxgliUnhexOwvyftOznwGEOlyqUyfrowPkxsOlyq@4B2008FD98C1DD4 000000010043f554     <common>
 0003:00001558       __dyn_tls_init_callback    000000010043f558     <common>

 entry point at        0001:000324a0

 Static symbols

 0000:fffaa000       .debug$S                   0000000100400000     dyncrypt.exp
 0000:00000000       _volmd                     0000000100400000     dyncrypt.obj
 0000:fffaa000       .debug$S                   0000000100400000     kernel32:KERNEL32.dll
 0000:fffaa000       .debug$S                   0000000100400000     kernel32:KERNEL32.dll
 0000:fffaa000       .debug$S                   0000000100400000     kernel32:KERNEL32.dll
 0000:fffaa000       .debug$S                   0000000100400000     kernel32:KERNEL32.dll
 0000:fffaa000       .debug$S                   0000000100400000     kernel32:KERNEL32.dll
 0000:fffaa000       .debug$S                   0000000100400000     kernel32:KERNEL32.dll
 0000:fffaa000       .debug$S                   0000000100400000     kernel32:KERNEL32.dll
 0000:fffaa000       .debug$S                   0000000100400000     kernel32:KERNEL32.dll
 0000:fffaa000       .debug$S                   0000000100400000     kernel32:KERNEL32.dll
 0000:fffaa000       .debug$S                   0000000100400000     kernel32:KERNEL32.dll
 0000:fffaa000       .debug$S                   0000000100400000     kernel32:KERNEL32.dll
 0000:fffaa000       .debug$S                   0000000100400000     kernel32:KERNEL32.dll
 0000:fffaa000       .debug$S                   0000000100400000     kernel32:KERNEL32.dll
 0000:fffaa000       .debug$S                   0000000100400000     kernel32:KERNEL32.dll
 0000:fffaa000       .debug$S                   0000000100400000     kernel32:KERNEL32.dll
 0000:fffaa000       .debug$S                   0000000100400000     kernel32:KERNEL32.dll
 0000:fffaa000       .debug$S                   0000000100400000     kernel32:KERNEL32.dll
 0000:fffaa000       .debug$S                   0000000100400000     kernel32:KERNEL32.dll
 0000:fffaa000       .debug$S                   0000000100400000     kernel32:KERNEL32.dll
 0000:fffaa000       .debug$S                   0000000100400000     kernel32:KERNEL32.dll
 0000:fffaa000       .debug$S                   0000000100400000     kernel32:KERNEL32.dll
 0000:fffaa000       .debug$S                   0000000100400000     kernel32:KERNEL32.dll
 0000:fffaa000       .debug$S                   0000000100400000     kernel32:KERNEL32.dll
 0000:fffaa000       .debug$S                   0000000100400000     kernel32:KERNEL32.dll
 0000:fffaa000       .debug$S                   0000000100400000     kernel32:KERNEL32.dll
 0000:fffaa000       .debug$S                   0000000100400000     kernel32:KERNEL32.dll
 0000:fffaa000       .debug$S                   0000000100400000     kernel32:KERNEL32.dll
 0000:fffaa000       .debug$S                   0000000100400000     ucrtd:ucrtbased.dll
 0000:fffaa000       .debug$S                   0000000100400000     ucrtd:ucrtbased.dll
 0000:fffaa000       .debug$S                   0000000100400000     ucrtd:ucrtbased.dll
 0000:fffaa000       .debug$S                   0000000100400000     ucrtd:ucrtbased.dll
 0000:fffaa000       .debug$S                   0000000100400000     ucrtd:ucrtbased.dll
 0000:fffaa000       .debug$S                   0000000100400000     ucrtd:ucrtbased.dll
 0000:fffaa000       .debug$S                   0000000100400000     ucrtd:ucrtbased.dll
 0000:fffaa000       .debug$S                   0000000100400000     ucrtd:ucrtbased.dll
 0000:fffaa000       .debug$S                   0000000100400000     ucrtd:ucrtbased.dll
 0000:fffaa000       .debug$S                   0000000100400000     ucrtd:ucrtbased.dll
 0000:fffaa000       .debug$S                   0000000100400000     ucrtd:ucrtbased.dll
 0000:fffaa000       .debug$S                   0000000100400000     ucrtd:ucrtbased.dll
 0000:fffaa000       .debug$S                   0000000100400000     ucrtd:ucrtbased.dll
 0000:fffaa000       .debug$S                   0000000100400000     ucrtd:ucrtbased.dll
 0000:fffaa000       .debug$S                   0000000100400000     ucrtd:ucrtbased.dll
 0000:fffaa000       .debug$S                   0000000100400000     ucrtd:ucrtbased.dll
 0000:fffaa000       .debug$S                   0000000100400000     ucrtd:ucrtbased.dll
 0000:fffaa000       .debug$S                   0000000100400000     ucrtd:ucrtbased.dll
 0000:fffaa000       .debug$S                   0000000100400000     ucrtd:ucrtbased.dll
 0000:fffaa000       .debug$S                   0000000100400000     ucrtd:ucrtbased.dll
 0000:fffaa000       .debug$S                   0000000100400000     ucrtd:ucrtbased.dll
 0000:fffaa000       .debug$S                   0000000100400000     ucrtd:ucrtbased.dll
 0000:fffaa000       .debug$S                   0000000100400000     ucrtd:ucrtbased.dll
 0000:00000000       _volmd                     0000000100400000     MSVCRTD:cpu_disp.obj
 0002:fffc9000       __guard_ehcont_?dllmain_dispatch@@YAHQEAUHINSTANCE__@@KQEAX@Z 0000000100400000     MSVCRTD:dll_dllmain.obj
 0002:fffc9000       __guard_fids_?dllmain_dispatch@@YAHQEAUHINSTANCE__@@KQEAX@Z 0000000100400000     MSVCRTD:dll_dllmain.obj
 0002:fffc9000       __guard_ehcont_?notify_debugger@@YAXAEBUtagEXCEPTION_VISUALCPP_DEBUG_INFO@@@Z 0000000100400000     MSVCRTD:error.obj
 0000:00000000       _volmd                     0000000100400000     MSVCRTD:gs_report.obj
 0000:00000000       _volmd                     0000000100400000     MSVCRTD:gs_report.obj
 0000:00000000       _volmd                     0000000100400000     MSVCRTD:gs_report.obj
 0002:fffc9000       __guard_fids__             0000000100400000     MSVCRTD:guard_support.obj
 0002:fffc9000       __guard_fids__             0000000100400000     MSVCRTD:guard_support.obj
 0002:fffc9000       __guard_fids__guard_icall_checks_enforced 0000000100400000     MSVCRTD:guard_support.obj
 0000:00000000       _volmd                     0000000100400000     MSVCRTD:guard_support.obj
 0000:00000000       _volmd                     0000000100400000     MSVCRTD:guard_support.obj
 0002:fffc9000       __guard_fids__CRT_RTC_INIT 0000000100400000     MSVCRTD:init.obj
 0002:fffc9000       __guard_fids__CRT_RTC_INITW 0000000100400000     MSVCRTD:init.obj
 0002:fffc9000       __guard_ehcont___scrt_is_nonwritable_in_current_image 0000000100400000     MSVCRTD:utility.obj
 0000:00000000       _volmd                     0000000100400000     MSVCRTD:utility.obj
 0000:00000000       _volmd                     0000000100400000     MSVCRTD:utility.obj
 0000:00000000       _volmd                     0000000100400000     MSVCRTD:utility.obj
 0002:fffc9000       __guard_fids___scrt_set_unhandled_exception_filter 0000000100400000     MSVCRTD:utility_desktop.obj
 0000:00000000       _volmd                     0000000100400000     MSVCRTD:utility_desktop.obj
 0002:fffc9000       __guard_fids__             0000000100400000     vcruntimed:softmemtag.obj
 0000:fffaa000       .debug$S                   0000000100400000     vcruntimed:VCRUNTIME140D.dll
 0000:fffaa000       .debug$S                   0000000100400000     vcruntimed:VCRUNTIME140D.dll
 0000:fffaa000       .debug$S                   0000000100400000     vcruntimed:VCRUNTIME140D.dll
 0000:fffaa000       .debug$S                   0000000100400000     vcruntimed:VCRUNTIME140D.dll
 0000:fffaa000       .debug$S                   0000000100400000     vcruntimed:VCRUNTIME140D.dll
 0000:fffaa000       .debug$S                   0000000100400000     vcruntimed:VCRUNTIME140D.dll
 0000:fffaa000       .debug$S                   0000000100400000     vcruntimed:VCRUNTIME140D.dll
 0000:fffaa000       .debug$S                   0000000100400000     vcruntimed:VCRUNTIME140D.dll
 0000:fffaa000       .debug$S                   0000000100400000     vcruntimed:VCRUNTIME140D.dll
 0000:fffaa000       .debug$S                   0000000100400000     vcruntimed:VCRUNTIME140D.dll
 0000:fffaa000       .debug$S                   0000000100400000     vcruntimed:VCRUNTIME140D.dll
 0000:fffaa000       .debug$S                   0000000100400000     vcruntimed:VCRUNTIME140D.dll
 0000:00000000       _volmd                     0000000100400000     crypto64d:sha1.c.obj
 0000:00000000       _volmd                     0000000100400000     crypto64d:sha2.c.obj
 0000:fffaa000       .debug$S                   0000000100400000     hengine:hengine.dll
 0000:fffaa000       .debug$S                   0000000100400000     hengine:hengine.dll
 0000:fffaa000       .debug$S                   0000000100400000     hengine:hengine.dll
 0000:fffaa000       .debug$S                   0000000100400000     hengine:hengine.dll
 0000:fffaa000       .debug$S                   0000000100400000     hengine:hengine.dll
 0000:fffaa000       .debug$S                   0000000100400000     hengine:hengine.dll
 0000:fffaa000       .debug$S                   0000000100400000     hengine:hengine.dll
 0000:fffaa000       .debug$S                   0000000100400000     hengine:hengine.dll
 0000:fffaa000       .debug$S                   0000000100400000     hengine:hengine.dll
 0000:fffaa000       .debug$S                   0000000100400000     hengine:hengine.dll
 0000:fffaa000       .debug$S                   0000000100400000     hsys:hsys.dll
 0000:fffaa000       .debug$S                   0000000100400000     hutil:hutil.dll
 0000:fffaa000       .debug$S                   0000000100400000     hutil:hutil.dll
 0000:00000010       _volmd                     0000000100400010     dyncrypt.obj
 0000:00000010       _volmd                     0000000100400010     crypto64d:sha1.c.obj
 0000:00000010       _volmd                     0000000100400010     crypto64d:sha2.c.obj
 0000:00000020       _volmd                     0000000100400020     dyncrypt.obj
 0000:00000030       _volmd                     0000000100400030     dyncrypt.obj
 0000:00000040       _volmd                     0000000100400040     dyncrypt.obj
 0000:00000050       _volmd                     0000000100400050     dyncrypt.obj
 0000:00000060       _volmd                     0000000100400060     dyncrypt.obj
 0000:00000070       _volmd                     0000000100400070     dyncrypt.obj
 0000:00000080       _volmd                     0000000100400080     dyncrypt.obj
 0000:00000090       _volmd                     0000000100400090     dyncrypt.obj
 0000:000000a0       _volmd                     00000001004000a0     dyncrypt.obj
 0000:000000b0       _volmd                     00000001004000b0     dyncrypt.obj
 0000:000000c0       _volmd                     00000001004000c0     dyncrypt.obj
 0000:000000d0       _volmd                     00000001004000d0     dyncrypt.obj
 0000:000000e0       _volmd                     00000001004000e0     dyncrypt.obj
 0000:000000f0       _volmd                     00000001004000f0     dyncrypt.obj
 0000:00000100       _volmd                     0000000100400100     dyncrypt.obj
 0000:00000110       _volmd                     0000000100400110     dyncrypt.obj
 0000:00000120       _volmd                     0000000100400120     dyncrypt.obj
 0000:00000130       _volmd                     0000000100400130     dyncrypt.obj
 0000:00000140       _volmd                     0000000100400140     dyncrypt.obj
 0000:00000150       _volmd                     0000000100400150     dyncrypt.obj
 0000:00000160       _volmd                     0000000100400160     dyncrypt.obj
 0000:00000170       _volmd                     0000000100400170     dyncrypt.obj
 0000:00000180       _volmd                     0000000100400180     dyncrypt.obj
 0000:00000190       _volmd                     0000000100400190     dyncrypt.obj
 0000:000001a0       _volmd                     00000001004001a0     dyncrypt.obj
 0000:000001b0       _volmd                     00000001004001b0     dyncrypt.obj
 0000:000001c0       _volmd                     00000001004001c0     dyncrypt.obj
 0000:000001d0       _volmd                     00000001004001d0     dyncrypt.obj
 0000:000001e0       _volmd                     00000001004001e0     dyncrypt.obj
 0000:000001f0       _volmd                     00000001004001f0     dyncrypt.obj
 0000:00000200       _volmd                     0000000100400200     dyncrypt.obj
 0000:00000210       _volmd                     0000000100400210     dyncrypt.obj
 0000:00000220       _volmd                     0000000100400220     dyncrypt.obj
 0000:00000230       _volmd                     0000000100400230     dyncrypt.obj
 0000:00000240       _volmd                     0000000100400240     dyncrypt.obj
 0000:00000250       _volmd                     0000000100400250     dyncrypt.obj
 0000:00000260       _volmd                     0000000100400260     dyncrypt.obj
 0000:00000270       _volmd                     0000000100400270     dyncrypt.obj
 0000:00000280       _volmd                     0000000100400280     dyncrypt.obj
 0000:00000290       _volmd                     0000000100400290     dyncrypt.obj
 0000:000002a0       _volmd                     00000001004002a0     dyncrypt.obj
 0000:000002b0       _volmd                     00000001004002b0     dyncrypt.obj
 0000:000002c0       _volmd                     00000001004002c0     dyncrypt.obj
 0000:000002d0       _volmd                     00000001004002d0     dyncrypt.obj
 0000:000002e0       _volmd                     00000001004002e0     dyncrypt.obj
 0000:000002f0       _volmd                     00000001004002f0     dyncrypt.obj
 0000:00000300       _volmd                     0000000100400300     dyncrypt.obj
 0000:00000310       _volmd                     0000000100400310     dyncrypt.obj
 0000:00000320       _volmd                     0000000100400320     dyncrypt.obj
 0000:00000330       _volmd                     0000000100400330     dyncrypt.obj
 0000:00000340       _volmd                     0000000100400340     dyncrypt.obj
 0000:00000350       _volmd                     0000000100400350     dyncrypt.obj
 0000:00000360       _volmd                     0000000100400360     dyncrypt.obj
 0000:00000370       _volmd                     0000000100400370     dyncrypt.obj
 0000:00000380       _volmd                     0000000100400380     dyncrypt.obj
 0000:00000390       _volmd                     0000000100400390     dyncrypt.obj
 0000:000003a0       _volmd                     00000001004003a0     dyncrypt.obj
 0000:000003b0       _volmd                     00000001004003b0     dyncrypt.obj
 0000:000003c0       _volmd                     00000001004003c0     dyncrypt.obj
 0000:000003d0       _volmd                     00000001004003d0     dyncrypt.obj
 0000:000003e0       _volmd                     00000001004003e0     dyncrypt.obj
 0000:000003f0       _volmd                     00000001004003f0     dyncrypt.obj
 0000:00000400       _volmd                     0000000100400400     dyncrypt.obj
 0000:00000410       _volmd                     0000000100400410     dyncrypt.obj
 0000:00000420       _volmd                     0000000100400420     dyncrypt.obj
 0000:00000430       _volmd                     0000000100400430     dyncrypt.obj
 0000:00000440       _volmd                     0000000100400440     dyncrypt.obj
 0000:00000450       _volmd                     0000000100400450     dyncrypt.obj
 0000:00000460       _volmd                     0000000100400460     dyncrypt.obj
 0000:00000470       _volmd                     0000000100400470     dyncrypt.obj
 0000:00000480       _volmd                     0000000100400480     dyncrypt.obj
 0000:00000490       _volmd                     0000000100400490     dyncrypt.obj
 0000:000004a0       _volmd                     00000001004004a0     dyncrypt.obj
 0000:000004b0       _volmd                     00000001004004b0     dyncrypt.obj
 0000:000004c0       _volmd                     00000001004004c0     dyncrypt.obj
 0000:000004d0       _volmd                     00000001004004d0     dyncrypt.obj
 0000:000004e0       _volmd                     00000001004004e0     dyncrypt.obj
 0000:000004f0       _volmd                     00000001004004f0     dyncrypt.obj
 0000:00000500       _volmd                     0000000100400500     dyncrypt.obj
 0001:000000d0       gcm_rightshift             00000001004010d0 f   dyncrypt.obj
 0001:00000460       get_msa                    0000000100401460 f   dyncrypt.obj
 0001:00000530       sha1_getcv                 0000000100401530 f   dyncrypt.obj
 0001:00000620       sha1_seticv                0000000100401620 f   dyncrypt.obj
 0001:00000730       sha256_getcv               0000000100401730 f   dyncrypt.obj
 0001:00000820       sha256_seticv              0000000100401820 f   dyncrypt.obj
 0001:00000930       sha512_getcv               0000000100401930 f   dyncrypt.obj
 0001:00000af0       sha512_seticv              0000000100401af0 f   dyncrypt.obj
 0001:000014b0       unwrap_aes                 00000001004024b0 f   dyncrypt.obj
 0001:00001750       unwrap_dea                 0000000100402750 f   dyncrypt.obj
 0001:000019b0       wrap_aes                   00000001004029b0 f   dyncrypt.obj
 0001:00001c30       wrap_dea                   0000000100402c30 f   dyncrypt.obj
 0001:00001e30       s370_kimd_sha              0000000100402e30 f   dyncrypt.obj
 0001:000022f0       s370_kimd_ghash            00000001004032f0 f   dyncrypt.obj
 0001:00002650       s370_klmd_sha              0000000100403650 f   dyncrypt.obj
 0001:00002c90       s370_km_dea                0000000100403c90 f   dyncrypt.obj
 0001:00003200       s370_km_aes                0000000100404200 f   dyncrypt.obj
 0001:00003690       s370_km_xts_aes            0000000100404690 f   dyncrypt.obj
 0001:00003c70       s370_kmac_dea              0000000100404c70 f   dyncrypt.obj
 0001:00004250       s370_kmac_aes              0000000100405250 f   dyncrypt.obj
 0001:000046a0       s370_kmc_dea               00000001004056a0 f   dyncrypt.obj
 0001:00005050       s370_kmc_aes               0000000100406050 f   dyncrypt.obj
 0001:00005670       s370_kmc_prng              0000000100406670 f   dyncrypt.obj
 0001:00005c40       s370_kmctr_dea             0000000100406c40 f   dyncrypt.obj
 0001:00006340       s370_kmctr_aes             0000000100407340 f   dyncrypt.obj
 0001:000068a0       s370_kmf_dea               00000001004078a0 f   dyncrypt.obj
 0001:000070a0       s370_kmf_aes               00000001004080a0 f   dyncrypt.obj
 0001:00007710       s370_kmo_dea               0000000100408710 f   dyncrypt.obj
 0001:00007dc0       s370_kmo_aes               0000000100408dc0 f   dyncrypt.obj
 0001:000082d0       s370_pcc_cmac_dea          00000001004092d0 f   dyncrypt.obj
 0001:00008ce0       s370_pcc_cmac_aes          0000000100409ce0 f   dyncrypt.obj
 0001:00009430       s370_pcc_xts_aes           000000010040a430 f   dyncrypt.obj
 0001:00009960       s370_pckmo_dea             000000010040a960 f   dyncrypt.obj
 0001:00009ab0       s370_pckmo_aes             000000010040aab0 f   dyncrypt.obj
 0001:0000aa24       $LN44                      000000010040ba24     dyncrypt.obj
 0001:0000aa6c       $LN43                      000000010040ba6c     dyncrypt.obj
 0001:0000af14       $LN37                      000000010040bf14     dyncrypt.obj
 0001:0000b474       $LN41                      000000010040c474     dyncrypt.obj
 0001:0000b4b0       $LN40                      000000010040c4b0     dyncrypt.obj
 0001:0000b94c       $LN33                      000000010040c94c     dyncrypt.obj
 0001:0000bdf0       $LN33                      000000010040cdf0     dyncrypt.obj
 0001:0000c290       $LN33                      000000010040d290     dyncrypt.obj
 0001:0000c464       $LN34                      000000010040d464     dyncrypt.obj
 0001:0000c4ac       $LN33                      000000010040d4ac     dyncrypt.obj
 0001:0000c944       $LN32                      000000010040d944     dyncrypt.obj
 0001:0000c9a0       s390_kimd_sha              000000010040d9a0 f   dyncrypt.obj
 0001:0000ce90       s390_klmd_sha              000000010040de90 f   dyncrypt.obj
 0001:0000d500       s390_km_dea                000000010040e500 f   dyncrypt.obj
 0001:0000da70       s390_km_aes                000000010040ea70 f   dyncrypt.obj
 0001:0000def0       s390_kmac_dea              000000010040eef0 f   dyncrypt.obj
 0001:0000e4c0       s390_kmc_dea               000000010040f4c0 f   dyncrypt.obj
 0001:0000ee70       s390_kmc_aes               000000010040fe70 f   dyncrypt.obj
 0001:0000f490       s390_kmc_prng              0000000100410490 f   dyncrypt.obj
 0001:000107f8       $LN27                      00000001004117f8     dyncrypt.obj
 0001:000110f4       $LN31                      00000001004120f4     dyncrypt.obj
 0001:00011118       $LN30                      0000000100412118     dyncrypt.obj
 0001:000118a0       z900_kimd_sha              00000001004128a0 f   dyncrypt.obj
 0001:00012190       z900_kimd_ghash            0000000100413190 f   dyncrypt.obj
 0001:000128f0       z900_klmd_sha              00000001004138f0 f   dyncrypt.obj
 0001:00013390       z900_km_dea                0000000100414390 f   dyncrypt.obj
 0001:00013da0       z900_km_aes                0000000100414da0 f   dyncrypt.obj
 0001:000146d0       z900_km_xts_aes            00000001004156d0 f   dyncrypt.obj
 0001:00015200       z900_kmac_dea              0000000100416200 f   dyncrypt.obj
 0001:00015c00       z900_kmac_aes              0000000100416c00 f   dyncrypt.obj
 0001:00016450       z900_kmc_dea               0000000100417450 f   dyncrypt.obj
 0001:00017360       z900_kmc_aes               0000000100418360 f   dyncrypt.obj
 0001:00017ed0       z900_kmc_prng              0000000100418ed0 f   dyncrypt.obj
 0001:000189e0       z900_kmctr_dea             00000001004199e0 f   dyncrypt.obj
 0001:000196c0       z900_kmctr_aes             000000010041a6c0 f   dyncrypt.obj
 0001:0001a210       z900_kmf_dea               000000010041b210 f   dyncrypt.obj
 0001:0001afc0       z900_kmf_aes               000000010041bfc0 f   dyncrypt.obj
 0001:0001bbc0       z900_kmo_dea               000000010041cbc0 f   dyncrypt.obj
 0001:0001c7c0       z900_kmo_aes               000000010041d7c0 f   dyncrypt.obj
 0001:0001d220       z900_pcc_cmac_dea          000000010041e220 f   dyncrypt.obj
 0001:0001dd30       z900_pcc_cmac_aes          000000010041ed30 f   dyncrypt.obj
 0001:0001e570       z900_pcc_xts_aes           000000010041f570 f   dyncrypt.obj
 0001:0001eb90       z900_pckmo_dea             000000010041fb90 f   dyncrypt.obj
 0001:0001edd0       z900_pckmo_aes             000000010041fdd0 f   dyncrypt.obj
 0001:0002025c       $LN54                      000000010042125c     dyncrypt.obj
 0001:000202a4       $LN53                      00000001004212a4     dyncrypt.obj
 0001:000207e8       $LN39                      00000001004217e8     dyncrypt.obj
 0001:00020f1c       $LN51                      0000000100421f1c     dyncrypt.obj
 0001:00020f58       $LN50                      0000000100421f58     dyncrypt.obj
 0001:000214c0       $LN35                      00000001004224c0     dyncrypt.obj
 0001:00021b28       $LN43                      0000000100422b28     dyncrypt.obj
 0001:00022198       $LN43                      0000000100423198     dyncrypt.obj
 0001:000223c8       $LN36                      00000001004233c8     dyncrypt.obj
 0001:00022410       $LN35                      0000000100423410     dyncrypt.obj
 0001:0002299c       $LN38                      000000010042399c     dyncrypt.obj
 0001:00026020       rijndaelDecrypt            0000000100427020 f   crypto64d:rijndael.c.obj
 0001:00031fa0       bitsel                     0000000100432fa0 f   crypto64d:sshdes.c.obj
 0001:00032060       ?dllmain_crt_dispatch@@YAHQEAUHINSTANCE__@@KQEAX@Z 0000000100433060 f   MSVCRTD:dll_dllmain.obj
 0001:000320f0       ?dllmain_crt_process_attach@@YAHQEAUHINSTANCE__@@QEAX@Z 00000001004330f0 f   MSVCRTD:dll_dllmain.obj
 0001:00032230       ?dllmain_crt_process_detach@@YAH_N@Z 0000000100433230 f   MSVCRTD:dll_dllmain.obj
 0001:000322d0       ?dllmain_dispatch@@YAHQEAUHINSTANCE__@@KQEAX@Z 00000001004332d0 f   MSVCRTD:dll_dllmain.obj
 0001:00032410       ?dllmain_raw@@YAHQEAUHINSTANCE__@@KQEAX@Z 0000000100433410 f   MSVCRTD:dll_dllmain.obj
 0001:000327d0       capture_current_context    00000001004337d0 f   MSVCRTD:gs_report.obj
 0001:00032870       capture_previous_context   0000000100433870 f   MSVCRTD:gs_report.obj
 0001:00032a70       $$000000                   0000000100433a70     MSVCRTD:amdsecgs.obj
 0001:00032d10       __get_entropy              0000000100433d10 f   MSVCRTD:gs_support.obj
 0001:00032f60       ?find_pe_section@@YAPEAU_IMAGE_SECTION_HEADER@@QEAE_K@Z 0000000100433f60 f   MSVCRTD:utility.obj
 0001:00033040       ?is_potentially_valid_image_base@@YA_NQEAX@Z 0000000100434040 f   MSVCRTD:utility.obj
 0001:00033b60       __castguard_check_failure_os_handled_wrapper 0000000100434b60 f   MSVCRTD:guard_support.obj
 0001:00033b90       __castguard_compat_check   0000000100434b90 f   MSVCRTD:guard_support.obj
 0001:00033cf0       __castguard_slow_path_compat_check 0000000100434cf0 f   MSVCRTD:guard_support.obj
 0001:00033e60       ?DebuggerProbe@@YA_NK@Z    0000000100434e60 f   MSVCRTD:error.obj
 0001:00033ea0       ?DebuggerRuntime@@YA_NKHPEAXPEB_W@Z 0000000100434ea0 f   MSVCRTD:error.obj
 0001:00034170       ?_getMemBlockDataString@@YAXPEAD0PEBD_K@Z 0000000100435170 f   MSVCRTD:error.obj
 0001:00034230       ?_strlen_priv@@YA_KPEBD@Z  0000000100435230 f   MSVCRTD:error.obj
 0001:00034250       ?failwithmessage@@YAXPEAXHHPEBD@Z 0000000100435250 f   MSVCRTD:error.obj
 0001:000344b0       ?notify_debugger@@YAXAEBUtagEXCEPTION_VISUALCPP_DEBUG_INFO@@@Z 00000001004354b0 f   MSVCRTD:error.obj
 0001:00034a30       ?GetPdbDll@@YAPEAUHINSTANCE__@@XZ 0000000100435a30 f   MSVCRTD:pdblkup.obj
 0001:00034b90       ?GetPdbDllFromInstallPath@@YAPEAUHINSTANCE__@@XZ 0000000100435b90 f   MSVCRTD:pdblkup.obj
 0001:00034e40       ?GetPdbDllPathFromFilePath@@YAHPEB_WPEA_W_K@Z 0000000100435e40 f   MSVCRTD:pdblkup.obj
 0001:000354f0       $$000000                   00000001004364f0     MSVCRTD:guard_dispatch.obj
 0001:00035510       $$000000                   0000000100436510     MSVCRTD:guard_xfg_dispatch.obj
 0001:00035530       ?fin$0@?0??dllmain_crt_process_attach@@YAHQEAUHINSTANCE__@@QEAX@Z@4HA 0000000100436530 f   MSVCRTD:dll_dllmain.obj
 0001:00035550       ?fin$0@?0??dllmain_crt_process_detach@@YAH_N@Z@4HA 0000000100436550 f   MSVCRTD:dll_dllmain.obj
 0001:0003556a       ?fin$1@?0??dllmain_crt_process_detach@@YAH_N@Z@4HA 000000010043656a f   MSVCRTD:dll_dllmain.obj
 0001:00035580       ?filt$0@?0??dllmain_dispatch@@YAHQEAUHINSTANCE__@@KQEAX@Z@4HA 0000000100436580 f   MSVCRTD:dll_dllmain.obj
 0001:000355d0       __scrt_is_nonwritable_in_current_image$filt$0 00000001004365d0 f   MSVCRTD:utility.obj
 0001:00035610       ?filt$0@?0??notify_debugger@@YAXAEBUtagEXCEPTION_VISUALCPP_DEBUG_INFO@@@Z@4HA 0000000100436610 f   MSVCRTD:error.obj
 0002:00000300       CKD_ENDTRK                 0000000100437300     dyncrypt.obj
 0002:00000308       mask                       0000000100437308     dyncrypt.obj
 0002:00000310       kmctr_wrap                 0000000100437310     dyncrypt.obj
 0002:00000390       kmctr_keylengths           0000000100437390     dyncrypt.obj
 0002:00000410       kmctr_pblens               0000000100437410     dyncrypt.obj
 0002:00000490       poly                       0000000100437490     dyncrypt.obj
 0002:00000498       ?query_bits@?1??s370_dyn_perform_cryptographic_computation@@9@9 0000000100437498     dyncrypt.obj
 0002:000004a8       ?query_bits@?1??z900_dyn_perform_cryptographic_computation@@9@9 00000001004374a8     dyncrypt.obj
 0002:000004c0       Te0                        00000001004374c0     crypto64d:rijndael.c.obj
 0002:000008c0       Te1                        00000001004378c0     crypto64d:rijndael.c.obj
 0002:00000cc0       Te2                        0000000100437cc0     crypto64d:rijndael.c.obj
 0002:000010c0       Te3                        00000001004380c0     crypto64d:rijndael.c.obj
 0002:000014c0       Td0                        00000001004384c0     crypto64d:rijndael.c.obj
 0002:000018c0       Td1                        00000001004388c0     crypto64d:rijndael.c.obj
 0002:00001cc0       Td2                        0000000100438cc0     crypto64d:rijndael.c.obj
 0002:000020c0       Td3                        00000001004390c0     crypto64d:rijndael.c.obj
 0002:000024c0       Td4                        00000001004394c0     crypto64d:rijndael.c.obj
 0002:000025c0       rcon                       00000001004395c0     crypto64d:rijndael.c.obj
 0002:000025f0       SHA1Transform$rtcName$0    00000001004395f0     crypto64d:sha1.c.obj
 0002:000025f4       SHA1Transform$rtcName$1    00000001004395f4     crypto64d:sha1.c.obj
 0002:000025f8       SHA1Transform$rtcName$2    00000001004395f8     crypto64d:sha1.c.obj
 0002:000025fc       SHA1Transform$rtcName$3    00000001004395fc     crypto64d:sha1.c.obj
 0002:00002600       SHA1Transform$rtcName$4    0000000100439600     crypto64d:sha1.c.obj
 0002:00002608       SHA1Transform$rtcName$5    0000000100439608     crypto64d:sha1.c.obj
 0002:00002618       SHA1Transform$rtcFrameData 0000000100439618     crypto64d:sha1.c.obj
 0002:00002630       SHA1Transform$rtcVarDesc   0000000100439630     crypto64d:sha1.c.obj
 0002:000027b0       SHA1Final$rtcName$0        00000001004397b0     crypto64d:sha1.c.obj
 0002:000027c0       SHA1Final$rtcVarDesc       00000001004397c0     crypto64d:sha1.c.obj
 0002:00002800       SHA1Final$rtcFrameData     0000000100439800     crypto64d:sha1.c.obj
 0002:00002810       K256                       0000000100439810     crypto64d:sha2.c.obj
 0002:00002910       sha256_initial_hash_value  0000000100439910     crypto64d:sha2.c.obj
 0002:00002930       K512                       0000000100439930     crypto64d:sha2.c.obj
 0002:00002bb0       sha384_initial_hash_value  0000000100439bb0     crypto64d:sha2.c.obj
 0002:00002bf0       sha512_initial_hash_value  0000000100439bf0     crypto64d:sha2.c.obj
 0002:00002c30       SHA256Transform$rtcName$0  0000000100439c30     crypto64d:sha2.c.obj
 0002:00002c34       SHA256Transform$rtcName$1  0000000100439c34     crypto64d:sha2.c.obj
 0002:00002c38       SHA256Transform$rtcName$2  0000000100439c38     crypto64d:sha2.c.obj
 0002:00002c3c       SHA256Transform$rtcName$3  0000000100439c3c     crypto64d:sha2.c.obj
 0002:00002c40       SHA256Transform$rtcName$4  0000000100439c40     crypto64d:sha2.c.obj
 0002:00002c44       SHA256Transform$rtcName$5  0000000100439c44     crypto64d:sha2.c.obj
 0002:00002c48       SHA256Transform$rtcName$6  0000000100439c48     crypto64d:sha2.c.obj
 0002:00002c4c       SHA256Transform$rtcName$7  0000000100439c4c     crypto64d:sha2.c.obj
 0002:00002c50       SHA256Transform$rtcName$8  0000000100439c50     crypto64d:sha2.c.obj
 0002:00002c54       SHA256Transform$rtcName$9  0000000100439c54     crypto64d:sha2.c.obj
 0002:00002c58       SHA256Transform$rtcName$10 0000000100439c58     crypto64d:sha2.c.obj
 0002:00002c5c       SHA256Transform$rtcName$11 0000000100439c5c     crypto64d:sha2.c.obj
 0002:00002c60       SHA256Transform$rtcName$12 0000000100439c60     crypto64d:sha2.c.obj
 0002:00002c68       SHA256Transform$rtcFrameData 0000000100439c68     crypto64d:sha2.c.obj
 0002:00002c78       SHA512Transform$rtcName$0  0000000100439c78     crypto64d:sha2.c.obj
 0002:00002c80       SHA256Transform$rtcVarDesc 0000000100439c80     crypto64d:sha2.c.obj
 0002:00002fc0       SHA512Transform$rtcName$1  0000000100439fc0     crypto64d:sha2.c.obj
 0002:00002fc4       SHA512Transform$rtcName$2  0000000100439fc4     crypto64d:sha2.c.obj
 0002:00002fc8       SHA512Transform$rtcName$3  0000000100439fc8     crypto64d:sha2.c.obj
 0002:00002fcc       SHA512Transform$rtcName$4  0000000100439fcc     crypto64d:sha2.c.obj
 0002:00002fd0       SHA512Transform$rtcName$5  0000000100439fd0     crypto64d:sha2.c.obj
 0002:00002fd4       SHA512Transform$rtcName$6  0000000100439fd4     crypto64d:sha2.c.obj
 0002:00002fd8       SHA512Transform$rtcName$7  0000000100439fd8     crypto64d:sha2.c.obj
 0002:00002fdc       SHA512Transform$rtcName$8  0000000100439fdc     crypto64d:sha2.c.obj
 0002:00002fe0       SHA512Transform$rtcName$9  0000000100439fe0     crypto64d:sha2.c.obj
 0002:00002fe4       SHA512Transform$rtcName$10 0000000100439fe4     crypto64d:sha2.c.obj
 0002:00002fe8       SHA512Transform$rtcName$11 0000000100439fe8     crypto64d:sha2.c.obj
 0002:00002fec       SHA512Transform$rtcName$12 0000000100439fec     crypto64d:sha2.c.obj
 0002:00002ff8       SHA512Transform$rtcFrameData 0000000100439ff8     crypto64d:sha2.c.obj
 0002:00003010       SHA512Transform$rtcVarDesc 000000010043a010     crypto64d:sha2.c.obj
 0002:00003350       SHA256Final$rtcName$0      000000010043a350     crypto64d:sha2.c.obj
 0002:00003360       SHA256Final$rtcVarDesc     000000010043a360     crypto64d:sha2.c.obj
 0002:000033a0       SHA256Final$rtcFrameData   000000010043a3a0     crypto64d:sha2.c.obj
 0002:000033b0       ?PC1_Cbits@?1??des_key_setup@@9@9 000000010043a3b0     crypto64d:sshdes.c.obj
 0002:00003420       ?PC1_Dbits@?1??des_key_setup@@9@9 000000010043a420     crypto64d:sshdes.c.obj
 0002:00003490       ?PC2_0246@?1??des_key_setup@@9@9 000000010043a490     crypto64d:sshdes.c.obj
 0002:00003510       ?PC2_1357@?1??des_key_setup@@9@9 000000010043a510     crypto64d:sshdes.c.obj
 0002:00003590       ?leftshifts@?1??des_key_setup@@9@9 000000010043a590     crypto64d:sshdes.c.obj
 0002:000035d0       SPboxes                    000000010043a5d0     crypto64d:sshdes.c.obj
[...]
 0002:00005884       $unwind$SHA384Final        000000010043c884     crypto64d:sha2.c.obj
 0002:0000588c       $unwind$SHA512Init         000000010043c88c     crypto64d:sha2.c.obj
 0002:00005894       $unwind$SHA512Update       000000010043c894     crypto64d:sha2.c.obj
 0002:0000589c       $unwind$SHA512Final        000000010043c89c     crypto64d:sha2.c.obj
 0002:000058a4       $unwind$des_key_setup      000000010043c8a4     crypto64d:sshdes.c.obj
 0002:000058ac       $unwind$des_encipher       000000010043c8ac     crypto64d:sshdes.c.obj
 0002:000058b4       $unwind$des_decipher       000000010043c8b4     crypto64d:sshdes.c.obj
 0002:000058bc       $unwind$bitsel             000000010043c8bc     crypto64d:sshdes.c.obj
 0002:000058c4       $unwind$?dllmain_crt_process_attach@@YAHQEAUHINSTANCE__@@QEAX@Z 000000010043c8c4     MSVCRTD:dll_dllmain.obj
 0002:000058e4       $unwind$?fin$0@?0??dllmain_crt_process_attach@@YAHQEAUHINSTANCE__@@QEAX@Z@4HA 000000010043c8e4     MSVCRTD:dll_dllmain.obj
 0002:000058ec       $unwind$?dllmain_crt_process_detach@@YAH_N@Z 000000010043c8ec     MSVCRTD:dll_dllmain.obj
 0002:0000591c       $unwind$?fin$0@?0??dllmain_crt_process_detach@@YAH_N@Z@4HA 000000010043c91c     MSVCRTD:dll_dllmain.obj
 0002:00005924       $unwind$?fin$1@?0??dllmain_crt_process_detach@@YAH_N@Z@4HA 000000010043c924     MSVCRTD:dll_dllmain.obj
 0002:0000592c       $unwind$?dllmain_crt_dispatch@@YAHQEAUHINSTANCE__@@KQEAX@Z 000000010043c92c     MSVCRTD:dll_dllmain.obj
 0002:00005934       $unwind$_CRT_INIT          000000010043c934     MSVCRTD:dll_dllmain.obj
 0002:0000593c       $unwind$?dllmain_raw@@YAHQEAUHINSTANCE__@@KQEAX@Z 000000010043c93c     MSVCRTD:dll_dllmain.obj
 0002:00005944       $unwind$?dllmain_dispatch@@YAHQEAUHINSTANCE__@@KQEAX@Z 000000010043c944     MSVCRTD:dll_dllmain.obj
 0002:00005964       $unwind$?filt$0@?0??dllmain_dispatch@@YAHQEAUHINSTANCE__@@KQEAX@Z@4HA 000000010043c964     MSVCRTD:dll_dllmain.obj
 0002:0000596c       $unwind$_DllMainCRTStartup 000000010043c96c     MSVCRTD:dll_dllmain.obj
 0002:00005974       $unwind$__report_securityfailure 000000010043c974     MSVCRTD:gs_report.obj
 0002:0000597c       $unwind$__report_securityfailureEx 000000010043c97c     MSVCRTD:gs_report.obj
 0002:00005984       $unwind$__report_rangecheckfailure 000000010043c984     MSVCRTD:gs_report.obj
 0002:0000598c       $unwind$__report_gsfailure 000000010043c98c     MSVCRTD:gs_report.obj
 0002:00005994       $unwind$capture_current_context 000000010043c994     MSVCRTD:gs_report.obj
 0002:0000599c       $unwind$capture_previous_context 000000010043c99c     MSVCRTD:gs_report.obj
 0002:000059a4       $unwind$__raise_securityfailure 000000010043c9a4     MSVCRTD:gs_report.obj
 0002:000059ac       $unwind$__GSHandlerCheckCommon 000000010043c9ac     MSVCRTD:gshandler.obj
 0002:000059b4       $unwind$__GSHandlerCheck   000000010043c9b4     MSVCRTD:gshandler.obj
 0002:000059c0       $xdatasym                  000000010043c9c0     MSVCRTD:amdsecgs.obj
 0002:000059c4       $unwind$_RTC_Shutdown      000000010043c9c4     MSVCRTD:init.obj
 0002:000059cc       $unwind$_RTC_InitBase      000000010043c9cc     MSVCRTD:init.obj
 0002:000059d4       $unwind$_RTC_CheckStackVars 000000010043c9d4     MSVCRTD:stack.obj
 0002:000059e4       $chain$0$_RTC_CheckStackVars 000000010043c9e4     MSVCRTD:stack.obj
 0002:000059f8       $chain$1$_RTC_CheckStackVars 000000010043c9f8     MSVCRTD:stack.obj
 0002:00005a08       $unwind$_RTC_CheckStackVars2 000000010043ca08     MSVCRTD:stack.obj
 0002:00005a14       $chain$1$_RTC_CheckStackVars2 000000010043ca14     MSVCRTD:stack.obj
 0002:00005a2c       $chain$2$_RTC_CheckStackVars2 000000010043ca2c     MSVCRTD:stack.obj
 0002:00005a40       $chain$3$_RTC_CheckStackVars2 000000010043ca40     MSVCRTD:stack.obj
 0002:00005a54       $chain$4$_RTC_CheckStackVars2 000000010043ca54     MSVCRTD:stack.obj
 0002:00005a64       $chain$5$_RTC_CheckStackVars2 000000010043ca64     MSVCRTD:stack.obj
 0002:00005a74       $chain$6$_RTC_CheckStackVars2 000000010043ca74     MSVCRTD:stack.obj
 0002:00005a84       $unwind$_RTC_AllocaHelper  000000010043ca84     MSVCRTD:stack.obj
 0002:00005a8c       $chain$0$_RTC_AllocaHelper 000000010043ca8c     MSVCRTD:stack.obj
 0002:00005aa0       $chain$1$_RTC_AllocaHelper 000000010043caa0     MSVCRTD:stack.obj
 0002:00005ab0       $unwind$__security_init_cookie 000000010043cab0     MSVCRTD:gs_support.obj
 0002:00005ab8       $unwind$__get_entropy      000000010043cab8     MSVCRTD:gs_support.obj
 0002:00005ac0       $unwind$DllMain            000000010043cac0     MSVCRTD:dll_dllmain_stub.obj
 0002:00005ac8       $unwind$?__scrt_initialize_type_info@@YAXXZ 000000010043cac8     MSVCRTD:tncleanup.obj
 0002:00005ad0       $unwind$?__scrt_uninitialize_type_info@@YAXXZ 000000010043cad0     MSVCRTD:tncleanup.obj
 0002:00005ad8       $unwind$__scrt_initialize_default_local_stdio_options 000000010043cad8     MSVCRTD:default_local_stdio_options.obj
 0002:00005ae0       $unwind$atexit             000000010043cae0     MSVCRTD:utility.obj
 0002:00005ae8       $unwind$_onexit            000000010043cae8     MSVCRTD:utility.obj
 0002:00005af0       $unwind$at_quick_exit      000000010043caf0     MSVCRTD:utility.obj
 0002:00005af8       $unwind$__scrt_is_nonwritable_in_current_image 000000010043caf8     MSVCRTD:utility.obj
 0002:00005b18       $unwind$__scrt_is_nonwritable_in_current_image$filt$0 000000010043cb18     MSVCRTD:utility.obj
 0002:00005b20       $unwind$__scrt_acquire_startup_lock 000000010043cb20     MSVCRTD:utility.obj
 0002:00005b28       $unwind$__scrt_release_startup_lock 000000010043cb28     MSVCRTD:utility.obj
 0002:00005b30       $unwind$__scrt_initialize_crt 000000010043cb30     MSVCRTD:utility.obj
 0002:00005b38       $unwind$__scrt_uninitialize_crt 000000010043cb38     MSVCRTD:utility.obj
 0002:00005b40       $unwind$__scrt_initialize_onexit_tables 000000010043cb40     MSVCRTD:utility.obj
 0002:00005b4c       $unwind$__scrt_dllmain_exception_filter 000000010043cb4c     MSVCRTD:utility.obj
 0002:00005b54       $unwind$__scrt_dllmain_before_initialize_c 000000010043cb54     MSVCRTD:utility.obj
 0002:00005b5c       $unwind$__scrt_dllmain_after_initialize_c 000000010043cb5c     MSVCRTD:utility.obj
 0002:00005b64       $unwind$__scrt_dllmain_uninitialize_c 000000010043cb64     MSVCRTD:utility.obj
 0002:00005b6c       $unwind$__scrt_dllmain_uninitialize_critical 000000010043cb6c     MSVCRTD:utility.obj
 0002:00005b74       $unwind$__scrt_dllmain_crt_thread_attach 000000010043cb74     MSVCRTD:utility.obj
 0002:00005b7c       $unwind$__scrt_dllmain_crt_thread_detach 000000010043cb7c     MSVCRTD:utility.obj
 0002:00005b84       $unwind$?configure_argv@__scrt_narrow_argv_policy@@SAHXZ 000000010043cb84     MSVCRTD:utility.obj
 0002:00005b8c       $unwind$?initialize_environment@__scrt_narrow_environment_policy@@SAHXZ 000000010043cb8c     MSVCRTD:utility.obj
 0002:00005b94       $unwind$?is_potentially_valid_image_base@@YA_NQEAX@Z 000000010043cb94     MSVCRTD:utility.obj
 0002:00005b9c       $unwind$?find_pe_section@@YAPEAU_IMAGE_SECTION_HEADER@@QEAE_K@Z 000000010043cb9c     MSVCRTD:utility.obj
 0002:00005ba4       $unwind$__scrt_get_show_window_mode 000000010043cba4     MSVCRTD:utility_desktop.obj
 0002:00005bb0       $unwind$__scrt_is_managed_app 000000010043cbb0     MSVCRTD:utility_desktop.obj
 0002:00005bb8       $unwind$__scrt_initialize_mta 000000010043cbb8     MSVCRTD:utility_desktop.obj
 0002:00005bc0       $unwind$__scrt_set_unhandled_exception_filter 000000010043cbc0     MSVCRTD:utility_desktop.obj
 0002:00005bc8       $unwind$__scrt_fastfail    000000010043cbc8     MSVCRTD:utility_desktop.obj
 0002:00005bd4       $unwind$__scrt_unhandled_exception_filter 000000010043cbd4     MSVCRTD:utility_desktop.obj
 0002:00005bdc       $unwind$_RTC_Initialize    000000010043cbdc     MSVCRTD:initsect.obj
 0002:00005be8       $unwind$_RTC_Terminate     000000010043cbe8     MSVCRTD:initsect.obj
 0002:00005bf4       $unwind$ReadNoFence64      000000010043cbf4     MSVCRTD:guard_support.obj
 0002:00005bfc       $unwind$ReadPointerNoFence 000000010043cbfc     MSVCRTD:guard_support.obj
 0002:00005c04       $unwind$_guard_icall_checks_enforced 000000010043cc04     MSVCRTD:guard_support.obj
 0002:00005c0c       $unwind$__castguard_compat_check 000000010043cc0c     MSVCRTD:guard_support.obj
 0002:00005c14       $unwind$__castguard_check_failure_os_handled_wrapper 000000010043cc14     MSVCRTD:guard_support.obj
 0002:00005c1c       $unwind$__castguard_check_failure_debugbreak 000000010043cc1c     MSVCRTD:guard_support.obj
 0002:00005c24       $unwind$__castguard_check_failure_fastfail 000000010043cc24     MSVCRTD:guard_support.obj
 0002:00005c2c       $unwind$__castguard_check_failure_os_handled 000000010043cc2c     MSVCRTD:guard_support.obj
 0002:00005c34       $unwind$__castguard_slow_path_compat_check 000000010043cc34     MSVCRTD:guard_support.obj
 0002:00005c3c       $unwind$__castguard_slow_path_check_debugbreak 000000010043cc3c     MSVCRTD:guard_support.obj
 0002:00005c44       $unwind$__castguard_slow_path_check_fastfail 000000010043cc44     MSVCRTD:guard_support.obj
 0002:00005c4c       $unwind$__castguard_slow_path_check_os_handled 000000010043cc4c     MSVCRTD:guard_support.obj
 0002:00005c54       $unwind$_RTC_UninitUse     000000010043cc54     MSVCRTD:error.obj
 0002:00005c6c       $unwind$?_RTC_StackFailure@@YAXPEAXPEBD@Z 000000010043cc6c     MSVCRTD:error.obj
 0002:00005c88       $unwind$?_RTC_AllocaFailure@@YAXPEAXPEAU_RTC_ALLOCA_NODE@@H@Z 000000010043cc88     MSVCRTD:error.obj
 0002:00005ca0       $chain$0$?_RTC_AllocaFailure@@YAXPEAXPEAU_RTC_ALLOCA_NODE@@H@Z 000000010043cca0     MSVCRTD:error.obj
 0002:00005cb4       $chain$1$?_RTC_AllocaFailure@@YAXPEAXPEAU_RTC_ALLOCA_NODE@@H@Z 000000010043ccb4     MSVCRTD:error.obj
 0002:00005cc4       $unwind$_vsprintf_s_l      000000010043ccc4     MSVCRTD:error.obj
 0002:00005cd8       $unwind$sprintf_s          000000010043ccd8     MSVCRTD:error.obj
 0002:00005ce0       $unwind$?notify_debugger@@YAXAEBUtagEXCEPTION_VISUALCPP_DEBUG_INFO@@@Z 000000010043cce0     MSVCRTD:error.obj
 0002:00005d00       $unwind$?filt$0@?0??notify_debugger@@YAXAEBUtagEXCEPTION_VISUALCPP_DEBUG_INFO@@@Z@4HA 000000010043cd00     MSVCRTD:error.obj
 0002:00005d08       $unwind$?DebuggerProbe@@YA_NK@Z 000000010043cd08     MSVCRTD:error.obj
 0002:00005d10       $unwind$?DebuggerRuntime@@YA_NKHPEAXPEB_W@Z 000000010043cd10     MSVCRTD:error.obj
 0002:00005d18       $unwind$?failwithmessage@@YAXPEAXHHPEBD@Z 000000010043cd18     MSVCRTD:error.obj
 0002:00005d3c       $unwind$?_getMemBlockDataString@@YAXPEAD0PEBD_K@Z 000000010043cd3c     MSVCRTD:error.obj
 0002:00005d4c       $chain$3$?_getMemBlockDataString@@YAXPEAD0PEBD_K@Z 000000010043cd4c     MSVCRTD:error.obj
 0002:00005d6c       $chain$4$?_getMemBlockDataString@@YAXPEAD0PEBD_K@Z 000000010043cd6c     MSVCRTD:error.obj
 0002:00005d7c       $unwind$__isa_available_init 000000010043cd7c     MSVCRTD:cpu_disp.obj
 0002:00005d8c       $unwind$__scrt_is_ucrt_dll_in_use 000000010043cd8c     MSVCRTD:ucrt_detection.obj
 0002:00005d98       $xdatasym                  000000010043cd98     MSVCRTD:guard_dispatch.obj
 0002:00005da0       $xdatasym                  000000010043cda0     MSVCRTD:guard_xfg_dispatch.obj
 0002:00005da4       $unwind$?_RTC_GetSrcLine@@YAHPEAEPEA_WKPEAH1K@Z 000000010043cda4     MSVCRTD:pdblkup.obj
 0002:00005dbc       $unwind$?GetPdbDllFromInstallPath@@YAPEAUHINSTANCE__@@XZ 000000010043cdbc     MSVCRTD:pdblkup.obj
 0002:00005de0       $unwind$?GetPdbDllPathFromFilePath@@YAHPEB_WPEA_W_K@Z 000000010043cde0     MSVCRTD:pdblkup.obj
 0002:00005df8       $unwind$?GetPdbDll@@YAPEAUHINSTANCE__@@XZ 000000010043cdf8     MSVCRTD:pdblkup.obj
 0002:00005e10       .edata                     000000010043ce10     dyncrypt.exp
 0002:00005e38       rgpv                       000000010043ce38     dyncrypt.exp
 0002:00005e44       rgszName                   000000010043ce44     dyncrypt.exp
 0002:00005e50       rgwOrd                     000000010043ce50     dyncrypt.exp
 0002:00005e56       szName                     000000010043ce56     dyncrypt.exp
 0002:00005e63       $N00001                    000000010043ce63     dyncrypt.exp
 0002:00005e78       $N00002                    000000010043ce78     dyncrypt.exp
 0002:00005e90       $N00003                    000000010043ce90     dyncrypt.exp
 0002:000062b4       .idata$6                   000000010043d2b4     hengine:hengine.dll
 0002:000062dc       .idata$6                   000000010043d2dc     hutil:hutil.dll
 0002:000062f0       .idata$6                   000000010043d2f0     hsys:hsys.dll
 0002:000063fc       .idata$6                   000000010043d3fc     vcruntimed:VCRUNTIME140D.dll
 0002:000065ba       .idata$6                   000000010043d5ba     ucrtd:ucrtbased.dll
 0002:000067fc       .idata$6                   000000010043d7fc     kernel32:KERNEL32.dll
 0003:00000000       exp_table                  000000010043e000     dyncrypt.obj
 0003:00000800       $SG196173                  000000010043e800     dyncrypt.obj
 0003:00000830       $SG196206                  000000010043e830     dyncrypt.obj
 0003:0000083c       $SG196213                  000000010043e83c     dyncrypt.obj
 0003:00000844       $SG196407                  000000010043e844     dyncrypt.obj
 0003:00000848       $SG196207                  000000010043e848     dyncrypt.obj
 0003:00000854       $SG196406                  000000010043e854     dyncrypt.obj
 0003:0000085c       $SG196412                  000000010043e85c     dyncrypt.obj
 0003:00000860       $SG196209                  000000010043e860     dyncrypt.obj
 0003:0000086c       $SG196210                  000000010043e86c     dyncrypt.obj
 0003:00000874       $SG196417                  000000010043e874     dyncrypt.obj
 0003:00000878       $SG196212                  000000010043e878     dyncrypt.obj
 0003:00000880       $SG196339                  000000010043e880     dyncrypt.obj
 0003:000008a8       $SG196341                  000000010043e8a8     dyncrypt.obj
 0003:000008d0       $SG196343                  000000010043e8d0     dyncrypt.obj
 0003:000008f8       $SG196345                  000000010043e8f8     dyncrypt.obj
 0003:00000918       $SG196347                  000000010043e918     dyncrypt.obj
 0003:00000938       $SG196349                  000000010043e938     dyncrypt.obj
 0003:00000958       $SG196351                  000000010043e958     dyncrypt.obj
 0003:00000970       $SG196353                  000000010043e970     dyncrypt.obj
 0003:00000988       $SG196355                  000000010043e988     dyncrypt.obj
 0003:000009a0       $SG196357                  000000010043e9a0     dyncrypt.obj
 0003:000009c8       $SG196359                  000000010043e9c8     dyncrypt.obj
 0003:000009f0       $SG196361                  000000010043e9f0     dyncrypt.obj
 0003:00000a18       $SG196363                  000000010043ea18     dyncrypt.obj
 0003:00000a40       $SG196365                  000000010043ea40     dyncrypt.obj
 0003:00000a68       $SG196367                  000000010043ea68     dyncrypt.obj
 0003:00000a90       $SG196369                  000000010043ea90     dyncrypt.obj
 0003:00000ac8       $SG196371                  000000010043eac8     dyncrypt.obj
 0003:00000b00       $SG196373                  000000010043eb00     dyncrypt.obj
 0003:00000b38       $SG196375                  000000010043eb38     dyncrypt.obj
 0003:00000b58       $SG196377                  000000010043eb58     dyncrypt.obj
 0003:00000b78       $SG196379                  000000010043eb78     dyncrypt.obj
 0003:00000b98       $SG196381                  000000010043eb98     dyncrypt.obj
 0003:00000bc0       $SG196383                  000000010043ebc0     dyncrypt.obj
 0003:00000be8       $SG196385                  000000010043ebe8     dyncrypt.obj
 0003:00000c10       $SG196387                  000000010043ec10     dyncrypt.obj
 0003:00000c38       $SG196389                  000000010043ec38     dyncrypt.obj
 0003:00000c60       $SG196391                  000000010043ec60     dyncrypt.obj
 0003:00000c88       $SG196393                  000000010043ec88     dyncrypt.obj
 0003:00000cb0       $SG196395                  000000010043ecb0     dyncrypt.obj
 0003:00000cd8       $SG196397                  000000010043ecd8     dyncrypt.obj
 0003:00000d00       $SG196405                  000000010043ed00     dyncrypt.obj
 0003:00000d38       $SG196408                  000000010043ed38     dyncrypt.obj
 0003:00000d58       $SG196409                  000000010043ed58     dyncrypt.obj
 0003:00000d70       $SG196410                  000000010043ed70     dyncrypt.obj
 0003:00000da0       $SG196411                  000000010043eda0     dyncrypt.obj
 0003:00000db8       $SG196413                  000000010043edb8     dyncrypt.obj
 0003:00000de0       $SG196414                  000000010043ede0     dyncrypt.obj
 0003:00000df8       $SG196415                  000000010043edf8     dyncrypt.obj
 0003:00000e28       $SG196416                  000000010043ee28     dyncrypt.obj
 0003:00000e58       $SG196418                  000000010043ee58     dyncrypt.obj
 0003:00000e80       $SG196419                  000000010043ee80     dyncrypt.obj
 0003:00000e98       $SG196420                  000000010043ee98     dyncrypt.obj
 0003:00000ec4       $SG93790                   000000010043eec4     crypto64d:sha1.c.obj
 0003:00000f30       $SG93791                   000000010043ef30     crypto64d:sha1.c.obj
 0003:00000f34       ?__proc_attached@@3HA      000000010043ef34     MSVCRTD:dll_dllmain.obj
 0003:00000f40       GS_ExceptionRecord         000000010043ef40     MSVCRTD:gs_report.obj
 0003:00000fe0       GS_ContextRecord           000000010043efe0     MSVCRTD:gs_report.obj
 0003:000014b0       ?init@?1??_RTC_InitBase@@9@4_NA 000000010043f4b0     MSVCRTD:init.obj
 0003:000014f0       ?is_initialized_as_dll@@3_NA 000000010043f4f0     MSVCRTD:utility.obj
 0003:000014f1       ?module_local_atexit_table_initialized@@3_NA 000000010043f4f1     MSVCRTD:utility.obj
 0003:000014f8       ?module_local_atexit_table@@3U_onexit_table_t@@A 000000010043f4f8     MSVCRTD:utility.obj
 0003:00001510       ?module_local_at_quick_exit_table@@3U_onexit_table_t@@A 000000010043f510     MSVCRTD:utility.obj
 0003:00001530       ?_RTC_ErrorReportFunc@@3P6AHHPEBDH00ZZEA 000000010043f530     MSVCRTD:userapi.obj
 0003:00001538       ?_RTC_ErrorReportFuncW@@3P6AHHPEB_WH00ZZEA 000000010043f538     MSVCRTD:userapi.obj
 0003:00001548       ?mspdb@@3PEAUHINSTANCE__@@EA 000000010043f548     MSVCRTD:pdblkup.obj
 0003:00001550       ?alreadyTried@?1??GetPdbDll@@YAPEAUHINSTANCE__@@XZ@4_NA 000000010043f550     MSVCRTD:pdblkup.obj
 0003:00001551       ?PDBOK@?1??_RTC_GetSrcLine@@YAHPEAEPEA_WKPEAH1K@Z@4_NA 000000010043f551     MSVCRTD:pdblkup.obj
 0005:000002d0       $R000000                   00000001004412d0     hercprod.res
 0005:00000878       $R0005A8                   0000000100441878     hercprod.res
 0005:000009a0       $R0006D0                   00000001004419a0     hercprod.res
 0005:00000f08       $R000C38                   0000000100441f08     hercprod.res
 0005:00001370       $R0010A0                   0000000100442370     hercprod.res
 0005:00001658       $R001388                   0000000100442658     hercprod.res
 0005:00001f00       $R001C30                   0000000100442f00     hercprod.res
 0005:00002fa8       $R002CD8                   0000000100443fa8     hercprod.res
 0005:00003610       $R003340                   0000000100444610     hercprod.res
 0005:000044b8       $R0041E8                   00000001004454b8     hercprod.res
 0005:00006a60       $R006790                   0000000100447a60     hercprod.res
 0005:0000ff08       $R00FC38                   0000000100450f08     hercprod.res
 0005:00013bc8       $R0138F8                   0000000100454bc8     hercprod.res
