 dyngui

 Timestamp is 63e3da0e (Wed Feb  8 18:21:18 2023)

 Preferred load address is 0000000100400000

 Start         Length     Name                   Class
 0001:00000000 000088a0H .text$mn                CODE
 0001:000088a0 00000040H .text$mn$00             CODE
 0001:000088e0 000000ddH .text$x                 CODE
 0002:00000000 00000270H .idata$5                DATA
 0002:00000270 00000038H .00cfg                  DATA
 0002:000002a8 00000008H .CRT$XCA                DATA
 0002:000002b0 00000008H .CRT$XCZ                DATA
 0002:000002b8 00000008H .CRT$XIA                DATA
 0002:000002c0 00000008H .CRT$XIZ                DATA
 0002:000002c8 00000008H .CRT$XPA                DATA
 0002:000002d0 00000008H .CRT$XPZ                DATA
 0002:000002d8 00000008H .CRT$XTA                DATA
 0002:000002e0 00000010H .CRT$XTZ                DATA
 0002:000002e8 00000000H .gehcont$y              DATA
 0002:000002e8 00000000H .gfids$y                DATA
 0002:000002f0 00000210H .rdata                  DATA
 0002:00000500 00000080H .rdata$CastGuardVftablesA DATA
 0002:00000580 00000080H .rdata$CastGuardVftablesC DATA
 0002:00000600 00000098H .rdata$voltmd           DATA
 0002:00000698 00000310H .rdata$zzzdbg           DATA
 0002:000009a8 00000008H .rtc$IAA                DATA
 0002:000009b0 00000008H .rtc$IZZ                DATA
 0002:000009b8 00000008H .rtc$TAA                DATA
 0002:000009c0 00000008H .rtc$TZZ                DATA
 0002:000009c8 000003d8H .xdata                  DATA
 0002:00000da0 000000b8H .edata                  DATA
 0002:00000e58 00000078H .idata$2                DATA
 0002:00000ed0 00000018H .idata$3                DATA
 0002:00000ee8 00000270H .idata$4                DATA
 0002:00001158 00000570H .idata$6                DATA
 0003:00000000 00000f00H .data                   DATA
 0003:00000f00 0002d0b0H .bss                    DATA
 0004:00000000 000004a4H .pdata                  DATA
 0005:00000000 000002d0H .rsrc$01                DATA
 0005:000002d0 00013998H .rsrc$02                DATA

  Address         Publics by Value              Rva+Base               Lib:Object

 0000:00000000       __AbsoluteZero             0000000000000000     <absolute>
 0000:00000000       ___safe_se_handler_count   0000000000000000     <absolute>
 0000:00000000       ___safe_se_handler_table   0000000000000000     <absolute>
 0000:00000000       __arm64x_extra_rfe_table   0000000000000000     <absolute>
 0000:00000000       __arm64x_extra_rfe_table_size 0000000000000000     <absolute>
 0000:00000000       __arm64x_native_entrypoint 0000000000000000     <absolute>
 0000:00000000       __arm64x_redirection_metadata 0000000000000000     <absolute>
 0000:00000000       __arm64x_redirection_metadata_count 0000000000000000     <absolute>
 0000:00000000       __dynamic_value_reloc_table 0000000000000000     <absolute>
 0000:00000000       __enclave_config           0000000000000000     <absolute>
 0000:00000000       __guard_check_icall_a64n_fptr 0000000000000000     <absolute>
 0000:00000000       __guard_eh_cont_count      0000000000000000     <absolute>
 0000:00000000       __guard_eh_cont_table      0000000000000000     <absolute>
 0000:00000000       __guard_fids_count         0000000000000000     <absolute>
 0000:00000000       __guard_fids_table         0000000000000000     <absolute>
 0000:00000000       __guard_iat_count          0000000000000000     <absolute>
 0000:00000000       __guard_iat_table          0000000000000000     <absolute>
 0000:00000000       __guard_longjmp_count      0000000000000000     <absolute>
 0000:00000000       __guard_longjmp_table      0000000000000000     <absolute>
 0000:00000000       __hybrid_auxiliary_iat     0000000000000000     <absolute>
 0000:00000000       __hybrid_auxiliary_iat_copy 0000000000000000     <absolute>
 0000:00000000       __hybrid_code_map          0000000000000000     <absolute>
 0000:00000000       __hybrid_code_map_count    0000000000000000     <absolute>
 0000:00000000       __x64_code_ranges_to_entry_points 0000000000000000     <absolute>
 0000:00000000       __x64_code_ranges_to_entry_points_count 0000000000000000     <absolute>
 0000:00000100       __guard_flags              0000000000000100     <absolute>
 0000:00000000       __ImageBase                0000000100400000     <linker-defined>
 0001:00000100       Initialize                 0000000100401100 f   dyngui.obj
 0001:00000340       ProcessingLoop             0000000100401340 f   dyngui.obj
 0001:000003a0       Cleanup                    00000001004013a0 f   dyngui.obj
 0001:000003e0       UpdateTargetCPU            00000001004013e0 f   dyngui.obj
 0001:00000430       ReadInputData              0000000100401430 f   dyngui.obj
 0001:000005f0       ProcessInputData           00000001004015f0 f   dyngui.obj
 0001:00000830       gui_panel_command          0000000100401830 f   dyngui.obj
 0001:00000ee0       UpdateStatus               0000000100401ee0 f   dyngui.obj
 0001:00001330       HandleForcedRefresh        0000000100402330 f   dyngui.obj
 0001:000014c0       UpdateCPUStatus            00000001004024c0 f   dyngui.obj
 0001:00001af0       UpdateRegisters            0000000100402af0 f   dyngui.obj
 0001:00005600       UpdateDeviceStatus         0000000100406600 f   dyngui.obj
 0001:00005990       NewUpdateDevStats          0000000100406990 f   dyngui.obj
 0001:00005ec0       gui_fprintf                0000000100406ec0 f   dyngui.obj
 0001:00005f40       CopyREGS                   0000000100406f40 f   dyngui.obj
 0001:00006140       gui_debug_cpu_state        0000000100407140 f   dyngui.obj
 0001:000062f0       gui_debug_cd_cmd           00000001004072f0 f   dyngui.obj
 0001:000063a0       gui_panel_display          00000001004073a0 f   dyngui.obj
 0001:00006480       hdl_check_depends_ep       0000000100407480 f   dyngui.obj
 0001:00006550       hdl_register_symbols_ep    0000000100407550 f   dyngui.obj
 0001:000065f0       hdl_resolve_symbols_ep     00000001004075f0 f   dyngui.obj
 0001:00006620       hdl_on_module_unload_ep    0000000100407620 f   dyngui.obj
 0001:00006670       __local_stdio_printf_options 0000000100407670 f i dyngui.obj
 0001:00006680       _vfprintf_l                0000000100407680 f i dyngui.obj
 0001:000066d0       _vsnprintf_s               00000001004076d0 f i dyngui.obj
 0001:00006720       _vsnprintf_s_l             0000000100407720 f i dyngui.obj
 0001:000067a0       vfprintf                   00000001004077a0 f i dyngui.obj
 0001:000067cf       copy_psw                   00000001004077cf f   hengine:hengine.dll
 0001:000067d5       InternalHercCmd            00000001004077d5 f   hengine:hengine.dll
 0001:000067db       hthread_initialize_lock    00000001004077db f   hutil:hutil.dll
 0001:000067e1       hthread_obtain_lock        00000001004077e1 f   hutil:hutil.dll
 0001:000067e7       hthread_release_lock       00000001004077e7 f   hutil:hutil.dll
 0001:000067ed       hthread_set_thread_name    00000001004077ed f   hutil:hutil.dll
 0001:000067f3       ptyp2short                 00000001004077f3 f   hutil:hutil.dll
 0001:000067f9       w32_strerror               00000001004077f9 f   hutil:hutil.dll
 0001:000067ff       usleep                     00000001004077ff f   hutil:hutil.dll
 0001:00006805       w32_snprintf               0000000100407805 f   hutil:hutil.dll
 0001:0000680b       w32_fprintf                000000010040780b f   hutil:hutil.dll
 0001:00006811       w32_get_stdin_char         0000000100407811 f   hutil:hutil.dll
 0001:00006817       w32_set_thread_name        0000000100407817 f   hutil:hutil.dll
 0001:0000681d       hdl_next                   000000010040781d f   hutil:hutil.dll
 0001:00006823       fwritemsg                  0000000100407823 f   hutil:hutil.dll
 0001:00006829       logmsg                     0000000100407829 f   hutil:hutil.dll
 0001:0000682f       IsDebuggerPresent          000000010040782f f   kernel32:KERNEL32.dll
 0001:00006835       OutputDebugStringA         0000000100407835 f   kernel32:KERNEL32.dll
 0001:0000683b       GetCurrentThreadId         000000010040783b f   kernel32:KERNEL32.dll
 0001:00006c60       _CRT_INIT                  0000000100407c60 f   MSVCRTD:dll_dllmain.obj
 0001:00006c90       _DllMainCRTStartup         0000000100407c90 f   MSVCRTD:dll_dllmain.obj
 0001:00006cd0       __raise_securityfailure    0000000100407cd0 f   MSVCRTD:gs_report.obj
 0001:00006d10       __report_gsfailure         0000000100407d10 f   MSVCRTD:gs_report.obj
 0001:00006df0       __report_rangecheckfailure 0000000100407df0 f   MSVCRTD:gs_report.obj
 0001:00006e10       __report_securityfailure   0000000100407e10 f   MSVCRTD:gs_report.obj
 0001:00006eb0       __report_securityfailureEx 0000000100407eb0 f   MSVCRTD:gs_report.obj
 0001:00007120       __GSHandlerCheck           0000000100408120 f   MSVCRTD:gshandler.obj
 0001:00007160       __GSHandlerCheckCommon     0000000100408160 f   MSVCRTD:gshandler.obj
 0001:00007270       __security_check_cookie    0000000100408270 f   MSVCRTD:amdsecgs.obj
 0001:00007350       __security_init_cookie     0000000100408350 f   MSVCRTD:gs_support.obj
 0001:000073d0       DllMain                    00000001004083d0 f   MSVCRTD:dll_dllmain_stub.obj
 0001:00007410       ?__scrt_initialize_type_info@@YAXXZ 0000000100408410 f   MSVCRTD:tncleanup.obj
 0001:00007430       ?__scrt_uninitialize_type_info@@YAXXZ 0000000100408430 f   MSVCRTD:tncleanup.obj
 0001:00007450       __local_stdio_scanf_options 0000000100408450 f i MSVCRTD:default_local_stdio_options.obj
 0001:00007460       __scrt_initialize_default_local_stdio_options 0000000100408460 f   MSVCRTD:default_local_stdio_options.obj
 0001:000074b0       ?configure_argv@__scrt_narrow_argv_policy@@SAHXZ 00000001004084b0 f i MSVCRTD:utility.obj
 0001:000075a0       ?initialize_environment@__scrt_narrow_environment_policy@@SAHXZ 00000001004085a0 f i MSVCRTD:utility.obj
 0001:00007640       NtCurrentTeb               0000000100408640 f i MSVCRTD:utility.obj
 0001:00007650       __scrt_acquire_startup_lock 0000000100408650 f   MSVCRTD:utility.obj
 0001:000076c0       __scrt_dllmain_after_initialize_c 00000001004086c0 f   MSVCRTD:utility.obj
 0001:000076f0       __scrt_dllmain_before_initialize_c 00000001004086f0 f   MSVCRTD:utility.obj
 0001:00007710       __scrt_dllmain_crt_thread_attach 0000000100408710 f   MSVCRTD:utility.obj
 0001:00007740       __scrt_dllmain_crt_thread_detach 0000000100408740 f   MSVCRTD:utility.obj
 0001:00007760       __scrt_dllmain_exception_filter 0000000100408760 f   MSVCRTD:utility.obj
 0001:000077d0       __scrt_dllmain_uninitialize_c 00000001004087d0 f   MSVCRTD:utility.obj
 0001:00007800       __scrt_dllmain_uninitialize_critical 0000000100408800 f   MSVCRTD:utility.obj
 0001:00007820       __scrt_initialize_crt      0000000100408820 f   MSVCRTD:utility.obj
 0001:00007870       __scrt_initialize_onexit_tables 0000000100408870 f   MSVCRTD:utility.obj
 0001:00007980       __scrt_is_nonwritable_in_current_image 0000000100408980 f   MSVCRTD:utility.obj
 0001:00007a10       __scrt_release_startup_lock 0000000100408a10 f   MSVCRTD:utility.obj
 0001:00007a40       __scrt_uninitialize_crt    0000000100408a40 f   MSVCRTD:utility.obj
 0001:00007a80       _onexit                    0000000100408a80 f   MSVCRTD:utility.obj
 0001:00007b00       at_quick_exit              0000000100408b00 f   MSVCRTD:utility.obj
 0001:00007b50       atexit                     0000000100408b50 f   MSVCRTD:utility.obj
 0001:00007b90       __scrt_get_dyn_tls_init_callback 0000000100408b90 f   MSVCRTD:dyn_tls_init.obj
 0001:00007ba0       __crt_debugger_hook        0000000100408ba0 f   MSVCRTD:utility_desktop.obj
 0001:00007bb0       __scrt_fastfail            0000000100408bb0 f   MSVCRTD:utility_desktop.obj
 0001:00007d50       __scrt_get_show_window_mode 0000000100408d50 f   MSVCRTD:utility_desktop.obj
 0001:00007db0       __scrt_initialize_mta      0000000100408db0 f   MSVCRTD:utility_desktop.obj
 0001:00007dc0       __scrt_initialize_winrt    0000000100408dc0 f   MSVCRTD:utility_desktop.obj
 0001:00007dd0       __scrt_is_managed_app      0000000100408dd0 f   MSVCRTD:utility_desktop.obj
 0001:00007e80       __scrt_set_unhandled_exception_filter 0000000100408e80 f   MSVCRTD:utility_desktop.obj
 0001:00007ea0       __scrt_exe_initialize_mta  0000000100408ea0 f   MSVCRTD:utility_desktop.obj
 0001:00007ea0       __scrt_stub_for_initialize_mta 0000000100408ea0 f   MSVCRTD:utility_desktop.obj
 0001:00007eb0       __scrt_unhandled_exception_filter 0000000100408eb0 f   MSVCRTD:utility_desktop.obj
 0001:00007f50       _RTC_Initialize            0000000100408f50 f   MSVCRTD:initsect.obj
 0001:00007fa0       _RTC_Terminate             0000000100408fa0 f   MSVCRTD:initsect.obj
 0001:00007ff0       _guard_check_icall_nop     0000000100408ff0 f i MSVCRTD:guard_support.obj
 0001:00008000       ReadNoFence64              0000000100409000 f i MSVCRTD:guard_support.obj
 0001:00008020       ReadPointerNoFence         0000000100409020 f i MSVCRTD:guard_support.obj
 0001:00008040       __castguard_check_failure_debugbreak 0000000100409040 f i MSVCRTD:guard_support.obj
 0001:00008060       __castguard_check_failure_fastfail 0000000100409060 f i MSVCRTD:guard_support.obj
 0001:00008090       __castguard_check_failure_nop 0000000100409090 f i MSVCRTD:guard_support.obj
 0001:000080a0       __castguard_check_failure_os_handled 00000001004090a0 f i MSVCRTD:guard_support.obj
 0001:00008170       __castguard_slow_path_check_debugbreak 0000000100409170 f i MSVCRTD:guard_support.obj
 0001:000081b0       __castguard_slow_path_check_fastfail 00000001004091b0 f i MSVCRTD:guard_support.obj
 0001:00008200       __castguard_slow_path_check_nop 0000000100409200 f i MSVCRTD:guard_support.obj
 0001:00008210       __castguard_slow_path_check_os_handled 0000000100409210 f i MSVCRTD:guard_support.obj
 0001:000082d0       _guard_icall_checks_enforced 00000001004092d0 f i MSVCRTD:guard_support.obj
 0001:00008310       _guard_rf_checks_enforced  0000000100409310 f i MSVCRTD:guard_support.obj
 0001:00008320       __isa_available_init       0000000100409320 f   MSVCRTD:cpu_disp.obj
 0001:000086d0       _get_startup_argv_mode     00000001004096d0 f   MSVCRTD:argv_mode.obj
 0001:000086e0       __scrt_is_ucrt_dll_in_use  00000001004096e0 f   MSVCRTD:ucrt_detection.obj
 0001:00008710       memmove                    0000000100409710 f   vcruntimed:VCRUNTIME140D.dll
 0001:00008716       strchr                     0000000100409716 f   vcruntimed:VCRUNTIME140D.dll
 0001:0000871c       memcmp                     000000010040971c f   vcruntimed:VCRUNTIME140D.dll
 0001:00008722       __C_specific_handler       0000000100409722 f   vcruntimed:VCRUNTIME140D.dll
 0001:00008728       __std_type_info_destroy_list 0000000100409728 f   vcruntimed:VCRUNTIME140D.dll
 0001:0000872e       __current_exception        000000010040972e f   vcruntimed:VCRUNTIME140D.dll
 0001:00008734       __current_exception_context 0000000100409734 f   vcruntimed:VCRUNTIME140D.dll
 0001:0000873a       _errno                     000000010040973a f   ucrtd:ucrtbased.dll
 0001:00008740       strcmp                     0000000100409740 f   ucrtd:ucrtbased.dll
 0001:00008746       _strnicmp                  0000000100409746 f   ucrtd:ucrtbased.dll
 0001:0000874c       free                       000000010040974c f   ucrtd:ucrtbased.dll
 0001:00008752       malloc                     0000000100409752 f   ucrtd:ucrtbased.dll
 0001:00008758       exit                       0000000100409758 f   ucrtd:ucrtbased.dll
 0001:0000875e       atof                       000000010040975e f   ucrtd:ucrtbased.dll
 0001:00008764       atoi                       0000000100409764 f   ucrtd:ucrtbased.dll
 0001:0000876a       __acrt_iob_func            000000010040976a f   ucrtd:ucrtbased.dll
 0001:00008770       fflush                     0000000100409770 f   ucrtd:ucrtbased.dll
 0001:00008776       __stdio_common_vfprintf    0000000100409776 f   ucrtd:ucrtbased.dll
 0001:0000877c       __stdio_common_vsnprintf_s 000000010040977c f   ucrtd:ucrtbased.dll
 0001:00008782       _initterm                  0000000100409782 f   ucrtd:ucrtbased.dll
 0001:00008788       _initterm_e                0000000100409788 f   ucrtd:ucrtbased.dll
 0001:0000878e       _seh_filter_dll            000000010040978e f   ucrtd:ucrtbased.dll
 0001:00008794       _configure_narrow_argv     0000000100409794 f   ucrtd:ucrtbased.dll
 0001:0000879a       _initialize_narrow_environment 000000010040979a f   ucrtd:ucrtbased.dll
 0001:000087a0       _initialize_onexit_table   00000001004097a0 f   ucrtd:ucrtbased.dll
 0001:000087a6       _register_onexit_function  00000001004097a6 f   ucrtd:ucrtbased.dll
 0001:000087ac       _execute_onexit_table      00000001004097ac f   ucrtd:ucrtbased.dll
 0001:000087b2       _crt_atexit                00000001004097b2 f   ucrtd:ucrtbased.dll
 0001:000087b8       _crt_at_quick_exit         00000001004097b8 f   ucrtd:ucrtbased.dll
 0001:000087be       _cexit                     00000001004097be f   ucrtd:ucrtbased.dll
 0001:000087c4       terminate                  00000001004097c4 f   ucrtd:ucrtbased.dll
 0001:000087ca       _fileno                    00000001004097ca f   ucrtd:ucrtbased.dll
 0001:000087d0       _getcwd                    00000001004097d0 f   ucrtd:ucrtbased.dll
 0001:000087d6       _chdir                     00000001004097d6 f   ucrtd:ucrtbased.dll
 0001:000087dc       RtlCaptureContext          00000001004097dc f   kernel32:KERNEL32.dll
 0001:000087e2       RtlLookupFunctionEntry     00000001004097e2 f   kernel32:KERNEL32.dll
 0001:000087e8       RtlVirtualUnwind           00000001004097e8 f   kernel32:KERNEL32.dll
 0001:000087ee       UnhandledExceptionFilter   00000001004097ee f   kernel32:KERNEL32.dll
 0001:000087f4       SetUnhandledExceptionFilter 00000001004097f4 f   kernel32:KERNEL32.dll
 0001:000087fa       GetCurrentProcess          00000001004097fa f   kernel32:KERNEL32.dll
 0001:00008800       TerminateProcess           0000000100409800 f   kernel32:KERNEL32.dll
 0001:00008806       IsProcessorFeaturePresent  0000000100409806 f   kernel32:KERNEL32.dll
 0001:0000880c       QueryPerformanceCounter    000000010040980c f   kernel32:KERNEL32.dll
 0001:00008812       GetCurrentProcessId        0000000100409812 f   kernel32:KERNEL32.dll
 0001:00008818       GetSystemTimeAsFileTime    0000000100409818 f   kernel32:KERNEL32.dll
 0001:0000881e       DisableThreadLibraryCalls  000000010040981e f   kernel32:KERNEL32.dll
 0001:00008824       InitializeSListHead        0000000100409824 f   kernel32:KERNEL32.dll
 0001:0000882a       GetStartupInfoW            000000010040982a f   kernel32:KERNEL32.dll
 0001:00008830       GetModuleHandleW           0000000100409830 f   kernel32:KERNEL32.dll
 0001:00008840       __acrt_initialize          0000000100409840 f   MSVCRTD:ucrt_stubs.obj
 0001:00008840       __scrt_stub_for_acrt_initialize 0000000100409840 f   MSVCRTD:ucrt_stubs.obj
 0001:00008840       __vcrt_initialize          0000000100409840 f   MSVCRTD:ucrt_stubs.obj
 0001:00008850       __acrt_thread_attach       0000000100409850 f   MSVCRTD:ucrt_stubs.obj
 0001:00008850       __scrt_stub_for_acrt_thread_attach 0000000100409850 f   MSVCRTD:ucrt_stubs.obj
 0001:00008850       __vcrt_thread_attach       0000000100409850 f   MSVCRTD:ucrt_stubs.obj
 0001:00008860       __acrt_thread_detach       0000000100409860 f   MSVCRTD:ucrt_stubs.obj
 0001:00008860       __scrt_stub_for_acrt_thread_detach 0000000100409860 f   MSVCRTD:ucrt_stubs.obj
 0001:00008860       __vcrt_thread_detach       0000000100409860 f   MSVCRTD:ucrt_stubs.obj
 0001:00008870       __acrt_uninitialize        0000000100409870 f   MSVCRTD:ucrt_stubs.obj
 0001:00008870       __scrt_stub_for_acrt_uninitialize 0000000100409870 f   MSVCRTD:ucrt_stubs.obj
 0001:00008870       __vcrt_uninitialize        0000000100409870 f   MSVCRTD:ucrt_stubs.obj
 0001:00008880       __acrt_uninitialize_critical 0000000100409880 f   MSVCRTD:ucrt_stubs.obj
 0001:00008880       __scrt_stub_for_acrt_uninitialize_critical 0000000100409880 f   MSVCRTD:ucrt_stubs.obj
 0001:00008880       __vcrt_uninitialize_critical 0000000100409880 f   MSVCRTD:ucrt_stubs.obj
 0001:00008890       __scrt_stub_for_is_c_termination_complete 0000000100409890 f   MSVCRTD:ucrt_stubs.obj
 0001:00008890       _is_c_termination_complete 0000000100409890 f   MSVCRTD:ucrt_stubs.obj
 0001:00008893       memcpy                     0000000100409893 f   vcruntimed:VCRUNTIME140D.dll
 0001:000088b0       _guard_dispatch_icall_nop  00000001004098b0 f   MSVCRTD:guard_dispatch.obj
 0001:000088d0       _guard_xfg_dispatch_icall_nop 00000001004098d0 f   MSVCRTD:guard_xfg_dispatch.obj
 0002:00000000       __imp_RtlLookupFunctionEntry 000000010040a000     kernel32:KERNEL32.dll
 0002:00000008       __imp_GetCurrentThreadId   000000010040a008     kernel32:KERNEL32.dll
 0002:00000010       __imp_GetModuleHandleW     000000010040a010     kernel32:KERNEL32.dll
 0002:00000018       __imp_GetStartupInfoW      000000010040a018     kernel32:KERNEL32.dll
 0002:00000020       __imp_InitializeSListHead  000000010040a020     kernel32:KERNEL32.dll
 0002:00000028       __imp_DisableThreadLibraryCalls 000000010040a028     kernel32:KERNEL32.dll
 0002:00000030       __imp_GetSystemTimeAsFileTime 000000010040a030     kernel32:KERNEL32.dll
 0002:00000038       __imp_GetCurrentProcessId  000000010040a038     kernel32:KERNEL32.dll
 0002:00000040       __imp_QueryPerformanceCounter 000000010040a040     kernel32:KERNEL32.dll
 0002:00000048       __imp_IsProcessorFeaturePresent 000000010040a048     kernel32:KERNEL32.dll
 0002:00000050       __imp_TerminateProcess     000000010040a050     kernel32:KERNEL32.dll
 0002:00000058       __imp_GetCurrentProcess    000000010040a058     kernel32:KERNEL32.dll
 0002:00000060       __imp_SetUnhandledExceptionFilter 000000010040a060     kernel32:KERNEL32.dll
 0002:00000068       __imp_UnhandledExceptionFilter 000000010040a068     kernel32:KERNEL32.dll
 0002:00000070       __imp_RtlVirtualUnwind     000000010040a070     kernel32:KERNEL32.dll
 0002:00000078       __imp_OutputDebugStringA   000000010040a078     kernel32:KERNEL32.dll
 0002:00000080       __imp_RtlCaptureContext    000000010040a080     kernel32:KERNEL32.dll
 0002:00000088       __imp_IsDebuggerPresent    000000010040a088     kernel32:KERNEL32.dll
 0002:00000090       \177KERNEL32_NULL_THUNK_DATA 000000010040a090     kernel32:KERNEL32.dll
 0002:00000098       __imp___current_exception  000000010040a098     vcruntimed:VCRUNTIME140D.dll
 0002:000000a0       __imp___std_type_info_destroy_list 000000010040a0a0     vcruntimed:VCRUNTIME140D.dll
 0002:000000a8       __imp_strchr               000000010040a0a8     vcruntimed:VCRUNTIME140D.dll
 0002:000000b0       __imp_memcpy               000000010040a0b0     vcruntimed:VCRUNTIME140D.dll
 0002:000000b8       __imp_memcmp               000000010040a0b8     vcruntimed:VCRUNTIME140D.dll
 0002:000000c0       __imp___current_exception_context 000000010040a0c0     vcruntimed:VCRUNTIME140D.dll
 0002:000000c8       __imp_memmove              000000010040a0c8     vcruntimed:VCRUNTIME140D.dll
 0002:000000d0       __imp___C_specific_handler 000000010040a0d0     vcruntimed:VCRUNTIME140D.dll
 0002:000000d8       \177VCRUNTIME140D_NULL_THUNK_DATA 000000010040a0d8     vcruntimed:VCRUNTIME140D.dll
 0002:000000e0       __imp_InternalHercCmd      000000010040a0e0     hengine:hengine.dll
 0002:000000e8       __imp_copy_psw             000000010040a0e8     hengine:hengine.dll
 0002:000000f0       \177hengine_NULL_THUNK_DATA 000000010040a0f0     hengine:hengine.dll
 0002:000000f8       __imp_panel_command        000000010040a0f8     hsys:hsys.dll
 0002:00000100       __imp_sysblk               000000010040a100     hsys:hsys.dll
 0002:00000108       __imp_debug_cd_cmd         000000010040a108     hsys:hsys.dll
 0002:00000110       \177hsys_NULL_THUNK_DATA   000000010040a110     hsys:hsys.dll
 0002:00000118       __imp_hthread_release_lock 000000010040a118     hutil:hutil.dll
 0002:00000120       __imp_hthread_set_thread_name 000000010040a120     hutil:hutil.dll
 0002:00000128       __imp_ptyp2short           000000010040a128     hutil:hutil.dll
 0002:00000130       __imp_w32_strerror         000000010040a130     hutil:hutil.dll
 0002:00000138       __imp_hthread_obtain_lock  000000010040a138     hutil:hutil.dll
 0002:00000140       __imp_w32_snprintf         000000010040a140     hutil:hutil.dll
 0002:00000148       __imp_w32_fprintf          000000010040a148     hutil:hutil.dll
 0002:00000150       __imp_w32_get_stdin_char   000000010040a150     hutil:hutil.dll
 0002:00000158       __imp_w32_set_thread_name  000000010040a158     hutil:hutil.dll
 0002:00000160       __imp_hdl_next             000000010040a160     hutil:hutil.dll
 0002:00000168       __imp_fwritemsg            000000010040a168     hutil:hutil.dll
 0002:00000170       __imp_logmsg               000000010040a170     hutil:hutil.dll
 0002:00000178       __imp_usleep               000000010040a178     hutil:hutil.dll
 0002:00000180       __imp_hthread_initialize_lock 000000010040a180     hutil:hutil.dll
 0002:00000188       \177hutil_NULL_THUNK_DATA  000000010040a188     hutil:hutil.dll
 0002:00000190       __imp__initialize_narrow_environment 000000010040a190     ucrtd:ucrtbased.dll
 0002:00000198       __imp__initialize_onexit_table 000000010040a198     ucrtd:ucrtbased.dll
 0002:000001a0       __imp__register_onexit_function 000000010040a1a0     ucrtd:ucrtbased.dll
 0002:000001a8       __imp__seh_filter_dll      000000010040a1a8     ucrtd:ucrtbased.dll
 0002:000001b0       __imp__crt_atexit          000000010040a1b0     ucrtd:ucrtbased.dll
 0002:000001b8       __imp__crt_at_quick_exit   000000010040a1b8     ucrtd:ucrtbased.dll
 0002:000001c0       __imp__cexit               000000010040a1c0     ucrtd:ucrtbased.dll
 0002:000001c8       __imp_terminate            000000010040a1c8     ucrtd:ucrtbased.dll
 0002:000001d0       __imp__fileno              000000010040a1d0     ucrtd:ucrtbased.dll
 0002:000001d0       __imp_fileno               000000010040a1d0     ucrtd:ucrtbased.dll
 0002:000001d8       __imp__getcwd              000000010040a1d8     ucrtd:ucrtbased.dll
 0002:000001d8       __imp_getcwd               000000010040a1d8     ucrtd:ucrtbased.dll
 0002:000001e0       __imp__chdir               000000010040a1e0     ucrtd:ucrtbased.dll
 0002:000001e0       __imp_chdir                000000010040a1e0     ucrtd:ucrtbased.dll
 0002:000001e8       __imp__initterm_e          000000010040a1e8     ucrtd:ucrtbased.dll
 0002:000001f0       __imp__initterm            000000010040a1f0     ucrtd:ucrtbased.dll
 0002:000001f8       __imp___stdio_common_vsnprintf_s 000000010040a1f8     ucrtd:ucrtbased.dll
 0002:00000200       __imp___stdio_common_vfprintf 000000010040a200     ucrtd:ucrtbased.dll
 0002:00000208       __imp_fflush               000000010040a208     ucrtd:ucrtbased.dll
 0002:00000210       __imp___acrt_iob_func      000000010040a210     ucrtd:ucrtbased.dll
 0002:00000218       __imp_atoi                 000000010040a218     ucrtd:ucrtbased.dll
 0002:00000220       __imp_atof                 000000010040a220     ucrtd:ucrtbased.dll
 0002:00000228       __imp__configure_narrow_argv 000000010040a228     ucrtd:ucrtbased.dll
 0002:00000230       __imp_malloc               000000010040a230     ucrtd:ucrtbased.dll
 0002:00000238       __imp_free                 000000010040a238     ucrtd:ucrtbased.dll
 0002:00000240       __imp__strnicmp            000000010040a240     ucrtd:ucrtbased.dll
 0002:00000248       __imp_strcmp               000000010040a248     ucrtd:ucrtbased.dll
 0002:00000250       __imp__errno               000000010040a250     ucrtd:ucrtbased.dll
 0002:00000258       __imp__execute_onexit_table 000000010040a258     ucrtd:ucrtbased.dll
 0002:00000260       __imp_exit                 000000010040a260     ucrtd:ucrtbased.dll
 0002:00000268       \177ucrtbased_NULL_THUNK_DATA 000000010040a268     ucrtd:ucrtbased.dll
 0002:00000270       __guard_check_icall_fptr   000000010040a270     MSVCRTD:guard_support.obj
 0002:00000278       __guard_xfg_check_icall_fptr 000000010040a278     MSVCRTD:guard_support.obj
 0002:00000280       __guard_dispatch_icall_fptr 000000010040a280     MSVCRTD:guard_support.obj
 0002:00000288       __guard_xfg_dispatch_icall_fptr 000000010040a288     MSVCRTD:guard_support.obj
 0002:00000290       __guard_xfg_table_dispatch_icall_fptr 000000010040a290     MSVCRTD:guard_support.obj
 0002:00000298       __castguard_check_failure_os_handled_fptr 000000010040a298     MSVCRTD:guard_support.obj
 0002:000002a0       __guard_memcpy_fptr        000000010040a2a0     vcruntimed:softmemtag.obj
 0002:000002a8       __xc_a                     000000010040a2a8     MSVCRTD:initializers.obj
 0002:000002b0       __xc_z                     000000010040a2b0     MSVCRTD:initializers.obj
 0002:000002b8       __xi_a                     000000010040a2b8     MSVCRTD:initializers.obj
 0002:000002c0       __xi_z                     000000010040a2c0     MSVCRTD:initializers.obj
 0002:000002c8       __xp_a                     000000010040a2c8     MSVCRTD:initializers.obj
 0002:000002d0       __xp_z                     000000010040a2d0     MSVCRTD:initializers.obj
 0002:000002d8       __xt_a                     000000010040a2d8     MSVCRTD:initializers.obj
 0002:000002e0       __xt_z                     000000010040a2e0     MSVCRTD:initializers.obj
 0002:000002f8       __real@3ff1eb851eb851ec    000000010040a2f8     dyngui.obj
 0002:00000300       _pDefaultRawDllMain        000000010040a300     MSVCRTD:dll_dllmain.obj
 0002:00000300       _pRawDllMain               000000010040a300     MSVCRTD:dll_dllmain.obj
 0002:00000320       _load_config_used          000000010040a320     MSVCRTD:loadcfg.obj
 0002:00000500       __CastGuardVftablesStart   000000010040a500     MSVCRTD:guard_support.obj
 0002:00000580       __CastGuardVftablesEnd     000000010040a580     MSVCRTD:guard_support.obj
 0002:00000600       __volatile_metadata        000000010040a600     <linker-defined>
 0002:000009a8       __rtc_iaa                  000000010040a9a8     MSVCRTD:initsect.obj
 0002:000009b0       __rtc_izz                  000000010040a9b0     MSVCRTD:initsect.obj
 0002:000009b8       __rtc_taa                  000000010040a9b8     MSVCRTD:initsect.obj
 0002:000009c0       __rtc_tzz                  000000010040a9c0     MSVCRTD:initsect.obj
 0002:00000e58       __IMPORT_DESCRIPTOR_hengine 000000010040ae58     hengine:hengine.dll
 0002:00000e6c       __IMPORT_DESCRIPTOR_hutil  000000010040ae6c     hutil:hutil.dll
 0002:00000e80       __IMPORT_DESCRIPTOR_hsys   000000010040ae80     hsys:hsys.dll
 0002:00000e94       __IMPORT_DESCRIPTOR_KERNEL32 000000010040ae94     kernel32:KERNEL32.dll
 0002:00000ea8       __IMPORT_DESCRIPTOR_VCRUNTIME140D 000000010040aea8     vcruntimed:VCRUNTIME140D.dll
 0002:00000ebc       __IMPORT_DESCRIPTOR_ucrtbased 000000010040aebc     ucrtd:ucrtbased.dll
 0002:00000ed0       __NULL_IMPORT_DESCRIPTOR   000000010040aed0     hengine:hengine.dll
 0003:00000000       pcpu                       000000010040c000     dyngui.obj
 0003:00000004       prev_pcpu                  000000010040c004     dyngui.obj
 0003:00000008       nInputBuffSize             000000010040c008     dyngui.obj
 0003:0000000c       nCommandBuffSize           000000010040c00c     dyngui.obj
 0003:00000010       gui_forced_refresh         000000010040c010     dyngui.obj
 0003:00000011       gui_wants_new_devlist      000000010040c011     dyngui.obj
 0003:00000012       gui_wants_aggregates       000000010040c012     dyngui.obj
 0003:00000013       prev_cpustate              000000010040c013     dyngui.obj
 0003:00000e70       __security_cookie_complement 000000010040ce70     MSVCRTD:gs_cookie.obj
 0003:00000e78       __security_cookie          000000010040ce78     MSVCRTD:gs_cookie.obj
 0003:00000e80       _fltused                   000000010040ce80     MSVCRTD:fltused.obj
 0003:00000e84       __scrt_native_dllmain_reason 000000010040ce84     MSVCRTD:utility.obj
 0003:00000e88       __isa_available            000000010040ce88     MSVCRTD:cpu_disp.obj
 0003:00000e8c       __isa_enabled              000000010040ce8c     MSVCRTD:cpu_disp.obj
 0003:00000e90       __memset_fast_string_threshold 000000010040ce90     MSVCRTD:cpu_disp.obj
 0003:00000e98       __memset_nt_threshold      000000010040ce98     MSVCRTD:cpu_disp.obj
 0003:00000ea0       __scrt_ucrt_dll_is_in_use  000000010040cea0     MSVCRTD:ucrt_stubs.obj
 0003:00000f00       bDoneProcessing            000000010040cf00     dyngui.obj
 0003:00000f04       nInputLen                  000000010040cf04     dyngui.obj
 0003:00000f08       pTargetCPU_REGS            000000010040cf08     dyngui.obj
 0003:00000f10       pPrevTargetCPU_REGS        000000010040cf10     dyngui.obj
 0003:00000f18       pszInputBuff               000000010040cf18     dyngui.obj
 0003:00000f20       pszCommandBuff             000000010040cf20     dyngui.obj
 0003:00000f28       nCommandLen                000000010040cf28     dyngui.obj
 0003:00000f2c       gui_wants_gregs            000000010040cf2c     dyngui.obj
 0003:00000f2d       gui_wants_gregs64          000000010040cf2d     dyngui.obj
 0003:00000f2e       gui_wants_cregs            000000010040cf2e     dyngui.obj
 0003:00000f2f       gui_wants_cregs64          000000010040cf2f     dyngui.obj
 0003:00000f30       gui_version                000000010040cf30     dyngui.obj
 0003:00000f38       gui_wants_aregs            000000010040cf38     dyngui.obj
 0003:00000f39       gui_wants_fregs            000000010040cf39     dyngui.obj
 0003:00000f3a       gui_wants_fregs64          000000010040cf3a     dyngui.obj
 0003:00000f3b       gui_wants_devlist          000000010040cf3b     dyngui.obj
 0003:00000f3c       gui_wants_cpupct           000000010040cf3c     dyngui.obj
 0003:00000f3d       gui_wants_cpupct_all       000000010040cf3d     dyngui.obj
 0003:00000f80       copyregs                   000000010040cf80     dyngui.obj
 0003:00017000       copysieregs                0000000100423000     dyngui.obj
 0003:0002d080       prev_mips_rate             0000000100439080     dyngui.obj
 0003:0002d084       prev_sios_rate             0000000100439084     dyngui.obj
 0003:0002d088       prev_instcount             0000000100439088     dyngui.obj
 0003:0002d090       curr_instcount             0000000100439090     dyngui.obj
 0003:0002d630       ?__type_info_root_node@@3U__type_info_node@@A 0000000100439630     MSVCRTD:tncleanup.obj
 0003:0002d640       ?_OptionsStorage@?1??__local_stdio_printf_options@@9@4_KA 0000000100439640     MSVCRTD:default_local_stdio_options.obj
 0003:0002d648       ?_OptionsStorage@?1??__local_stdio_scanf_options@@9@4_KA 0000000100439648     MSVCRTD:default_local_stdio_options.obj
 0003:0002d650       __scrt_current_native_startup_state 0000000100439650     MSVCRTD:utility.obj
 0003:0002d658       __scrt_native_startup_lock 0000000100439658     MSVCRTD:utility.obj
 0003:0002d698       __scrt_debugger_hook_flag  0000000100439698     MSVCRTD:utility_desktop.obj
 0003:0002d69c       __favor                    000000010043969c     MSVCRTD:cpu_disp.obj
 0003:0002d6a0       ?_OptionsStorage@?1??__local_stdio_printf_options@@9@9 00000001004396a0     <common>
 0003:0002d6a8       gui_fprintf_lock           00000001004396a8     <common>
 0003:0002d6c0       szQueryDeviceBuff          00000001004396c0     <common>
 0003:0002dbe0       prev_fpr64                 0000000100439be0     <common>
 0003:0002dc60       prev_fpr                   0000000100439c60     <common>
 0003:0002dca0       prev_ar                    0000000100439ca0     <common>
 0003:0002dce0       prev_cr64                  0000000100439ce0     <common>
 0003:0002dd60       prev_cr                    0000000100439d60     <common>
 0003:0002dda0       prev_gr64                  0000000100439da0     <common>
 0003:0002de20       prev_gr                    0000000100439e20     <common>
 0003:0002de60       wait_bit                   0000000100439e60     <common>
 0003:0002de70       prev_psw                   0000000100439e70     <common>
 0003:0002de80       psw                        0000000100439e80     <common>
 0003:0002dea0       prev_cpupct                0000000100439ea0     <common>
 0003:0002dfa0       __@@_PchSym_@00@UkzkzUnbtrgUsbkvirlmRaevxgliUnhexOwvyftOznwGEOlyqUyfrowPkxsOlyq@4B2008FD98C1DD4 0000000100439fa0     <common>
 0003:0002dfa8       __dyn_tls_init_callback    0000000100439fa8     <common>

 entry point at        0001:00006c90

 Static symbols

 0000:fffb0000       .debug$S                   0000000100400000     dyngui.exp
 0000:00000000       _volmd                     0000000100400000     dyngui.obj
 0000:fffb0000       .debug$S                   0000000100400000     kernel32:KERNEL32.dll
 0000:fffb0000       .debug$S                   0000000100400000     kernel32:KERNEL32.dll
 0000:fffb0000       .debug$S                   0000000100400000     kernel32:KERNEL32.dll
 0000:fffb0000       .debug$S                   0000000100400000     kernel32:KERNEL32.dll
 0000:fffb0000       .debug$S                   0000000100400000     kernel32:KERNEL32.dll
 0000:fffb0000       .debug$S                   0000000100400000     kernel32:KERNEL32.dll
 0000:fffb0000       .debug$S                   0000000100400000     kernel32:KERNEL32.dll
 0000:fffb0000       .debug$S                   0000000100400000     kernel32:KERNEL32.dll
 0000:fffb0000       .debug$S                   0000000100400000     kernel32:KERNEL32.dll
 0000:fffb0000       .debug$S                   0000000100400000     kernel32:KERNEL32.dll
 0000:fffb0000       .debug$S                   0000000100400000     kernel32:KERNEL32.dll
 0000:fffb0000       .debug$S                   0000000100400000     kernel32:KERNEL32.dll
 0000:fffb0000       .debug$S                   0000000100400000     kernel32:KERNEL32.dll
 0000:fffb0000       .debug$S                   0000000100400000     kernel32:KERNEL32.dll
 0000:fffb0000       .debug$S                   0000000100400000     kernel32:KERNEL32.dll
 0000:fffb0000       .debug$S                   0000000100400000     kernel32:KERNEL32.dll
 0000:fffb0000       .debug$S                   0000000100400000     kernel32:KERNEL32.dll
 0000:fffb0000       .debug$S                   0000000100400000     kernel32:KERNEL32.dll
 0000:fffb0000       .debug$S                   0000000100400000     ucrtd:ucrtbased.dll
 0000:fffb0000       .debug$S                   0000000100400000     ucrtd:ucrtbased.dll
 0000:fffb0000       .debug$S                   0000000100400000     ucrtd:ucrtbased.dll
 0000:fffb0000       .debug$S                   0000000100400000     ucrtd:ucrtbased.dll
 0000:fffb0000       .debug$S                   0000000100400000     ucrtd:ucrtbased.dll
 0000:fffb0000       .debug$S                   0000000100400000     ucrtd:ucrtbased.dll
 0000:fffb0000       .debug$S                   0000000100400000     ucrtd:ucrtbased.dll
 0000:fffb0000       .debug$S                   0000000100400000     ucrtd:ucrtbased.dll
 0000:fffb0000       .debug$S                   0000000100400000     ucrtd:ucrtbased.dll
 0000:fffb0000       .debug$S                   0000000100400000     ucrtd:ucrtbased.dll
 0000:fffb0000       .debug$S                   0000000100400000     ucrtd:ucrtbased.dll
 0000:fffb0000       .debug$S                   0000000100400000     ucrtd:ucrtbased.dll
 0000:fffb0000       .debug$S                   0000000100400000     ucrtd:ucrtbased.dll
 0000:fffb0000       .debug$S                   0000000100400000     ucrtd:ucrtbased.dll
 0000:fffb0000       .debug$S                   0000000100400000     ucrtd:ucrtbased.dll
 0000:fffb0000       .debug$S                   0000000100400000     ucrtd:ucrtbased.dll
 0000:fffb0000       .debug$S                   0000000100400000     ucrtd:ucrtbased.dll
 0000:fffb0000       .debug$S                   0000000100400000     ucrtd:ucrtbased.dll
 0000:fffb0000       .debug$S                   0000000100400000     ucrtd:ucrtbased.dll
 0000:fffb0000       .debug$S                   0000000100400000     ucrtd:ucrtbased.dll
 0000:fffb0000       .debug$S                   0000000100400000     ucrtd:ucrtbased.dll
 0000:fffb0000       .debug$S                   0000000100400000     ucrtd:ucrtbased.dll
 0000:fffb0000       .debug$S                   0000000100400000     ucrtd:ucrtbased.dll
 0000:fffb0000       .debug$S                   0000000100400000     ucrtd:ucrtbased.dll
 0000:fffb0000       .debug$S                   0000000100400000     ucrtd:ucrtbased.dll
 0000:fffb0000       .debug$S                   0000000100400000     ucrtd:ucrtbased.dll
 0000:fffb0000       .debug$S                   0000000100400000     ucrtd:ucrtbased.dll
 0000:00000000       _volmd                     0000000100400000     MSVCRTD:cpu_disp.obj
 0002:ffff6000       __guard_ehcont_?dllmain_dispatch@@YAHQEAUHINSTANCE__@@KQEAX@Z 0000000100400000     MSVCRTD:dll_dllmain.obj
 0002:ffff6000       __guard_fids_?dllmain_dispatch@@YAHQEAUHINSTANCE__@@KQEAX@Z 0000000100400000     MSVCRTD:dll_dllmain.obj
 0000:00000000       _volmd                     0000000100400000     MSVCRTD:gs_report.obj
 0000:00000000       _volmd                     0000000100400000     MSVCRTD:gs_report.obj
 0000:00000000       _volmd                     0000000100400000     MSVCRTD:gs_report.obj
 0002:ffff6000       __guard_fids__             0000000100400000     MSVCRTD:guard_support.obj
 0002:ffff6000       __guard_fids__             0000000100400000     MSVCRTD:guard_support.obj
 0002:ffff6000       __guard_fids__guard_icall_checks_enforced 0000000100400000     MSVCRTD:guard_support.obj
 0000:00000000       _volmd                     0000000100400000     MSVCRTD:guard_support.obj
 0000:00000000       _volmd                     0000000100400000     MSVCRTD:guard_support.obj
 0002:ffff6000       __guard_ehcont___scrt_is_nonwritable_in_current_image 0000000100400000     MSVCRTD:utility.obj
 0000:00000000       _volmd                     0000000100400000     MSVCRTD:utility.obj
 0000:00000000       _volmd                     0000000100400000     MSVCRTD:utility.obj
 0000:00000000       _volmd                     0000000100400000     MSVCRTD:utility.obj
 0002:ffff6000       __guard_fids___scrt_set_unhandled_exception_filter 0000000100400000     MSVCRTD:utility_desktop.obj
 0000:00000000       _volmd                     0000000100400000     MSVCRTD:utility_desktop.obj
 0002:ffff6000       __guard_fids__             0000000100400000     vcruntimed:softmemtag.obj
 0000:fffb0000       .debug$S                   0000000100400000     vcruntimed:VCRUNTIME140D.dll
 0000:fffb0000       .debug$S                   0000000100400000     vcruntimed:VCRUNTIME140D.dll
 0000:fffb0000       .debug$S                   0000000100400000     vcruntimed:VCRUNTIME140D.dll
 0000:fffb0000       .debug$S                   0000000100400000     vcruntimed:VCRUNTIME140D.dll
 0000:fffb0000       .debug$S                   0000000100400000     vcruntimed:VCRUNTIME140D.dll
 0000:fffb0000       .debug$S                   0000000100400000     vcruntimed:VCRUNTIME140D.dll
 0000:fffb0000       .debug$S                   0000000100400000     vcruntimed:VCRUNTIME140D.dll
 0000:fffb0000       .debug$S                   0000000100400000     vcruntimed:VCRUNTIME140D.dll
 0000:fffb0000       .debug$S                   0000000100400000     hengine:hengine.dll
 0000:fffb0000       .debug$S                   0000000100400000     hengine:hengine.dll
 0000:fffb0000       .debug$S                   0000000100400000     hsys:hsys.dll
 0000:fffb0000       .debug$S                   0000000100400000     hsys:hsys.dll
 0000:fffb0000       .debug$S                   0000000100400000     hsys:hsys.dll
 0000:fffb0000       .debug$S                   0000000100400000     hutil:hutil.dll
 0000:fffb0000       .debug$S                   0000000100400000     hutil:hutil.dll
 0000:fffb0000       .debug$S                   0000000100400000     hutil:hutil.dll
 0000:fffb0000       .debug$S                   0000000100400000     hutil:hutil.dll
 0000:fffb0000       .debug$S                   0000000100400000     hutil:hutil.dll
 0000:fffb0000       .debug$S                   0000000100400000     hutil:hutil.dll
 0000:fffb0000       .debug$S                   0000000100400000     hutil:hutil.dll
 0000:fffb0000       .debug$S                   0000000100400000     hutil:hutil.dll
 0000:fffb0000       .debug$S                   0000000100400000     hutil:hutil.dll
 0000:fffb0000       .debug$S                   0000000100400000     hutil:hutil.dll
 0000:fffb0000       .debug$S                   0000000100400000     hutil:hutil.dll
 0000:fffb0000       .debug$S                   0000000100400000     hutil:hutil.dll
 0000:fffb0000       .debug$S                   0000000100400000     hutil:hutil.dll
 0000:fffb0000       .debug$S                   0000000100400000     hutil:hutil.dll
 0000:00000010       _volmd                     0000000100400010     dyngui.obj
 0001:00000000       DebuggerTrace              0000000100401000 f   dyngui.obj
 0001:00006850       ?dllmain_crt_dispatch@@YAHQEAUHINSTANCE__@@KQEAX@Z 0000000100407850 f   MSVCRTD:dll_dllmain.obj
 0001:000068e0       ?dllmain_crt_process_attach@@YAHQEAUHINSTANCE__@@QEAX@Z 00000001004078e0 f   MSVCRTD:dll_dllmain.obj
 0001:00006a20       ?dllmain_crt_process_detach@@YAH_N@Z 0000000100407a20 f   MSVCRTD:dll_dllmain.obj
 0001:00006ac0       ?dllmain_dispatch@@YAHQEAUHINSTANCE__@@KQEAX@Z 0000000100407ac0 f   MSVCRTD:dll_dllmain.obj
 0001:00006c00       ?dllmain_raw@@YAHQEAUHINSTANCE__@@KQEAX@Z 0000000100407c00 f   MSVCRTD:dll_dllmain.obj
 0001:00006fc0       capture_current_context    0000000100407fc0 f   MSVCRTD:gs_report.obj
 0001:00007060       capture_previous_context   0000000100408060 f   MSVCRTD:gs_report.obj
 0001:00007260       $$000000                   0000000100408260     MSVCRTD:amdsecgs.obj
 0001:00007290       __get_entropy              0000000100408290 f   MSVCRTD:gs_support.obj
 0001:000074d0       ?find_pe_section@@YAPEAU_IMAGE_SECTION_HEADER@@QEAE_K@Z 00000001004084d0 f   MSVCRTD:utility.obj
 0001:000075b0       ?is_potentially_valid_image_base@@YA_NQEAX@Z 00000001004085b0 f   MSVCRTD:utility.obj
 0001:000080d0       __castguard_check_failure_os_handled_wrapper 00000001004090d0 f   MSVCRTD:guard_support.obj
 0001:00008100       __castguard_compat_check   0000000100409100 f   MSVCRTD:guard_support.obj
 0001:00008260       __castguard_slow_path_compat_check 0000000100409260 f   MSVCRTD:guard_support.obj
 0001:000088a0       $$000000                   00000001004098a0     MSVCRTD:guard_dispatch.obj
 0001:000088c0       $$000000                   00000001004098c0     MSVCRTD:guard_xfg_dispatch.obj
 0001:000088e0       ?fin$0@?0??dllmain_crt_process_attach@@YAHQEAUHINSTANCE__@@QEAX@Z@4HA 00000001004098e0 f   MSVCRTD:dll_dllmain.obj
 0001:00008900       ?fin$0@?0??dllmain_crt_process_detach@@YAH_N@Z@4HA 0000000100409900 f   MSVCRTD:dll_dllmain.obj
 0001:0000891a       ?fin$1@?0??dllmain_crt_process_detach@@YAH_N@Z@4HA 000000010040991a f   MSVCRTD:dll_dllmain.obj
 0001:00008930       ?filt$0@?0??dllmain_dispatch@@YAHQEAUHINSTANCE__@@KQEAX@Z@4HA 0000000100409930 f   MSVCRTD:dll_dllmain.obj
 0001:00008980       __scrt_is_nonwritable_in_current_image$filt$0 0000000100409980 f   MSVCRTD:utility.obj
 0002:000002f0       CKD_ENDTRK                 000000010040a2f0     dyngui.obj
 0002:00000308       GS_ExceptionPointers       000000010040a308     MSVCRTD:gs_report.obj
 0002:000009c8       $unwind$_vfprintf_l        000000010040a9c8     dyngui.obj
 0002:000009d0       $unwind$vfprintf           000000010040a9d0     dyngui.obj
 0002:000009d8       $unwind$_vsnprintf_s_l     000000010040a9d8     dyngui.obj
 0002:000009e0       $unwind$_vsnprintf_s       000000010040a9e0     dyngui.obj
 0002:000009e8       $unwind$DebuggerTrace      000000010040a9e8     dyngui.obj
 0002:000009f0       $unwind$Initialize         000000010040a9f0     dyngui.obj
 0002:00000a04       $unwind$ProcessingLoop     000000010040aa04     dyngui.obj
 0002:00000a0c       $unwind$Cleanup            000000010040aa0c     dyngui.obj
 0002:00000a14       $unwind$UpdateTargetCPU    000000010040aa14     dyngui.obj
 0002:00000a1c       $unwind$ReadInputData      000000010040aa1c     dyngui.obj
 0002:00000a24       $unwind$ProcessInputData   000000010040aa24     dyngui.obj
 0002:00000a30       $unwind$gui_panel_command  000000010040aa30     dyngui.obj
 0002:00000a44       $unwind$UpdateStatus       000000010040aa44     dyngui.obj
 0002:00000a50       $unwind$HandleForcedRefresh 000000010040aa50     dyngui.obj
 0002:00000a58       $unwind$UpdateCPUStatus    000000010040aa58     dyngui.obj
 0002:00000a70       $unwind$UpdateRegisters    000000010040aa70     dyngui.obj
 0002:00000a78       $unwind$UpdateDeviceStatus 000000010040aa78     dyngui.obj
 0002:00000a80       $unwind$NewUpdateDevStats  000000010040aa80     dyngui.obj
 0002:00000a88       $unwind$gui_fprintf        000000010040aa88     dyngui.obj
 0002:00000a90       $unwind$CopyREGS           000000010040aa90     dyngui.obj
 0002:00000a9c       $unwind$gui_debug_cpu_state 000000010040aa9c     dyngui.obj
 0002:00000aa4       $unwind$gui_debug_cd_cmd   000000010040aaa4     dyngui.obj
 0002:00000aac       $unwind$gui_panel_display  000000010040aaac     dyngui.obj
 0002:00000ab4       $unwind$hdl_check_depends_ep 000000010040aab4     dyngui.obj
 0002:00000abc       $unwind$hdl_register_symbols_ep 000000010040aabc     dyngui.obj
 0002:00000ac4       $unwind$hdl_resolve_symbols_ep 000000010040aac4     dyngui.obj
 0002:00000acc       $unwind$hdl_on_module_unload_ep 000000010040aacc     dyngui.obj
 0002:00000ad4       $unwind$?dllmain_crt_process_attach@@YAHQEAUHINSTANCE__@@QEAX@Z 000000010040aad4     MSVCRTD:dll_dllmain.obj
 0002:00000af4       $unwind$?fin$0@?0??dllmain_crt_process_attach@@YAHQEAUHINSTANCE__@@QEAX@Z@4HA 000000010040aaf4     MSVCRTD:dll_dllmain.obj
 0002:00000afc       $unwind$?dllmain_crt_process_detach@@YAH_N@Z 000000010040aafc     MSVCRTD:dll_dllmain.obj
 0002:00000b2c       $unwind$?fin$0@?0??dllmain_crt_process_detach@@YAH_N@Z@4HA 000000010040ab2c     MSVCRTD:dll_dllmain.obj
 0002:00000b34       $unwind$?fin$1@?0??dllmain_crt_process_detach@@YAH_N@Z@4HA 000000010040ab34     MSVCRTD:dll_dllmain.obj
 0002:00000b3c       $unwind$?dllmain_crt_dispatch@@YAHQEAUHINSTANCE__@@KQEAX@Z 000000010040ab3c     MSVCRTD:dll_dllmain.obj
 0002:00000b44       $unwind$_CRT_INIT          000000010040ab44     MSVCRTD:dll_dllmain.obj
 0002:00000b4c       $unwind$?dllmain_raw@@YAHQEAUHINSTANCE__@@KQEAX@Z 000000010040ab4c     MSVCRTD:dll_dllmain.obj
 0002:00000b54       $unwind$?dllmain_dispatch@@YAHQEAUHINSTANCE__@@KQEAX@Z 000000010040ab54     MSVCRTD:dll_dllmain.obj
 0002:00000b74       $unwind$?filt$0@?0??dllmain_dispatch@@YAHQEAUHINSTANCE__@@KQEAX@Z@4HA 000000010040ab74     MSVCRTD:dll_dllmain.obj
 0002:00000b7c       $unwind$_DllMainCRTStartup 000000010040ab7c     MSVCRTD:dll_dllmain.obj
 0002:00000b84       $unwind$__report_securityfailure 000000010040ab84     MSVCRTD:gs_report.obj
 0002:00000b8c       $unwind$__report_securityfailureEx 000000010040ab8c     MSVCRTD:gs_report.obj
 0002:00000b94       $unwind$__report_rangecheckfailure 000000010040ab94     MSVCRTD:gs_report.obj
 0002:00000b9c       $unwind$__report_gsfailure 000000010040ab9c     MSVCRTD:gs_report.obj
 0002:00000ba4       $unwind$capture_current_context 000000010040aba4     MSVCRTD:gs_report.obj
 0002:00000bac       $unwind$capture_previous_context 000000010040abac     MSVCRTD:gs_report.obj
 0002:00000bb4       $unwind$__raise_securityfailure 000000010040abb4     MSVCRTD:gs_report.obj
 0002:00000bbc       $unwind$__GSHandlerCheckCommon 000000010040abbc     MSVCRTD:gshandler.obj
 0002:00000bc4       $unwind$__GSHandlerCheck   000000010040abc4     MSVCRTD:gshandler.obj
 0002:00000bd0       $xdatasym                  000000010040abd0     MSVCRTD:amdsecgs.obj
 0002:00000bd4       $unwind$__security_init_cookie 000000010040abd4     MSVCRTD:gs_support.obj
 0002:00000bdc       $unwind$__get_entropy      000000010040abdc     MSVCRTD:gs_support.obj
 0002:00000be4       $unwind$DllMain            000000010040abe4     MSVCRTD:dll_dllmain_stub.obj
 0002:00000bec       $unwind$?__scrt_initialize_type_info@@YAXXZ 000000010040abec     MSVCRTD:tncleanup.obj
 0002:00000bf4       $unwind$?__scrt_uninitialize_type_info@@YAXXZ 000000010040abf4     MSVCRTD:tncleanup.obj
 0002:00000bfc       $unwind$__scrt_initialize_default_local_stdio_options 000000010040abfc     MSVCRTD:default_local_stdio_options.obj
 0002:00000c04       $unwind$atexit             000000010040ac04     MSVCRTD:utility.obj
 0002:00000c0c       $unwind$_onexit            000000010040ac0c     MSVCRTD:utility.obj
 0002:00000c14       $unwind$at_quick_exit      000000010040ac14     MSVCRTD:utility.obj
 0002:00000c1c       $unwind$__scrt_is_nonwritable_in_current_image 000000010040ac1c     MSVCRTD:utility.obj
 0002:00000c3c       $unwind$__scrt_is_nonwritable_in_current_image$filt$0 000000010040ac3c     MSVCRTD:utility.obj
 0002:00000c44       $unwind$__scrt_acquire_startup_lock 000000010040ac44     MSVCRTD:utility.obj
 0002:00000c4c       $unwind$__scrt_release_startup_lock 000000010040ac4c     MSVCRTD:utility.obj
 0002:00000c54       $unwind$__scrt_initialize_crt 000000010040ac54     MSVCRTD:utility.obj
 0002:00000c5c       $unwind$__scrt_uninitialize_crt 000000010040ac5c     MSVCRTD:utility.obj
 0002:00000c64       $unwind$__scrt_initialize_onexit_tables 000000010040ac64     MSVCRTD:utility.obj
 0002:00000c70       $unwind$__scrt_dllmain_exception_filter 000000010040ac70     MSVCRTD:utility.obj
 0002:00000c78       $unwind$__scrt_dllmain_before_initialize_c 000000010040ac78     MSVCRTD:utility.obj
 0002:00000c80       $unwind$__scrt_dllmain_after_initialize_c 000000010040ac80     MSVCRTD:utility.obj
 0002:00000c88       $unwind$__scrt_dllmain_uninitialize_c 000000010040ac88     MSVCRTD:utility.obj
 0002:00000c90       $unwind$__scrt_dllmain_uninitialize_critical 000000010040ac90     MSVCRTD:utility.obj
 0002:00000c98       $unwind$__scrt_dllmain_crt_thread_attach 000000010040ac98     MSVCRTD:utility.obj
 0002:00000ca0       $unwind$__scrt_dllmain_crt_thread_detach 000000010040aca0     MSVCRTD:utility.obj
 0002:00000ca8       $unwind$?configure_argv@__scrt_narrow_argv_policy@@SAHXZ 000000010040aca8     MSVCRTD:utility.obj
 0002:00000cb0       $unwind$?initialize_environment@__scrt_narrow_environment_policy@@SAHXZ 000000010040acb0     MSVCRTD:utility.obj
 0002:00000cb8       $unwind$?is_potentially_valid_image_base@@YA_NQEAX@Z 000000010040acb8     MSVCRTD:utility.obj
 0002:00000cc0       $unwind$?find_pe_section@@YAPEAU_IMAGE_SECTION_HEADER@@QEAE_K@Z 000000010040acc0     MSVCRTD:utility.obj
 0002:00000cc8       $unwind$__scrt_get_show_window_mode 000000010040acc8     MSVCRTD:utility_desktop.obj
 0002:00000cd4       $unwind$__scrt_is_managed_app 000000010040acd4     MSVCRTD:utility_desktop.obj
 0002:00000cdc       $unwind$__scrt_initialize_mta 000000010040acdc     MSVCRTD:utility_desktop.obj
 0002:00000ce4       $unwind$__scrt_set_unhandled_exception_filter 000000010040ace4     MSVCRTD:utility_desktop.obj
 0002:00000cec       $unwind$__scrt_fastfail    000000010040acec     MSVCRTD:utility_desktop.obj
 0002:00000cf8       $unwind$__scrt_unhandled_exception_filter 000000010040acf8     MSVCRTD:utility_desktop.obj
 0002:00000d00       $unwind$_RTC_Initialize    000000010040ad00     MSVCRTD:initsect.obj
 0002:00000d0c       $unwind$_RTC_Terminate     000000010040ad0c     MSVCRTD:initsect.obj
 0002:00000d18       $unwind$ReadNoFence64      000000010040ad18     MSVCRTD:guard_support.obj
 0002:00000d20       $unwind$ReadPointerNoFence 000000010040ad20     MSVCRTD:guard_support.obj
 0002:00000d28       $unwind$_guard_icall_checks_enforced 000000010040ad28     MSVCRTD:guard_support.obj
 0002:00000d30       $unwind$__castguard_compat_check 000000010040ad30     MSVCRTD:guard_support.obj
 0002:00000d38       $unwind$__castguard_check_failure_os_handled_wrapper 000000010040ad38     MSVCRTD:guard_support.obj
 0002:00000d40       $unwind$__castguard_check_failure_debugbreak 000000010040ad40     MSVCRTD:guard_support.obj
 0002:00000d48       $unwind$__castguard_check_failure_fastfail 000000010040ad48     MSVCRTD:guard_support.obj
 0002:00000d50       $unwind$__castguard_check_failure_os_handled 000000010040ad50     MSVCRTD:guard_support.obj
 0002:00000d58       $unwind$__castguard_slow_path_compat_check 000000010040ad58     MSVCRTD:guard_support.obj
 0002:00000d60       $unwind$__castguard_slow_path_check_debugbreak 000000010040ad60     MSVCRTD:guard_support.obj
 0002:00000d68       $unwind$__castguard_slow_path_check_fastfail 000000010040ad68     MSVCRTD:guard_support.obj
 0002:00000d70       $unwind$__castguard_slow_path_check_os_handled 000000010040ad70     MSVCRTD:guard_support.obj
 0002:00000d78       $unwind$__isa_available_init 000000010040ad78     MSVCRTD:cpu_disp.obj
 0002:00000d88       $unwind$__scrt_is_ucrt_dll_in_use 000000010040ad88     MSVCRTD:ucrt_detection.obj
 0002:00000d90       $xdatasym                  000000010040ad90     MSVCRTD:guard_dispatch.obj
 0002:00000d98       $xdatasym                  000000010040ad98     MSVCRTD:guard_xfg_dispatch.obj
 0002:00000da0       .edata                     000000010040ada0     dyngui.exp
 0002:00000dc8       rgpv                       000000010040adc8     dyngui.exp
 0002:00000dd8       rgszName                   000000010040add8     dyngui.exp
 0002:00000de8       rgwOrd                     000000010040ade8     dyngui.exp
 0002:00000df0       szName                     000000010040adf0     dyngui.exp
 0002:00000dfb       $N00001                    000000010040adfb     dyngui.exp
 0002:00000e10       $N00002                    000000010040ae10     dyngui.exp
 0002:00000e28       $N00003                    000000010040ae28     dyngui.exp
 0002:00000e40       $N00004                    000000010040ae40     dyngui.exp
 0002:00001176       .idata$6                   000000010040b176     hengine:hengine.dll
 0002:00001278       .idata$6                   000000010040b278     hutil:hutil.dll
 0002:000012ac       .idata$6                   000000010040b2ac     hsys:hsys.dll
 0002:000012f6       .idata$6                   000000010040b2f6     kernel32:KERNEL32.dll
 0002:0000138e       .idata$6                   000000010040b38e     vcruntimed:VCRUNTIME140D.dll
 0002:0000154e       .idata$6                   000000010040b54e     ucrtd:ucrtbased.dll
 0003:00000014       nInputStreamFileNum        000000010040c014     dyngui.obj
 0003:00000018       gui_nounload               000000010040c018     dyngui.obj
 0003:0000001c       $SG168304                  000000010040c01c     dyngui.obj
 0003:00000020       $SG168174                  000000010040c020     dyngui.obj
 0003:00000030       $SG168176                  000000010040c030     dyngui.obj
 0003:00000040       $SG168178                  000000010040c040     dyngui.obj
 0003:00000050       $SG168182                  000000010040c050     dyngui.obj
 0003:00000060       $SG168265                  000000010040c060     dyngui.obj
 0003:00000068       $SG168267                  000000010040c068     dyngui.obj
 0003:00000070       $SG168271                  000000010040c070     dyngui.obj
 0003:00000078       $SG168273                  000000010040c078     dyngui.obj
 0003:00000084       $SG168275                  000000010040c084     dyngui.obj
 0003:0000008c       $SG168529                  000000010040c08c     dyngui.obj
 0003:00000090       $SG168277                  000000010040c090     dyngui.obj
 0003:0000009c       $SG168279                  000000010040c09c     dyngui.obj
 0003:000000a4       $SG168281                  000000010040c0a4     dyngui.obj
 0003:000000ac       ?bFirstBatch@?1??NewUpdateDevStats@@9@9 000000010040c0ac     dyngui.obj
 0003:000000b0       $SG168283                  000000010040c0b0     dyngui.obj
 0003:000000bc       $SG168297                  000000010040c0bc     dyngui.obj
 0003:000000c4       $SG168544                  000000010040c0c4     dyngui.obj
 0003:000000cc       $SG168569                  000000010040c0cc     dyngui.obj
 0003:000000d0       $SG168285                  000000010040c0d0     dyngui.obj
 0003:000000dc       $SG168585                  000000010040c0dc     dyngui.obj
 0003:000000e0       $SG168288                  000000010040c0e0     dyngui.obj
 0003:000000ec       $SG168680                  000000010040c0ec     dyngui.obj
 0003:000000f0       $SG168291                  000000010040c0f0     dyngui.obj
 0003:000000fc       $SG168292                  000000010040c0fc     dyngui.obj
 0003:00000104       $SG168588                  000000010040c104     dyngui.obj
 0003:0000010c       $SG168684                  000000010040c10c     dyngui.obj
 0003:00000110       $SG168293                  000000010040c110     dyngui.obj
 0003:00000130       $SG168295                  000000010040c130     dyngui.obj
 0003:00000150       $SG168296                  000000010040c150     dyngui.obj
 0003:00000160       $SG168298                  000000010040c160     dyngui.obj
 0003:00000180       $SG168300                  000000010040c180     dyngui.obj
 0003:000001a0       $SG168301                  000000010040c1a0     dyngui.obj
 0003:000001b0       $SG168305                  000000010040c1b0     dyngui.obj
 0003:000001e8       $SG168307                  000000010040c1e8     dyngui.obj
 0003:0000021c       $SG168308                  000000010040c21c     dyngui.obj
 0003:00000228       $SG168309                  000000010040c228     dyngui.obj
 0003:00000260       $SG168311                  000000010040c260     dyngui.obj
 0003:00000298       $SG168312                  000000010040c298     dyngui.obj
 0003:000002a8       $SG168314                  000000010040c2a8     dyngui.obj
 0003:000002b0       $SG168316                  000000010040c2b0     dyngui.obj
 0003:000002c0       $SG168319                  000000010040c2c0     dyngui.obj
 0003:000002d0       $SG168351                  000000010040c2d0     dyngui.obj
 0003:000002d8       $SG168356                  000000010040c2d8     dyngui.obj
 0003:000002e8       $SG168357                  000000010040c2e8     dyngui.obj
 0003:000002f8       $SG168363                  000000010040c2f8     dyngui.obj
 0003:00000308       $SG168385                  000000010040c308     dyngui.obj
 0003:00000318       $SG168531                  000000010040c318     dyngui.obj
 0003:00000330       $SG168380                  000000010040c330     dyngui.obj
 0003:00000380       $SG168381                  000000010040c380     dyngui.obj
 0003:00000408       $SG168387                  000000010040c408     dyngui.obj
 0003:00000418       $SG168393                  000000010040c418     dyngui.obj
 0003:00000438       $SG168396                  000000010040c438     dyngui.obj
 0003:00000458       $SG168399                  000000010040c458     dyngui.obj
 0003:00000478       $SG168402                  000000010040c478     dyngui.obj
 0003:00000498       $SG168406                  000000010040c498     dyngui.obj
 0003:000004b8       $SG168409                  000000010040c4b8     dyngui.obj
 0003:000004d8       $SG168412                  000000010040c4d8     dyngui.obj
 0003:000004f8       $SG168415                  000000010040c4f8     dyngui.obj
 0003:00000518       $SG168418                  000000010040c518     dyngui.obj
 0003:00000538       $SG168421                  000000010040c538     dyngui.obj
 0003:00000558       $SG168424                  000000010040c558     dyngui.obj
 0003:00000578       $SG168427                  000000010040c578     dyngui.obj
 0003:00000598       $SG168431                  000000010040c598     dyngui.obj
 0003:000005b8       $SG168434                  000000010040c5b8     dyngui.obj
 0003:000005d8       $SG168437                  000000010040c5d8     dyngui.obj
 0003:000005f8       $SG168440                  000000010040c5f8     dyngui.obj
 0003:00000618       $SG168444                  000000010040c618     dyngui.obj
 0003:00000638       $SG168447                  000000010040c638     dyngui.obj
 0003:00000658       $SG168450                  000000010040c658     dyngui.obj
 0003:00000678       $SG168453                  000000010040c678     dyngui.obj
 0003:00000698       $SG168456                  000000010040c698     dyngui.obj
 0003:000006b8       $SG168459                  000000010040c6b8     dyngui.obj
 0003:000006d8       $SG168462                  000000010040c6d8     dyngui.obj
 0003:000006f8       $SG168465                  000000010040c6f8     dyngui.obj
 0003:00000718       $SG168469                  000000010040c718     dyngui.obj
 0003:00000738       $SG168472                  000000010040c738     dyngui.obj
 0003:00000758       $SG168475                  000000010040c758     dyngui.obj
 0003:00000778       $SG168478                  000000010040c778     dyngui.obj
 0003:00000798       $SG168482                  000000010040c798     dyngui.obj
 0003:000007b8       $SG168485                  000000010040c7b8     dyngui.obj
 0003:000007d8       $SG168489                  000000010040c7d8     dyngui.obj
 0003:000007f8       $SG168492                  000000010040c7f8     dyngui.obj
 0003:00000818       $SG168495                  000000010040c818     dyngui.obj
 0003:00000838       $SG168498                  000000010040c838     dyngui.obj
 0003:00000858       $SG168501                  000000010040c858     dyngui.obj
 0003:00000878       $SG168504                  000000010040c878     dyngui.obj
 0003:00000898       $SG168507                  000000010040c898     dyngui.obj
 0003:000008b8       $SG168510                  000000010040c8b8     dyngui.obj
 0003:000008d8       $SG168530                  000000010040c8d8     dyngui.obj
 0003:00000918       $SG168532                  000000010040c918     dyngui.obj
 0003:00000928       $SG168542                  000000010040c928     dyngui.obj
 0003:00000950       $SG168543                  000000010040c950     dyngui.obj
 0003:00000978       $SG168567                  000000010040c978     dyngui.obj
 0003:00000988       $SG168570                  000000010040c988     dyngui.obj
 0003:000009c8       $SG168571                  000000010040c9c8     dyngui.obj
 0003:000009e0       $SG168572                  000000010040c9e0     dyngui.obj
 0003:000009f0       $SG168582                  000000010040c9f0     dyngui.obj
 0003:00000a18       $SG168583                  000000010040ca18     dyngui.obj
 0003:00000a40       $SG168605                  000000010040ca40     dyngui.obj
 0003:00000a50       $SG168607                  000000010040ca50     dyngui.obj
 0003:00000a58       $SG168621                  000000010040ca58     dyngui.obj
 0003:00000a70       $SG168622                  000000010040ca70     dyngui.obj
 0003:00000a80       $SG168623                  000000010040ca80     dyngui.obj
 0003:00000ac8       $SG168625                  000000010040cac8     dyngui.obj
 0003:00000ae0       $SG168626                  000000010040cae0     dyngui.obj
 0003:00000af0       $SG168627                  000000010040caf0     dyngui.obj
 0003:00000b38       $SG168630                  000000010040cb38     dyngui.obj
 0003:00000b48       $SG168639                  000000010040cb48     dyngui.obj
 0003:00000b58       $SG168640                  000000010040cb58     dyngui.obj
 0003:00000b68       $SG168651                  000000010040cb68     dyngui.obj
 0003:00000b70       $SG168652                  000000010040cb70     dyngui.obj
 0003:00000b78       $SG168653                  000000010040cb78     dyngui.obj
 0003:00000b80       $SG168654                  000000010040cb80     dyngui.obj
 0003:00000b90       $SG168656                  000000010040cb90     dyngui.obj
 0003:00000ba0       $SG168657                  000000010040cba0     dyngui.obj
 0003:00000bb0       $SG168658                  000000010040cbb0     dyngui.obj
 0003:00000bf8       $SG168660                  000000010040cbf8     dyngui.obj
 0003:00000c08       $SG168661                  000000010040cc08     dyngui.obj
 0003:00000c18       $SG168665                  000000010040cc18     dyngui.obj
 0003:00000c50       $SG168662                  000000010040cc50     dyngui.obj
 0003:00000c98       $SG168667                  000000010040cc98     dyngui.obj
 0003:00000ccc       $SG168678                  000000010040cccc     dyngui.obj
 0003:00000cd4       $SG168679                  000000010040ccd4     dyngui.obj
 0003:00000ce0       $SG168681                  000000010040cce0     dyngui.obj
 0003:00000d08       $SG168682                  000000010040cd08     dyngui.obj
 0003:00000d20       $SG168683                  000000010040cd20     dyngui.obj
 0003:00000d30       $SG168685                  000000010040cd30     dyngui.obj
 0003:00000d58       $SG168686                  000000010040cd58     dyngui.obj
 0003:00000d70       $SG168687                  000000010040cd70     dyngui.obj
 0003:00000d80       $SG168709                  000000010040cd80     dyngui.obj
 0003:00000d90       $SG168710                  000000010040cd90     dyngui.obj
 0003:00000da0       $SG168712                  000000010040cda0     dyngui.obj
 0003:00000da8       $SG168713                  000000010040cda8     dyngui.obj
 0003:00000db0       $SG168715                  000000010040cdb0     dyngui.obj
 0003:00000dbc       $SG168716                  000000010040cdbc     dyngui.obj
 0003:00000dc8       $SG168718                  000000010040cdc8     dyngui.obj
 0003:00000dd4       $SG168719                  000000010040cdd4     dyngui.obj
 0003:00000de0       $SG168729                  000000010040cde0     dyngui.obj
 0003:00000df0       $SG168730                  000000010040cdf0     dyngui.obj
 0003:00000e08       $SG168731                  000000010040ce08     dyngui.obj
 0003:00000e18       $SG168732                  000000010040ce18     dyngui.obj
 0003:00000e28       $SG168733                  000000010040ce28     dyngui.obj
 0003:00000e38       $SG168734                  000000010040ce38     dyngui.obj
 0003:00000e48       $SG168735                  000000010040ce48     dyngui.obj
 0003:00000e58       $SG168740                  000000010040ce58     dyngui.obj
 0003:0002d098       fOutputStream              0000000100439098     dyngui.obj
 0003:0002d0a0       fStatusStream              00000001004390a0     dyngui.obj
 0003:0002d0a8       ?bLoading@?1??gui_debug_cpu_state@@9@9 00000001004390a8     dyngui.obj
 0003:0002d0ac       ?bStopped@?1??gui_debug_cpu_state@@9@9 00000001004390ac     dyngui.obj
 0003:0002d0b0       ?__proc_attached@@3HA      00000001004390b0     MSVCRTD:dll_dllmain.obj
 0003:0002d0c0       GS_ExceptionRecord         00000001004390c0     MSVCRTD:gs_report.obj
 0003:0002d160       GS_ContextRecord           0000000100439160     MSVCRTD:gs_report.obj
 0003:0002d660       ?is_initialized_as_dll@@3_NA 0000000100439660     MSVCRTD:utility.obj
 0003:0002d661       ?module_local_atexit_table_initialized@@3_NA 0000000100439661     MSVCRTD:utility.obj
 0003:0002d668       ?module_local_atexit_table@@3U_onexit_table_t@@A 0000000100439668     MSVCRTD:utility.obj
 0003:0002d680       ?module_local_at_quick_exit_table@@3U_onexit_table_t@@A 0000000100439680     MSVCRTD:utility.obj
 0005:000002d0       $R000000                   000000010043b2d0     hercprod.res
 0005:00000878       $R0005A8                   000000010043b878     hercprod.res
 0005:000009a0       $R0006D0                   000000010043b9a0     hercprod.res
 0005:00000f08       $R000C38                   000000010043bf08     hercprod.res
 0005:00001370       $R0010A0                   000000010043c370     hercprod.res
 0005:00001658       $R001388                   000000010043c658     hercprod.res
 0005:00001f00       $R001C30                   000000010043cf00     hercprod.res
 0005:00002fa8       $R002CD8                   000000010043dfa8     hercprod.res
 0005:00003610       $R003340                   000000010043e610     hercprod.res
 0005:000044b8       $R0041E8                   000000010043f4b8     hercprod.res
 0005:00006a60       $R006790                   0000000100441a60     hercprod.res
 0005:0000ff08       $R00FC38                   000000010044af08     hercprod.res
 0005:00013bc8       $R0138F8                   000000010044ebc8     hercprod.res
