 hdt3270

 Timestamp is 63e3da0f (Wed Feb  8 18:21:19 2023)

 Preferred load address is 0000000100400000

 Start         Length     Name                   Class
 0001:00000000 00013250H .text$mn                CODE
 0001:00013250 00000040H .text$mn$00             CODE
 0001:00013290 00000100H .text$x                 CODE
 0002:00000000 000004c8H .idata$5                DATA
 0002:000004c8 00000038H .00cfg                  DATA
 0002:00000500 00000008H .CRT$XCA                DATA
 0002:00000508 00000008H .CRT$XCZ                DATA
 0002:00000510 00000008H .CRT$XIA                DATA
 0002:00000518 00000008H .CRT$XIZ                DATA
 0002:00000520 00000008H .CRT$XPA                DATA
 0002:00000528 00000008H .CRT$XPZ                DATA
 0002:00000530 00000008H .CRT$XTA                DATA
 0002:00000538 00000008H .CRT$XTZ                DATA
 0002:00000540 00000000H .gehcont$y              DATA
 0002:00000540 00000000H .gfids$y                DATA
 0002:00000540 000013c0H .rdata                  DATA
 0002:00001900 00000080H .rdata$CastGuardVftablesA DATA
 0002:00001980 00000080H .rdata$CastGuardVftablesC DATA
 0002:00001a00 00000168H .rdata$voltmd           DATA
 0002:00001b68 00000338H .rdata$zzzdbg           DATA
 0002:00001ea0 00000008H .rtc$IAA                DATA
 0002:00001ea8 00000008H .rtc$IMZ                DATA
 0002:00001eb0 00000008H .rtc$IZZ                DATA
 0002:00001eb8 00000008H .rtc$TAA                DATA
 0002:00001ec0 00000008H .rtc$TMZ                DATA
 0002:00001ec8 00000008H .rtc$TZZ                DATA
 0002:00001ed0 000009b0H .xdata                  DATA
 0002:00002880 00000074H .edata                  DATA
 0002:000028f4 0000008cH .idata$2                DATA
 0002:00002980 00000018H .idata$3                DATA
 0002:00002998 000004c8H .idata$4                DATA
 0002:00002e60 00000960H .idata$6                DATA
 0003:00000000 00004640H .data                   DATA
 0003:00004640 00000718H .bss                    DATA
 0004:00000000 000009e4H .pdata                  DATA
 0005:00000000 000002d0H .rsrc$01                DATA
 0005:000002d0 00013998H .rsrc$02                DATA

  Address         Publics by Value              Rva+Base               Lib:Object

 0000:00000000       __AbsoluteZero             0000000000000000     <absolute>
 0000:00000000       ___safe_se_handler_count   0000000000000000     <absolute>
 0000:00000000       ___safe_se_handler_table   0000000000000000     <absolute>
 0000:00000000       __arm64x_extra_rfe_table   0000000000000000     <absolute>
 0000:00000000       __arm64x_extra_rfe_table_size 0000000000000000     <absolute>
 0000:00000000       __arm64x_native_entrypoint 0000000000000000     <absolute>
 0000:00000000       __arm64x_redirection_metadata 0000000000000000     <absolute>
 0000:00000000       __arm64x_redirection_metadata_count 0000000000000000     <absolute>
 0000:00000000       __dynamic_value_reloc_table 0000000000000000     <absolute>
 0000:00000000       __enclave_config           0000000000000000     <absolute>
 0000:00000000       __guard_check_icall_a64n_fptr 0000000000000000     <absolute>
 0000:00000000       __guard_eh_cont_count      0000000000000000     <absolute>
 0000:00000000       __guard_eh_cont_table      0000000000000000     <absolute>
 0000:00000000       __guard_fids_count         0000000000000000     <absolute>
 0000:00000000       __guard_fids_table         0000000000000000     <absolute>
 0000:00000000       __guard_iat_count          0000000000000000     <absolute>
 0000:00000000       __guard_iat_table          0000000000000000     <absolute>
 0000:00000000       __guard_longjmp_count      0000000000000000     <absolute>
 0000:00000000       __guard_longjmp_table      0000000000000000     <absolute>
 0000:00000000       __hybrid_auxiliary_iat     0000000000000000     <absolute>
 0000:00000000       __hybrid_auxiliary_iat_copy 0000000000000000     <absolute>
 0000:00000000       __hybrid_code_map          0000000000000000     <absolute>
 0000:00000000       __hybrid_code_map_count    0000000000000000     <absolute>
 0000:00000000       __x64_code_ranges_to_entry_points 0000000000000000     <absolute>
 0000:00000000       __x64_code_ranges_to_entry_points_count 0000000000000000     <absolute>
 0000:00000100       __guard_flags              0000000000000100     <absolute>
 0000:00000000       __ImageBase                0000000100400000     <linker-defined>
 0001:0000b830       hdl_check_depends_ep       000000010040c830 f   console.obj
 0001:0000b8d0       hdl_define_devtypes_ep     000000010040c8d0 f   console.obj
 0001:0000b940       __local_stdio_printf_options 000000010040c940 f i console.obj
 0001:0000b950       __local_stdio_scanf_options 000000010040c950 f i console.obj
 0001:0000b960       _vsnprintf_s               000000010040c960 f i console.obj
 0001:0000b9b0       _vsnprintf_s_l             000000010040c9b0 f i console.obj
 0001:0000ba30       _vsscanf_l                 000000010040ca30 f i console.obj
 0001:0000ba80       fetch_dw_noswap            000000010040ca80 f i console.obj
 0001:0000baa0       fetch_fw_noswap            000000010040caa0 f i console.obj
 0001:0000bac0       fetch_hw_noswap            000000010040cac0 f i console.obj
 0001:0000bae0       sscanf                     000000010040cae0 f i console.obj
 0001:0000bb30       store_dw_noswap            000000010040cb30 f i console.obj
 0001:0000bb50       store_fw_noswap            000000010040cb50 f i console.obj
 0001:0000bb70       store_hw_noswap            000000010040cb70 f i console.obj
 0001:0000bb88       readlogo                   000000010040cb88 f   hengine:hengine.dll
 0001:0000bb8e       sclp_sysg_attention        000000010040cb8e f   hengine:hengine.dll
 0001:0000bb94       device_attention           000000010040cb94 f   hengine:hengine.dll
 0001:0000bb9a       Dequeue_IO_Interrupt       000000010040cb9a f   hengine:hengine.dll
 0001:0000bba0       fthread_self               000000010040cba0 f   hutil:hutil.dll
 0001:0000bba6       hthread_obtain_lock        000000010040cba6 f   hutil:hutil.dll
 0001:0000bbac       hthread_try_obtain_lock    000000010040cbac f   hutil:hutil.dll
 0001:0000bbb2       hthread_release_lock       000000010040cbb2 f   hutil:hutil.dll
 0001:0000bbb8       hthread_create_thread      000000010040cbb8 f   hutil:hutil.dll
 0001:0000bbbe       hthread_join_thread        000000010040cbbe f   hutil:hutil.dll
 0001:0000bbc4       hthread_set_thread_prio    000000010040cbc4 f   hutil:hutil.dll
 0001:0000bbca       hthread_get_thread_prio    000000010040cbca f   hutil:hutil.dll
 0001:0000bbd0       init_hostinfo              000000010040cbd0 f   hutil:hutil.dll
 0001:0000bbd6       get_symbol                 000000010040cbd6 f   hutil:hutil.dll
 0001:0000bbdc       resolve_symbol_string      000000010040cbdc f   hutil:hutil.dll
 0001:0000bbe2       set_symbol                 000000010040cbe2 f   hutil:hutil.dll
 0001:0000bbe8       strlcpy                    000000010040cbe8 f   hutil:hutil.dll
 0001:0000bbee       timeval_subtract           000000010040cbee f   hutil:hutil.dll
 0001:0000bbf4       w32_strerror               000000010040cbf4 f   hutil:hutil.dll
 0001:0000bbfa       strtok_r                   000000010040cbfa f   hutil:hutil.dll
 0001:0000bc00       gettimeofday               000000010040cc00 f   hutil:hutil.dll
 0001:0000bc06       usleep                     000000010040cc06 f   hutil:hutil.dll
 0001:0000bc0c       sleep                      000000010040cc0c f   hutil:hutil.dll
 0001:0000bc12       sched_yield                000000010040cc12 f   hutil:hutil.dll
 0001:0000bc18       hostpath                   000000010040cc18 f   hutil:hutil.dll
 0001:0000bc1e       socket_set_blocking_mode   000000010040cc1e f   hutil:hutil.dll
 0001:0000bc24       set_socket_keepalive       000000010040cc24 f   hutil:hutil.dll
 0001:0000bc2a       w32_socket                 000000010040cc2a f   hutil:hutil.dll
 0001:0000bc30       w32_accept                 000000010040cc30 f   hutil:hutil.dll
 0001:0000bc36       w32_close_socket           000000010040cc36 f   hutil:hutil.dll
 0001:0000bc3c       w32_FD_SET                 000000010040cc3c f   hutil:hutil.dll
 0001:0000bc42       w32_FD_ISSET               000000010040cc42 f   hutil:hutil.dll
 0001:0000bc48       w32_pselect                000000010040cc48 f   hutil:hutil.dll
 0001:0000bc4e       w32_fwrite                 000000010040cc4e f   hutil:hutil.dll
 0001:0000bc54       w32_snprintf               000000010040cc54 f   hutil:hutil.dll
 0001:0000bc5a       w32_basename               000000010040cc5a f   hutil:hutil.dll
 0001:0000bc60       guest_to_host              000000010040cc60 f   hutil:hutil.dll
 0001:0000bc66       prt_host_to_guest          000000010040cc66 f   hutil:hutil.dll
 0001:0000bc6c       write_socket               000000010040cc6c f   hutil:hutil.dll
 0001:0000bc72       disable_nagle              000000010040cc72 f   hutil:hutil.dll
 0001:0000bc78       fwritemsg                  000000010040cc78 f   hutil:hutil.dll
 0001:0000bc7e       logmsg                     000000010040cc7e f   hutil:hutil.dll
 0001:0000bc90       telnet_init                000000010040cc90 f   telnet64d:telnet.c.obj
 0001:0000be00       telnet_free                000000010040ce00 f   telnet64d:telnet.c.obj
 0001:0000bea0       telnet_recv                000000010040cea0 f   telnet64d:telnet.c.obj
 0001:0000bee0       telnet_iac                 000000010040cee0 f   telnet64d:telnet.c.obj
 0001:0000bf60       telnet_3270_cmd            000000010040cf60 f   telnet64d:telnet.c.obj
 0001:0000bfe0       telnet_negotiate           000000010040cfe0 f   telnet64d:telnet.c.obj
 0001:0000c3e0       telnet_send                000000010040d3e0 f   telnet64d:telnet.c.obj
 0001:0000c4c0       telnet_send_one_shot       000000010040d4c0 f   telnet64d:telnet.c.obj
 0001:0000c670       telnet_begin_sb            000000010040d670 f   telnet64d:telnet.c.obj
 0001:0000c700       telnet_subnegotiation      000000010040d700 f   telnet64d:telnet.c.obj
 0001:0000c7f0       telnet_printf              000000010040d7f0 f   telnet64d:telnet.c.obj
 0001:0000c870       telnet_vprintf             000000010040d870 f   telnet64d:telnet.c.obj
 0001:0000cc30       telnet_raw_printf          000000010040dc30 f   telnet64d:telnet.c.obj
 0001:0000ccb0       telnet_raw_vprintf         000000010040dcb0 f   telnet64d:telnet.c.obj
 0001:0000ce90       telnet_begin_newenviron    000000010040de90 f   telnet64d:telnet.c.obj
 0001:0000ced0       telnet_newenviron_value    000000010040ded0 f   telnet64d:telnet.c.obj
 0001:0000cf30       telnet_ttype_send          000000010040df30 f   telnet64d:telnet.c.obj
 0001:0000cf60       telnet_ttype_is            000000010040df60 f   telnet64d:telnet.c.obj
 0001:0000cfc0       telnet_cmd_name            000000010040dfc0 f   telnet64d:telnet.c.obj
 0001:0000d150       telnet_opt_name            000000010040e150 f   telnet64d:telnet.c.obj
 0001:0000d430       telnet_evt_name            000000010040e430 f   telnet64d:telnet.c.obj
 0001:0000d530       telnet_err_name            000000010040e530 f   telnet64d:telnet.c.obj
 0001:0000d5d0       telnet_closesocket         000000010040e5d0 f   telnet64d:telnet.c.obj
 0001:0000fb90       snprintf                   0000000100410b90 f i telnet64d:telnet.c.obj
 0001:0000fc10       vsnprintf                  0000000100410c10 f i telnet64d:telnet.c.obj
 0001:0000fc87       IsDebuggerPresent          0000000100410c87 f   kernel32:KERNEL32.dll
 0001:0000fc8d       OutputDebugStringA         0000000100410c8d f   kernel32:KERNEL32.dll
 0001:0000fc93       bind                       0000000100410c93 f   ws2_32:WS2_32.dll
 0001:0000fc99       getpeername                0000000100410c99 f   ws2_32:WS2_32.dll
 0001:0000fc9f       htons                      0000000100410c9f f   ws2_32:WS2_32.dll
 0001:0000fca5       inet_addr                  0000000100410ca5 f   ws2_32:WS2_32.dll
 0001:0000fcab       inet_ntoa                  0000000100410cab f   ws2_32:WS2_32.dll
 0001:0000fcb1       listen                     0000000100410cb1 f   ws2_32:WS2_32.dll
 0001:0000fcb7       ntohs                      0000000100410cb7 f   ws2_32:WS2_32.dll
 0001:0000fcbd       recv                       0000000100410cbd f   ws2_32:WS2_32.dll
 0001:0000fcc3       send                       0000000100410cc3 f   ws2_32:WS2_32.dll
 0001:0000fcc9       setsockopt                 0000000100410cc9 f   ws2_32:WS2_32.dll
 0001:0000fccf       gethostbyname              0000000100410ccf f   ws2_32:WS2_32.dll
 0001:0000fcd5       getservbyname              0000000100410cd5 f   ws2_32:WS2_32.dll
 0001:0000fcdb       WSASetLastError            0000000100410cdb f   ws2_32:WS2_32.dll
 0001:0000fce1       WSAGetLastError            0000000100410ce1 f   ws2_32:WS2_32.dll
 0001:0000fce7       inet_pton                  0000000100410ce7 f   ws2_32:WS2_32.dll
 0001:0000fced       inet_ntop                  0000000100410ced f   ws2_32:WS2_32.dll
 0001:0000fcf3       closesocket                0000000100410cf3 f   ws2_32:WS2_32.dll
 0001:0000fcf9       select                     0000000100410cf9 f   ws2_32:WS2_32.dll
 0001:0000fcff       shutdown                   0000000100410cff f   ws2_32:WS2_32.dll
 0001:00010120       _CRT_INIT                  0000000100411120 f   MSVCRTD:dll_dllmain.obj
 0001:00010150       _DllMainCRTStartup         0000000100411150 f   MSVCRTD:dll_dllmain.obj
 0001:00010190       __raise_securityfailure    0000000100411190 f   MSVCRTD:gs_report.obj
 0001:000101d0       __report_gsfailure         00000001004111d0 f   MSVCRTD:gs_report.obj
 0001:000102b0       __report_rangecheckfailure 00000001004112b0 f   MSVCRTD:gs_report.obj
 0001:000102d0       __report_securityfailure   00000001004112d0 f   MSVCRTD:gs_report.obj
 0001:00010370       __report_securityfailureEx 0000000100411370 f   MSVCRTD:gs_report.obj
 0001:000105e0       __GSHandlerCheck           00000001004115e0 f   MSVCRTD:gshandler.obj
 0001:00010620       __GSHandlerCheckCommon     0000000100411620 f   MSVCRTD:gshandler.obj
 0001:00010730       __chkstk                   0000000100411730 f   MSVCRTD:chkstk.obj
 0001:00010730       _alloca_probe              0000000100411730 f   MSVCRTD:chkstk.obj
 0001:00010790       __security_check_cookie    0000000100411790 f   MSVCRTD:amdsecgs.obj
 0001:000107b0       _RTC_AllocaHelper          00000001004117b0 f   MSVCRTD:stack.obj
 0001:000107f0       _RTC_CheckStackVars        00000001004117f0 f   MSVCRTD:stack.obj
 0001:00010880       _RTC_CheckStackVars2       0000000100411880 f   MSVCRTD:stack.obj
 0001:00010990       _CRT_RTC_INIT              0000000100411990 f   MSVCRTD:init.obj
 0001:000109a0       _CRT_RTC_INITW             00000001004119a0 f   MSVCRTD:init.obj
 0001:000109b0       _RTC_InitBase              00000001004119b0 f   MSVCRTD:init.obj
 0001:000109f0       _RTC_Shutdown              00000001004119f0 f   MSVCRTD:init.obj
 0001:00010ae0       __security_init_cookie     0000000100411ae0 f   MSVCRTD:gs_support.obj
 0001:00010b60       DllMain                    0000000100411b60 f   MSVCRTD:dll_dllmain_stub.obj
 0001:00010ba0       ?__scrt_initialize_type_info@@YAXXZ 0000000100411ba0 f   MSVCRTD:tncleanup.obj
 0001:00010bc0       ?__scrt_uninitialize_type_info@@YAXXZ 0000000100411bc0 f   MSVCRTD:tncleanup.obj
 0001:00010be0       __scrt_initialize_default_local_stdio_options 0000000100411be0 f   MSVCRTD:default_local_stdio_options.obj
 0001:00010c30       ?configure_argv@__scrt_narrow_argv_policy@@SAHXZ 0000000100411c30 f i MSVCRTD:utility.obj
 0001:00010d20       ?initialize_environment@__scrt_narrow_environment_policy@@SAHXZ 0000000100411d20 f i MSVCRTD:utility.obj
 0001:00010dc0       NtCurrentTeb               0000000100411dc0 f i MSVCRTD:utility.obj
 0001:00010dd0       __scrt_acquire_startup_lock 0000000100411dd0 f   MSVCRTD:utility.obj
 0001:00010e40       __scrt_dllmain_after_initialize_c 0000000100411e40 f   MSVCRTD:utility.obj
 0001:00010e70       __scrt_dllmain_before_initialize_c 0000000100411e70 f   MSVCRTD:utility.obj
 0001:00010e90       __scrt_dllmain_crt_thread_attach 0000000100411e90 f   MSVCRTD:utility.obj
 0001:00010ec0       __scrt_dllmain_crt_thread_detach 0000000100411ec0 f   MSVCRTD:utility.obj
 0001:00010ee0       __scrt_dllmain_exception_filter 0000000100411ee0 f   MSVCRTD:utility.obj
 0001:00010f50       __scrt_dllmain_uninitialize_c 0000000100411f50 f   MSVCRTD:utility.obj
 0001:00010f80       __scrt_dllmain_uninitialize_critical 0000000100411f80 f   MSVCRTD:utility.obj
 0001:00010fa0       __scrt_initialize_crt      0000000100411fa0 f   MSVCRTD:utility.obj
 0001:00010ff0       __scrt_initialize_onexit_tables 0000000100411ff0 f   MSVCRTD:utility.obj
 0001:00011100       __scrt_is_nonwritable_in_current_image 0000000100412100 f   MSVCRTD:utility.obj
 0001:00011190       __scrt_release_startup_lock 0000000100412190 f   MSVCRTD:utility.obj
 0001:000111c0       __scrt_uninitialize_crt    00000001004121c0 f   MSVCRTD:utility.obj
 0001:00011200       _onexit                    0000000100412200 f   MSVCRTD:utility.obj
 0001:00011280       at_quick_exit              0000000100412280 f   MSVCRTD:utility.obj
 0001:000112d0       atexit                     00000001004122d0 f   MSVCRTD:utility.obj
 0001:00011310       __scrt_get_dyn_tls_init_callback 0000000100412310 f   MSVCRTD:dyn_tls_init.obj
 0001:00011320       __crt_debugger_hook        0000000100412320 f   MSVCRTD:utility_desktop.obj
 0001:00011330       __scrt_fastfail            0000000100412330 f   MSVCRTD:utility_desktop.obj
 0001:000114d0       __scrt_get_show_window_mode 00000001004124d0 f   MSVCRTD:utility_desktop.obj
 0001:00011530       __scrt_initialize_mta      0000000100412530 f   MSVCRTD:utility_desktop.obj
 0001:00011540       __scrt_initialize_winrt    0000000100412540 f   MSVCRTD:utility_desktop.obj
 0001:00011550       __scrt_is_managed_app      0000000100412550 f   MSVCRTD:utility_desktop.obj
 0001:00011600       __scrt_set_unhandled_exception_filter 0000000100412600 f   MSVCRTD:utility_desktop.obj
 0001:00011620       __scrt_exe_initialize_mta  0000000100412620 f   MSVCRTD:utility_desktop.obj
 0001:00011620       __scrt_stub_for_initialize_mta 0000000100412620 f   MSVCRTD:utility_desktop.obj
 0001:00011630       __scrt_unhandled_exception_filter 0000000100412630 f   MSVCRTD:utility_desktop.obj
 0001:000116d0       _RTC_Initialize            00000001004126d0 f   MSVCRTD:initsect.obj
 0001:00011720       _RTC_Terminate             0000000100412720 f   MSVCRTD:initsect.obj
 0001:00011770       _guard_check_icall_nop     0000000100412770 f i MSVCRTD:guard_support.obj
 0001:00011780       ReadNoFence64              0000000100412780 f i MSVCRTD:guard_support.obj
 0001:000117a0       ReadPointerNoFence         00000001004127a0 f i MSVCRTD:guard_support.obj
 0001:000117c0       __castguard_check_failure_debugbreak 00000001004127c0 f i MSVCRTD:guard_support.obj
 0001:000117e0       __castguard_check_failure_fastfail 00000001004127e0 f i MSVCRTD:guard_support.obj
 0001:00011810       __castguard_check_failure_nop 0000000100412810 f i MSVCRTD:guard_support.obj
 0001:00011820       __castguard_check_failure_os_handled 0000000100412820 f i MSVCRTD:guard_support.obj
 0001:000118f0       __castguard_slow_path_check_debugbreak 00000001004128f0 f i MSVCRTD:guard_support.obj
 0001:00011930       __castguard_slow_path_check_fastfail 0000000100412930 f i MSVCRTD:guard_support.obj
 0001:00011980       __castguard_slow_path_check_nop 0000000100412980 f i MSVCRTD:guard_support.obj
 0001:00011990       __castguard_slow_path_check_os_handled 0000000100412990 f i MSVCRTD:guard_support.obj
 0001:00011a50       _guard_icall_checks_enforced 0000000100412a50 f i MSVCRTD:guard_support.obj
 0001:00011a90       _guard_rf_checks_enforced  0000000100412a90 f i MSVCRTD:guard_support.obj
 0001:00011b30       ?_RTC_AllocaFailure@@YAXPEAXPEAU_RTC_ALLOCA_NODE@@H@Z 0000000100412b30 f   MSVCRTD:error.obj
 0001:00011c90       ?_RTC_Failure@@YAXPEAXH@Z  0000000100412c90 f   MSVCRTD:error.obj
 0001:00011ce0       ?_RTC_StackFailure@@YAXPEAXPEBD@Z 0000000100412ce0 f   MSVCRTD:error.obj
 0001:00012110       _RTC_UninitUse             0000000100413110 f   MSVCRTD:error.obj
 0001:000121e0       _vsprintf_s_l              00000001004131e0 f i MSVCRTD:error.obj
 0001:00012250       sprintf_s                  0000000100413250 f i MSVCRTD:error.obj
 0001:00012280       ?_RTC_GetErrorFunc@@YAP6AHHPEBDH00ZZPEBX@Z 0000000100413280 f   MSVCRTD:userapi.obj
 0001:00012290       ?_RTC_GetErrorFuncW@@YAP6AHHPEB_WH00ZZPEBX@Z 0000000100413290 f   MSVCRTD:userapi.obj
 0001:000122a0       _RTC_GetErrDesc            00000001004132a0 f   MSVCRTD:userapi.obj
 0001:000122c0       _RTC_NumErrors             00000001004132c0 f   MSVCRTD:userapi.obj
 0001:000122d0       _RTC_SetErrorFunc          00000001004132d0 f   MSVCRTD:userapi.obj
 0001:000122f0       _RTC_SetErrorFuncW         00000001004132f0 f   MSVCRTD:userapi.obj
 0001:00012310       _RTC_SetErrorType          0000000100413310 f   MSVCRTD:userapi.obj
 0001:00012330       __isa_available_init       0000000100413330 f   MSVCRTD:cpu_disp.obj
 0001:000126e0       _get_startup_argv_mode     00000001004136e0 f   MSVCRTD:argv_mode.obj
 0001:000126f0       __scrt_is_ucrt_dll_in_use  00000001004136f0 f   MSVCRTD:ucrt_detection.obj
 0001:00012c40       ?_RTC_GetSrcLine@@YAHPEAEPEA_WKPEAH1K@Z 0000000100413c40 f   MSVCRTD:pdblkup.obj
 0001:00013006       memmove                    0000000100414006 f   vcruntimed:VCRUNTIME140D.dll
 0001:0001300c       strchr                     000000010041400c f   vcruntimed:VCRUNTIME140D.dll
 0001:00013012       memcpy                     0000000100414012 f   vcruntimed:VCRUNTIME140D.dll
 0001:00013018       memset                     0000000100414018 f   vcruntimed:VCRUNTIME140D.dll
 0001:0001301e       __C_specific_handler       000000010041401e f   vcruntimed:VCRUNTIME140D.dll
 0001:00013024       __std_type_info_destroy_list 0000000100414024 f   vcruntimed:VCRUNTIME140D.dll
 0001:0001302a       __current_exception        000000010041402a f   vcruntimed:VCRUNTIME140D.dll
 0001:00013030       __current_exception_context 0000000100414030 f   vcruntimed:VCRUNTIME140D.dll
 0001:00013036       __C_specific_handler_noexcept 0000000100414036 f   vcruntimed:VCRUNTIME140D.dll
 0001:0001303c       __vcrt_GetModuleFileNameW  000000010041403c f   vcruntimed:VCRUNTIME140D.dll
 0001:00013042       __vcrt_GetModuleHandleW    0000000100414042 f   vcruntimed:VCRUNTIME140D.dll
 0001:00013048       __vcrt_LoadLibraryExW      0000000100414048 f   vcruntimed:VCRUNTIME140D.dll
 0001:0001304e       isalpha                    000000010041404e f   ucrtd:ucrtbased.dll
 0001:00013054       isdigit                    0000000100414054 f   ucrtd:ucrtbased.dll
 0001:0001305a       isalnum                    000000010041405a f   ucrtd:ucrtbased.dll
 0001:00013060       _errno                     0000000100414060 f   ucrtd:ucrtbased.dll
 0001:00013066       strcmp                     0000000100414066 f   ucrtd:ucrtbased.dll
 0001:0001306c       _stricmp                   000000010041406c f   ucrtd:ucrtbased.dll
 0001:00013072       strlen                     0000000100414072 f   ucrtd:ucrtbased.dll
 0001:00013078       _strnicmp                  0000000100414078 f   ucrtd:ucrtbased.dll
 0001:0001307e       calloc                     000000010041407e f   ucrtd:ucrtbased.dll
 0001:00013084       free                       0000000100414084 f   ucrtd:ucrtbased.dll
 0001:0001308a       malloc                     000000010041408a f   ucrtd:ucrtbased.dll
 0001:00013090       realloc                    0000000100414090 f   ucrtd:ucrtbased.dll
 0001:00013096       _byteswap_ushort           0000000100414096 f   ucrtd:ucrtbased.dll
 0001:0001309c       _byteswap_ulong            000000010041409c f   ucrtd:ucrtbased.dll
 0001:000130a2       _byteswap_uint64           00000001004140a2 f   ucrtd:ucrtbased.dll
 0001:000130a8       atoi                       00000001004140a8 f   ucrtd:ucrtbased.dll
 0001:000130ae       __acrt_iob_func            00000001004140ae f   ucrtd:ucrtbased.dll
 0001:000130b4       fread                      00000001004140b4 f   ucrtd:ucrtbased.dll
 0001:000130ba       __stdio_common_vsnprintf_s 00000001004140ba f   ucrtd:ucrtbased.dll
 0001:000130c0       __stdio_common_vsscanf     00000001004140c0 f   ucrtd:ucrtbased.dll
 0001:000130c6       strerror                   00000001004140c6 f   ucrtd:ucrtbased.dll
 0001:000130cc       __stdio_common_vsprintf    00000001004140cc f   ucrtd:ucrtbased.dll
 0001:000130d2       _initterm                  00000001004140d2 f   ucrtd:ucrtbased.dll
 0001:000130d8       _initterm_e                00000001004140d8 f   ucrtd:ucrtbased.dll
 0001:000130de       _CrtDbgReport              00000001004140de f   ucrtd:ucrtbased.dll
 0001:000130e4       _CrtDbgReportW             00000001004140e4 f   ucrtd:ucrtbased.dll
 0001:000130ea       _seh_filter_dll            00000001004140ea f   ucrtd:ucrtbased.dll
 0001:000130f0       _configure_narrow_argv     00000001004140f0 f   ucrtd:ucrtbased.dll
 0001:000130f6       _initialize_narrow_environment 00000001004140f6 f   ucrtd:ucrtbased.dll
 0001:000130fc       _initialize_onexit_table   00000001004140fc f   ucrtd:ucrtbased.dll
 0001:00013102       _register_onexit_function  0000000100414102 f   ucrtd:ucrtbased.dll
 0001:00013108       _execute_onexit_table      0000000100414108 f   ucrtd:ucrtbased.dll
 0001:0001310e       _crt_atexit                000000010041410e f   ucrtd:ucrtbased.dll
 0001:00013114       _crt_at_quick_exit         0000000100414114 f   ucrtd:ucrtbased.dll
 0001:0001311a       _cexit                     000000010041411a f   ucrtd:ucrtbased.dll
 0001:00013120       terminate                  0000000100414120 f   ucrtd:ucrtbased.dll
 0001:00013126       strcpy_s                   0000000100414126 f   ucrtd:ucrtbased.dll
 0001:0001312c       strcat_s                   000000010041412c f   ucrtd:ucrtbased.dll
 0001:00013132       __stdio_common_vsprintf_s  0000000100414132 f   ucrtd:ucrtbased.dll
 0001:00013138       _wmakepath_s               0000000100414138 f   ucrtd:ucrtbased.dll
 0001:0001313e       _wsplitpath_s              000000010041413e f   ucrtd:ucrtbased.dll
 0001:00013144       wcscpy_s                   0000000100414144 f   ucrtd:ucrtbased.dll
 0001:0001314a       _strdup                    000000010041414a f   ucrtd:ucrtbased.dll
 0001:00013150       RtlCaptureContext          0000000100414150 f   kernel32:KERNEL32.dll
 0001:00013156       RtlLookupFunctionEntry     0000000100414156 f   kernel32:KERNEL32.dll
 0001:0001315c       RtlVirtualUnwind           000000010041415c f   kernel32:KERNEL32.dll
 0001:00013162       UnhandledExceptionFilter   0000000100414162 f   kernel32:KERNEL32.dll
 0001:00013168       SetUnhandledExceptionFilter 0000000100414168 f   kernel32:KERNEL32.dll
 0001:0001316e       GetCurrentProcess          000000010041416e f   kernel32:KERNEL32.dll
 0001:00013174       TerminateProcess           0000000100414174 f   kernel32:KERNEL32.dll
 0001:0001317a       IsProcessorFeaturePresent  000000010041417a f   kernel32:KERNEL32.dll
 0001:00013180       QueryPerformanceCounter    0000000100414180 f   kernel32:KERNEL32.dll
 0001:00013186       GetCurrentProcessId        0000000100414186 f   kernel32:KERNEL32.dll
 0001:0001318c       GetCurrentThreadId         000000010041418c f   kernel32:KERNEL32.dll
 0001:00013192       GetSystemTimeAsFileTime    0000000100414192 f   kernel32:KERNEL32.dll
 0001:00013198       DisableThreadLibraryCalls  0000000100414198 f   kernel32:KERNEL32.dll
 0001:0001319e       InitializeSListHead        000000010041419e f   kernel32:KERNEL32.dll
 0001:000131a4       GetStartupInfoW            00000001004141a4 f   kernel32:KERNEL32.dll
 0001:000131aa       GetModuleHandleW           00000001004141aa f   kernel32:KERNEL32.dll
 0001:000131b0       RaiseException             00000001004141b0 f   kernel32:KERNEL32.dll
 0001:000131b6       MultiByteToWideChar        00000001004141b6 f   kernel32:KERNEL32.dll
 0001:000131bc       WideCharToMultiByte        00000001004141bc f   kernel32:KERNEL32.dll
 0001:000131c2       GetLastError               00000001004141c2 f   kernel32:KERNEL32.dll
 0001:000131c8       HeapAlloc                  00000001004141c8 f   kernel32:KERNEL32.dll
 0001:000131ce       HeapFree                   00000001004141ce f   kernel32:KERNEL32.dll
 0001:000131d4       GetProcessHeap             00000001004141d4 f   kernel32:KERNEL32.dll
 0001:000131da       VirtualQuery               00000001004141da f   kernel32:KERNEL32.dll
 0001:000131e0       FreeLibrary                00000001004141e0 f   kernel32:KERNEL32.dll
 0001:000131e6       GetProcAddress             00000001004141e6 f   kernel32:KERNEL32.dll
 0001:000131f0       __acrt_initialize          00000001004141f0 f   MSVCRTD:ucrt_stubs.obj
 0001:000131f0       __scrt_stub_for_acrt_initialize 00000001004141f0 f   MSVCRTD:ucrt_stubs.obj
 0001:000131f0       __vcrt_initialize          00000001004141f0 f   MSVCRTD:ucrt_stubs.obj
 0001:00013200       __acrt_thread_attach       0000000100414200 f   MSVCRTD:ucrt_stubs.obj
 0001:00013200       __scrt_stub_for_acrt_thread_attach 0000000100414200 f   MSVCRTD:ucrt_stubs.obj
 0001:00013200       __vcrt_thread_attach       0000000100414200 f   MSVCRTD:ucrt_stubs.obj
 0001:00013210       __acrt_thread_detach       0000000100414210 f   MSVCRTD:ucrt_stubs.obj
 0001:00013210       __scrt_stub_for_acrt_thread_detach 0000000100414210 f   MSVCRTD:ucrt_stubs.obj
 0001:00013210       __vcrt_thread_detach       0000000100414210 f   MSVCRTD:ucrt_stubs.obj
 0001:00013220       __acrt_uninitialize        0000000100414220 f   MSVCRTD:ucrt_stubs.obj
 0001:00013220       __scrt_stub_for_acrt_uninitialize 0000000100414220 f   MSVCRTD:ucrt_stubs.obj
 0001:00013220       __vcrt_uninitialize        0000000100414220 f   MSVCRTD:ucrt_stubs.obj
 0001:00013230       __acrt_uninitialize_critical 0000000100414230 f   MSVCRTD:ucrt_stubs.obj
 0001:00013230       __scrt_stub_for_acrt_uninitialize_critical 0000000100414230 f   MSVCRTD:ucrt_stubs.obj
 0001:00013230       __vcrt_uninitialize_critical 0000000100414230 f   MSVCRTD:ucrt_stubs.obj
 0001:00013240       __scrt_stub_for_is_c_termination_complete 0000000100414240 f   MSVCRTD:ucrt_stubs.obj
 0001:00013240       _is_c_termination_complete 0000000100414240 f   MSVCRTD:ucrt_stubs.obj
 0001:00013260       _guard_dispatch_icall_nop  0000000100414260 f   MSVCRTD:guard_dispatch.obj
 0001:00013280       _guard_xfg_dispatch_icall_nop 0000000100414280 f   MSVCRTD:guard_xfg_dispatch.obj
 0002:00000000       __imp_GetProcAddress       0000000100415000     kernel32:KERNEL32.dll
 0002:00000008       __imp_FreeLibrary          0000000100415008     kernel32:KERNEL32.dll
 0002:00000010       __imp_VirtualQuery         0000000100415010     kernel32:KERNEL32.dll
 0002:00000018       __imp_GetProcessHeap       0000000100415018     kernel32:KERNEL32.dll
 0002:00000020       __imp_HeapFree             0000000100415020     kernel32:KERNEL32.dll
 0002:00000028       __imp_HeapAlloc            0000000100415028     kernel32:KERNEL32.dll
 0002:00000030       __imp_GetLastError         0000000100415030     kernel32:KERNEL32.dll
 0002:00000038       __imp_WideCharToMultiByte  0000000100415038     kernel32:KERNEL32.dll
 0002:00000040       __imp_MultiByteToWideChar  0000000100415040     kernel32:KERNEL32.dll
 0002:00000048       __imp_RaiseException       0000000100415048     kernel32:KERNEL32.dll
 0002:00000050       __imp_GetModuleHandleW     0000000100415050     kernel32:KERNEL32.dll
 0002:00000058       __imp_GetStartupInfoW      0000000100415058     kernel32:KERNEL32.dll
 0002:00000060       __imp_InitializeSListHead  0000000100415060     kernel32:KERNEL32.dll
 0002:00000068       __imp_DisableThreadLibraryCalls 0000000100415068     kernel32:KERNEL32.dll
 0002:00000070       __imp_GetSystemTimeAsFileTime 0000000100415070     kernel32:KERNEL32.dll
 0002:00000078       __imp_GetCurrentThreadId   0000000100415078     kernel32:KERNEL32.dll
 0002:00000080       __imp_GetCurrentProcessId  0000000100415080     kernel32:KERNEL32.dll
 0002:00000088       __imp_QueryPerformanceCounter 0000000100415088     kernel32:KERNEL32.dll
 0002:00000090       __imp_IsProcessorFeaturePresent 0000000100415090     kernel32:KERNEL32.dll
 0002:00000098       __imp_TerminateProcess     0000000100415098     kernel32:KERNEL32.dll
 0002:000000a0       __imp_GetCurrentProcess    00000001004150a0     kernel32:KERNEL32.dll
 0002:000000a8       __imp_SetUnhandledExceptionFilter 00000001004150a8     kernel32:KERNEL32.dll
 0002:000000b0       __imp_UnhandledExceptionFilter 00000001004150b0     kernel32:KERNEL32.dll
 0002:000000b8       __imp_RtlVirtualUnwind     00000001004150b8     kernel32:KERNEL32.dll
 0002:000000c0       __imp_RtlLookupFunctionEntry 00000001004150c0     kernel32:KERNEL32.dll
 0002:000000c8       __imp_RtlCaptureContext    00000001004150c8     kernel32:KERNEL32.dll
 0002:000000d0       __imp_OutputDebugStringA   00000001004150d0     kernel32:KERNEL32.dll
 0002:000000d8       __imp_IsDebuggerPresent    00000001004150d8     kernel32:KERNEL32.dll
 0002:000000e0       \177KERNEL32_NULL_THUNK_DATA 00000001004150e0     kernel32:KERNEL32.dll
 0002:000000e8       __imp___C_specific_handler_noexcept 00000001004150e8     vcruntimed:VCRUNTIME140D.dll
 0002:000000f0       __imp___current_exception_context 00000001004150f0     vcruntimed:VCRUNTIME140D.dll
 0002:000000f8       __imp___current_exception  00000001004150f8     vcruntimed:VCRUNTIME140D.dll
 0002:00000100       __imp___std_type_info_destroy_list 0000000100415100     vcruntimed:VCRUNTIME140D.dll
 0002:00000108       __imp___vcrt_GetModuleFileNameW 0000000100415108     vcruntimed:VCRUNTIME140D.dll
 0002:00000110       __imp_memset               0000000100415110     vcruntimed:VCRUNTIME140D.dll
 0002:00000118       __imp_memcpy               0000000100415118     vcruntimed:VCRUNTIME140D.dll
 0002:00000120       __imp_strchr               0000000100415120     vcruntimed:VCRUNTIME140D.dll
 0002:00000128       __imp_memmove              0000000100415128     vcruntimed:VCRUNTIME140D.dll
 0002:00000130       __imp___C_specific_handler 0000000100415130     vcruntimed:VCRUNTIME140D.dll
 0002:00000138       __imp___vcrt_LoadLibraryExW 0000000100415138     vcruntimed:VCRUNTIME140D.dll
 0002:00000140       __imp___vcrt_GetModuleHandleW 0000000100415140     vcruntimed:VCRUNTIME140D.dll
 0002:00000148       \177VCRUNTIME140D_NULL_THUNK_DATA 0000000100415148     vcruntimed:VCRUNTIME140D.dll
 0002:00000150       __imp_WSASetLastError      0000000100415150     ws2_32:WS2_32.dll
 0002:00000158       __imp_getservbyname        0000000100415158     ws2_32:WS2_32.dll
 0002:00000160       __imp_inet_pton            0000000100415160     ws2_32:WS2_32.dll
 0002:00000168       __imp_WSAGetLastError      0000000100415168     ws2_32:WS2_32.dll
 0002:00000170       __imp_gethostbyname        0000000100415170     ws2_32:WS2_32.dll
 0002:00000178       __imp_shutdown             0000000100415178     ws2_32:WS2_32.dll
 0002:00000180       __imp_select               0000000100415180     ws2_32:WS2_32.dll
 0002:00000188       __imp_closesocket          0000000100415188     ws2_32:WS2_32.dll
 0002:00000190       __imp_bind                 0000000100415190     ws2_32:WS2_32.dll
 0002:00000198       __imp_getpeername          0000000100415198     ws2_32:WS2_32.dll
 0002:000001a0       __imp_htons                00000001004151a0     ws2_32:WS2_32.dll
 0002:000001a8       __imp_inet_addr            00000001004151a8     ws2_32:WS2_32.dll
 0002:000001b0       __imp_inet_ntoa            00000001004151b0     ws2_32:WS2_32.dll
 0002:000001b8       __imp_listen               00000001004151b8     ws2_32:WS2_32.dll
 0002:000001c0       __imp_ntohs                00000001004151c0     ws2_32:WS2_32.dll
 0002:000001c8       __imp_recv                 00000001004151c8     ws2_32:WS2_32.dll
 0002:000001d0       __imp_send                 00000001004151d0     ws2_32:WS2_32.dll
 0002:000001d8       __imp_setsockopt           00000001004151d8     ws2_32:WS2_32.dll
 0002:000001e0       __imp_inet_ntop            00000001004151e0     ws2_32:WS2_32.dll
 0002:000001e8       \177WS2_32_NULL_THUNK_DATA 00000001004151e8     ws2_32:WS2_32.dll
 0002:000001f0       __imp_readlogo             00000001004151f0     hengine:hengine.dll
 0002:000001f8       __imp_Dequeue_IO_Interrupt 00000001004151f8     hengine:hengine.dll
 0002:00000200       __imp_device_attention     0000000100415200     hengine:hengine.dll
 0002:00000208       __imp_sclp_sysg_attention  0000000100415208     hengine:hengine.dll
 0002:00000210       \177hengine_NULL_THUNK_DATA 0000000100415210     hengine:hengine.dll
 0002:00000218       __imp_sysblk               0000000100415218     hsys:hsys.dll
 0002:00000220       \177hsys_NULL_THUNK_DATA   0000000100415220     hsys:hsys.dll
 0002:00000228       __imp_disable_nagle        0000000100415228     hutil:hutil.dll
 0002:00000230       __imp_guest_to_host        0000000100415230     hutil:hutil.dll
 0002:00000238       __imp_w32_basename         0000000100415238     hutil:hutil.dll
 0002:00000240       __imp_w32_snprintf         0000000100415240     hutil:hutil.dll
 0002:00000248       __imp_w32_fwrite           0000000100415248     hutil:hutil.dll
 0002:00000250       __imp_write_socket         0000000100415250     hutil:hutil.dll
 0002:00000258       __imp_w32_FD_ISSET         0000000100415258     hutil:hutil.dll
 0002:00000260       __imp_w32_FD_SET           0000000100415260     hutil:hutil.dll
 0002:00000268       __imp_w32_close_socket     0000000100415268     hutil:hutil.dll
 0002:00000270       __imp_w32_accept           0000000100415270     hutil:hutil.dll
 0002:00000278       __imp_w32_socket           0000000100415278     hutil:hutil.dll
 0002:00000280       __imp_set_socket_keepalive 0000000100415280     hutil:hutil.dll
 0002:00000288       __imp_socket_set_blocking_mode 0000000100415288     hutil:hutil.dll
 0002:00000290       __imp_w32_pselect          0000000100415290     hutil:hutil.dll
 0002:00000298       __imp_hostinfo             0000000100415298     hutil:hutil.dll
 0002:000002a0       __imp_logmsg               00000001004152a0     hutil:hutil.dll
 0002:000002a8       __imp_prt_host_to_guest    00000001004152a8     hutil:hutil.dll
 0002:000002b0       __imp_fthread_self         00000001004152b0     hutil:hutil.dll
 0002:000002b8       __imp_hthread_obtain_lock  00000001004152b8     hutil:hutil.dll
 0002:000002c0       __imp_hthread_try_obtain_lock 00000001004152c0     hutil:hutil.dll
 0002:000002c8       __imp_hthread_release_lock 00000001004152c8     hutil:hutil.dll
 0002:000002d0       __imp_hthread_create_thread 00000001004152d0     hutil:hutil.dll
 0002:000002d8       __imp_hthread_join_thread  00000001004152d8     hutil:hutil.dll
 0002:000002e0       __imp_hthread_set_thread_prio 00000001004152e0     hutil:hutil.dll
 0002:000002e8       __imp_hthread_get_thread_prio 00000001004152e8     hutil:hutil.dll
 0002:000002f0       __imp_init_hostinfo        00000001004152f0     hutil:hutil.dll
 0002:000002f8       __imp_get_symbol           00000001004152f8     hutil:hutil.dll
 0002:00000300       __imp_resolve_symbol_string 0000000100415300     hutil:hutil.dll
 0002:00000308       __imp_fwritemsg            0000000100415308     hutil:hutil.dll
 0002:00000310       __imp_set_symbol           0000000100415310     hutil:hutil.dll
 0002:00000318       __imp_strlcpy              0000000100415318     hutil:hutil.dll
 0002:00000320       __imp_timeval_subtract     0000000100415320     hutil:hutil.dll
 0002:00000328       __imp_w32_strerror         0000000100415328     hutil:hutil.dll
 0002:00000330       __imp_strtok_r             0000000100415330     hutil:hutil.dll
 0002:00000338       __imp_gettimeofday         0000000100415338     hutil:hutil.dll
 0002:00000340       __imp_usleep               0000000100415340     hutil:hutil.dll
 0002:00000348       __imp_sleep                0000000100415348     hutil:hutil.dll
 0002:00000350       __imp_sched_yield          0000000100415350     hutil:hutil.dll
 0002:00000358       __imp_hostpath             0000000100415358     hutil:hutil.dll
 0002:00000360       \177hutil_NULL_THUNK_DATA  0000000100415360     hutil:hutil.dll
 0002:00000368       __imp__seh_filter_dll      0000000100415368     ucrtd:ucrtbased.dll
 0002:00000370       __imp__configure_narrow_argv 0000000100415370     ucrtd:ucrtbased.dll
 0002:00000378       __imp__initialize_narrow_environment 0000000100415378     ucrtd:ucrtbased.dll
 0002:00000380       __imp__initialize_onexit_table 0000000100415380     ucrtd:ucrtbased.dll
 0002:00000388       __imp__register_onexit_function 0000000100415388     ucrtd:ucrtbased.dll
 0002:00000390       __imp__execute_onexit_table 0000000100415390     ucrtd:ucrtbased.dll
 0002:00000398       __imp__crt_atexit          0000000100415398     ucrtd:ucrtbased.dll
 0002:000003a0       __imp__crt_at_quick_exit   00000001004153a0     ucrtd:ucrtbased.dll
 0002:000003a8       __imp__cexit               00000001004153a8     ucrtd:ucrtbased.dll
 0002:000003b0       __imp_terminate            00000001004153b0     ucrtd:ucrtbased.dll
 0002:000003b8       __imp_strcpy_s             00000001004153b8     ucrtd:ucrtbased.dll
 0002:000003c0       __imp_strcat_s             00000001004153c0     ucrtd:ucrtbased.dll
 0002:000003c8       __imp___stdio_common_vsprintf_s 00000001004153c8     ucrtd:ucrtbased.dll
 0002:000003d0       __imp__wmakepath_s         00000001004153d0     ucrtd:ucrtbased.dll
 0002:000003d8       __imp__wsplitpath_s        00000001004153d8     ucrtd:ucrtbased.dll
 0002:000003e0       __imp_wcscpy_s             00000001004153e0     ucrtd:ucrtbased.dll
 0002:000003e8       __imp__strdup              00000001004153e8     ucrtd:ucrtbased.dll
 0002:000003e8       __imp_strdup               00000001004153e8     ucrtd:ucrtbased.dll
 0002:000003f0       __imp__CrtDbgReportW       00000001004153f0     ucrtd:ucrtbased.dll
 0002:000003f8       __imp__CrtDbgReport        00000001004153f8     ucrtd:ucrtbased.dll
 0002:00000400       __imp__initterm_e          0000000100415400     ucrtd:ucrtbased.dll
 0002:00000408       __imp__initterm            0000000100415408     ucrtd:ucrtbased.dll
 0002:00000410       __imp___stdio_common_vsprintf 0000000100415410     ucrtd:ucrtbased.dll
 0002:00000418       __imp_strerror             0000000100415418     ucrtd:ucrtbased.dll
 0002:00000420       __imp___stdio_common_vsscanf 0000000100415420     ucrtd:ucrtbased.dll
 0002:00000428       __imp___stdio_common_vsnprintf_s 0000000100415428     ucrtd:ucrtbased.dll
 0002:00000430       __imp_fread                0000000100415430     ucrtd:ucrtbased.dll
 0002:00000438       __imp___acrt_iob_func      0000000100415438     ucrtd:ucrtbased.dll
 0002:00000440       __imp_atoi                 0000000100415440     ucrtd:ucrtbased.dll
 0002:00000448       __imp__byteswap_ulong      0000000100415448     ucrtd:ucrtbased.dll
 0002:00000450       __imp__byteswap_ushort     0000000100415450     ucrtd:ucrtbased.dll
 0002:00000458       __imp_realloc              0000000100415458     ucrtd:ucrtbased.dll
 0002:00000460       __imp_malloc               0000000100415460     ucrtd:ucrtbased.dll
 0002:00000468       __imp_free                 0000000100415468     ucrtd:ucrtbased.dll
 0002:00000470       __imp_calloc               0000000100415470     ucrtd:ucrtbased.dll
 0002:00000478       __imp__strnicmp            0000000100415478     ucrtd:ucrtbased.dll
 0002:00000480       __imp_strlen               0000000100415480     ucrtd:ucrtbased.dll
 0002:00000488       __imp__stricmp             0000000100415488     ucrtd:ucrtbased.dll
 0002:00000490       __imp_strcmp               0000000100415490     ucrtd:ucrtbased.dll
 0002:00000498       __imp__errno               0000000100415498     ucrtd:ucrtbased.dll
 0002:000004a0       __imp_isalnum              00000001004154a0     ucrtd:ucrtbased.dll
 0002:000004a8       __imp_isdigit              00000001004154a8     ucrtd:ucrtbased.dll
 0002:000004b0       __imp_isalpha              00000001004154b0     ucrtd:ucrtbased.dll
 0002:000004b8       __imp__byteswap_uint64     00000001004154b8     ucrtd:ucrtbased.dll
 0002:000004c0       \177ucrtbased_NULL_THUNK_DATA 00000001004154c0     ucrtd:ucrtbased.dll
 0002:000004c8       __guard_check_icall_fptr   00000001004154c8     MSVCRTD:guard_support.obj
 0002:000004d0       __guard_xfg_check_icall_fptr 00000001004154d0     MSVCRTD:guard_support.obj
 0002:000004d8       __guard_dispatch_icall_fptr 00000001004154d8     MSVCRTD:guard_support.obj
 0002:000004e0       __guard_xfg_dispatch_icall_fptr 00000001004154e0     MSVCRTD:guard_support.obj
 0002:000004e8       __guard_xfg_table_dispatch_icall_fptr 00000001004154e8     MSVCRTD:guard_support.obj
 0002:000004f0       __castguard_check_failure_os_handled_fptr 00000001004154f0     MSVCRTD:guard_support.obj
 0002:000004f8       __guard_memcpy_fptr        00000001004154f8     vcruntimed:softmemtag.obj
 0002:00000500       __xc_a                     0000000100415500     MSVCRTD:initializers.obj
 0002:00000508       __xc_z                     0000000100415508     MSVCRTD:initializers.obj
 0002:00000510       __xi_a                     0000000100415510     MSVCRTD:initializers.obj
 0002:00000518       __xi_z                     0000000100415518     MSVCRTD:initializers.obj
 0002:00000520       __xp_a                     0000000100415520     MSVCRTD:initializers.obj
 0002:00000528       __xp_z                     0000000100415528     MSVCRTD:initializers.obj
 0002:00000530       __xt_a                     0000000100415530     MSVCRTD:initializers.obj
 0002:00000538       __xt_z                     0000000100415538     MSVCRTD:initializers.obj
 0002:00000e60       __real@3fb999999999999a    0000000100415e60     telnet64d:telnet.c.obj
 0002:00000e68       __real@3ff0000000000000    0000000100415e68     telnet64d:telnet.c.obj
 0002:00000e70       __real@412e848000000000    0000000100415e70     telnet64d:telnet.c.obj
 0002:00000e78       _pDefaultRawDllMain        0000000100415e78     MSVCRTD:dll_dllmain.obj
 0002:00000e78       _pRawDllMain               0000000100415e78     MSVCRTD:dll_dllmain.obj
 0002:00000f50       ??_C@_0NN@JMPELKLB@The?5value?5of?5ESP?5was?5not?5proper@ 0000000100415f50     MSVCRTD:error.obj
 0002:00001030       ??_C@_0BBN@ELNNILBE@A?5cast?5to?5a?5smaller?5data?5type?5h@ 0000000100416030     MSVCRTD:error.obj
 0002:00001150       ??_C@_0BN@BPOGFMJL@Stack?5memory?5was?5corrupted?$AN?6@ 0000000100416150     MSVCRTD:error.obj
 0002:00001170       ??_C@_0DG@DAJCDLPN@A?5local?5variable?5was?5used?5befor@ 0000000100416170     MSVCRTD:error.obj
 0002:000011a8       ??_C@_0CM@JMIDGKLA@Stack?5memory?5around?5_alloca?5was@ 00000001004161a8     MSVCRTD:error.obj
 0002:000011d8       ??_C@_0BO@CHIONIOI@Unknown?5Runtime?5Check?5Error?$AN?6@ 00000001004161d8     MSVCRTD:error.obj
 0002:00001200       ??_C@_1GM@CNOOJIHC@?$AAR?$AAu?$AAn?$AAt?$AAi?$AAm?$AAe?$AA?5?$AAC?$AAh?$AAe?$AAc?$AAk?$AA?5?$AAE@ 0000000100416200     MSVCRTD:error.obj
 0002:00001270       ??_C@_1EA@NFKNIFJP@?$AAR?$AAu?$AAn?$AA?9?$AAT?$AAi?$AAm?$AAe?$AA?5?$AAC?$AAh?$AAe?$AAc?$AAk?$AA?5@ 0000000100416270     MSVCRTD:error.obj
 0002:000012b0       ??_C@_0BB@PFFGGCJP@Unknown?5Filename@ 00000001004162b0     MSVCRTD:error.obj
 0002:000012c8       ??_C@_0BE@GNBOBNCK@Unknown?5Module?5Name@ 00000001004162c8     MSVCRTD:error.obj
 0002:000012e0       ??_C@_0CA@IODNCDPG@Run?9Time?5Check?5Failure?5?$CD?$CFd?5?9?5?$CFs@ 00000001004162e0     MSVCRTD:error.obj
 0002:00001300       ??_C@_0CG@IAFNJNEE@Stack?5corrupted?5near?5unknown?5va@ 0000000100416300     MSVCRTD:error.obj
 0002:00001328       ??_C@_05MKKEDADM@?$CF?42X?5@ 0000000100416328     MSVCRTD:error.obj
 0002:00001330       ??_C@_0EJ@LJKNEOLN@Stack?5area?5around?5_alloca?5memor@ 0000000100416330     MSVCRTD:error.obj
 0002:0000137c       ??_C@_01EEMJAFIK@?6@       000000010041637c     MSVCRTD:error.obj
 0002:00001380       ??_C@_02LLMPMKNF@?$DO?5@   0000000100416380     MSVCRTD:error.obj
 0002:00001388       ??_C@_08OMAHNMHJ@?6Data?3?5?$DM@ 0000000100416388     MSVCRTD:error.obj
 0002:00001398       ??_C@_0CK@DKGBICFE@?6Allocation?5number?5within?5this?5@ 0000000100416398     MSVCRTD:error.obj
 0002:000013c8       ??_C@_07DFDJCKFN@?6Size?3?5@ 00000001004163c8     MSVCRTD:error.obj
 0002:000013d0       ??_C@_0N@MHFFIMFG@?6Address?3?50x@ 00000001004163d0     MSVCRTD:error.obj
 0002:000013e0       ??_C@_0EI@CLEPFNGI@Stack?5area?5around?5_alloca?5memor@ 00000001004163e0     MSVCRTD:error.obj
 0002:00001428       ??_C@_0BK@ODNDAGKB@?$CFs?$CFs?$CFp?$CFs?$CFzd?$CFs?$CFd?$CFs?$CFs?$CFs?$CFs?$CFs@ 0000000100416428     MSVCRTD:error.obj
 0002:00001448       ??_C@_0DE@OHJBPMBP@A?5variable?5is?5being?5used?5withou@ 0000000100416448     MSVCRTD:error.obj
 0002:000014a8       ??_C@_0BJ@HEGAHDFO@Stack?5pointer?5corruption@ 00000001004164a8     MSVCRTD:userapi.obj
 0002:000014c8       ??_C@_0CK@FEGOIOPB@Cast?5to?5smaller?5type?5causing?5lo@ 00000001004164c8     MSVCRTD:userapi.obj
 0002:000014f8       ??_C@_0BI@CIGMDCBH@Stack?5memory?5corruption@ 00000001004164f8     MSVCRTD:userapi.obj
 0002:00001510       ??_C@_0CK@CNLNOEPB@Local?5variable?5used?5before?5init@ 0000000100416510     MSVCRTD:userapi.obj
 0002:00001540       ??_C@_0BP@OGBCLIBO@Stack?5around?5_alloca?5corrupted@ 0000000100416540     MSVCRTD:userapi.obj
 0002:000015c0       ??_C@_1EI@MLPKHBGE@?$AAa?$AAp?$AAi?$AA?9?$AAm?$AAs?$AA?9?$AAw?$AAi?$AAn?$AA?9?$AAc?$AAo?$AAr?$AAe@ 00000001004165c0     MSVCRTD:pdblkup.obj
 0002:00001608       ??_C@_1BK@JHLNAEJL@?$AAa?$AAd?$AAv?$AAa?$AAp?$AAi?$AA3?$AA2?$AA?4?$AAd?$AAl?$AAl@ 0000000100416608     MSVCRTD:pdblkup.obj
 0002:00001628       ??_C@_0O@COHOBMLB@RegOpenKeyExW@ 0000000100416628     MSVCRTD:pdblkup.obj
 0002:00001638       ??_C@_0BB@GLNAEDBD@RegQueryValueExW@ 0000000100416638     MSVCRTD:pdblkup.obj
 0002:00001650       ??_C@_0M@HLOHPNFA@RegCloseKey@ 0000000100416650     MSVCRTD:pdblkup.obj
 0002:00001660       ??_C@_1HE@EBEAGLFB@?$AAS?$AAO?$AAF?$AAT?$AAW?$AAA?$AAR?$AAE?$AA?2?$AAW?$AAo?$AAw?$AA6?$AA4?$AA3@ 0000000100416660     MSVCRTD:pdblkup.obj
 0002:000016d8       ??_C@_1BG@EABPBLLF@?$AAP?$AAr?$AAo?$AAd?$AAu?$AAc?$AAt?$AAD?$AAi?$AAr@ 00000001004166d8     MSVCRTD:pdblkup.obj
 0002:00001710       ??_C@_1BC@JINFINNJ@?$AAM?$AAS?$AAP?$AAD?$AAB?$AA1?$AA4?$AA0@ 0000000100416710     MSVCRTD:pdblkup.obj
 0002:00001728       ??_C@_0BB@KCIACLNC@PDBOpenValidate5@ 0000000100416728     MSVCRTD:pdblkup.obj
 0002:0000173c       ??_C@_01KDCPPGHE@r@        000000010041673c     MSVCRTD:pdblkup.obj
 0002:00001740       _load_config_used          0000000100416740     MSVCRTD:loadcfg.obj
 0002:00001900       __CastGuardVftablesStart   0000000100416900     MSVCRTD:guard_support.obj
 0002:00001980       __CastGuardVftablesEnd     0000000100416980     MSVCRTD:guard_support.obj
 0002:00001a00       __volatile_metadata        0000000100416a00     <linker-defined>
 0002:00001ea0       __rtc_iaa                  0000000100416ea0     MSVCRTD:initsect.obj
 0002:00001eb0       __rtc_izz                  0000000100416eb0     MSVCRTD:initsect.obj
 0002:00001eb8       __rtc_taa                  0000000100416eb8     MSVCRTD:initsect.obj
 0002:00001ec8       __rtc_tzz                  0000000100416ec8     MSVCRTD:initsect.obj
 0002:000028f4       __IMPORT_DESCRIPTOR_hengine 00000001004178f4     hengine:hengine.dll
 0002:00002908       __IMPORT_DESCRIPTOR_hutil  0000000100417908     hutil:hutil.dll
 0002:0000291c       __IMPORT_DESCRIPTOR_hsys   000000010041791c     hsys:hsys.dll
 0002:00002930       __IMPORT_DESCRIPTOR_KERNEL32 0000000100417930     kernel32:KERNEL32.dll
 0002:00002944       __IMPORT_DESCRIPTOR_WS2_32 0000000100417944     ws2_32:WS2_32.dll
 0002:00002958       __IMPORT_DESCRIPTOR_VCRUNTIME140D 0000000100417958     vcruntimed:VCRUNTIME140D.dll
 0002:0000296c       __IMPORT_DESCRIPTOR_ucrtbased 000000010041796c     ucrtd:ucrtbased.dll
 0002:00002980       __NULL_IMPORT_DESCRIPTOR   0000000100417980     hengine:hengine.dll
 0003:000007f0       slowpoll                   00000001004197f0     console.obj
 0003:00000800       fastpoll                   0000000100419800     console.obj
 0003:00000810       timeout                    0000000100419810     console.obj
 0003:000045e0       __security_cookie_complement 000000010041d5e0     MSVCRTD:gs_cookie.obj
 0003:000045e8       __security_cookie          000000010041d5e8     MSVCRTD:gs_cookie.obj
 0003:000045f0       _fltused                   000000010041d5f0     MSVCRTD:fltused.obj
 0003:000045f4       __scrt_native_dllmain_reason 000000010041d5f4     MSVCRTD:utility.obj
 0003:000045f8       ?_RTC_ErrorLevels@@3PAHA   000000010041d5f8     MSVCRTD:error.obj
 0003:00004610       __isa_available            000000010041d610     MSVCRTD:cpu_disp.obj
 0003:00004614       __isa_enabled              000000010041d614     MSVCRTD:cpu_disp.obj
 0003:00004618       __memset_fast_string_threshold 000000010041d618     MSVCRTD:cpu_disp.obj
 0003:00004620       __memset_nt_threshold      000000010041d620     MSVCRTD:cpu_disp.obj
 0003:00004630       __scrt_ucrt_dll_is_in_use  000000010041d630     MSVCRTD:ucrt_stubs.obj
 0003:00004648       previo                     000000010041d648     console.obj
 0003:00004c90       ?__type_info_root_node@@3U__type_info_node@@A 000000010041dc90     MSVCRTD:tncleanup.obj
 0003:00004ca0       ?_OptionsStorage@?1??__local_stdio_printf_options@@9@4_KA 000000010041dca0     MSVCRTD:default_local_stdio_options.obj
 0003:00004ca8       ?_OptionsStorage@?1??__local_stdio_scanf_options@@9@4_KA 000000010041dca8     MSVCRTD:default_local_stdio_options.obj
 0003:00004cb0       __scrt_current_native_startup_state 000000010041dcb0     MSVCRTD:utility.obj
 0003:00004cb8       __scrt_native_startup_lock 000000010041dcb8     MSVCRTD:utility.obj
 0003:00004cf8       __scrt_debugger_hook_flag  000000010041dcf8     MSVCRTD:utility_desktop.obj
 0003:00004d10       __favor                    000000010041dd10     MSVCRTD:cpu_disp.obj
 0003:00004d28       ?_OptionsStorage@?1??__local_stdio_scanf_options@@9@9 000000010041dd28     <common>
 0003:00004d30       ?_OptionsStorage@?1??__local_stdio_printf_options@@9@9 000000010041dd30     <common>
 0003:00004d38       diffio                     000000010041dd38     <common>
 0003:00004d40       currio                     000000010041dd40     <common>
 0003:00004d48       __@@_PchSym_@00@UkzkzUnbtrgUsbkvirlmRaevxgliUnhexOwvyftOznwGEOlyqUyfrowPkxsOlyq@4B2008FD98C1DD4 000000010041dd48     <common>
 0003:00004d50       __dyn_tls_init_callback    000000010041dd50     <common>

 entry point at        0001:00010150

 Static symbols

 0000:00000000       _volmd                     0000000100400000     console.obj
 0000:fffcc000       .debug$S                   0000000100400000     hdt3270.exp
 0000:fffcc000       .debug$S                   0000000100400000     kernel32:KERNEL32.dll
 0000:fffcc000       .debug$S                   0000000100400000     kernel32:KERNEL32.dll
 0000:fffcc000       .debug$S                   0000000100400000     kernel32:KERNEL32.dll
 0000:fffcc000       .debug$S                   0000000100400000     kernel32:KERNEL32.dll
 0000:fffcc000       .debug$S                   0000000100400000     kernel32:KERNEL32.dll
 0000:fffcc000       .debug$S                   0000000100400000     kernel32:KERNEL32.dll
 0000:fffcc000       .debug$S                   0000000100400000     kernel32:KERNEL32.dll
 0000:fffcc000       .debug$S                   0000000100400000     kernel32:KERNEL32.dll
 0000:fffcc000       .debug$S                   0000000100400000     kernel32:KERNEL32.dll
 0000:fffcc000       .debug$S                   0000000100400000     kernel32:KERNEL32.dll
 0000:fffcc000       .debug$S                   0000000100400000     kernel32:KERNEL32.dll
 0000:fffcc000       .debug$S                   0000000100400000     kernel32:KERNEL32.dll
 0000:fffcc000       .debug$S                   0000000100400000     kernel32:KERNEL32.dll
 0000:fffcc000       .debug$S                   0000000100400000     kernel32:KERNEL32.dll
 0000:fffcc000       .debug$S                   0000000100400000     kernel32:KERNEL32.dll
 0000:fffcc000       .debug$S                   0000000100400000     kernel32:KERNEL32.dll
 0000:fffcc000       .debug$S                   0000000100400000     kernel32:KERNEL32.dll
 0000:fffcc000       .debug$S                   0000000100400000     kernel32:KERNEL32.dll
 0000:fffcc000       .debug$S                   0000000100400000     kernel32:KERNEL32.dll
 0000:fffcc000       .debug$S                   0000000100400000     kernel32:KERNEL32.dll
 0000:fffcc000       .debug$S                   0000000100400000     kernel32:KERNEL32.dll
 0000:fffcc000       .debug$S                   0000000100400000     kernel32:KERNEL32.dll
 0000:fffcc000       .debug$S                   0000000100400000     kernel32:KERNEL32.dll
 0000:fffcc000       .debug$S                   0000000100400000     kernel32:KERNEL32.dll
 0000:fffcc000       .debug$S                   0000000100400000     kernel32:KERNEL32.dll
 0000:fffcc000       .debug$S                   0000000100400000     kernel32:KERNEL32.dll
 0000:fffcc000       .debug$S                   0000000100400000     kernel32:KERNEL32.dll
 0000:fffcc000       .debug$S                   0000000100400000     kernel32:KERNEL32.dll
 0000:fffcc000       .debug$S                   0000000100400000     ws2_32:WS2_32.dll
 0000:fffcc000       .debug$S                   0000000100400000     ws2_32:WS2_32.dll
 0000:fffcc000       .debug$S                   0000000100400000     ws2_32:WS2_32.dll
 0000:fffcc000       .debug$S                   0000000100400000     ws2_32:WS2_32.dll
 0000:fffcc000       .debug$S                   0000000100400000     ws2_32:WS2_32.dll
 0000:fffcc000       .debug$S                   0000000100400000     ws2_32:WS2_32.dll
 0000:fffcc000       .debug$S                   0000000100400000     ws2_32:WS2_32.dll
 0000:fffcc000       .debug$S                   0000000100400000     ws2_32:WS2_32.dll
 0000:fffcc000       .debug$S                   0000000100400000     ws2_32:WS2_32.dll
 0000:fffcc000       .debug$S                   0000000100400000     ws2_32:WS2_32.dll
 0000:fffcc000       .debug$S                   0000000100400000     ws2_32:WS2_32.dll
 0000:fffcc000       .debug$S                   0000000100400000     ws2_32:WS2_32.dll
 0000:fffcc000       .debug$S                   0000000100400000     ws2_32:WS2_32.dll
 0000:fffcc000       .debug$S                   0000000100400000     ws2_32:WS2_32.dll
 0000:fffcc000       .debug$S                   0000000100400000     ws2_32:WS2_32.dll
 0000:fffcc000       .debug$S                   0000000100400000     ws2_32:WS2_32.dll
 0000:fffcc000       .debug$S                   0000000100400000     ws2_32:WS2_32.dll
 0000:fffcc000       .debug$S                   0000000100400000     ws2_32:WS2_32.dll
 0000:fffcc000       .debug$S                   0000000100400000     ws2_32:WS2_32.dll
 0000:fffcc000       .debug$S                   0000000100400000     ucrtd:ucrtbased.dll
 0000:fffcc000       .debug$S                   0000000100400000     ucrtd:ucrtbased.dll
 0000:fffcc000       .debug$S                   0000000100400000     ucrtd:ucrtbased.dll
 0000:fffcc000       .debug$S                   0000000100400000     ucrtd:ucrtbased.dll
 0000:fffcc000       .debug$S                   0000000100400000     ucrtd:ucrtbased.dll
 0000:fffcc000       .debug$S                   0000000100400000     ucrtd:ucrtbased.dll
 0000:fffcc000       .debug$S                   0000000100400000     ucrtd:ucrtbased.dll
 0000:fffcc000       .debug$S                   0000000100400000     ucrtd:ucrtbased.dll
 0000:fffcc000       .debug$S                   0000000100400000     ucrtd:ucrtbased.dll
 0000:fffcc000       .debug$S                   0000000100400000     ucrtd:ucrtbased.dll
 0000:fffcc000       .debug$S                   0000000100400000     ucrtd:ucrtbased.dll
 0000:fffcc000       .debug$S                   0000000100400000     ucrtd:ucrtbased.dll
 0000:fffcc000       .debug$S                   0000000100400000     ucrtd:ucrtbased.dll
 0000:fffcc000       .debug$S                   0000000100400000     ucrtd:ucrtbased.dll
 0000:fffcc000       .debug$S                   0000000100400000     ucrtd:ucrtbased.dll
 0000:fffcc000       .debug$S                   0000000100400000     ucrtd:ucrtbased.dll
 0000:fffcc000       .debug$S                   0000000100400000     ucrtd:ucrtbased.dll
 0000:fffcc000       .debug$S                   0000000100400000     ucrtd:ucrtbased.dll
 0000:fffcc000       .debug$S                   0000000100400000     ucrtd:ucrtbased.dll
 0000:fffcc000       .debug$S                   0000000100400000     ucrtd:ucrtbased.dll
 0000:fffcc000       .debug$S                   0000000100400000     ucrtd:ucrtbased.dll
 0000:fffcc000       .debug$S                   0000000100400000     ucrtd:ucrtbased.dll
 0000:fffcc000       .debug$S                   0000000100400000     ucrtd:ucrtbased.dll
 0000:fffcc000       .debug$S                   0000000100400000     ucrtd:ucrtbased.dll
 0000:fffcc000       .debug$S                   0000000100400000     ucrtd:ucrtbased.dll
 0000:fffcc000       .debug$S                   0000000100400000     ucrtd:ucrtbased.dll
 0000:fffcc000       .debug$S                   0000000100400000     ucrtd:ucrtbased.dll
 0000:fffcc000       .debug$S                   0000000100400000     ucrtd:ucrtbased.dll
 0000:fffcc000       .debug$S                   0000000100400000     ucrtd:ucrtbased.dll
 0000:fffcc000       .debug$S                   0000000100400000     ucrtd:ucrtbased.dll
 0000:fffcc000       .debug$S                   0000000100400000     ucrtd:ucrtbased.dll
 0000:fffcc000       .debug$S                   0000000100400000     ucrtd:ucrtbased.dll
 0000:fffcc000       .debug$S                   0000000100400000     ucrtd:ucrtbased.dll
 0000:fffcc000       .debug$S                   0000000100400000     ucrtd:ucrtbased.dll
 0000:fffcc000       .debug$S                   0000000100400000     ucrtd:ucrtbased.dll
 0000:fffcc000       .debug$S                   0000000100400000     ucrtd:ucrtbased.dll
 0000:fffcc000       .debug$S                   0000000100400000     ucrtd:ucrtbased.dll
 0000:fffcc000       .debug$S                   0000000100400000     ucrtd:ucrtbased.dll
 0000:fffcc000       .debug$S                   0000000100400000     ucrtd:ucrtbased.dll
 0000:fffcc000       .debug$S                   0000000100400000     ucrtd:ucrtbased.dll
 0000:fffcc000       .debug$S                   0000000100400000     ucrtd:ucrtbased.dll
 0000:fffcc000       .debug$S                   0000000100400000     ucrtd:ucrtbased.dll
 0000:fffcc000       .debug$S                   0000000100400000     ucrtd:ucrtbased.dll
 0000:00000000       _volmd                     0000000100400000     MSVCRTD:cpu_disp.obj
 0002:fffeb000       __guard_ehcont_?dllmain_dispatch@@YAHQEAUHINSTANCE__@@KQEAX@Z 0000000100400000     MSVCRTD:dll_dllmain.obj
 0002:fffeb000       __guard_fids_?dllmain_dispatch@@YAHQEAUHINSTANCE__@@KQEAX@Z 0000000100400000     MSVCRTD:dll_dllmain.obj
 0002:fffeb000       __guard_ehcont_?notify_debugger@@YAXAEBUtagEXCEPTION_VISUALCPP_DEBUG_INFO@@@Z 0000000100400000     MSVCRTD:error.obj
 0000:00000000       _volmd                     0000000100400000     MSVCRTD:gs_report.obj
 0000:00000000       _volmd                     0000000100400000     MSVCRTD:gs_report.obj
 0000:00000000       _volmd                     0000000100400000     MSVCRTD:gs_report.obj
 0002:fffeb000       __guard_fids__             0000000100400000     MSVCRTD:guard_support.obj
 0002:fffeb000       __guard_fids__             0000000100400000     MSVCRTD:guard_support.obj
 0002:fffeb000       __guard_fids__guard_icall_checks_enforced 0000000100400000     MSVCRTD:guard_support.obj
 0000:00000000       _volmd                     0000000100400000     MSVCRTD:guard_support.obj
 0000:00000000       _volmd                     0000000100400000     MSVCRTD:guard_support.obj
 0002:fffeb000       __guard_fids__CRT_RTC_INIT 0000000100400000     MSVCRTD:init.obj
 0002:fffeb000       __guard_fids__CRT_RTC_INITW 0000000100400000     MSVCRTD:init.obj
 0002:fffeb000       __guard_ehcont___scrt_is_nonwritable_in_current_image 0000000100400000     MSVCRTD:utility.obj
 0000:00000000       _volmd                     0000000100400000     MSVCRTD:utility.obj
 0000:00000000       _volmd                     0000000100400000     MSVCRTD:utility.obj
 0000:00000000       _volmd                     0000000100400000     MSVCRTD:utility.obj
 0002:fffeb000       __guard_fids___scrt_set_unhandled_exception_filter 0000000100400000     MSVCRTD:utility_desktop.obj
 0000:00000000       _volmd                     0000000100400000     MSVCRTD:utility_desktop.obj
 0002:fffeb000       __guard_fids__             0000000100400000     vcruntimed:softmemtag.obj
 0000:fffcc000       .debug$S                   0000000100400000     vcruntimed:VCRUNTIME140D.dll
 0000:fffcc000       .debug$S                   0000000100400000     vcruntimed:VCRUNTIME140D.dll
 0000:fffcc000       .debug$S                   0000000100400000     vcruntimed:VCRUNTIME140D.dll
 0000:fffcc000       .debug$S                   0000000100400000     vcruntimed:VCRUNTIME140D.dll
 0000:fffcc000       .debug$S                   0000000100400000     vcruntimed:VCRUNTIME140D.dll
 0000:fffcc000       .debug$S                   0000000100400000     vcruntimed:VCRUNTIME140D.dll
 0000:fffcc000       .debug$S                   0000000100400000     vcruntimed:VCRUNTIME140D.dll
 0000:fffcc000       .debug$S                   0000000100400000     vcruntimed:VCRUNTIME140D.dll
 0000:fffcc000       .debug$S                   0000000100400000     vcruntimed:VCRUNTIME140D.dll
 0000:fffcc000       .debug$S                   0000000100400000     vcruntimed:VCRUNTIME140D.dll
 0000:fffcc000       .debug$S                   0000000100400000     vcruntimed:VCRUNTIME140D.dll
 0000:fffcc000       .debug$S                   0000000100400000     vcruntimed:VCRUNTIME140D.dll
 0002:fffeb000       $unwind$__local_stdio_printf_options 0000000100400000     telnet64d:telnet.c.obj
 0000:00000000       _volmd                     0000000100400000     telnet64d:telnet.c.obj
 0000:fffcc000       .debug$S                   0000000100400000     hengine:hengine.dll
 0000:fffcc000       .debug$S                   0000000100400000     hengine:hengine.dll
 0000:fffcc000       .debug$S                   0000000100400000     hengine:hengine.dll
 0000:fffcc000       .debug$S                   0000000100400000     hengine:hengine.dll
 0000:fffcc000       .debug$S                   0000000100400000     hsys:hsys.dll
 0000:fffcc000       .debug$S                   0000000100400000     hutil:hutil.dll
 0000:fffcc000       .debug$S                   0000000100400000     hutil:hutil.dll
 0000:fffcc000       .debug$S                   0000000100400000     hutil:hutil.dll
 0000:fffcc000       .debug$S                   0000000100400000     hutil:hutil.dll
 0000:fffcc000       .debug$S                   0000000100400000     hutil:hutil.dll
 0000:fffcc000       .debug$S                   0000000100400000     hutil:hutil.dll
 0000:fffcc000       .debug$S                   0000000100400000     hutil:hutil.dll
 0000:fffcc000       .debug$S                   0000000100400000     hutil:hutil.dll
 0000:fffcc000       .debug$S                   0000000100400000     hutil:hutil.dll
 0000:fffcc000       .debug$S                   0000000100400000     hutil:hutil.dll
 0000:fffcc000       .debug$S                   0000000100400000     hutil:hutil.dll
 0000:fffcc000       .debug$S                   0000000100400000     hutil:hutil.dll
 0000:fffcc000       .debug$S                   0000000100400000     hutil:hutil.dll
 0000:fffcc000       .debug$S                   0000000100400000     hutil:hutil.dll
 0000:fffcc000       .debug$S                   0000000100400000     hutil:hutil.dll
 0000:fffcc000       .debug$S                   0000000100400000     hutil:hutil.dll
 0000:fffcc000       .debug$S                   0000000100400000     hutil:hutil.dll
 0000:fffcc000       .debug$S                   0000000100400000     hutil:hutil.dll
 0000:fffcc000       .debug$S                   0000000100400000     hutil:hutil.dll
 0000:fffcc000       .debug$S                   0000000100400000     hutil:hutil.dll
 0000:fffcc000       .debug$S                   0000000100400000     hutil:hutil.dll
 0000:fffcc000       .debug$S                   0000000100400000     hutil:hutil.dll
 0000:fffcc000       .debug$S                   0000000100400000     hutil:hutil.dll
 0000:fffcc000       .debug$S                   0000000100400000     hutil:hutil.dll
 0000:fffcc000       .debug$S                   0000000100400000     hutil:hutil.dll
 0000:fffcc000       .debug$S                   0000000100400000     hutil:hutil.dll
 0000:fffcc000       .debug$S                   0000000100400000     hutil:hutil.dll
 0000:fffcc000       .debug$S                   0000000100400000     hutil:hutil.dll
 0000:fffcc000       .debug$S                   0000000100400000     hutil:hutil.dll
 0000:fffcc000       .debug$S                   0000000100400000     hutil:hutil.dll
 0000:fffcc000       .debug$S                   0000000100400000     hutil:hutil.dll
 0000:fffcc000       .debug$S                   0000000100400000     hutil:hutil.dll
 0000:fffcc000       .debug$S                   0000000100400000     hutil:hutil.dll
 0000:fffcc000       .debug$S                   0000000100400000     hutil:hutil.dll
 0000:fffcc000       .debug$S                   0000000100400000     hutil:hutil.dll
 0000:fffcc000       .debug$S                   0000000100400000     hutil:hutil.dll
 0000:fffcc000       .debug$S                   0000000100400000     hutil:hutil.dll
 0000:fffcc000       .debug$S                   0000000100400000     hutil:hutil.dll
 0000:fffcc000       .debug$S                   0000000100400000     hutil:hutil.dll
 0000:00000010       _volmd                     0000000100400010     console.obj
 0000:00000010       _volmd                     0000000100400010     telnet64d:telnet.c.obj
 0000:00000020       _volmd                     0000000100400020     console.obj
 0000:00000020       _volmd                     0000000100400020     telnet64d:telnet.c.obj
 0000:00000030       _volmd                     0000000100400030     console.obj
 0000:00000030       _volmd                     0000000100400030     telnet64d:telnet.c.obj
 0000:00000040       _volmd                     0000000100400040     console.obj
 0000:00000040       _volmd                     0000000100400040     telnet64d:telnet.c.obj
 0000:00000050       _volmd                     0000000100400050     console.obj
 0000:00000050       _volmd                     0000000100400050     telnet64d:telnet.c.obj
 0000:00000060       _volmd                     0000000100400060     console.obj
 0000:00000070       _volmd                     0000000100400070     console.obj
 0000:00000080       _volmd                     0000000100400080     console.obj
 0000:00000090       _volmd                     0000000100400090     console.obj
 0000:000000a0       _volmd                     00000001004000a0     console.obj
 0000:000000b0       _volmd                     00000001004000b0     console.obj
 0000:000000c0       _volmd                     00000001004000c0     console.obj
 0000:000000d0       _volmd                     00000001004000d0     console.obj
 0000:000000e0       _volmd                     00000001004000e0     console.obj
 0000:000000f0       _volmd                     00000001004000f0     console.obj
 0000:00000100       _volmd                     0000000100400100     console.obj
 0000:00000110       _volmd                     0000000100400110     console.obj
 0000:00000120       _volmd                     0000000100400120     console.obj
 0000:00000130       _volmd                     0000000100400130     console.obj
 0000:00000140       _volmd                     0000000100400140     console.obj
 0001:00000000       DebuggerTrace              0000000100401000 f   console.obj
 0001:00000100       asciitoupper               0000000100401100 f   console.obj
 0001:00000130       strupper                   0000000100401130 f   console.obj
 0001:000001b0       sr_write_hdr               00000001004011b0 f   console.obj
 0001:00000280       sr_write_value             0000000100401280 f   console.obj
 0001:00000400       sr_write_buf               0000000100401400 f   console.obj
 0001:00000530       sr_read_hdr                0000000100401530 f   console.obj
 0001:00000620       sr_read_value              0000000100401620 f   console.obj
 0001:00000880       sr_read_buf                0000000100401880 f   console.obj
 0001:00000980       sr_read_skip               0000000100401980 f   console.obj
 0001:00000a80       sr_write_error_            0000000100401a80 f   console.obj
 0001:00000b00       sr_read_error_             0000000100401b00 f   console.obj
 0001:00000b80       sr_value_error_            0000000100401b80 f   console.obj
 0001:00000be0       console_connection_handler 0000000100401be0 f   console.obj
 0001:00001e90       solicit_3270_data          0000000100402e90 f   console.obj
 0001:00001fa0       loc3270_input              0000000100402fa0 f   console.obj
 0001:00002200       constty_input              0000000100403200 f   console.obj
 0001:00002640       negotiate_ttype            0000000100403640 f   console.obj
 0001:00002a60       telnet_ev_handler          0000000100403a60 f   console.obj
 0001:000038f0       $LN78                      00000001004048f0     console.obj
 0001:00003930       sendto_client              0000000100404930 f   console.obj
 0001:00003a60       raise_device_attention     0000000100404a60 f   console.obj
 0001:00003af0       finish_console_init        0000000100404af0 f   console.obj
 0001:00003c10       disconnect_telnet_client   0000000100404c10 f   console.obj
 0001:00003c90       disconnect_console_device  0000000100404c90 f   console.obj
 0001:00003cf0       finish_console_close       0000000100404cf0 f   console.obj
 0001:00003eb0       loc3270_close_device       0000000100404eb0 f   console.obj
 0001:00003f00       constty_close_device       0000000100404f00 f   console.obj
 0001:00003f20       loc3270_init_handler       0000000100404f20 f   console.obj
 0001:00004a20       constty_init_handler       0000000100405a20 f   console.obj
 0001:00005170       parse_sockspec             0000000100406170 f   console.obj
 0001:00005450       next_3270_pos              0000000100406450 f   console.obj
 0001:00005694       $LN23                      0000000100406694     console.obj
 0001:000056c0       $LN22                      00000001004066c0     console.obj
 0001:00005700       end_of_buf_pos             0000000100406700 f   console.obj
 0001:00005760       pos_to_buff_offset         0000000100406760 f   console.obj
 0001:000057c0       buffer_addchar             00000001004067c0 f   console.obj
 0001:000058b0       buffer_addstring           00000001004068b0 f   console.obj
 0001:00005950       buffer_addsba              0000000100406950 f   console.obj
 0001:00005a30       buffer_addsf               0000000100406a30 f   console.obj
 0001:00005ac0       build_logo                 0000000100406ac0 f   console.obj
 0001:00006278       $LN67                      0000000100407278     console.obj
 0001:00006294       $LN66                      0000000100407294     console.obj
 0001:000062d0       init_logo                  00000001004072d0 f   console.obj
 0001:00006460       constty_redrive_pselect    0000000100407460 f   console.obj
 0001:000065a0       loc3270_redrive_pselect    00000001004075a0 f   console.obj
 0001:00006700       constty_halt_or_clear      0000000100407700 f   console.obj
 0001:00006720       loc3270_halt_or_clear      0000000100407720 f   console.obj
 0001:00006740       loc3270_hsuspend           0000000100407740 f   console.obj
 0001:00006930       loc3270_hresume            0000000100407930 f   console.obj
 0001:00006ed0       constty_query_device       0000000100407ed0 f   console.obj
 0001:000073b0       loc3270_query_device       00000001004083b0 f   console.obj
 0001:00007760       lookup_ttype               0000000100408760 f   console.obj
 0001:00007800       recv_3270_data             0000000100408800 f   console.obj
 0001:00007cd0       recv_1052_data             0000000100408cd0 f   console.obj
 0001:00008150       connect_client             0000000100409150 f   console.obj
 0001:00009530       calcto                     000000010040a530 f   console.obj
 0001:00009660       consio                     000000010040a660 f   console.obj
 0001:00009690       consto                     000000010040a690 f   console.obj
 0001:000096b0       get_listening_socket       000000010040a6b0 f   console.obj
 0001:00009bd0       loc3270_execute_ccw        000000010040abd0 f   console.obj
 0001:0000aed0       $LN122                     000000010040bed0     console.obj
 0001:0000af10       $LN121                     000000010040bf10     console.obj
 0001:0000b000       constty_execute_ccw        000000010040c000 f   console.obj
 0001:0000b724       $LN64                      000000010040c724     console.obj
 0001:0000b744       $LN63                      000000010040c744     console.obj
 0001:0000d0f4       $LN26                      000000010040e0f4     telnet64d:telnet.c.obj
 0001:0000d388       $LN48                      000000010040e388     telnet64d:telnet.c.obj
 0001:0000d4f8       $LN18                      000000010040e4f8     telnet64d:telnet.c.obj
 0001:0000d630       _error                     000000010040e630 f   telnet64d:telnet.c.obj
 0001:0000d780       _send                      000000010040e780 f   telnet64d:telnet.c.obj
 0001:0000d800       _send_negotiation          000000010040e800 f   telnet64d:telnet.c.obj
 0001:0000d890       _check_telopt              000000010040e890 f   telnet64d:telnet.c.obj
 0001:0000d9b0       _env_telnet                000000010040e9b0 f   telnet64d:telnet.c.obj
 0001:0000e070       _ttype_telnet              000000010040f070 f   telnet64d:telnet.c.obj
 0001:0000e2d0       _subnegotiate              000000010040f2d0 f   telnet64d:telnet.c.obj
 0001:0000e3d0       _buffer_byte               000000010040f3d0 f   telnet64d:telnet.c.obj
 0001:0000e540       _get_neg_qentry            000000010040f540 f   telnet64d:telnet.c.obj
 0001:0000e5f0       _update_neg_qentry         000000010040f5f0 f   telnet64d:telnet.c.obj
 0001:0000e780       _process_received_negotiation 000000010040f780 f   telnet64d:telnet.c.obj
 0001:0000f340       _process_received_data     0000000100410340 f   telnet64d:telnet.c.obj
 0001:0000f900       $LN43                      0000000100410900     telnet64d:telnet.c.obj
 0001:0000f924       $LN42                      0000000100410924     telnet64d:telnet.c.obj
 0001:0000f950       _select_socket             0000000100410950 f   telnet64d:telnet.c.obj
 0001:0000fa60       _shut_socket               0000000100410a60 f   telnet64d:telnet.c.obj
 0001:0000fd10       ?dllmain_crt_dispatch@@YAHQEAUHINSTANCE__@@KQEAX@Z 0000000100410d10 f   MSVCRTD:dll_dllmain.obj
 0001:0000fda0       ?dllmain_crt_process_attach@@YAHQEAUHINSTANCE__@@QEAX@Z 0000000100410da0 f   MSVCRTD:dll_dllmain.obj
 0001:0000fee0       ?dllmain_crt_process_detach@@YAH_N@Z 0000000100410ee0 f   MSVCRTD:dll_dllmain.obj
 0001:0000ff80       ?dllmain_dispatch@@YAHQEAUHINSTANCE__@@KQEAX@Z 0000000100410f80 f   MSVCRTD:dll_dllmain.obj
[...]
 0003:00003458       $SG179418                  000000010041c458     console.obj
 0003:00003478       $SG179419                  000000010041c478     console.obj
 0003:00003498       $SG179420                  000000010041c498     console.obj
 0003:000034a8       $SG179421                  000000010041c4a8     console.obj
 0003:000034b8       $SG179425                  000000010041c4b8     console.obj
 0003:000034d8       $SG179426                  000000010041c4d8     console.obj
 0003:000034f8       $SG179427                  000000010041c4f8     console.obj
 0003:00003508       $SG179433                  000000010041c508     console.obj
 0003:00003528       $SG179434                  000000010041c528     console.obj
 0003:00003538       $SG179438                  000000010041c538     console.obj
 0003:00003548       $SG179440                  000000010041c548     console.obj
 0003:00003558       $SG179444                  000000010041c558     console.obj
 0003:00003568       $SG179450                  000000010041c568     console.obj
 0003:00003578       $SG179451                  000000010041c578     console.obj
 0003:00003588       $SG179458                  000000010041c588     console.obj
 0003:00003598       $SG179460                  000000010041c598     console.obj
 0003:000035a8       $SG179462                  000000010041c5a8     console.obj
 0003:000035b8       $SG179467                  000000010041c5b8     console.obj
 0003:000035c8       $SG179470                  000000010041c5c8     console.obj
 0003:000035e8       $SG179471                  000000010041c5e8     console.obj
 0003:000035f8       $SG179562                  000000010041c5f8     console.obj
 0003:00003608       $SG179567                  000000010041c608     console.obj
 0003:00003618       $SG179574                  000000010041c618     console.obj
 0003:00003628       $SG179575                  000000010041c628     console.obj
 0003:00003638       $SG179577                  000000010041c638     console.obj
 0003:00003648       $SG179580                  000000010041c648     console.obj
 0003:00003660       $SG179581                  000000010041c660     console.obj
 0003:00003670       $SG179582                  000000010041c670     console.obj
 0003:000036b8       $SG179584                  000000010041c6b8     console.obj
 0003:000036d0       $SG179585                  000000010041c6d0     console.obj
 0003:000036e0       $SG179586                  000000010041c6e0     console.obj
 0003:00003728       $SG179589                  000000010041c728     console.obj
 0003:00003738       $SG179594                  000000010041c738     console.obj
 0003:00003748       $SG179601                  000000010041c748     console.obj
 0003:00003758       $SG179602                  000000010041c758     console.obj
 0003:00003768       $SG179604                  000000010041c768     console.obj
 0003:00003778       $SG179607                  000000010041c778     console.obj
 0003:00003790       $SG179608                  000000010041c790     console.obj
 0003:000037a0       $SG179609                  000000010041c7a0     console.obj
 0003:000037e8       $SG179611                  000000010041c7e8     console.obj
 0003:00003800       $SG179612                  000000010041c800     console.obj
 0003:00003810       $SG179613                  000000010041c810     console.obj
 0003:00003858       $SG179682                  000000010041c858     console.obj
 0003:00003870       $SG179683                  000000010041c870     console.obj
 0003:00003880       $SG179684                  000000010041c880     console.obj
 0003:000038c8       $SG179686                  000000010041c8c8     console.obj
 0003:000038e0       $SG179687                  000000010041c8e0     console.obj
 0003:000038f0       $SG179688                  000000010041c8f0     console.obj
 0003:00003938       $SG179698                  000000010041c938     console.obj
 0003:00003968       $SG179770                  000000010041c968     console.obj
 0003:00003970       constty_device_hndinfo     000000010041c970     console.obj
 0003:00003a38       $SG179771                  000000010041ca38     console.obj
 0003:00003a40       loc3270_device_hndinfo     000000010041ca40     console.obj
 0003:00003b08       $SG179764                  000000010041cb08     console.obj
 0003:00003b18       $SG179765                  000000010041cb18     console.obj
 0003:00003b28       $SG179767                  000000010041cb28     console.obj
 0003:00003b34       $SG179776                  000000010041cb34     console.obj
 0003:00003b3c       $SG179777                  000000010041cb3c     console.obj
 0003:00003b44       $SG179778                  000000010041cb44     console.obj
 0003:00003b4c       $SG179779                  000000010041cb4c     console.obj
 0003:00003b54       $SG179780                  000000010041cb54     console.obj
 0003:00003b60       $SG96756                   000000010041cb60     telnet64d:telnet.c.obj
 0003:00003b90       $SG96838                   000000010041cb90     telnet64d:telnet.c.obj
 0003:00003bb8       $SG96839                   000000010041cbb8     telnet64d:telnet.c.obj
 0003:00003bc8       $SG96842                   000000010041cbc8     telnet64d:telnet.c.obj
 0003:00003bf0       $SG96843                   000000010041cbf0     telnet64d:telnet.c.obj
 0003:00003c00       $SG96845                   000000010041cc00     telnet64d:telnet.c.obj
 0003:00003c20       $SG96846                   000000010041cc20     telnet64d:telnet.c.obj
 0003:00003c30       $SG96852                   000000010041cc30     telnet64d:telnet.c.obj
 0003:00003c48       $SG96853                   000000010041cc48     telnet64d:telnet.c.obj
 0003:00003c58       $SG96874                   000000010041cc58     telnet64d:telnet.c.obj
 0003:00003c80       $SG96875                   000000010041cc80     telnet64d:telnet.c.obj
 0003:00003c90       $SG96877                   000000010041cc90     telnet64d:telnet.c.obj
 0003:00003cb8       $SG96878                   000000010041ccb8     telnet64d:telnet.c.obj
 0003:00003cc8       $SG96882                   000000010041ccc8     telnet64d:telnet.c.obj
 0003:00003ce0       $SG96883                   000000010041cce0     telnet64d:telnet.c.obj
 0003:00003cf0       $SG96936                   000000010041ccf0     telnet64d:telnet.c.obj
 0003:00003d20       $SG96937                   000000010041cd20     telnet64d:telnet.c.obj
 0003:00003d30       $SG96939                   000000010041cd30     telnet64d:telnet.c.obj
 0003:00003d48       $SG96940                   000000010041cd48     telnet64d:telnet.c.obj
 0003:00003d58       $SG96973                   000000010041cd58     telnet64d:telnet.c.obj
 0003:00003d70       $SG96974                   000000010041cd70     telnet64d:telnet.c.obj
 0003:00003d88       $SG97043                   000000010041cd88     telnet64d:telnet.c.obj
 0003:00003da0       $SG97044                   000000010041cda0     telnet64d:telnet.c.obj
 0003:00003dc0       $SG97046                   000000010041cdc0     telnet64d:telnet.c.obj
 0003:00003dd8       $SG97047                   000000010041cdd8     telnet64d:telnet.c.obj
 0003:00003df8       $SG97061                   000000010041cdf8     telnet64d:telnet.c.obj
 0003:00003e10       $SG97062                   000000010041ce10     telnet64d:telnet.c.obj
 0003:00003e30       $SG97064                   000000010041ce30     telnet64d:telnet.c.obj
 0003:00003e48       $SG97065                   000000010041ce48     telnet64d:telnet.c.obj
 0003:00003e68       $SG97122                   000000010041ce68     telnet64d:telnet.c.obj
 0003:00003e90       $SG97123                   000000010041ce90     telnet64d:telnet.c.obj
 0003:00003ea8       $SG97228                   000000010041cea8     telnet64d:telnet.c.obj
 0003:00003ec0       $SG97229                   000000010041cec0     telnet64d:telnet.c.obj
 0003:00003ed0       $SG97270                   000000010041ced0     telnet64d:telnet.c.obj
 0003:00003ee8       $SG97271                   000000010041cee8     telnet64d:telnet.c.obj
 0003:00003f00       $SG97322                   000000010041cf00     telnet64d:telnet.c.obj
 0003:00003f10       $SG97324                   000000010041cf10     telnet64d:telnet.c.obj
 0003:00003f20       $SG97326                   000000010041cf20     telnet64d:telnet.c.obj
 0003:00003f30       $SG97328                   000000010041cf30     telnet64d:telnet.c.obj
 0003:00003f40       $SG97330                   000000010041cf40     telnet64d:telnet.c.obj
 0003:00003f50       $SG97332                   000000010041cf50     telnet64d:telnet.c.obj
 0003:00003f60       $SG97334                   000000010041cf60     telnet64d:telnet.c.obj
 0003:00003f70       $SG97336                   000000010041cf70     telnet64d:telnet.c.obj
 0003:00003f80       $SG97338                   000000010041cf80     telnet64d:telnet.c.obj
 0003:00003f90       $SG97340                   000000010041cf90     telnet64d:telnet.c.obj
 0003:00003fa0       $SG97342                   000000010041cfa0     telnet64d:telnet.c.obj
 0003:00003fb0       $SG97344                   000000010041cfb0     telnet64d:telnet.c.obj
 0003:00003fc0       $SG97346                   000000010041cfc0     telnet64d:telnet.c.obj
 0003:00003fd0       $SG97348                   000000010041cfd0     telnet64d:telnet.c.obj
 0003:00003fe0       $SG97350                   000000010041cfe0     telnet64d:telnet.c.obj
 0003:00003ff0       $SG97352                   000000010041cff0     telnet64d:telnet.c.obj
 0003:00004000       $SG97354                   000000010041d000     telnet64d:telnet.c.obj
 0003:00004010       $SG97356                   000000010041d010     telnet64d:telnet.c.obj
 0003:00004020       $SG97358                   000000010041d020     telnet64d:telnet.c.obj
 0003:00004030       $SG97360                   000000010041d030     telnet64d:telnet.c.obj
 0003:00004040       $SG97362                   000000010041d040     telnet64d:telnet.c.obj
 0003:00004050       $SG97372                   000000010041d050     telnet64d:telnet.c.obj
 0003:00004070       $SG97374                   000000010041d070     telnet64d:telnet.c.obj
 0003:00004088       $SG97376                   000000010041d088     telnet64d:telnet.c.obj
 0003:000040a0       $SG97378                   000000010041d0a0     telnet64d:telnet.c.obj
 0003:000040b8       $SG97380                   000000010041d0b8     telnet64d:telnet.c.obj
 0003:000040d0       $SG97382                   000000010041d0d0     telnet64d:telnet.c.obj
 0003:000040e8       $SG97384                   000000010041d0e8     telnet64d:telnet.c.obj
 0003:00004100       $SG97386                   000000010041d100     telnet64d:telnet.c.obj
 0003:00004118       $SG97388                   000000010041d118     telnet64d:telnet.c.obj
 0003:00004130       $SG97390                   000000010041d130     telnet64d:telnet.c.obj
 0003:00004148       $SG97392                   000000010041d148     telnet64d:telnet.c.obj
 0003:00004160       $SG97394                   000000010041d160     telnet64d:telnet.c.obj
 0003:00004178       $SG97396                   000000010041d178     telnet64d:telnet.c.obj
 0003:00004190       $SG97398                   000000010041d190     telnet64d:telnet.c.obj
 0003:000041a8       $SG97400                   000000010041d1a8     telnet64d:telnet.c.obj
 0003:000041c0       $SG97402                   000000010041d1c0     telnet64d:telnet.c.obj
 0003:000041d8       $SG97404                   000000010041d1d8     telnet64d:telnet.c.obj
 0003:000041f0       $SG97406                   000000010041d1f0     telnet64d:telnet.c.obj
 0003:00004208       $SG97408                   000000010041d208     telnet64d:telnet.c.obj
 0003:00004220       $SG97410                   000000010041d220     telnet64d:telnet.c.obj
 0003:00004238       $SG97412                   000000010041d238     telnet64d:telnet.c.obj
 0003:00004250       $SG97414                   000000010041d250     telnet64d:telnet.c.obj
 0003:00004268       $SG97416                   000000010041d268     telnet64d:telnet.c.obj
 0003:00004280       $SG97418                   000000010041d280     telnet64d:telnet.c.obj
 0003:000042a0       $SG97420                   000000010041d2a0     telnet64d:telnet.c.obj
 0003:000042b8       $SG97422                   000000010041d2b8     telnet64d:telnet.c.obj
 0003:000042d0       $SG97424                   000000010041d2d0     telnet64d:telnet.c.obj
 0003:000042e8       $SG97426                   000000010041d2e8     telnet64d:telnet.c.obj
 0003:00004300       $SG97428                   000000010041d300     telnet64d:telnet.c.obj
 0003:00004318       $SG97430                   000000010041d318     telnet64d:telnet.c.obj
 0003:00004330       $SG97432                   000000010041d330     telnet64d:telnet.c.obj
 0003:00004350       $SG97434                   000000010041d350     telnet64d:telnet.c.obj
 0003:00004368       $SG97436                   000000010041d368     telnet64d:telnet.c.obj
 0003:00004380       $SG97438                   000000010041d380     telnet64d:telnet.c.obj
 0003:00004398       $SG97440                   000000010041d398     telnet64d:telnet.c.obj
 0003:000043b0       $SG97442                   000000010041d3b0     telnet64d:telnet.c.obj
 0003:000043c8       $SG97444                   000000010041d3c8     telnet64d:telnet.c.obj
 0003:000043e0       $SG97446                   000000010041d3e0     telnet64d:telnet.c.obj
 0003:000043f8       $SG97448                   000000010041d3f8     telnet64d:telnet.c.obj
 0003:00004418       $SG97450                   000000010041d418     telnet64d:telnet.c.obj
 0003:00004430       $SG97452                   000000010041d430     telnet64d:telnet.c.obj
 0003:00004450       $SG97454                   000000010041d450     telnet64d:telnet.c.obj
 0003:00004468       $SG97464                   000000010041d468     telnet64d:telnet.c.obj
 0003:00004480       $SG97466                   000000010041d480     telnet64d:telnet.c.obj
 0003:00004490       $SG97468                   000000010041d490     telnet64d:telnet.c.obj
 0003:000044a0       $SG97470                   000000010041d4a0     telnet64d:telnet.c.obj
 0003:000044b0       $SG97472                   000000010041d4b0     telnet64d:telnet.c.obj
 0003:000044c0       $SG97474                   000000010041d4c0     telnet64d:telnet.c.obj
 0003:000044d0       $SG97476                   000000010041d4d0     telnet64d:telnet.c.obj
 0003:000044e0       $SG97478                   000000010041d4e0     telnet64d:telnet.c.obj
 0003:000044f0       $SG97480                   000000010041d4f0     telnet64d:telnet.c.obj
 0003:00004510       $SG97482                   000000010041d510     telnet64d:telnet.c.obj
 0003:00004520       $SG97484                   000000010041d520     telnet64d:telnet.c.obj
 0003:00004538       $SG97486                   000000010041d538     telnet64d:telnet.c.obj
 0003:00004550       $SG97488                   000000010041d550     telnet64d:telnet.c.obj
 0003:00004560       $SG97498                   000000010041d560     telnet64d:telnet.c.obj
 0003:00004578       $SG97500                   000000010041d578     telnet64d:telnet.c.obj
 0003:00004588       $SG97502                   000000010041d588     telnet64d:telnet.c.obj
 0003:00004598       $SG97504                   000000010041d598     telnet64d:telnet.c.obj
 0003:000045b0       $SG97506                   000000010041d5b0     telnet64d:telnet.c.obj
 0003:000045c8       $SG97508                   000000010041d5c8     telnet64d:telnet.c.obj
 0003:00004640       $SG177530                  000000010041d640     console.obj
 0003:00004641       $SG177531                  000000010041d641     console.obj
 0003:00004642       $SG177542                  000000010041d642     console.obj
 0003:00004643       $SG177544                  000000010041d643     console.obj
 0003:00004644       $SG177780                  000000010041d644     console.obj
 0003:00004650       console_cnslcnt            000000010041d650     console.obj
 0003:00004654       $SG178641                  000000010041d654     console.obj
 0003:00004655       $SG178653                  000000010041d655     console.obj
 0003:00004656       $SG178655                  000000010041d656     console.obj
 0003:00004657       $SG178704                  000000010041d657     console.obj
 0003:00004658       $SG179003                  000000010041d658     console.obj
 0003:00004659       $SG179337                  000000010041d659     console.obj
 0003:0000465a       $SG179343                  000000010041d65a     console.obj
 0003:00004660       ?prev@?BN@??console_connection_handler@@9@9 000000010041d660     console.obj
 0003:00004668       ?prev@?CE@??console_connection_handler@@9@9 000000010041d668     console.obj
 0003:00004670       ?clid@?CI@??console_connection_handler@@9@9 000000010041d670     console.obj
 0003:00004678       $SG96857                   000000010041d678     telnet64d:telnet.c.obj
 0003:00004680       ?buffer@?3??telnet_cmd_name@@9@9 000000010041d680     telnet64d:telnet.c.obj
 0003:000046a0       ?buffer@?3??telnet_opt_name@@9@9 000000010041d6a0     telnet64d:telnet.c.obj
 0003:000046c0       ?buffer@?3??telnet_evt_name@@9@9 000000010041d6c0     telnet64d:telnet.c.obj
 0003:000046e0       ?buffer@?3??telnet_err_name@@9@9 000000010041d6e0     telnet64d:telnet.c.obj
 0003:00004700       ?__proc_attached@@3HA      000000010041d700     MSVCRTD:dll_dllmain.obj
 0003:00004710       GS_ExceptionRecord         000000010041d710     MSVCRTD:gs_report.obj
 0003:000047b0       GS_ContextRecord           000000010041d7b0     MSVCRTD:gs_report.obj
 0003:00004c80       ?init@?1??_RTC_InitBase@@9@4_NA 000000010041dc80     MSVCRTD:init.obj
 0003:00004cc0       ?is_initialized_as_dll@@3_NA 000000010041dcc0     MSVCRTD:utility.obj
 0003:00004cc1       ?module_local_atexit_table_initialized@@3_NA 000000010041dcc1     MSVCRTD:utility.obj
 0003:00004cc8       ?module_local_atexit_table@@3U_onexit_table_t@@A 000000010041dcc8     MSVCRTD:utility.obj
 0003:00004ce0       ?module_local_at_quick_exit_table@@3U_onexit_table_t@@A 000000010041dce0     MSVCRTD:utility.obj
 0003:00004d00       ?_RTC_ErrorReportFunc@@3P6AHHPEBDH00ZZEA 000000010041dd00     MSVCRTD:userapi.obj
 0003:00004d08       ?_RTC_ErrorReportFuncW@@3P6AHHPEB_WH00ZZEA 000000010041dd08     MSVCRTD:userapi.obj
 0003:00004d18       ?mspdb@@3PEAUHINSTANCE__@@EA 000000010041dd18     MSVCRTD:pdblkup.obj
 0003:00004d20       ?alreadyTried@?1??GetPdbDll@@YAPEAUHINSTANCE__@@XZ@4_NA 000000010041dd20     MSVCRTD:pdblkup.obj
 0003:00004d21       ?PDBOK@?1??_RTC_GetSrcLine@@YAHPEAEPEA_WKPEAH1K@Z@4_NA 000000010041dd21     MSVCRTD:pdblkup.obj
 0005:000002d0       $R000000                   000000010041f2d0     hercprod.res
 0005:00000878       $R0005A8                   000000010041f878     hercprod.res
 0005:000009a0       $R0006D0                   000000010041f9a0     hercprod.res
 0005:00000f08       $R000C38                   000000010041ff08     hercprod.res
 0005:00001370       $R0010A0                   0000000100420370     hercprod.res
 0005:00001658       $R001388                   0000000100420658     hercprod.res
 0005:00001f00       $R001C30                   0000000100420f00     hercprod.res
 0005:00002fa8       $R002CD8                   0000000100421fa8     hercprod.res
 0005:00003610       $R003340                   0000000100422610     hercprod.res
 0005:000044b8       $R0041E8                   00000001004234b8     hercprod.res
 0005:00006a60       $R006790                   0000000100425a60     hercprod.res
 0005:0000ff08       $R00FC38                   000000010042ef08     hercprod.res
 0005:00013bc8       $R0138F8                   0000000100432bc8     hercprod.res
