 hdt3088

 Timestamp is 63e3da0f (Wed Feb  8 18:21:19 2023)

 Preferred load address is 0000000100400000

 Start         Length     Name                   Class
 0001:00000000 00031490H .text$mn                CODE
 0001:00031490 00000040H .text$mn$00             CODE
 0001:000314d0 000000ddH .text$x                 CODE
 0002:00000000 000004c0H .idata$5                DATA
 0002:000004c0 00000038H .00cfg                  DATA
 0002:000004f8 00000008H .CRT$XCA                DATA
 0002:00000500 00000008H .CRT$XCZ                DATA
 0002:00000508 00000008H .CRT$XIA                DATA
 0002:00000510 00000008H .CRT$XIZ                DATA
 0002:00000518 00000008H .CRT$XPA                DATA
 0002:00000520 00000008H .CRT$XPZ                DATA
 0002:00000528 00000008H .CRT$XTA                DATA
 0002:00000530 00000010H .CRT$XTZ                DATA
 0002:00000538 00000000H .gehcont$y              DATA
 0002:00000538 00000000H .gfids$y                DATA
 0002:00000540 000006c0H .rdata                  DATA
 0002:00000c00 00000080H .rdata$CastGuardVftablesA DATA
 0002:00000c80 00000080H .rdata$CastGuardVftablesC DATA
 0002:00000d00 000002d8H .rdata$voltmd           DATA
 0002:00000fd8 00000310H .rdata$zzzdbg           DATA
 0002:000012e8 00000008H .rtc$IAA                DATA
 0002:000012f0 00000008H .rtc$IZZ                DATA
 0002:000012f8 00000008H .rtc$TAA                DATA
 0002:00001300 00000008H .rtc$TZZ                DATA
 0002:00001308 00000bd8H .xdata                  DATA
 0002:00001ee0 00000098H .edata                  DATA
 0002:00001f78 0000008cH .idata$2                DATA
 0002:00002004 00000014H .idata$3                DATA
 0002:00002018 000004c0H .idata$4                DATA
 0002:000024d8 0000094aH .idata$6                DATA
 0003:00000000 0000dd00H .data                   DATA
 0003:0000dd00 00000d88H .bss                    DATA
 0004:00000000 00000b88H .pdata                  DATA
 0005:00000000 000002d0H .rsrc$01                DATA
 0005:000002d0 00013998H .rsrc$02                DATA

  Address         Publics by Value              Rva+Base               Lib:Object

 0000:00000000       __AbsoluteZero             0000000000000000     <absolute>
 0000:00000000       ___safe_se_handler_count   0000000000000000     <absolute>
 0000:00000000       ___safe_se_handler_table   0000000000000000     <absolute>
 0000:00000000       __arm64x_extra_rfe_table   0000000000000000     <absolute>
 0000:00000000       __arm64x_extra_rfe_table_size 0000000000000000     <absolute>
 0000:00000000       __arm64x_native_entrypoint 0000000000000000     <absolute>
 0000:00000000       __arm64x_redirection_metadata 0000000000000000     <absolute>
 0000:00000000       __arm64x_redirection_metadata_count 0000000000000000     <absolute>
 0000:00000000       __dynamic_value_reloc_table 0000000000000000     <absolute>
 0000:00000000       __enclave_config           0000000000000000     <absolute>
 0000:00000000       __guard_check_icall_a64n_fptr 0000000000000000     <absolute>
 0000:00000000       __guard_eh_cont_count      0000000000000000     <absolute>
 0000:00000000       __guard_eh_cont_table      0000000000000000     <absolute>
 0000:00000000       __guard_fids_count         0000000000000000     <absolute>
 0000:00000000       __guard_fids_table         0000000000000000     <absolute>
 0000:00000000       __guard_iat_count          0000000000000000     <absolute>
 0000:00000000       __guard_iat_table          0000000000000000     <absolute>
 0000:00000000       __guard_longjmp_count      0000000000000000     <absolute>
 0000:00000000       __guard_longjmp_table      0000000000000000     <absolute>
 0000:00000000       __hybrid_auxiliary_iat     0000000000000000     <absolute>
 0000:00000000       __hybrid_auxiliary_iat_copy 0000000000000000     <absolute>
 0000:00000000       __hybrid_code_map          0000000000000000     <absolute>
 0000:00000000       __hybrid_code_map_count    0000000000000000     <absolute>
 0000:00000000       __x64_code_ranges_to_entry_points 0000000000000000     <absolute>
 0000:00000000       __x64_code_ranges_to_entry_points_count 0000000000000000     <absolute>
 0000:00000100       __guard_flags              0000000000000100     <absolute>
 0000:00000000       __ImageBase                0000000100400000     <linker-defined>
 0001:00000120       LCS_Init                   0000000100401120 f   ctc_lcs.obj
 0001:00001630       LCS_Close                  0000000100402630 f   ctc_lcs.obj
 0001:000023c0       LCS_Query                  00000001004033c0 f   ctc_lcs.obj
 0001:00002660       LCS_ExecuteCCW             0000000100403660 f   ctc_lcs.obj
 0001:000171c0       LCS_StartChannelProgram    00000001004181c0 f   ctc_lcs.obj
 0001:00017220       LCS_EndChannelProgram      0000000100418220 f   ctc_lcs.obj
 0001:000187b0       hdl_check_depends_ep       00000001004197b0 f   ctc_lcs.obj
 0001:00018830       hdl_register_symbols_ep    0000000100419830 f   ctc_lcs.obj
 0001:00018870       hdl_define_devtypes_ep     0000000100419870 f   ctc_lcs.obj
 0001:000188d0       __local_stdio_printf_options 00000001004198d0 f i ctc_lcs.obj
 0001:000188e0       __local_stdio_scanf_options 00000001004198e0 f i ctc_lcs.obj
 0001:000188f0       _vsnprintf_s               00000001004198f0 f i ctc_lcs.obj
 0001:00018940       _vsnprintf_s_l             0000000100419940 f i ctc_lcs.obj
 0001:000189c0       _vsscanf_l                 00000001004199c0 f i ctc_lcs.obj
 0001:00018a10       fetch_f3_noswap            0000000100419a10 f i ctc_lcs.obj
 0001:00018a50       fetch_hw_noswap            0000000100419a50 f i ctc_lcs.obj
 0001:00018a70       sscanf                     0000000100419a70 f i ctc_lcs.obj
 0001:00018ac0       store_fw_noswap            0000000100419ac0 f i ctc_lcs.obj
 0001:00018ae0       store_hw_noswap            0000000100419ae0 f i ctc_lcs.obj
 0001:00018c00       CTCI_Init                  0000000100419c00 f   ctc_ctci.obj
 0001:00019ae0       CTCI_Close                 000000010041aae0 f   ctc_ctci.obj
 0001:00019b70       CTCI_Query                 000000010041ab70 f   ctc_ctci.obj
 0001:00019e00       CTCI_ExecuteCCW            000000010041ae00 f   ctc_ctci.obj
 0001:0001a3f0       CTCI_Read                  000000010041b3f0 f   ctc_ctci.obj
 0001:0001a900       CTCI_Write                 000000010041b900 f   ctc_ctci.obj
 0001:0001d050       fetch_fw_noswap            000000010041e050 f i ctc_ctci.obj
 0001:0001d070       CTCX_Close                 000000010041e070 f   ctcadpt.obj
 0001:0001d0e0       CTCX_Query                 000000010041e0e0 f   ctcadpt.obj
 0001:0001d260       CTCX_ExecuteCCW            000000010041e260 f   ctcadpt.obj
 0001:0001d880       CTCE_Close                 000000010041e880 f   ctcadpt.obj
 0001:0001d930       CTCE_Query                 000000010041e930 f   ctcadpt.obj
 0001:000298b0       MACTabAdd                  000000010042a8b0 f   netsupp.obj
 0001:00029990       MACTabRem                  000000010042a990 f   netsupp.obj
 0001:00029a10       IsMACTab                   000000010042aa10 f   netsupp.obj
 0001:00029a90       EtherIpv4CkSumOffload      000000010042aa90 f   netsupp.obj
 0001:00029d30       CheckSum                   000000010042ad30 f   netsupp.obj
 0001:0002a560       InetCheckSum               000000010042b560 f   netsupp.obj
 0001:0002a590       PseudoHdrCheckSum          000000010042b590 f   netsupp.obj
 0001:0002a630       read_tuntap                000000010042b630 f   netsupp.obj
 0001:0002a7c0       TUNTAP_CreateInterface     000000010042b7c0 f   tuntap.obj
 0001:0002a9c0       TUNTAP_SetIPAddr           000000010042b9c0 f   tuntap.obj
 0001:0002abe0       TUNTAP_SetDestAddr         000000010042bbe0 f   tuntap.obj
 0001:0002adf0       TUNTAP_SetNetMask          000000010042bdf0 f   tuntap.obj
 0001:0002b000       TUNTAP_SetBCastAddr        000000010042c000 f   tuntap.obj
 0001:0002b210       TUNTAP_SetIPAddr6          000000010042c210 f   tuntap.obj
 0001:0002b560       TUNTAP_GetMTU              000000010042c560 f   tuntap.obj
 0001:0002b800       TUNTAP_SetMTU              000000010042c800 f   tuntap.obj
 0001:0002ba60       TUNTAP_GetMACAddr          000000010042ca60 f   tuntap.obj
 0001:0002bcc0       TUNTAP_SetMACAddr          000000010042ccc0 f   tuntap.obj
 0001:0002bed0       TUNTAP_SetFlags            000000010042ced0 f   tuntap.obj
 0001:0002c000       TUNTAP_GetFlags            000000010042d000 f   tuntap.obj
 0001:0002c150       TT32_AddIPAddr             000000010042d150 f   tuntap.obj
 0001:0002c180       TT32_DelIPAddr             000000010042d180 f   tuntap.obj
 0001:0002c1b0       TT32_QryIPAddrs            000000010042d1b0 f   tuntap.obj
 0001:0002c1e0       build_herc_iface_mac       000000010042d1e0 f   tuntap.obj
 0001:0002c3c0       ParseMAC                   000000010042d3c0 f   tuntap.obj
 0001:0002c560       FormatMAC                  000000010042d560 f   tuntap.obj
 0001:0002c6c0       packet_trace               000000010042d6c0 f   tuntap.obj
 0001:0002c710       net_data_trace             000000010042d710 f   tuntap.obj
 0001:0002cc60       tt32_open                  000000010042dc60 f   w32ctca.obj
 0001:0002ccd0       tt32_read                  000000010042dcd0 f   w32ctca.obj
 0001:0002cd50       tt32_write                 000000010042dd50 f   w32ctca.obj
 0001:0002cdd0       tt32_beg_write_multi       000000010042ddd0 f   w32ctca.obj
 0001:0002ce50       tt32_end_write_multi       000000010042de50 f   w32ctca.obj
 0001:0002ced0       tt32_close                 000000010042ded0 f   w32ctca.obj
 0001:0002cf40       tt32_ioctl                 000000010042df40 f   w32ctca.obj
 0001:0002cfc0       tt32_get_default_iface     000000010042dfc0 f   w32ctca.obj
 0001:0002d040       tt32_build_herc_iface_mac  000000010042e040 f   w32ctca.obj
 0001:0002d080       tt32_version_numbers       000000010042e080 f   w32ctca.obj
 0001:0002d100       display_tt32_stats         000000010042e100 f   w32ctca.obj
 0001:0002ddb0       enable_tt32_debug_tracing  000000010042edb0 f   w32ctca.obj
 0001:0002de30       GetTT32ProcAddrs           000000010042ee30 f   w32ctca.obj
 0001:0002e260       tt32_output_debug_string   000000010042f260 f   w32ctca.obj
 0001:0002e380       tt32_loaddll               000000010042f380 f   w32ctca.obj
 0001:0002e800       _vsnprintf_l               000000010042f800 f i w32ctca.obj
 0001:0002e880       _vsprintf_l                000000010042f880 f i w32ctca.obj
 0001:0002e8d0       sprintf                    000000010042f8d0 f i w32ctca.obj
 0001:0002e920       resolve_host               000000010042f920 f   resolve.obj
 0001:0002eca0       resolve_ipaddr             000000010042fca0 f   resolve.obj
 0001:0002efe0       resolve_sa                 000000010042ffe0 f   resolve.obj
 0001:0002f180       gai_strerrorA              0000000100430180 f i resolve.obj
 0001:0002f1c9       init_sysblk_netdev         00000001004301c9 f   hengine:hengine.dll
 0001:0002f1cf       group_device               00000001004301cf f   hengine:hengine.dll
 0001:0002f1d5       device_attention           00000001004301d5 f   hengine:hengine.dll
 0001:0002f1db       devinit_cmd                00000001004301db f   hengine:hengine.dll
 0001:0002f1e1       hthread_initialize_lock    00000001004301e1 f   hutil:hutil.dll
 0001:0002f1e7       hthread_obtain_lock        00000001004301e7 f   hutil:hutil.dll
 0001:0002f1ed       hthread_release_lock       00000001004301ed f   hutil:hutil.dll
 0001:0002f1f3       hthread_initialize_condition 00000001004301f3 f   hutil:hutil.dll
 0001:0002f1f9       hthread_signal_condition   00000001004301f9 f   hutil:hutil.dll
 0001:0002f1ff       hthread_timed_wait_condition 00000001004301ff f   hutil:hutil.dll
 0001:0002f205       hthread_create_thread      0000000100430205 f   hutil:hutil.dll
 0001:0002f20b       hthread_join_thread        000000010043020b f   hutil:hutil.dll
 0001:0002f211       hthread_detach_thread      0000000100430211 f   hutil:hutil.dll
 0001:0002f217       ptt_pthread_trace          0000000100430217 f   hutil:hutil.dll
 0001:0002f21d       resolve_symbol_string      000000010043021d f   hutil:hutil.dll
 0001:0002f223       set_symbol                 0000000100430223 f   hutil:hutil.dll
 0001:0002f229       strlcpy                    0000000100430229 f   hutil:hutil.dll
 0001:0002f22f       strlcat                    000000010043022f f   hutil:hutil.dll
 0001:0002f235       timed_wait_condition_relative_usecs_impl 0000000100430235 f   hutil:hutil.dll
 0001:0002f23b       rtrim                      000000010043023b f   hutil:hutil.dll
 0001:0002f241       w32_strerror               0000000100430241 f   hutil:hutil.dll
 0001:0002f247       strtok_r                   0000000100430247 f   hutil:hutil.dll
 0001:0002f24d       gettimeofday               000000010043024d f   hutil:hutil.dll
 0001:0002f253       usleep                     0000000100430253 f   hutil:hutil.dll
 0001:0002f259       inet_aton                  0000000100430259 f   hutil:hutil.dll
 0001:0002f25f       hostpath                   000000010043025f f   hutil:hutil.dll
 0001:0002f265       w32_socket                 0000000100430265 f   hutil:hutil.dll
 0001:0002f26b       w32_snprintf               000000010043026b f   hutil:hutil.dll
 0001:0002f271       w32_fclose                 0000000100430271 f   hutil:hutil.dll
 0001:0002f277       w32_basename               0000000100430277 f   hutil:hutil.dll
 0001:0002f27d       getopt_long                000000010043027d f   hutil:hutil.dll
 0001:0002f283       fwritemsg                  0000000100430283 f   hutil:hutil.dll
 0001:0002f289       logmsg                     0000000100430289 f   hutil:hutil.dll
 0001:0002f28f       guest_to_host              000000010043028f f   hutil:hutil.dll
 0001:0002f295       fthread_self               0000000100430295 f   hutil:hutil.dll
 0001:0002f29b       socket_is_socket           000000010043029b f   hutil:hutil.dll
 0001:0002f2a1       set_socket_keepalive       00000001004302a1 f   hutil:hutil.dll
 0001:0002f2a7       w32_accept                 00000001004302a7 f   hutil:hutil.dll
 0001:0002f2ad       w32_close_socket           00000001004302ad f   hutil:hutil.dll
 0001:0002f2b3       w32_FD_SET                 00000001004302b3 f   hutil:hutil.dll
 0001:0002f2b9       w32_select                 00000001004302b9 f   hutil:hutil.dll
 0001:0002f2bf       read_socket                00000001004302bf f   hutil:hutil.dll
 0001:0002f2c5       write_socket               00000001004302c5 f   hutil:hutil.dll
 0001:0002f2cb       w32_if_nametoindex         00000001004302cb f   hutil:hutil.dll
 0001:0002f2d1       w32_inet_pton              00000001004302d1 f   hutil:hutil.dll
 0001:0002f2d7       get_symbol                 00000001004302d7 f   hutil:hutil.dll
 0001:0002f2dd       hdl_getpath                00000001004302dd f   hutil:hutil.dll
 0001:0002f2e3       w32_inet_ntop              00000001004302e3 f   hutil:hutil.dll
 0001:0002f2e9       IsDebuggerPresent          00000001004302e9 f   kernel32:KERNEL32.dll
 0001:0002f2ef       OutputDebugStringA         00000001004302ef f   kernel32:KERNEL32.dll
 0001:0002f2f5       GetLastError               00000001004302f5 f   kernel32:KERNEL32.dll
 0001:0002f2fb       InitializeCriticalSection  00000001004302fb f   kernel32:KERNEL32.dll
 0001:0002f301       EnterCriticalSection       0000000100430301 f   kernel32:KERNEL32.dll
 0001:0002f307       LeaveCriticalSection       0000000100430307 f   kernel32:KERNEL32.dll
 0001:0002f30d       FreeLibrary                000000010043030d f   kernel32:KERNEL32.dll
 0001:0002f313       GetProcAddress             0000000100430313 f   kernel32:KERNEL32.dll
 0001:0002f319       LoadLibraryExA             0000000100430319 f   kernel32:KERNEL32.dll
 0001:0002f31f       FormatMessageA             000000010043031f f   kernel32:KERNEL32.dll
 0001:0002f325       ntohl                      0000000100430325 f   ws2_32:WS2_32.dll
 0001:0002f32b       WSAGetLastError            000000010043032b f   ws2_32:WS2_32.dll
 0001:0002f331       inet_addr                  0000000100430331 f   ws2_32:WS2_32.dll
 0001:0002f337       bind                       0000000100430337 f   ws2_32:WS2_32.dll
 0001:0002f33d       connect                    000000010043033d f   ws2_32:WS2_32.dll
 0001:0002f343       getsockname                0000000100430343 f   ws2_32:WS2_32.dll
 0001:0002f349       htonl                      0000000100430349 f   ws2_32:WS2_32.dll
 0001:0002f34f       htons                      000000010043034f f   ws2_32:WS2_32.dll
 0001:0002f355       inet_ntoa                  0000000100430355 f   ws2_32:WS2_32.dll
 0001:0002f35b       listen                     000000010043035b f   ws2_32:WS2_32.dll
 0001:0002f361       ntohs                      0000000100430361 f   ws2_32:WS2_32.dll
 0001:0002f367       setsockopt                 0000000100430367 f   ws2_32:WS2_32.dll
 0001:0002f36d       shutdown                   000000010043036d f   ws2_32:WS2_32.dll
 0001:0002f373       gethostbyname              0000000100430373 f   ws2_32:WS2_32.dll
 0001:0002f379       getaddrinfo                0000000100430379 f   ws2_32:WS2_32.dll
 0001:0002f37f       freeaddrinfo               000000010043037f f   ws2_32:WS2_32.dll
 0001:0002f385       getnameinfo                0000000100430385 f   ws2_32:WS2_32.dll
 0001:0002f7a0       _CRT_INIT                  00000001004307a0 f   MSVCRTD:dll_dllmain.obj
 0001:0002f7d0       _DllMainCRTStartup         00000001004307d0 f   MSVCRTD:dll_dllmain.obj
 0001:0002f810       __raise_securityfailure    0000000100430810 f   MSVCRTD:gs_report.obj
 0001:0002f850       __report_gsfailure         0000000100430850 f   MSVCRTD:gs_report.obj
 0001:0002f930       __report_rangecheckfailure 0000000100430930 f   MSVCRTD:gs_report.obj
 0001:0002f950       __report_securityfailure   0000000100430950 f   MSVCRTD:gs_report.obj
 0001:0002f9f0       __report_securityfailureEx 00000001004309f0 f   MSVCRTD:gs_report.obj
 0001:0002fc60       __GSHandlerCheck           0000000100430c60 f   MSVCRTD:gshandler.obj
 0001:0002fca0       __GSHandlerCheckCommon     0000000100430ca0 f   MSVCRTD:gshandler.obj
 0001:0002fdb0       __chkstk                   0000000100430db0 f   MSVCRTD:chkstk.obj
 0001:0002fdb0       _alloca_probe              0000000100430db0 f   MSVCRTD:chkstk.obj
 0001:0002fe10       __security_check_cookie    0000000100430e10 f   MSVCRTD:amdsecgs.obj
 0001:0002fef0       __security_init_cookie     0000000100430ef0 f   MSVCRTD:gs_support.obj
 0001:0002ff70       DllMain                    0000000100430f70 f   MSVCRTD:dll_dllmain_stub.obj
 0001:0002ffb0       ?__scrt_initialize_type_info@@YAXXZ 0000000100430fb0 f   MSVCRTD:tncleanup.obj
 0001:0002ffd0       ?__scrt_uninitialize_type_info@@YAXXZ 0000000100430fd0 f   MSVCRTD:tncleanup.obj
 0001:0002fff0       __scrt_initialize_default_local_stdio_options 0000000100430ff0 f   MSVCRTD:default_local_stdio_options.obj
 0001:00030040       ?configure_argv@__scrt_narrow_argv_policy@@SAHXZ 0000000100431040 f i MSVCRTD:utility.obj
 0001:00030130       ?initialize_environment@__scrt_narrow_environment_policy@@SAHXZ 0000000100431130 f i MSVCRTD:utility.obj
 0001:000301d0       NtCurrentTeb               00000001004311d0 f i MSVCRTD:utility.obj
 0001:000301e0       __scrt_acquire_startup_lock 00000001004311e0 f   MSVCRTD:utility.obj
 0001:00030250       __scrt_dllmain_after_initialize_c 0000000100431250 f   MSVCRTD:utility.obj
 0001:00030280       __scrt_dllmain_before_initialize_c 0000000100431280 f   MSVCRTD:utility.obj
 0001:000302a0       __scrt_dllmain_crt_thread_attach 00000001004312a0 f   MSVCRTD:utility.obj
 0001:000302d0       __scrt_dllmain_crt_thread_detach 00000001004312d0 f   MSVCRTD:utility.obj
 0001:000302f0       __scrt_dllmain_exception_filter 00000001004312f0 f   MSVCRTD:utility.obj
 0001:00030360       __scrt_dllmain_uninitialize_c 0000000100431360 f   MSVCRTD:utility.obj
 0001:00030390       __scrt_dllmain_uninitialize_critical 0000000100431390 f   MSVCRTD:utility.obj
 0001:000303b0       __scrt_initialize_crt      00000001004313b0 f   MSVCRTD:utility.obj
 0001:00030400       __scrt_initialize_onexit_tables 0000000100431400 f   MSVCRTD:utility.obj
 0001:00030510       __scrt_is_nonwritable_in_current_image 0000000100431510 f   MSVCRTD:utility.obj
 0001:000305a0       __scrt_release_startup_lock 00000001004315a0 f   MSVCRTD:utility.obj
 0001:000305d0       __scrt_uninitialize_crt    00000001004315d0 f   MSVCRTD:utility.obj
 0001:00030610       _onexit                    0000000100431610 f   MSVCRTD:utility.obj
 0001:00030690       at_quick_exit              0000000100431690 f   MSVCRTD:utility.obj
 0001:000306e0       atexit                     00000001004316e0 f   MSVCRTD:utility.obj
 0001:00030720       __scrt_get_dyn_tls_init_callback 0000000100431720 f   MSVCRTD:dyn_tls_init.obj
 0001:00030730       __crt_debugger_hook        0000000100431730 f   MSVCRTD:utility_desktop.obj
 0001:00030740       __scrt_fastfail            0000000100431740 f   MSVCRTD:utility_desktop.obj
 0001:000308e0       __scrt_get_show_window_mode 00000001004318e0 f   MSVCRTD:utility_desktop.obj
 0001:00030940       __scrt_initialize_mta      0000000100431940 f   MSVCRTD:utility_desktop.obj
 0001:00030950       __scrt_initialize_winrt    0000000100431950 f   MSVCRTD:utility_desktop.obj
 0001:00030960       __scrt_is_managed_app      0000000100431960 f   MSVCRTD:utility_desktop.obj
 0001:00030a10       __scrt_set_unhandled_exception_filter 0000000100431a10 f   MSVCRTD:utility_desktop.obj
 0001:00030a30       __scrt_exe_initialize_mta  0000000100431a30 f   MSVCRTD:utility_desktop.obj
 0001:00030a30       __scrt_stub_for_initialize_mta 0000000100431a30 f   MSVCRTD:utility_desktop.obj
 0001:00030a40       __scrt_unhandled_exception_filter 0000000100431a40 f   MSVCRTD:utility_desktop.obj
 0001:00030ae0       _RTC_Initialize            0000000100431ae0 f   MSVCRTD:initsect.obj
 0001:00030b30       _RTC_Terminate             0000000100431b30 f   MSVCRTD:initsect.obj
 0001:00030b80       _guard_check_icall_nop     0000000100431b80 f i MSVCRTD:guard_support.obj
 0001:00030b90       ReadNoFence64              0000000100431b90 f i MSVCRTD:guard_support.obj
 0001:00030bb0       ReadPointerNoFence         0000000100431bb0 f i MSVCRTD:guard_support.obj
 0001:00030bd0       __castguard_check_failure_debugbreak 0000000100431bd0 f i MSVCRTD:guard_support.obj
 0001:00030bf0       __castguard_check_failure_fastfail 0000000100431bf0 f i MSVCRTD:guard_support.obj
 0001:00030c20       __castguard_check_failure_nop 0000000100431c20 f i MSVCRTD:guard_support.obj
 0001:00030c30       __castguard_check_failure_os_handled 0000000100431c30 f i MSVCRTD:guard_support.obj
 0001:00030d00       __castguard_slow_path_check_debugbreak 0000000100431d00 f i MSVCRTD:guard_support.obj
 0001:00030d40       __castguard_slow_path_check_fastfail 0000000100431d40 f i MSVCRTD:guard_support.obj
 0001:00030d90       __castguard_slow_path_check_nop 0000000100431d90 f i MSVCRTD:guard_support.obj
 0001:00030da0       __castguard_slow_path_check_os_handled 0000000100431da0 f i MSVCRTD:guard_support.obj
 0001:00030e60       _guard_icall_checks_enforced 0000000100431e60 f i MSVCRTD:guard_support.obj
 0001:00030ea0       _guard_rf_checks_enforced  0000000100431ea0 f i MSVCRTD:guard_support.obj
 0001:00030eb0       __isa_available_init       0000000100431eb0 f   MSVCRTD:cpu_disp.obj
 0001:00031260       _get_startup_argv_mode     0000000100432260 f   MSVCRTD:argv_mode.obj
 0001:00031270       __scrt_is_ucrt_dll_in_use  0000000100432270 f   MSVCRTD:ucrt_detection.obj
 0001:000312a0       memcmp                     00000001004322a0 f   vcruntimed:VCRUNTIME140D.dll
 0001:000312a6       strchr                     00000001004322a6 f   vcruntimed:VCRUNTIME140D.dll
 0001:000312ac       __C_specific_handler       00000001004322ac f   vcruntimed:VCRUNTIME140D.dll
 0001:000312b2       __std_type_info_destroy_list 00000001004322b2 f   vcruntimed:VCRUNTIME140D.dll
 0001:000312b8       __current_exception        00000001004322b8 f   vcruntimed:VCRUNTIME140D.dll
 0001:000312be       __current_exception_context 00000001004322be f   vcruntimed:VCRUNTIME140D.dll
 0001:000312c4       _errno                     00000001004322c4 f   ucrtd:ucrtbased.dll
 0001:000312ca       strcmp                     00000001004322ca f   ucrtd:ucrtbased.dll
 0001:000312d0       _stricmp                   00000001004322d0 f   ucrtd:ucrtbased.dll
 0001:000312d6       strlen                     00000001004322d6 f   ucrtd:ucrtbased.dll
 0001:000312dc       calloc                     00000001004322dc f   ucrtd:ucrtbased.dll
 0001:000312e2       free                       00000001004322e2 f   ucrtd:ucrtbased.dll
 0001:000312e8       malloc                     00000001004322e8 f   ucrtd:ucrtbased.dll
 0001:000312ee       exit                       00000001004322ee f   ucrtd:ucrtbased.dll
 0001:000312f4       _byteswap_ushort           00000001004322f4 f   ucrtd:ucrtbased.dll
 0001:000312fa       _byteswap_ulong            00000001004322fa f   ucrtd:ucrtbased.dll
 0001:00031300       atoi                       0000000100432300 f   ucrtd:ucrtbased.dll
 0001:00031306       __acrt_iob_func            0000000100432306 f   ucrtd:ucrtbased.dll
 0001:0003130c       ferror                     000000010043230c f   ucrtd:ucrtbased.dll
 0001:00031312       fgetc                      0000000100432312 f   ucrtd:ucrtbased.dll
 0001:00031318       fopen                      0000000100432318 f   ucrtd:ucrtbased.dll
 0001:0003131e       __stdio_common_vsnprintf_s 000000010043231e f   ucrtd:ucrtbased.dll
 0001:00031324       __stdio_common_vsscanf     0000000100432324 f   ucrtd:ucrtbased.dll
 0001:0003132a       _time64                    000000010043232a f   ucrtd:ucrtbased.dll
 0001:00031330       _strnicmp                  0000000100432330 f   ucrtd:ucrtbased.dll
 0001:00031336       strcpy                     0000000100432336 f   ucrtd:ucrtbased.dll
 0001:0003133c       strtoul                    000000010043233c f   ucrtd:ucrtbased.dll
 0001:00031342       isxdigit                   0000000100432342 f   ucrtd:ucrtbased.dll
 0001:00031348       isprint                    0000000100432348 f   ucrtd:ucrtbased.dll
 0001:0003134e       strncpy                    000000010043234e f   ucrtd:ucrtbased.dll
 0001:00031354       rand                       0000000100432354 f   ucrtd:ucrtbased.dll
 0001:0003135a       isspace                    000000010043235a f   ucrtd:ucrtbased.dll
 0001:00031360       _fullpath                  0000000100432360 f   ucrtd:ucrtbased.dll
 0001:00031366       __stdio_common_vsprintf    0000000100432366 f   ucrtd:ucrtbased.dll
 0001:0003136c       _initterm                  000000010043236c f   ucrtd:ucrtbased.dll
 0001:00031372       _initterm_e                0000000100432372 f   ucrtd:ucrtbased.dll
 0001:00031378       _seh_filter_dll            0000000100432378 f   ucrtd:ucrtbased.dll
 0001:0003137e       _configure_narrow_argv     000000010043237e f   ucrtd:ucrtbased.dll
 0001:00031384       _initialize_narrow_environment 0000000100432384 f   ucrtd:ucrtbased.dll
 0001:0003138a       _initialize_onexit_table   000000010043238a f   ucrtd:ucrtbased.dll
 0001:00031390       _register_onexit_function  0000000100432390 f   ucrtd:ucrtbased.dll
 0001:00031396       _execute_onexit_table      0000000100432396 f   ucrtd:ucrtbased.dll
 0001:0003139c       _crt_atexit                000000010043239c f   ucrtd:ucrtbased.dll
 0001:000313a2       _crt_at_quick_exit         00000001004323a2 f   ucrtd:ucrtbased.dll
 0001:000313a8       _cexit                     00000001004323a8 f   ucrtd:ucrtbased.dll
 0001:000313ae       terminate                  00000001004323ae f   ucrtd:ucrtbased.dll
 0001:000313b4       _strdup                    00000001004323b4 f   ucrtd:ucrtbased.dll
 0001:000313ba       _close                     00000001004323ba f   ucrtd:ucrtbased.dll
 0001:000313c0       _getpid                    00000001004323c0 f   ucrtd:ucrtbased.dll
 0001:000313c6       RtlCaptureContext          00000001004323c6 f   kernel32:KERNEL32.dll
 0001:000313cc       RtlLookupFunctionEntry     00000001004323cc f   kernel32:KERNEL32.dll
 0001:000313d2       RtlVirtualUnwind           00000001004323d2 f   kernel32:KERNEL32.dll
 0001:000313d8       UnhandledExceptionFilter   00000001004323d8 f   kernel32:KERNEL32.dll
 0001:000313de       SetUnhandledExceptionFilter 00000001004323de f   kernel32:KERNEL32.dll
 0001:000313e4       GetCurrentProcess          00000001004323e4 f   kernel32:KERNEL32.dll
 0001:000313ea       TerminateProcess           00000001004323ea f   kernel32:KERNEL32.dll
 0001:000313f0       IsProcessorFeaturePresent  00000001004323f0 f   kernel32:KERNEL32.dll
 0001:000313f6       QueryPerformanceCounter    00000001004323f6 f   kernel32:KERNEL32.dll
 0001:000313fc       GetCurrentProcessId        00000001004323fc f   kernel32:KERNEL32.dll
 0001:00031402       GetCurrentThreadId         0000000100432402 f   kernel32:KERNEL32.dll
 0001:00031408       GetSystemTimeAsFileTime    0000000100432408 f   kernel32:KERNEL32.dll
 0001:0003140e       DisableThreadLibraryCalls  000000010043240e f   kernel32:KERNEL32.dll
 0001:00031414       InitializeSListHead        0000000100432414 f   kernel32:KERNEL32.dll
 0001:0003141a       GetStartupInfoW            000000010043241a f   kernel32:KERNEL32.dll
 0001:00031420       GetModuleHandleW           0000000100432420 f   kernel32:KERNEL32.dll
 0001:00031430       __acrt_initialize          0000000100432430 f   MSVCRTD:ucrt_stubs.obj
 0001:00031430       __scrt_stub_for_acrt_initialize 0000000100432430 f   MSVCRTD:ucrt_stubs.obj
 0001:00031430       __vcrt_initialize          0000000100432430 f   MSVCRTD:ucrt_stubs.obj
 0001:00031440       __acrt_thread_attach       0000000100432440 f   MSVCRTD:ucrt_stubs.obj
 0001:00031440       __scrt_stub_for_acrt_thread_attach 0000000100432440 f   MSVCRTD:ucrt_stubs.obj
 0001:00031440       __vcrt_thread_attach       0000000100432440 f   MSVCRTD:ucrt_stubs.obj
 0001:00031450       __acrt_thread_detach       0000000100432450 f   MSVCRTD:ucrt_stubs.obj
 0001:00031450       __scrt_stub_for_acrt_thread_detach 0000000100432450 f   MSVCRTD:ucrt_stubs.obj
 0001:00031450       __vcrt_thread_detach       0000000100432450 f   MSVCRTD:ucrt_stubs.obj
 0001:00031460       __acrt_uninitialize        0000000100432460 f   MSVCRTD:ucrt_stubs.obj
 0001:00031460       __scrt_stub_for_acrt_uninitialize 0000000100432460 f   MSVCRTD:ucrt_stubs.obj
 0001:00031460       __vcrt_uninitialize        0000000100432460 f   MSVCRTD:ucrt_stubs.obj
 0001:00031470       __acrt_uninitialize_critical 0000000100432470 f   MSVCRTD:ucrt_stubs.obj
 0001:00031470       __scrt_stub_for_acrt_uninitialize_critical 0000000100432470 f   MSVCRTD:ucrt_stubs.obj
 0001:00031470       __vcrt_uninitialize_critical 0000000100432470 f   MSVCRTD:ucrt_stubs.obj
 0001:00031480       __scrt_stub_for_is_c_termination_complete 0000000100432480 f   MSVCRTD:ucrt_stubs.obj
 0001:00031480       _is_c_termination_complete 0000000100432480 f   MSVCRTD:ucrt_stubs.obj
 0001:00031483       memcpy                     0000000100432483 f   vcruntimed:VCRUNTIME140D.dll
 0001:000314a0       _guard_dispatch_icall_nop  00000001004324a0 f   MSVCRTD:guard_dispatch.obj
 0001:000314c0       _guard_xfg_dispatch_icall_nop 00000001004324c0 f   MSVCRTD:guard_xfg_dispatch.obj
 0002:00000000       __imp_IsDebuggerPresent    0000000100433000     kernel32:KERNEL32.dll
 0002:00000008       __imp_GetModuleHandleW     0000000100433008     kernel32:KERNEL32.dll
 0002:00000010       __imp_GetStartupInfoW      0000000100433010     kernel32:KERNEL32.dll
 0002:00000018       __imp_InitializeSListHead  0000000100433018     kernel32:KERNEL32.dll
 0002:00000020       __imp_DisableThreadLibraryCalls 0000000100433020     kernel32:KERNEL32.dll
 0002:00000028       __imp_GetSystemTimeAsFileTime 0000000100433028     kernel32:KERNEL32.dll
 0002:00000030       __imp_GetCurrentThreadId   0000000100433030     kernel32:KERNEL32.dll
 0002:00000038       __imp_GetCurrentProcessId  0000000100433038     kernel32:KERNEL32.dll
 0002:00000040       __imp_QueryPerformanceCounter 0000000100433040     kernel32:KERNEL32.dll
 0002:00000048       __imp_IsProcessorFeaturePresent 0000000100433048     kernel32:KERNEL32.dll
 0002:00000050       __imp_TerminateProcess     0000000100433050     kernel32:KERNEL32.dll
 0002:00000058       __imp_GetCurrentProcess    0000000100433058     kernel32:KERNEL32.dll
 0002:00000060       __imp_SetUnhandledExceptionFilter 0000000100433060     kernel32:KERNEL32.dll
 0002:00000068       __imp_UnhandledExceptionFilter 0000000100433068     kernel32:KERNEL32.dll
 0002:00000070       __imp_RtlVirtualUnwind     0000000100433070     kernel32:KERNEL32.dll
 0002:00000078       __imp_RtlLookupFunctionEntry 0000000100433078     kernel32:KERNEL32.dll
 0002:00000080       __imp_RtlCaptureContext    0000000100433080     kernel32:KERNEL32.dll
 0002:00000088       __imp_OutputDebugStringA   0000000100433088     kernel32:KERNEL32.dll
 0002:00000090       __imp_FormatMessageA       0000000100433090     kernel32:KERNEL32.dll
 0002:00000098       __imp_LoadLibraryExA       0000000100433098     kernel32:KERNEL32.dll
 0002:000000a0       __imp_GetProcAddress       00000001004330a0     kernel32:KERNEL32.dll
 0002:000000a8       __imp_FreeLibrary          00000001004330a8     kernel32:KERNEL32.dll
 0002:000000b0       __imp_LeaveCriticalSection 00000001004330b0     kernel32:KERNEL32.dll
 0002:000000b8       __imp_EnterCriticalSection 00000001004330b8     kernel32:KERNEL32.dll
 0002:000000c0       __imp_GetLastError         00000001004330c0     kernel32:KERNEL32.dll
 0002:000000c8       __imp_InitializeCriticalSection 00000001004330c8     kernel32:KERNEL32.dll
 0002:000000d0       \177KERNEL32_NULL_THUNK_DATA 00000001004330d0     kernel32:KERNEL32.dll
 0002:000000d8       __imp_strchr               00000001004330d8     vcruntimed:VCRUNTIME140D.dll
 0002:000000e0       __imp___C_specific_handler 00000001004330e0     vcruntimed:VCRUNTIME140D.dll
 0002:000000e8       __imp___std_type_info_destroy_list 00000001004330e8     vcruntimed:VCRUNTIME140D.dll
 0002:000000f0       __imp___current_exception  00000001004330f0     vcruntimed:VCRUNTIME140D.dll
 0002:000000f8       __imp___current_exception_context 00000001004330f8     vcruntimed:VCRUNTIME140D.dll
 0002:00000100       __imp_memcmp               0000000100433100     vcruntimed:VCRUNTIME140D.dll
 0002:00000108       __imp_memcpy               0000000100433108     vcruntimed:VCRUNTIME140D.dll
 0002:00000110       \177VCRUNTIME140D_NULL_THUNK_DATA 0000000100433110     vcruntimed:VCRUNTIME140D.dll
 0002:00000118       __imp_getsockname          0000000100433118     ws2_32:WS2_32.dll
 0002:00000120       __imp_connect              0000000100433120     ws2_32:WS2_32.dll
 0002:00000128       __imp_bind                 0000000100433128     ws2_32:WS2_32.dll
 0002:00000130       __imp_inet_addr            0000000100433130     ws2_32:WS2_32.dll
 0002:00000138       __imp_WSAGetLastError      0000000100433138     ws2_32:WS2_32.dll
 0002:00000140       __imp_ntohl                0000000100433140     ws2_32:WS2_32.dll
 0002:00000148       __imp_htons                0000000100433148     ws2_32:WS2_32.dll
 0002:00000150       __imp_inet_ntoa            0000000100433150     ws2_32:WS2_32.dll
 0002:00000158       __imp_listen               0000000100433158     ws2_32:WS2_32.dll
 0002:00000160       __imp_ntohs                0000000100433160     ws2_32:WS2_32.dll
 0002:00000168       __imp_setsockopt           0000000100433168     ws2_32:WS2_32.dll
 0002:00000170       __imp_shutdown             0000000100433170     ws2_32:WS2_32.dll
 0002:00000178       __imp_gethostbyname        0000000100433178     ws2_32:WS2_32.dll
 0002:00000180       __imp_freeaddrinfo         0000000100433180     ws2_32:WS2_32.dll
 0002:00000188       __imp_getnameinfo          0000000100433188     ws2_32:WS2_32.dll
 0002:00000190       __imp_htonl                0000000100433190     ws2_32:WS2_32.dll
 0002:00000198       __imp_getaddrinfo          0000000100433198     ws2_32:WS2_32.dll
 0002:000001a0       \177WS2_32_NULL_THUNK_DATA 00000001004331a0     ws2_32:WS2_32.dll
 0002:000001a8       __imp_device_attention     00000001004331a8     hengine:hengine.dll
 0002:000001b0       __imp_group_device         00000001004331b0     hengine:hengine.dll
 0002:000001b8       __imp_devinit_cmd          00000001004331b8     hengine:hengine.dll
 0002:000001c0       __imp_init_sysblk_netdev   00000001004331c0     hengine:hengine.dll
 0002:000001c8       \177hengine_NULL_THUNK_DATA 00000001004331c8     hengine:hengine.dll
 0002:000001d0       __imp_sysblk               00000001004331d0     hsys:hsys.dll
 0002:000001d8       \177hsys_NULL_THUNK_DATA   00000001004331d8     hsys:hsys.dll
 0002:000001e0       __imp_write_socket         00000001004331e0     hutil:hutil.dll
 0002:000001e8       __imp_read_socket          00000001004331e8     hutil:hutil.dll
 0002:000001f0       __imp_w32_select           00000001004331f0     hutil:hutil.dll
 0002:000001f8       __imp_w32_FD_SET           00000001004331f8     hutil:hutil.dll
 0002:00000200       __imp_w32_close_socket     0000000100433200     hutil:hutil.dll
 0002:00000208       __imp_w32_accept           0000000100433208     hutil:hutil.dll
 0002:00000210       __imp_set_socket_keepalive 0000000100433210     hutil:hutil.dll
 0002:00000218       __imp_socket_is_socket     0000000100433218     hutil:hutil.dll
 0002:00000220       __imp_fthread_self         0000000100433220     hutil:hutil.dll
 0002:00000228       __imp_guest_to_host        0000000100433228     hutil:hutil.dll
 0002:00000230       __imp_optarg               0000000100433230     hutil:hutil.dll
 0002:00000238       __imp_optind               0000000100433238     hutil:hutil.dll
 0002:00000240       __imp_pttclass             0000000100433240     hutil:hutil.dll
 0002:00000248       __imp_get_symbol           0000000100433248     hutil:hutil.dll
 0002:00000250       __imp_fwritemsg            0000000100433250     hutil:hutil.dll
 0002:00000258       __imp_w32_if_nametoindex   0000000100433258     hutil:hutil.dll
 0002:00000260       __imp_w32_basename         0000000100433260     hutil:hutil.dll
 0002:00000268       __imp_w32_fclose           0000000100433268     hutil:hutil.dll
 0002:00000270       __imp_w32_snprintf         0000000100433270     hutil:hutil.dll
 0002:00000278       __imp_w32_socket           0000000100433278     hutil:hutil.dll
 0002:00000280       __imp_hostpath             0000000100433280     hutil:hutil.dll
 0002:00000288       __imp_inet_aton            0000000100433288     hutil:hutil.dll
 0002:00000290       __imp_usleep               0000000100433290     hutil:hutil.dll
 0002:00000298       __imp_hdl_getpath          0000000100433298     hutil:hutil.dll
 0002:000002a0       __imp_gettimeofday         00000001004332a0     hutil:hutil.dll
 0002:000002a8       __imp_strtok_r             00000001004332a8     hutil:hutil.dll
 0002:000002b0       __imp_w32_strerror         00000001004332b0     hutil:hutil.dll
 0002:000002b8       __imp_rtrim                00000001004332b8     hutil:hutil.dll
 0002:000002c0       __imp_timed_wait_condition_relative_usecs_impl 00000001004332c0     hutil:hutil.dll
 0002:000002c8       __imp_strlcat              00000001004332c8     hutil:hutil.dll
 0002:000002d0       __imp_strlcpy              00000001004332d0     hutil:hutil.dll
 0002:000002d8       __imp_w32_inet_ntop        00000001004332d8     hutil:hutil.dll
 0002:000002e0       __imp_getopt_long          00000001004332e0     hutil:hutil.dll
 0002:000002e8       __imp_w32_inet_pton        00000001004332e8     hutil:hutil.dll
 0002:000002f0       __imp_logmsg               00000001004332f0     hutil:hutil.dll
 0002:000002f8       __imp_hthread_initialize_lock 00000001004332f8     hutil:hutil.dll
 0002:00000300       __imp_hthread_obtain_lock  0000000100433300     hutil:hutil.dll
 0002:00000308       __imp_hthread_release_lock 0000000100433308     hutil:hutil.dll
 0002:00000310       __imp_hthread_initialize_condition 0000000100433310     hutil:hutil.dll
 0002:00000318       __imp_hthread_signal_condition 0000000100433318     hutil:hutil.dll
 0002:00000320       __imp_hthread_timed_wait_condition 0000000100433320     hutil:hutil.dll
 0002:00000328       __imp_hthread_create_thread 0000000100433328     hutil:hutil.dll
 0002:00000330       __imp_resolve_symbol_string 0000000100433330     hutil:hutil.dll
 0002:00000338       __imp_hthread_join_thread  0000000100433338     hutil:hutil.dll
 0002:00000340       __imp_hthread_detach_thread 0000000100433340     hutil:hutil.dll
 0002:00000348       __imp_ptt_pthread_trace    0000000100433348     hutil:hutil.dll
 0002:00000350       __imp_set_symbol           0000000100433350     hutil:hutil.dll
 0002:00000358       \177hutil_NULL_THUNK_DATA  0000000100433358     hutil:hutil.dll
 0002:00000360       __imp__time64              0000000100433360     ucrtd:ucrtbased.dll
 0002:00000368       __imp__strnicmp            0000000100433368     ucrtd:ucrtbased.dll
 0002:00000370       __imp_strcpy               0000000100433370     ucrtd:ucrtbased.dll
 0002:00000378       __imp_strtoul              0000000100433378     ucrtd:ucrtbased.dll
 0002:00000380       __imp_isxdigit             0000000100433380     ucrtd:ucrtbased.dll
 0002:00000388       __imp_isprint              0000000100433388     ucrtd:ucrtbased.dll
 0002:00000390       __imp_strncpy              0000000100433390     ucrtd:ucrtbased.dll
 0002:00000398       __imp_rand                 0000000100433398     ucrtd:ucrtbased.dll
 0002:000003a0       __imp_isspace              00000001004333a0     ucrtd:ucrtbased.dll
 0002:000003a8       __imp__fullpath            00000001004333a8     ucrtd:ucrtbased.dll
 0002:000003b0       __imp___stdio_common_vsprintf 00000001004333b0     ucrtd:ucrtbased.dll
 0002:000003b8       __imp__initterm            00000001004333b8     ucrtd:ucrtbased.dll
 0002:000003c0       __imp__initterm_e          00000001004333c0     ucrtd:ucrtbased.dll
 0002:000003c8       __imp__seh_filter_dll      00000001004333c8     ucrtd:ucrtbased.dll
 0002:000003d0       __imp__configure_narrow_argv 00000001004333d0     ucrtd:ucrtbased.dll
 0002:000003d8       __imp__initialize_narrow_environment 00000001004333d8     ucrtd:ucrtbased.dll
 0002:000003e0       __imp__initialize_onexit_table 00000001004333e0     ucrtd:ucrtbased.dll
 0002:000003e8       __imp__register_onexit_function 00000001004333e8     ucrtd:ucrtbased.dll
 0002:000003f0       __imp__execute_onexit_table 00000001004333f0     ucrtd:ucrtbased.dll
 0002:000003f8       __imp__crt_atexit          00000001004333f8     ucrtd:ucrtbased.dll
 0002:00000400       __imp__crt_at_quick_exit   0000000100433400     ucrtd:ucrtbased.dll
 0002:00000408       __imp__cexit               0000000100433408     ucrtd:ucrtbased.dll
 0002:00000410       __imp_terminate            0000000100433410     ucrtd:ucrtbased.dll
 0002:00000418       __imp__strdup              0000000100433418     ucrtd:ucrtbased.dll
 0002:00000418       __imp_strdup               0000000100433418     ucrtd:ucrtbased.dll
 0002:00000420       __imp__close               0000000100433420     ucrtd:ucrtbased.dll
 0002:00000420       __imp_close                0000000100433420     ucrtd:ucrtbased.dll
 0002:00000428       __imp__getpid              0000000100433428     ucrtd:ucrtbased.dll
 0002:00000428       __imp_getpid               0000000100433428     ucrtd:ucrtbased.dll
 0002:00000430       __imp__errno               0000000100433430     ucrtd:ucrtbased.dll
 0002:00000438       __imp___stdio_common_vsscanf 0000000100433438     ucrtd:ucrtbased.dll
 0002:00000440       __imp___stdio_common_vsnprintf_s 0000000100433440     ucrtd:ucrtbased.dll
 0002:00000448       __imp_fopen                0000000100433448     ucrtd:ucrtbased.dll
 0002:00000450       __imp_fgetc                0000000100433450     ucrtd:ucrtbased.dll
 0002:00000458       __imp_ferror               0000000100433458     ucrtd:ucrtbased.dll
 0002:00000460       __imp_atoi                 0000000100433460     ucrtd:ucrtbased.dll
 0002:00000468       __imp__byteswap_ulong      0000000100433468     ucrtd:ucrtbased.dll
 0002:00000470       __imp__byteswap_ushort     0000000100433470     ucrtd:ucrtbased.dll
 0002:00000478       __imp_exit                 0000000100433478     ucrtd:ucrtbased.dll
 0002:00000480       __imp_malloc               0000000100433480     ucrtd:ucrtbased.dll
 0002:00000488       __imp_free                 0000000100433488     ucrtd:ucrtbased.dll
 0002:00000490       __imp_calloc               0000000100433490     ucrtd:ucrtbased.dll
 0002:00000498       __imp_strlen               0000000100433498     ucrtd:ucrtbased.dll
 0002:000004a0       __imp__stricmp             00000001004334a0     ucrtd:ucrtbased.dll
 0002:000004a8       __imp_strcmp               00000001004334a8     ucrtd:ucrtbased.dll
 0002:000004b0       __imp___acrt_iob_func      00000001004334b0     ucrtd:ucrtbased.dll
 0002:000004b8       \177ucrtbased_NULL_THUNK_DATA 00000001004334b8     ucrtd:ucrtbased.dll
 0002:000004c0       __guard_check_icall_fptr   00000001004334c0     MSVCRTD:guard_support.obj
 0002:000004c8       __guard_xfg_check_icall_fptr 00000001004334c8     MSVCRTD:guard_support.obj
 0002:000004d0       __guard_dispatch_icall_fptr 00000001004334d0     MSVCRTD:guard_support.obj
 0002:000004d8       __guard_xfg_dispatch_icall_fptr 00000001004334d8     MSVCRTD:guard_support.obj
 0002:000004e0       __guard_xfg_table_dispatch_icall_fptr 00000001004334e0     MSVCRTD:guard_support.obj
 0002:000004e8       __castguard_check_failure_os_handled_fptr 00000001004334e8     MSVCRTD:guard_support.obj
 0002:000004f0       __guard_memcpy_fptr        00000001004334f0     vcruntimed:softmemtag.obj
 0002:000004f8       __xc_a                     00000001004334f8     MSVCRTD:initializers.obj
 0002:00000500       __xc_z                     0000000100433500     MSVCRTD:initializers.obj
 0002:00000508       __xi_a                     0000000100433508     MSVCRTD:initializers.obj
 0002:00000510       __xi_z                     0000000100433510     MSVCRTD:initializers.obj
 0002:00000518       __xp_a                     0000000100433518     MSVCRTD:initializers.obj
 0002:00000520       __xp_z                     0000000100433520     MSVCRTD:initializers.obj
 0002:00000528       __xt_a                     0000000100433528     MSVCRTD:initializers.obj
 0002:00000530       __xt_z                     0000000100433530     MSVCRTD:initializers.obj
 0002:000009d8       _pDefaultRawDllMain        00000001004339d8     MSVCRTD:dll_dllmain.obj
 0002:000009d8       _pRawDllMain               00000001004339d8     MSVCRTD:dll_dllmain.obj
 0002:000009f0       _load_config_used          00000001004339f0     MSVCRTD:loadcfg.obj
 0002:00000c00       __CastGuardVftablesStart   0000000100433c00     MSVCRTD:guard_support.obj
 0002:00000c80       __CastGuardVftablesEnd     0000000100433c80     MSVCRTD:guard_support.obj
 0002:00000d00       __volatile_metadata        0000000100433d00     <linker-defined>
 0002:000012e8       __rtc_iaa                  00000001004342e8     MSVCRTD:initsect.obj
 0002:000012f0       __rtc_izz                  00000001004342f0     MSVCRTD:initsect.obj
 0002:000012f8       __rtc_taa                  00000001004342f8     MSVCRTD:initsect.obj
 0002:00001300       __rtc_tzz                  0000000100434300     MSVCRTD:initsect.obj
 0002:00001f78       __IMPORT_DESCRIPTOR_hengine 0000000100434f78     hengine:hengine.dll
 0002:00001f8c       __IMPORT_DESCRIPTOR_hutil  0000000100434f8c     hutil:hutil.dll
 0002:00001fa0       __IMPORT_DESCRIPTOR_hsys   0000000100434fa0     hsys:hsys.dll
 0002:00001fb4       __IMPORT_DESCRIPTOR_KERNEL32 0000000100434fb4     kernel32:KERNEL32.dll
 0002:00001fc8       __IMPORT_DESCRIPTOR_WS2_32 0000000100434fc8     ws2_32:WS2_32.dll
 0002:00001fdc       __IMPORT_DESCRIPTOR_VCRUNTIME140D 0000000100434fdc     vcruntimed:VCRUNTIME140D.dll
 0002:00001ff0       __IMPORT_DESCRIPTOR_ucrtbased 0000000100434ff0     ucrtd:ucrtbased.dll
 0002:00002004       __NULL_IMPORT_DESCRIPTOR   0000000100435004     hengine:hengine.dll
 0003:00000050       lcs_device_hndinfo         0000000100436050     ctc_lcs.obj
 0003:00007f00       ctci_device_hndinfo        000000010043df00     ctc_ctci.obj
 0003:00009920       ctct_device_hndinfo        000000010043f920     ctcadpt.obj
 0003:000099f0       ctce_device_hndinfo        000000010043f9f0     ctcadpt.obj
 0003:0000dcb0       __security_cookie_complement 0000000100443cb0     MSVCRTD:gs_cookie.obj
 0003:0000dcb8       __security_cookie          0000000100443cb8     MSVCRTD:gs_cookie.obj
 0003:0000dcc0       __scrt_native_dllmain_reason 0000000100443cc0     MSVCRTD:utility.obj
 0003:0000dcc8       __isa_available            0000000100443cc8     MSVCRTD:cpu_disp.obj
 0003:0000dccc       __isa_enabled              0000000100443ccc     MSVCRTD:cpu_disp.obj
 0003:0000dcd0       __memset_fast_string_threshold 0000000100443cd0     MSVCRTD:cpu_disp.obj
 0003:0000dcd8       __memset_nt_threshold      0000000100443cd8     MSVCRTD:cpu_disp.obj
 0003:0000dce0       __scrt_ucrt_dll_is_in_use  0000000100443ce0     MSVCRTD:ucrt_stubs.obj
 0003:0000dd30       g_tt32_hmoddll             0000000100443d30     w32ctca.obj
 0003:0000dd38       g_tt32_pfn_open_ex         0000000100443d38     w32ctca.obj
 0003:0000dd40       g_tt32_pfn_open            0000000100443d40     w32ctca.obj
 0003:0000dd48       g_tt32_pfn_close_ex        0000000100443d48     w32ctca.obj
 0003:0000dd50       g_tt32_pfn_close           0000000100443d50     w32ctca.obj
 0003:0000dd58       g_tt32_pfn_read_ex         0000000100443d58     w32ctca.obj
 0003:0000dd60       g_tt32_pfn_read            0000000100443d60     w32ctca.obj
 0003:0000dd68       g_tt32_pfn_write_ex        0000000100443d68     w32ctca.obj
 0003:0000dd70       g_tt32_pfn_write           0000000100443d70     w32ctca.obj
 0003:0000dd78       g_tt32_pfn_ioctl_ex        0000000100443d78     w32ctca.obj
 0003:0000dd80       g_tt32_pfn_ioctl           0000000100443d80     w32ctca.obj
 0003:0000dd88       g_tt32_pfn_get_stats_ex    0000000100443d88     w32ctca.obj
 0003:0000dd90       g_tt32_pfn_get_stats       0000000100443d90     w32ctca.obj
 0003:0000dd98       g_tt32_pfn_get_default_iface_ex 0000000100443d98     w32ctca.obj
 0003:0000dda0       g_tt32_pfn_get_default_iface 0000000100443da0     w32ctca.obj
 0003:0000dda8       g_tt32_pfn_set_debug_output_func_ex 0000000100443da8     w32ctca.obj
 0003:0000ddb0       g_tt32_pfn_set_debug_output_func 0000000100443db0     w32ctca.obj
 0003:0000ddb8       g_tt32_pfn_version_string_ex 0000000100443db8     w32ctca.obj
 0003:0000ddc0       g_tt32_pfn_version_string  0000000100443dc0     w32ctca.obj
 0003:0000ddc8       g_tt32_pfn_version_numbers_ex 0000000100443dc8     w32ctca.obj
 0003:0000ddd0       g_tt32_pfn_version_numbers 0000000100443dd0     w32ctca.obj
 0003:0000ddd8       g_tt32_pfn_copyright_string_ex 0000000100443dd8     w32ctca.obj
 0003:0000dde0       g_tt32_pfn_copyright_string 0000000100443de0     w32ctca.obj
 0003:0000dde8       g_tt32_pfn_build_herc_iface_mac_ex 0000000100443de8     w32ctca.obj
 0003:0000ddf0       g_tt32_pfn_build_herc_iface_mac 0000000100443df0     w32ctca.obj
 0003:0000ddf8       g_tt32_pfn_beg_write_multi_ex 0000000100443df8     w32ctca.obj
 0003:0000de00       g_tt32_pfn_beg_write_multi 0000000100443e00     w32ctca.obj
 0003:0000de08       g_tt32_pfn_end_write_multi_ex 0000000100443e08     w32ctca.obj
 0003:0000de10       g_tt32_pfn_end_write_multi 0000000100443e10     w32ctca.obj
 0003:0000de20       g_tt32_dllname             0000000100443e20     w32ctca.obj
 0003:0000e5a0       ?__type_info_root_node@@3U__type_info_node@@A 00000001004445a0     MSVCRTD:tncleanup.obj
 0003:0000e5b0       ?_OptionsStorage@?1??__local_stdio_printf_options@@9@4_KA 00000001004445b0     MSVCRTD:default_local_stdio_options.obj
 0003:0000e5b8       ?_OptionsStorage@?1??__local_stdio_scanf_options@@9@4_KA 00000001004445b8     MSVCRTD:default_local_stdio_options.obj
 0003:0000e5c0       __scrt_current_native_startup_state 00000001004445c0     MSVCRTD:utility.obj
 0003:0000e5c8       __scrt_native_startup_lock 00000001004445c8     MSVCRTD:utility.obj
 0003:0000e608       __scrt_debugger_hook_flag  0000000100444608     MSVCRTD:utility_desktop.obj
 0003:0000e60c       __favor                    000000010044460c     MSVCRTD:cpu_disp.obj
 0003:0000e620       ?buff@?1??gai_strerrorA@@9@9 0000000100444620     <common>
 0003:0000ea40       g_tt32_lock                0000000100444a40     <common>
 0003:0000ea68       ?_OptionsStorage@?1??__local_stdio_scanf_options@@9@9 0000000100444a68     <common>
 0003:0000ea70       ?_OptionsStorage@?1??__local_stdio_printf_options@@9@9 0000000100444a70     <common>
 0003:0000ea78       __@@_PchSym_@00@UkzkzUnbtrgUsbkvirlmRaevxgliUnhexOwvyftOznwGEOlyqUyfrowPkxsOlyq@4B2008FD98C1DD4 0000000100444a78     <common>
 0003:0000ea80       __dyn_tls_init_callback    0000000100444a80     <common>

 entry point at        0001:0002f7d0

 Static symbols

 0002:fffcd000       $unwind$_vsnprintf_s       0000000100400000     ctc_ctci.obj
 0002:fffcd000       $unwind$_vsnprintf_s_l     0000000100400000     ctc_ctci.obj
 0002:fffcd000       $unwind$fetch_hw_noswap    0000000100400000     ctc_ctci.obj
 0000:00000000       _volmd                     0000000100400000     ctc_ctci.obj
 0000:00000000       _volmd                     0000000100400000     ctc_lcs.obj
 0002:fffcd000       $unwind$_vsscanf_l         0000000100400000     ctcadpt.obj
 0002:fffcd000       $unwind$fetch_fw_noswap    0000000100400000     ctcadpt.obj
 0002:fffcd000       $unwind$fetch_hw_noswap    0000000100400000     ctcadpt.obj
 0002:fffcd000       $unwind$sscanf             0000000100400000     ctcadpt.obj
 0000:00000000       _volmd                     0000000100400000     ctcadpt.obj
 0000:fffa5000       .debug$S                   0000000100400000     hdt3088.exp
 0000:00000000       _volmd                     0000000100400000     netsupp.obj
 0002:fffcd000       $unwind$_vsnprintf_s       0000000100400000     tuntap.obj
 0002:fffcd000       $unwind$_vsnprintf_s_l     0000000100400000     tuntap.obj
 0002:fffcd000       $unwind$_vsscanf_l         0000000100400000     tuntap.obj
 0002:fffcd000       $unwind$sscanf             0000000100400000     tuntap.obj
 0000:00000000       _volmd                     0000000100400000     tuntap.obj
 0002:fffcd000       $unwind$_vsnprintf_s       0000000100400000     w32ctca.obj
 0002:fffcd000       $unwind$_vsnprintf_s_l     0000000100400000     w32ctca.obj
 0000:00000000       _volmd                     0000000100400000     w32ctca.obj
 0000:fffa5000       .debug$S                   0000000100400000     kernel32:KERNEL32.dll
 0000:fffa5000       .debug$S                   0000000100400000     kernel32:KERNEL32.dll
 0000:fffa5000       .debug$S                   0000000100400000     kernel32:KERNEL32.dll
 0000:fffa5000       .debug$S                   0000000100400000     kernel32:KERNEL32.dll
 0000:fffa5000       .debug$S                   0000000100400000     kernel32:KERNEL32.dll
 0000:fffa5000       .debug$S                   0000000100400000     kernel32:KERNEL32.dll
 0000:fffa5000       .debug$S                   0000000100400000     kernel32:KERNEL32.dll
 0000:fffa5000       .debug$S                   0000000100400000     kernel32:KERNEL32.dll
 0000:fffa5000       .debug$S                   0000000100400000     kernel32:KERNEL32.dll
 0000:fffa5000       .debug$S                   0000000100400000     kernel32:KERNEL32.dll
 0000:fffa5000       .debug$S                   0000000100400000     kernel32:KERNEL32.dll
 0000:fffa5000       .debug$S                   0000000100400000     kernel32:KERNEL32.dll
 0000:fffa5000       .debug$S                   0000000100400000     kernel32:KERNEL32.dll
 0000:fffa5000       .debug$S                   0000000100400000     kernel32:KERNEL32.dll
 0000:fffa5000       .debug$S                   0000000100400000     kernel32:KERNEL32.dll
 0000:fffa5000       .debug$S                   0000000100400000     kernel32:KERNEL32.dll
 0000:fffa5000       .debug$S                   0000000100400000     kernel32:KERNEL32.dll
 0000:fffa5000       .debug$S                   0000000100400000     kernel32:KERNEL32.dll
 0000:fffa5000       .debug$S                   0000000100400000     kernel32:KERNEL32.dll
 0000:fffa5000       .debug$S                   0000000100400000     kernel32:KERNEL32.dll
 0000:fffa5000       .debug$S                   0000000100400000     kernel32:KERNEL32.dll
 0000:fffa5000       .debug$S                   0000000100400000     kernel32:KERNEL32.dll
 0000:fffa5000       .debug$S                   0000000100400000     kernel32:KERNEL32.dll
 0000:fffa5000       .debug$S                   0000000100400000     kernel32:KERNEL32.dll
 0000:fffa5000       .debug$S                   0000000100400000     kernel32:KERNEL32.dll
 0000:fffa5000       .debug$S                   0000000100400000     kernel32:KERNEL32.dll
 0000:fffa5000       .debug$S                   0000000100400000     ws2_32:WS2_32.dll
 0000:fffa5000       .debug$S                   0000000100400000     ws2_32:WS2_32.dll
 0000:fffa5000       .debug$S                   0000000100400000     ws2_32:WS2_32.dll
 0000:fffa5000       .debug$S                   0000000100400000     ws2_32:WS2_32.dll
 0000:fffa5000       .debug$S                   0000000100400000     ws2_32:WS2_32.dll
 0000:fffa5000       .debug$S                   0000000100400000     ws2_32:WS2_32.dll
 0000:fffa5000       .debug$S                   0000000100400000     ws2_32:WS2_32.dll
 0000:fffa5000       .debug$S                   0000000100400000     ws2_32:WS2_32.dll
 0000:fffa5000       .debug$S                   0000000100400000     ws2_32:WS2_32.dll
 0000:fffa5000       .debug$S                   0000000100400000     ws2_32:WS2_32.dll
 0000:fffa5000       .debug$S                   0000000100400000     ws2_32:WS2_32.dll
 0000:fffa5000       .debug$S                   0000000100400000     ws2_32:WS2_32.dll
 0000:fffa5000       .debug$S                   0000000100400000     ws2_32:WS2_32.dll
 0000:fffa5000       .debug$S                   0000000100400000     ws2_32:WS2_32.dll
 0000:fffa5000       .debug$S                   0000000100400000     ws2_32:WS2_32.dll
 0000:fffa5000       .debug$S                   0000000100400000     ws2_32:WS2_32.dll
 0000:fffa5000       .debug$S                   0000000100400000     ws2_32:WS2_32.dll
 0000:fffa5000       .debug$S                   0000000100400000     ucrtd:ucrtbased.dll
 0000:fffa5000       .debug$S                   0000000100400000     ucrtd:ucrtbased.dll
 0000:fffa5000       .debug$S                   0000000100400000     ucrtd:ucrtbased.dll
 0000:fffa5000       .debug$S                   0000000100400000     ucrtd:ucrtbased.dll
 0000:fffa5000       .debug$S                   0000000100400000     ucrtd:ucrtbased.dll
 0000:fffa5000       .debug$S                   0000000100400000     ucrtd:ucrtbased.dll
 0000:fffa5000       .debug$S                   0000000100400000     ucrtd:ucrtbased.dll
 0000:fffa5000       .debug$S                   0000000100400000     ucrtd:ucrtbased.dll
 0000:fffa5000       .debug$S                   0000000100400000     ucrtd:ucrtbased.dll
 0000:fffa5000       .debug$S                   0000000100400000     ucrtd:ucrtbased.dll
 0000:fffa5000       .debug$S                   0000000100400000     ucrtd:ucrtbased.dll
 0000:fffa5000       .debug$S                   0000000100400000     ucrtd:ucrtbased.dll
 0000:fffa5000       .debug$S                   0000000100400000     ucrtd:ucrtbased.dll
 0000:fffa5000       .debug$S                   0000000100400000     ucrtd:ucrtbased.dll
 0000:fffa5000       .debug$S                   0000000100400000     ucrtd:ucrtbased.dll
 0000:fffa5000       .debug$S                   0000000100400000     ucrtd:ucrtbased.dll
 0000:fffa5000       .debug$S                   0000000100400000     ucrtd:ucrtbased.dll
 0000:fffa5000       .debug$S                   0000000100400000     ucrtd:ucrtbased.dll
 0000:fffa5000       .debug$S                   0000000100400000     ucrtd:ucrtbased.dll
 0000:fffa5000       .debug$S                   0000000100400000     ucrtd:ucrtbased.dll
 0000:fffa5000       .debug$S                   0000000100400000     ucrtd:ucrtbased.dll
 0000:fffa5000       .debug$S                   0000000100400000     ucrtd:ucrtbased.dll
 0000:fffa5000       .debug$S                   0000000100400000     ucrtd:ucrtbased.dll
 0000:fffa5000       .debug$S                   0000000100400000     ucrtd:ucrtbased.dll
 0000:fffa5000       .debug$S                   0000000100400000     ucrtd:ucrtbased.dll
 0000:fffa5000       .debug$S                   0000000100400000     ucrtd:ucrtbased.dll
 0000:fffa5000       .debug$S                   0000000100400000     ucrtd:ucrtbased.dll
 0000:fffa5000       .debug$S                   0000000100400000     ucrtd:ucrtbased.dll
 0000:fffa5000       .debug$S                   0000000100400000     ucrtd:ucrtbased.dll
 0000:fffa5000       .debug$S                   0000000100400000     ucrtd:ucrtbased.dll
 0000:fffa5000       .debug$S                   0000000100400000     ucrtd:ucrtbased.dll
 0000:fffa5000       .debug$S                   0000000100400000     ucrtd:ucrtbased.dll
 0000:fffa5000       .debug$S                   0000000100400000     ucrtd:ucrtbased.dll
 0000:fffa5000       .debug$S                   0000000100400000     ucrtd:ucrtbased.dll
 0000:fffa5000       .debug$S                   0000000100400000     ucrtd:ucrtbased.dll
 0000:fffa5000       .debug$S                   0000000100400000     ucrtd:ucrtbased.dll
 0000:fffa5000       .debug$S                   0000000100400000     ucrtd:ucrtbased.dll
 0000:fffa5000       .debug$S                   0000000100400000     ucrtd:ucrtbased.dll
 0000:fffa5000       .debug$S                   0000000100400000     ucrtd:ucrtbased.dll
 0000:fffa5000       .debug$S                   0000000100400000     ucrtd:ucrtbased.dll
 0000:fffa5000       .debug$S                   0000000100400000     ucrtd:ucrtbased.dll
 0000:fffa5000       .debug$S                   0000000100400000     ucrtd:ucrtbased.dll
 0000:fffa5000       .debug$S                   0000000100400000     ucrtd:ucrtbased.dll
 0000:00000000       _volmd                     0000000100400000     MSVCRTD:cpu_disp.obj
 0002:fffcd000       __guard_ehcont_?dllmain_dispatch@@YAHQEAUHINSTANCE__@@KQEAX@Z 0000000100400000     MSVCRTD:dll_dllmain.obj
 0002:fffcd000       __guard_fids_?dllmain_dispatch@@YAHQEAUHINSTANCE__@@KQEAX@Z 0000000100400000     MSVCRTD:dll_dllmain.obj
 0000:00000000       _volmd                     0000000100400000     MSVCRTD:gs_report.obj
 0000:00000000       _volmd                     0000000100400000     MSVCRTD:gs_report.obj
 0000:00000000       _volmd                     0000000100400000     MSVCRTD:gs_report.obj
 0002:fffcd000       __guard_fids__             0000000100400000     MSVCRTD:guard_support.obj
 0002:fffcd000       __guard_fids__             0000000100400000     MSVCRTD:guard_support.obj
 0002:fffcd000       __guard_fids__guard_icall_checks_enforced 0000000100400000     MSVCRTD:guard_support.obj
 0000:00000000       _volmd                     0000000100400000     MSVCRTD:guard_support.obj
 0000:00000000       _volmd                     0000000100400000     MSVCRTD:guard_support.obj
 0002:fffcd000       __guard_ehcont___scrt_is_nonwritable_in_current_image 0000000100400000     MSVCRTD:utility.obj
 0000:00000000       _volmd                     0000000100400000     MSVCRTD:utility.obj
 0000:00000000       _volmd                     0000000100400000     MSVCRTD:utility.obj
 0000:00000000       _volmd                     0000000100400000     MSVCRTD:utility.obj
 0002:fffcd000       __guard_fids___scrt_set_unhandled_exception_filter 0000000100400000     MSVCRTD:utility_desktop.obj
 0000:00000000       _volmd                     0000000100400000     MSVCRTD:utility_desktop.obj
 0002:fffcd000       __guard_fids__             0000000100400000     vcruntimed:softmemtag.obj
 0000:fffa5000       .debug$S                   0000000100400000     vcruntimed:VCRUNTIME140D.dll
 0000:fffa5000       .debug$S                   0000000100400000     vcruntimed:VCRUNTIME140D.dll
 0000:fffa5000       .debug$S                   0000000100400000     vcruntimed:VCRUNTIME140D.dll
 0000:fffa5000       .debug$S                   0000000100400000     vcruntimed:VCRUNTIME140D.dll
 0000:fffa5000       .debug$S                   0000000100400000     vcruntimed:VCRUNTIME140D.dll
 0000:fffa5000       .debug$S                   0000000100400000     vcruntimed:VCRUNTIME140D.dll
 0000:fffa5000       .debug$S                   0000000100400000     vcruntimed:VCRUNTIME140D.dll
 0000:fffa5000       .debug$S                   0000000100400000     hengine:hengine.dll
 0000:fffa5000       .debug$S                   0000000100400000     hengine:hengine.dll
 0000:fffa5000       .debug$S                   0000000100400000     hengine:hengine.dll
 0000:fffa5000       .debug$S                   0000000100400000     hengine:hengine.dll
 0000:fffa5000       .debug$S                   0000000100400000     hsys:hsys.dll
 0000:fffa5000       .debug$S                   0000000100400000     hutil:hutil.dll
 0000:fffa5000       .debug$S                   0000000100400000     hutil:hutil.dll
 0000:fffa5000       .debug$S                   0000000100400000     hutil:hutil.dll
 0000:fffa5000       .debug$S                   0000000100400000     hutil:hutil.dll
 0000:fffa5000       .debug$S                   0000000100400000     hutil:hutil.dll
 0000:fffa5000       .debug$S                   0000000100400000     hutil:hutil.dll
 0000:fffa5000       .debug$S                   0000000100400000     hutil:hutil.dll
 0000:fffa5000       .debug$S                   0000000100400000     hutil:hutil.dll
 0000:fffa5000       .debug$S                   0000000100400000     hutil:hutil.dll
 0000:fffa5000       .debug$S                   0000000100400000     hutil:hutil.dll
 0000:fffa5000       .debug$S                   0000000100400000     hutil:hutil.dll
 0000:fffa5000       .debug$S                   0000000100400000     hutil:hutil.dll
 0000:fffa5000       .debug$S                   0000000100400000     hutil:hutil.dll
 0000:fffa5000       .debug$S                   0000000100400000     hutil:hutil.dll
 0000:fffa5000       .debug$S                   0000000100400000     hutil:hutil.dll
 0000:fffa5000       .debug$S                   0000000100400000     hutil:hutil.dll
 0000:fffa5000       .debug$S                   0000000100400000     hutil:hutil.dll
 0000:fffa5000       .debug$S                   0000000100400000     hutil:hutil.dll
 0000:fffa5000       .debug$S                   0000000100400000     hutil:hutil.dll
 0000:fffa5000       .debug$S                   0000000100400000     hutil:hutil.dll
 0000:fffa5000       .debug$S                   0000000100400000     hutil:hutil.dll
 0000:fffa5000       .debug$S                   0000000100400000     hutil:hutil.dll
 0000:fffa5000       .debug$S                   0000000100400000     hutil:hutil.dll
 0000:fffa5000       .debug$S                   0000000100400000     hutil:hutil.dll
 0000:fffa5000       .debug$S                   0000000100400000     hutil:hutil.dll
 0000:fffa5000       .debug$S                   0000000100400000     hutil:hutil.dll
 0000:fffa5000       .debug$S                   0000000100400000     hutil:hutil.dll
 0000:fffa5000       .debug$S                   0000000100400000     hutil:hutil.dll
 0000:fffa5000       .debug$S                   0000000100400000     hutil:hutil.dll
 0000:fffa5000       .debug$S                   0000000100400000     hutil:hutil.dll
 0000:fffa5000       .debug$S                   0000000100400000     hutil:hutil.dll
 0000:fffa5000       .debug$S                   0000000100400000     hutil:hutil.dll
 0000:fffa5000       .debug$S                   0000000100400000     hutil:hutil.dll
 0000:fffa5000       .debug$S                   0000000100400000     hutil:hutil.dll
 0000:fffa5000       .debug$S                   0000000100400000     hutil:hutil.dll
 0000:fffa5000       .debug$S                   0000000100400000     hutil:hutil.dll
 0000:fffa5000       .debug$S                   0000000100400000     hutil:hutil.dll
 0000:fffa5000       .debug$S                   0000000100400000     hutil:hutil.dll
 0000:fffa5000       .debug$S                   0000000100400000     hutil:hutil.dll
 0000:fffa5000       .debug$S                   0000000100400000     hutil:hutil.dll
 0000:fffa5000       .debug$S                   0000000100400000     hutil:hutil.dll
 0000:fffa5000       .debug$S                   0000000100400000     hutil:hutil.dll
 0000:fffa5000       .debug$S                   0000000100400000     hutil:hutil.dll
 0000:fffa5000       .debug$S                   0000000100400000     hutil:hutil.dll
 0000:fffa5000       .debug$S                   0000000100400000     hutil:hutil.dll
 0000:fffa5000       .debug$S                   0000000100400000     hutil:hutil.dll
 0000:fffa5000       .debug$S                   0000000100400000     hutil:hutil.dll
 0000:00000010       _volmd                     0000000100400010     ctc_ctci.obj
 0000:00000010       _volmd                     0000000100400010     ctc_lcs.obj
 0000:00000010       _volmd                     0000000100400010     ctcadpt.obj
 0000:00000010       _volmd                     0000000100400010     tuntap.obj
 0000:00000010       _volmd                     0000000100400010     w32ctca.obj
 0000:00000020       _volmd                     0000000100400020     ctc_ctci.obj
 0000:00000020       _volmd                     0000000100400020     ctc_lcs.obj
 0000:00000020       _volmd                     0000000100400020     ctcadpt.obj
 0000:00000020       _volmd                     0000000100400020     tuntap.obj
 0000:00000030       _volmd                     0000000100400030     ctc_ctci.obj
 0000:00000030       _volmd                     0000000100400030     ctc_lcs.obj
 0000:00000030       _volmd                     0000000100400030     ctcadpt.obj
 0000:00000030       _volmd                     0000000100400030     tuntap.obj
 0000:00000040       _volmd                     0000000100400040     ctc_ctci.obj
 0000:00000040       _volmd                     0000000100400040     ctc_lcs.obj
 0000:00000040       _volmd                     0000000100400040     ctcadpt.obj
 0000:00000040       _volmd                     0000000100400040     tuntap.obj
 0000:00000050       _volmd                     0000000100400050     ctc_ctci.obj
 0000:00000050       _volmd                     0000000100400050     ctc_lcs.obj
 0000:00000050       _volmd                     0000000100400050     ctcadpt.obj
 0000:00000050       _volmd                     0000000100400050     tuntap.obj
 0000:00000060       _volmd                     0000000100400060     ctc_lcs.obj
 0000:00000060       _volmd                     0000000100400060     ctcadpt.obj
 0000:00000060       _volmd                     0000000100400060     tuntap.obj
 0000:00000070       _volmd                     0000000100400070     ctc_lcs.obj
 0000:00000070       _volmd                     0000000100400070     ctcadpt.obj
 0000:00000070       _volmd                     0000000100400070     tuntap.obj
 0000:00000080       _volmd                     0000000100400080     ctc_lcs.obj
 0000:00000080       _volmd                     0000000100400080     ctcadpt.obj
 0000:00000080       _volmd                     0000000100400080     tuntap.obj
 0000:00000090       _volmd                     0000000100400090     ctc_lcs.obj
 0000:00000090       _volmd                     0000000100400090     ctcadpt.obj
 0000:00000090       _volmd                     0000000100400090     tuntap.obj
 0000:000000a0       _volmd                     00000001004000a0     ctc_lcs.obj
 0000:000000a0       _volmd                     00000001004000a0     ctcadpt.obj
 0000:000000a0       _volmd                     00000001004000a0     tuntap.obj
 0000:000000b0       _volmd                     00000001004000b0     ctc_lcs.obj
 0000:000000b0       _volmd                     00000001004000b0     ctcadpt.obj
 0000:000000b0       _volmd                     00000001004000b0     tuntap.obj
 0000:000000c0       _volmd                     00000001004000c0     ctc_lcs.obj
 0000:000000c0       _volmd                     00000001004000c0     ctcadpt.obj
 0000:000000c0       _volmd                     00000001004000c0     tuntap.obj
 0000:000000d0       _volmd                     00000001004000d0     ctc_lcs.obj
 0000:000000d0       _volmd                     00000001004000d0     ctcadpt.obj
 0000:000000d0       _volmd                     00000001004000d0     tuntap.obj
 0000:000000e0       _volmd                     00000001004000e0     ctc_lcs.obj
 0000:000000e0       _volmd                     00000001004000e0     ctcadpt.obj
 0000:000000e0       _volmd                     00000001004000e0     tuntap.obj
 0000:000000f0       _volmd                     00000001004000f0     ctc_lcs.obj
 0000:000000f0       _volmd                     00000001004000f0     ctcadpt.obj
 0000:00000100       _volmd                     0000000100400100     ctc_lcs.obj
 0000:00000100       _volmd                     0000000100400100     ctcadpt.obj
 0000:00000110       _volmd                     0000000100400110     ctc_lcs.obj
 0000:00000110       _volmd                     0000000100400110     ctcadpt.obj
 0000:00000120       _volmd                     0000000100400120     ctc_lcs.obj
 0000:00000130       _volmd                     0000000100400130     ctc_lcs.obj
 0000:00000140       _volmd                     0000000100400140     ctc_lcs.obj
 0000:00000150       _volmd                     0000000100400150     ctc_lcs.obj
 0000:00000160       _volmd                     0000000100400160     ctc_lcs.obj
 0000:00000170       _volmd                     0000000100400170     ctc_lcs.obj
 0000:00000180       _volmd                     0000000100400180     ctc_lcs.obj
 0000:00000190       _volmd                     0000000100400190     ctc_lcs.obj
 0000:000001a0       _volmd                     00000001004001a0     ctc_lcs.obj
 0000:000001b0       _volmd                     00000001004001b0     ctc_lcs.obj
 0000:000001c0       _volmd                     00000001004001c0     ctc_lcs.obj
 0000:000001d0       _volmd                     00000001004001d0     ctc_lcs.obj
 0000:000001e0       _volmd                     00000001004001e0     ctc_lcs.obj
 0000:000001f0       _volmd                     00000001004001f0     ctc_lcs.obj
 0001:00000000       time                       0000000100401000 f   ctc_lcs.obj
 0001:00000020       DebuggerTrace              0000000100401020 f   ctc_lcs.obj
 0001:00002e68       $LN77                      0000000100403e68     ctc_lcs.obj
 0001:00002e9c       $LN76                      0000000100403e9c     ctc_lcs.obj
 0001:00002f90       SetSIDInfo                 0000000100403f90 f   ctc_lcs.obj
 0001:000030b0       LCS_Read                   00000001004040b0 f   ctc_lcs.obj
 0001:00003b30       LCS_Write                  0000000100404b30 f   ctc_lcs.obj
 0001:00005788       $LN157                     0000000100406788     ctc_lcs.obj
 0001:000057ac       $LN156                     00000001004067ac     ctc_lcs.obj
 0001:00005870       LCS_Assist                 0000000100406870 f   ctc_lcs.obj
 0001:00005bd0       LCS_Startup                0000000100406bd0 f   ctc_lcs.obj
 0001:00005f70       LCS_Shutdown               0000000100406f70 f   ctc_lcs.obj
 0001:000060b0       LCS_StartLan               00000001004070b0 f   ctc_lcs.obj
 0001:00006550       LCS_StopLan                0000000100407550 f   ctc_lcs.obj
 0001:000068c0       LCS_QueryIPAssists         00000001004078c0 f   ctc_lcs.obj
 0001:00006a70       LCS_LanStats               0000000100407a70 f   ctc_lcs.obj
 0001:00006be0       LCS_AddMulticast           0000000100407be0 f   ctc_lcs.obj
 0001:00006c20       LCS_DelMulticast           0000000100407c20 f   ctc_lcs.obj
 0001:00006c60       LCS_DefaultCmdProc         0000000100407c60 f   ctc_lcs.obj
 0001:00006d80       LCS_PortThread             0000000100407d80 f   ctc_lcs.obj
 0001:00008800       LCS_AttnThread             0000000100409800 f   ctc_lcs.obj
 0001:00009130       LCS_EnqueueEthFrame        000000010040a130 f   ctc_lcs.obj
 0001:00009630       LCS_DoEnqueueEthFrame      000000010040a630 f   ctc_lcs.obj
 0001:00009c70       LCS_EnqueueReplyFrame      000000010040ac70 f   ctc_lcs.obj
 0001:0000a1a0       LCS_DoEnqueueReplyFrame    000000010040b1a0 f   ctc_lcs.obj
 0001:0000a720       GetFrameInfo               000000010040b720 f   ctc_lcs.obj
 0001:0000ab10       GetIfMACAddress            000000010040bb10 f   ctc_lcs.obj
 0001:0000b020       BuildOAT                   000000010040c020 f   ctc_lcs.obj
 0001:0000c1f0       ReadOAT                    000000010040d1f0 f   ctc_lcs.obj
 0001:0000c460       ParseArgs                  000000010040d460 f   ctc_lcs.obj
 0001:0000d1b8       $LN45                      000000010040e1b8     ctc_lcs.obj
 0001:0000d210       LCS_Read_SNA               000000010040e210 f   ctc_lcs.obj
 0001:0000da30       LCS_Write_SNA              000000010040ea30 f   ctc_lcs.obj
 0001:0000f6f0       $LN182                     00000001004106f0     ctc_lcs.obj
 0001:0000f70c       $LN181                     000000010041070c     ctc_lcs.obj
 0001:0000f730       LCS_StartLan_SNA           0000000100410730 f   ctc_lcs.obj
 0001:0000fc40       LCS_StopLan_SNA            0000000100410c40 f   ctc_lcs.obj
 0001:000101a0       LCS_LanStats_SNA           00000001004111a0 f   ctc_lcs.obj
 0001:00010350       LCS_UnsuppCmd_SNA          0000000100411350 f   ctc_lcs.obj
 0001:000104a0       LCS_ProcessAccepted_SNA    00000001004114a0 f   ctc_lcs.obj
 0001:00013184       $LN139                     0000000100414184     ctc_lcs.obj
 0001:000131a4       $LN138                     00000001004141a4     ctc_lcs.obj
 0001:000131d0       ExtractLLC                 00000001004141d0 f   ctc_lcs.obj
 0001:00013660       BuildLLC                   0000000100414660 f   ctc_lcs.obj
 0001:00013a80       Process_0D10               0000000100414a80 f   ctc_lcs.obj
 0001:000141a0       Process_0D00               00000001004151a0 f   ctc_lcs.obj
 0001:00014680       Process_8C0B               0000000100415680 f   ctc_lcs.obj
 0001:00014b70       Process_0C0A               0000000100415b70 f   ctc_lcs.obj
 0001:00015260       Process_0C25               0000000100416260 f   ctc_lcs.obj
 0001:00015720       Process_0C22               0000000100416720 f   ctc_lcs.obj
 0001:00015da0       Process_8D00               0000000100416da0 f   ctc_lcs.obj
 0001:00016280       Process_0C0B               0000000100417280 f   ctc_lcs.obj
 0001:00016480       Process_0C99               0000000100417480 f   ctc_lcs.obj
 0001:000165d0       Process_0C0D               00000001004175d0 f   ctc_lcs.obj
 0001:000166c0       Process_0C0E               00000001004176c0 f   ctc_lcs.obj
 0001:000167b0       Process_0C98               00000001004177b0 f   ctc_lcs.obj
 0001:000168a0       alloc_lcs_buffer           00000001004178a0 f   ctc_lcs.obj
 0001:00016a20       add_lcs_buffer_to_chain    0000000100417a20 f   ctc_lcs.obj
 0001:00016ad0       remove_lcs_buffer_from_chain 0000000100417ad0 f   ctc_lcs.obj
 0001:00016b70       remove_and_free_any_lcs_buffers_on_chain 0000000100417b70 f   ctc_lcs.obj
[...]
 0003:0000caa4       $SG159275                  0000000100442aa4     w32ctca.obj
 0003:0000caa8       $SG159160                  0000000100442aa8     w32ctca.obj
 0003:0000cac8       $SG159161                  0000000100442ac8     w32ctca.obj
 0003:0000cae4       $SG159378                  0000000100442ae4     w32ctca.obj
 0003:0000cae8       $SG159163                  0000000100442ae8     w32ctca.obj
 0003:0000cb0c       $SG159383                  0000000100442b0c     w32ctca.obj
 0003:0000cb10       $SG159164                  0000000100442b10     w32ctca.obj
 0003:0000cb30       $SG159166                  0000000100442b30     w32ctca.obj
 0003:0000cb4c       $SG159388                  0000000100442b4c     w32ctca.obj
 0003:0000cb50       $SG159167                  0000000100442b50     w32ctca.obj
 0003:0000cb68       $SG159169                  0000000100442b68     w32ctca.obj
 0003:0000cb84       $SG159393                  0000000100442b84     w32ctca.obj
 0003:0000cb88       $SG159170                  0000000100442b88     w32ctca.obj
 0003:0000cba4       $SG159398                  0000000100442ba4     w32ctca.obj
 0003:0000cba8       $SG159172                  0000000100442ba8     w32ctca.obj
 0003:0000cbc8       $SG159173                  0000000100442bc8     w32ctca.obj
 0003:0000cbe4       $SG159403                  0000000100442be4     w32ctca.obj
 0003:0000cbe8       $SG159175                  0000000100442be8     w32ctca.obj
 0003:0000cc0c       $SG159408                  0000000100442c0c     w32ctca.obj
 0003:0000cc10       $SG159176                  0000000100442c10     w32ctca.obj
 0003:0000cc30       $SG159177                  0000000100442c30     w32ctca.obj
 0003:0000cc4c       $SG159413                  0000000100442c4c     w32ctca.obj
 0003:0000cc50       $SG159178                  0000000100442c50     w32ctca.obj
 0003:0000cc6c       $SG159418                  0000000100442c6c     w32ctca.obj
 0003:0000cc70       $SG159179                  0000000100442c70     w32ctca.obj
 0003:0000cc8c       $SG159423                  0000000100442c8c     w32ctca.obj
 0003:0000cc90       $SG159180                  0000000100442c90     w32ctca.obj
 0003:0000ccac       $SG159428                  0000000100442cac     w32ctca.obj
 0003:0000ccb0       $SG159182                  0000000100442cb0     w32ctca.obj
 0003:0000cce4       $SG159433                  0000000100442ce4     w32ctca.obj
 0003:0000cce8       $SG159183                  0000000100442ce8     w32ctca.obj
 0003:0000ccfc       $SG159438                  0000000100442cfc     w32ctca.obj
 0003:0000cd00       $SG159184                  0000000100442d00     w32ctca.obj
 0003:0000cd0c       $SG159443                  0000000100442d0c     w32ctca.obj
 0003:0000cd10       $SG159202                  0000000100442d10     w32ctca.obj
 0003:0000cd24       $SG159448                  0000000100442d24     w32ctca.obj
 0003:0000cd28       $SG159203                  0000000100442d28     w32ctca.obj
 0003:0000cd44       $SG159453                  0000000100442d44     w32ctca.obj
 0003:0000cd48       $SG159204                  0000000100442d48     w32ctca.obj
 0003:0000cd54       $SG159458                  0000000100442d54     w32ctca.obj
 0003:0000cd58       $SG159241                  0000000100442d58     w32ctca.obj
 0003:0000cd68       $SG159242                  0000000100442d68     w32ctca.obj
 0003:0000cd78       $SG159245                  0000000100442d78     w32ctca.obj
 0003:0000cd88       $SG159246                  0000000100442d88     w32ctca.obj
 0003:0000cd98       $SG159249                  0000000100442d98     w32ctca.obj
 0003:0000cda8       $SG159269                  0000000100442da8     w32ctca.obj
 0003:0000cdc0       $SG159247                  0000000100442dc0     w32ctca.obj
 0003:0000ce08       $SG159250                  0000000100442e08     w32ctca.obj
 0003:0000ce18       $SG159259                  0000000100442e18     w32ctca.obj
 0003:0000ce28       $SG159276                  0000000100442e28     w32ctca.obj
 0003:0000ce50       $SG159251                  0000000100442e50     w32ctca.obj
 0003:0000ce98       $SG159260                  0000000100442e98     w32ctca.obj
 0003:0000cea8       $SG159263                  0000000100442ea8     w32ctca.obj
 0003:0000ceb8       $SG159367                  0000000100442eb8     w32ctca.obj
 0003:0000ced0       $SG159261                  0000000100442ed0     w32ctca.obj
 0003:0000cf18       $SG159264                  0000000100442f18     w32ctca.obj
 0003:0000cf28       $SG159272                  0000000100442f28     w32ctca.obj
 0003:0000cf38       $SG159380                  0000000100442f38     w32ctca.obj
 0003:0000cf50       $SG159265                  0000000100442f50     w32ctca.obj
 0003:0000cf98       $SG159271                  0000000100442f98     w32ctca.obj
 0003:0000cfc4       $SG159462                  0000000100442fc4     w32ctca.obj
 0003:0000cfc8       $SG159273                  0000000100442fc8     w32ctca.obj
 0003:0000cfd4       $SG159467                  0000000100442fd4     w32ctca.obj
 0003:0000cfd8       $SG159277                  0000000100442fd8     w32ctca.obj
 0003:0000cfe8       $SG159278                  0000000100442fe8     w32ctca.obj
 0003:0000cff4       $SG159472                  0000000100442ff4     w32ctca.obj
 0003:0000cff8       $SG159379                  0000000100442ff8     w32ctca.obj
 0003:0000d014       $SG159477                  0000000100443014     w32ctca.obj
 0003:0000d018       $SG159381                  0000000100443018     w32ctca.obj
 0003:0000d024       $SG159482                  0000000100443024     w32ctca.obj
 0003:0000d028       $SG159382                  0000000100443028     w32ctca.obj
 0003:0000d04c       $SG159487                  000000010044304c     w32ctca.obj
 0003:0000d050       $SG159384                  0000000100443050     w32ctca.obj
 0003:0000d068       $SG159385                  0000000100443068     w32ctca.obj
 0003:0000d07c       $SG159492                  000000010044307c     w32ctca.obj
 0003:0000d080       $SG159386                  0000000100443080     w32ctca.obj
 0003:0000d08c       $SG159497                  000000010044308c     w32ctca.obj
 0003:0000d090       $SG159387                  0000000100443090     w32ctca.obj
 0003:0000d0b4       $SG159502                  00000001004430b4     w32ctca.obj
 0003:0000d0b8       $SG159389                  00000001004430b8     w32ctca.obj
 0003:0000d0d0       $SG159390                  00000001004430d0     w32ctca.obj
 0003:0000d0e4       $SG159507                  00000001004430e4     w32ctca.obj
 0003:0000d0e8       $SG159391                  00000001004430e8     w32ctca.obj
 0003:0000d0f4       $SG159512                  00000001004430f4     w32ctca.obj
 0003:0000d0f8       $SG159392                  00000001004430f8     w32ctca.obj
 0003:0000d11c       $SG159517                  000000010044311c     w32ctca.obj
 0003:0000d120       $SG159394                  0000000100443120     w32ctca.obj
 0003:0000d138       $SG159395                  0000000100443138     w32ctca.obj
 0003:0000d14c       $SG159522                  000000010044314c     w32ctca.obj
 0003:0000d150       $SG159396                  0000000100443150     w32ctca.obj
 0003:0000d15c       $SG159527                  000000010044315c     w32ctca.obj
 0003:0000d160       $SG159397                  0000000100443160     w32ctca.obj
 0003:0000d178       $SG159399                  0000000100443178     w32ctca.obj
 0003:0000d198       $SG159400                  0000000100443198     w32ctca.obj
 0003:0000d1b0       $SG159401                  00000001004431b0     w32ctca.obj
 0003:0000d1c0       $SG159402                  00000001004431c0     w32ctca.obj
 0003:0000d1d8       $SG159404                  00000001004431d8     w32ctca.obj
 0003:0000d1f8       $SG159405                  00000001004431f8     w32ctca.obj
 0003:0000d210       $SG159406                  0000000100443210     w32ctca.obj
 0003:0000d220       $SG159407                  0000000100443220     w32ctca.obj
 0003:0000d248       $SG159409                  0000000100443248     w32ctca.obj
 0003:0000d268       $SG159410                  0000000100443268     w32ctca.obj
 0003:0000d280       $SG159411                  0000000100443280     w32ctca.obj
 0003:0000d290       $SG159412                  0000000100443290     w32ctca.obj
 0003:0000d2a8       $SG159414                  00000001004432a8     w32ctca.obj
 0003:0000d2c8       $SG159415                  00000001004432c8     w32ctca.obj
 0003:0000d2e0       $SG159416                  00000001004432e0     w32ctca.obj
 0003:0000d2f0       $SG159417                  00000001004432f0     w32ctca.obj
 0003:0000d308       $SG159419                  0000000100443308     w32ctca.obj
 0003:0000d328       $SG159420                  0000000100443328     w32ctca.obj
 0003:0000d340       $SG159421                  0000000100443340     w32ctca.obj
 0003:0000d350       $SG159422                  0000000100443350     w32ctca.obj
 0003:0000d368       $SG159424                  0000000100443368     w32ctca.obj
 0003:0000d388       $SG159425                  0000000100443388     w32ctca.obj
 0003:0000d3a0       $SG159426                  00000001004433a0     w32ctca.obj
 0003:0000d3b0       $SG159427                  00000001004433b0     w32ctca.obj
 0003:0000d3c0       $SG159429                  00000001004433c0     w32ctca.obj
 0003:0000d3e0       $SG159430                  00000001004433e0     w32ctca.obj
 0003:0000d3f8       $SG159431                  00000001004433f8     w32ctca.obj
 0003:0000d408       $SG159432                  0000000100443408     w32ctca.obj
 0003:0000d428       $SG159434                  0000000100443428     w32ctca.obj
 0003:0000d448       $SG159435                  0000000100443448     w32ctca.obj
 0003:0000d460       $SG159436                  0000000100443460     w32ctca.obj
 0003:0000d470       $SG159437                  0000000100443470     w32ctca.obj
 0003:0000d488       $SG159439                  0000000100443488     w32ctca.obj
 0003:0000d4a8       $SG159440                  00000001004434a8     w32ctca.obj
 0003:0000d4c0       $SG159441                  00000001004434c0     w32ctca.obj
 0003:0000d4d0       $SG159442                  00000001004434d0     w32ctca.obj
 0003:0000d4e8       $SG159444                  00000001004434e8     w32ctca.obj
 0003:0000d508       $SG159445                  0000000100443508     w32ctca.obj
 0003:0000d520       $SG159446                  0000000100443520     w32ctca.obj
 0003:0000d530       $SG159447                  0000000100443530     w32ctca.obj
 0003:0000d550       $SG159449                  0000000100443550     w32ctca.obj
 0003:0000d570       $SG159450                  0000000100443570     w32ctca.obj
 0003:0000d588       $SG159451                  0000000100443588     w32ctca.obj
 0003:0000d598       $SG159452                  0000000100443598     w32ctca.obj
 0003:0000d5b0       $SG159454                  00000001004435b0     w32ctca.obj
 0003:0000d5d0       $SG159455                  00000001004435d0     w32ctca.obj
 0003:0000d5e8       $SG159456                  00000001004435e8     w32ctca.obj
 0003:0000d5f8       $SG159457                  00000001004435f8     w32ctca.obj
 0003:0000d610       $SG159459                  0000000100443610     w32ctca.obj
 0003:0000d630       $SG159460                  0000000100443630     w32ctca.obj
 0003:0000d648       $SG159461                  0000000100443648     w32ctca.obj
 0003:0000d658       $SG159463                  0000000100443658     w32ctca.obj
 0003:0000d678       $SG159464                  0000000100443678     w32ctca.obj
 0003:0000d690       $SG159465                  0000000100443690     w32ctca.obj
 0003:0000d6a0       $SG159466                  00000001004436a0     w32ctca.obj
 0003:0000d6c8       $SG159468                  00000001004436c8     w32ctca.obj
 0003:0000d6e0       $SG159469                  00000001004436e0     w32ctca.obj
 0003:0000d6f8       $SG159470                  00000001004436f8     w32ctca.obj
 0003:0000d708       $SG159471                  0000000100443708     w32ctca.obj
 0003:0000d730       $SG159473                  0000000100443730     w32ctca.obj
 0003:0000d748       $SG159474                  0000000100443748     w32ctca.obj
 0003:0000d760       $SG159475                  0000000100443760     w32ctca.obj
 0003:0000d770       $SG159476                  0000000100443770     w32ctca.obj
 0003:0000d798       $SG159478                  0000000100443798     w32ctca.obj
 0003:0000d7b0       $SG159479                  00000001004437b0     w32ctca.obj
 0003:0000d7c8       $SG159480                  00000001004437c8     w32ctca.obj
 0003:0000d7d8       $SG159481                  00000001004437d8     w32ctca.obj
 0003:0000d7f0       $SG159483                  00000001004437f0     w32ctca.obj
 0003:0000d810       $SG159484                  0000000100443810     w32ctca.obj
 0003:0000d828       $SG159485                  0000000100443828     w32ctca.obj
 0003:0000d838       $SG159486                  0000000100443838     w32ctca.obj
 0003:0000d850       $SG159488                  0000000100443850     w32ctca.obj
 0003:0000d870       $SG159489                  0000000100443870     w32ctca.obj
 0003:0000d888       $SG159490                  0000000100443888     w32ctca.obj
 0003:0000d898       $SG159491                  0000000100443898     w32ctca.obj
 0003:0000d8b0       $SG159493                  00000001004438b0     w32ctca.obj
 0003:0000d8d0       $SG159494                  00000001004438d0     w32ctca.obj
 0003:0000d8e8       $SG159495                  00000001004438e8     w32ctca.obj
 0003:0000d8f8       $SG159496                  00000001004438f8     w32ctca.obj
 0003:0000d910       $SG159498                  0000000100443910     w32ctca.obj
 0003:0000d930       $SG159499                  0000000100443930     w32ctca.obj
 0003:0000d948       $SG159500                  0000000100443948     w32ctca.obj
 0003:0000d958       $SG159501                  0000000100443958     w32ctca.obj
 0003:0000d970       $SG159503                  0000000100443970     w32ctca.obj
 0003:0000d990       $SG159504                  0000000100443990     w32ctca.obj
 0003:0000d9a8       $SG159505                  00000001004439a8     w32ctca.obj
 0003:0000d9b8       $SG159506                  00000001004439b8     w32ctca.obj
 0003:0000d9c8       $SG159508                  00000001004439c8     w32ctca.obj
 0003:0000d9e8       $SG159509                  00000001004439e8     w32ctca.obj
 0003:0000da00       $SG159510                  0000000100443a00     w32ctca.obj
 0003:0000da10       $SG159511                  0000000100443a10     w32ctca.obj
 0003:0000da30       $SG159513                  0000000100443a30     w32ctca.obj
 0003:0000da50       $SG159514                  0000000100443a50     w32ctca.obj
 0003:0000da68       $SG159515                  0000000100443a68     w32ctca.obj
 0003:0000da78       $SG159516                  0000000100443a78     w32ctca.obj
 0003:0000da90       $SG159518                  0000000100443a90     w32ctca.obj
 0003:0000dab0       $SG159519                  0000000100443ab0     w32ctca.obj
 0003:0000dac8       $SG159520                  0000000100443ac8     w32ctca.obj
 0003:0000dad8       $SG159521                  0000000100443ad8     w32ctca.obj
 0003:0000daf0       $SG159523                  0000000100443af0     w32ctca.obj
 0003:0000db10       $SG159524                  0000000100443b10     w32ctca.obj
 0003:0000db28       $SG159525                  0000000100443b28     w32ctca.obj
 0003:0000db38       $SG159526                  0000000100443b38     w32ctca.obj
 0003:0000db50       $SG159528                  0000000100443b50     w32ctca.obj
 0003:0000db70       $SG159529                  0000000100443b70     w32ctca.obj
 0003:0000db88       $SG159530                  0000000100443b88     w32ctca.obj
 0003:0000db98       $SG159092                  0000000100443b98     resolve.obj
 0003:0000dbb8       $SG159099                  0000000100443bb8     resolve.obj
 0003:0000dbf0       $SG159110                  0000000100443bf0     resolve.obj
 0003:0000dc10       $SG159115                  0000000100443c10     resolve.obj
 0003:0000dc40       $SG159117                  0000000100443c40     resolve.obj
 0003:0000dc60       $SG159127                  0000000100443c60     resolve.obj
 0003:0000dc90       $SG159129                  0000000100443c90     resolve.obj
 0003:0000dd00       TokenLock                  0000000100443d00     ctc_lcs.obj
 0003:0000dd08       TokenLockInitialized       0000000100443d08     ctc_lcs.obj
 0003:0000dd0c       $SG170274                  0000000100443d0c     ctc_lcs.obj
 0003:0000dd0d       $SG170290                  0000000100443d0d     ctc_lcs.obj
 0003:0000dd0e       $SG169324                  0000000100443d0e     ctc_ctci.obj
 0003:0000dd0f       $SG169475                  0000000100443d0f     ctc_ctci.obj
 0003:0000dd10       $SG169523                  0000000100443d10     ctc_ctci.obj
 0003:0000dd18       $SG169399                  0000000100443d18     ctcadpt.obj
 0003:0000dd19       $SG169631                  0000000100443d19     ctcadpt.obj
 0003:0000dd1a       $SG169795                  0000000100443d1a     ctcadpt.obj
 0003:0000dd1b       $SG169961                  0000000100443d1b     ctcadpt.obj
 0003:0000dd1c       $SG170307                  0000000100443d1c     ctcadpt.obj
 0003:0000dd1d       $SG170309                  0000000100443d1d     ctcadpt.obj
 0003:0000dd1e       $SG170311                  0000000100443d1e     ctcadpt.obj
 0003:0000dd1f       $SG170313                  0000000100443d1f     ctcadpt.obj
 0003:0000dd20       ?tv@?1??CTCT_Read@@9@9     0000000100443d20     ctcadpt.obj
 0003:0000dd28       $SG170359                  0000000100443d28     ctcadpt.obj
 0003:0000dd29       $SG170374                  0000000100443d29     ctcadpt.obj
 0003:0000e020       ?tt32_init_done@?1??tt32_loaddll@@9@9 0000000100444020     w32ctca.obj
 0003:0000e024       ?__proc_attached@@3HA      0000000100444024     MSVCRTD:dll_dllmain.obj
 0003:0000e030       GS_ExceptionRecord         0000000100444030     MSVCRTD:gs_report.obj
 0003:0000e0d0       GS_ContextRecord           00000001004440d0     MSVCRTD:gs_report.obj
 0003:0000e5d0       ?is_initialized_as_dll@@3_NA 00000001004445d0     MSVCRTD:utility.obj
 0003:0000e5d1       ?module_local_atexit_table_initialized@@3_NA 00000001004445d1     MSVCRTD:utility.obj
 0003:0000e5d8       ?module_local_atexit_table@@3U_onexit_table_t@@A 00000001004445d8     MSVCRTD:utility.obj
 0003:0000e5f0       ?module_local_at_quick_exit_table@@3U_onexit_table_t@@A 00000001004445f0     MSVCRTD:utility.obj
 0005:000002d0       $R000000                   00000001004462d0     hercprod.res
 0005:00000878       $R0005A8                   0000000100446878     hercprod.res
 0005:000009a0       $R0006D0                   00000001004469a0     hercprod.res
 0005:00000f08       $R000C38                   0000000100446f08     hercprod.res
 0005:00001370       $R0010A0                   0000000100447370     hercprod.res
 0005:00001658       $R001388                   0000000100447658     hercprod.res
 0005:00001f00       $R001C30                   0000000100447f00     hercprod.res
 0005:00002fa8       $R002CD8                   0000000100448fa8     hercprod.res
 0005:00003610       $R003340                   0000000100449610     hercprod.res
 0005:000044b8       $R0041E8                   000000010044a4b8     hercprod.res
 0005:00006a60       $R006790                   000000010044ca60     hercprod.res
 0005:0000ff08       $R00FC38                   0000000100455f08     hercprod.res
 0005:00013bc8       $R0138F8                   0000000100459bc8     hercprod.res
