 hdt3270

 Timestamp is 63de2793 (Sat Feb  4 10:38:27 2023)

 Preferred load address is 0000000100400000

 Start         Length     Name                   Class
 0001:00000000 000040a0H .text                   CODE
 0001:000040a0 000129f0H .text$mn                CODE
 0001:00016a90 00000040H .text$mn$00             CODE
 0001:00016ad0 00000100H .text$x                 CODE
 0002:00000000 00000538H .idata$5                DATA
 0002:00000538 00000038H .00cfg                  DATA
 0002:00000570 00000008H .CRT$XCA                DATA
 0002:00000578 00000008H .CRT$XCZ                DATA
 0002:00000580 00000008H .CRT$XIA                DATA
 0002:00000588 00000008H .CRT$XIC                DATA
 0002:00000590 00000008H .CRT$XIZ                DATA
 0002:00000598 00000008H .CRT$XPA                DATA
 0002:000005a0 00000008H .CRT$XPZ                DATA
 0002:000005a8 00000008H .CRT$XTA                DATA
 0002:000005b0 00000010H .CRT$XTZ                DATA
 0002:000005b8 00000000H .gehcont$y              DATA
 0002:000005b8 00000000H .gfids$y                DATA
 0002:000005c0 000019c0H .rdata                  DATA
 0002:00001f80 00000080H .rdata$CastGuardVftablesA DATA
 0002:00002000 00000080H .rdata$CastGuardVftablesC DATA
 0002:00002080 00000138H .rdata$voltmd           DATA
 0002:000021b8 00000358H .rdata$zzzdbg           DATA
 0002:00002510 00000008H .rtc$IAA                DATA
 0002:00002518 00000008H .rtc$IMZ                DATA
 0002:00002520 00000008H .rtc$IZZ                DATA
 0002:00002528 00000008H .rtc$TAA                DATA
 0002:00002530 00000008H .rtc$TMZ                DATA
 0002:00002538 00000008H .rtc$TZZ                DATA
 0002:00002540 00001460H .xdata                  DATA
 0002:000039a0 00000074H .edata                  DATA
 0002:00003a14 0000008cH .idata$2                DATA
 0002:00003aa0 00000018H .idata$3                DATA
 0002:00003ab8 00000538H .idata$4                DATA
 0002:00003ff0 00000aeaH .idata$6                DATA
 0003:00000000 00004690H .data                   DATA
 0003:00004690 00000708H .bss                    DATA
 0004:00000000 000011f4H .pdata                  DATA
 0005:00000000 000002d0H .rsrc$01                DATA
 0005:000002d0 00013998H .rsrc$02                DATA

  Address         Publics by Value              Rva+Base               Lib:Object

 0000:00000000       __AbsoluteZero             0000000000000000     <absolute>
 0000:00000000       ___safe_se_handler_count   0000000000000000     <absolute>
 0000:00000000       ___safe_se_handler_table   0000000000000000     <absolute>
 0000:00000000       __arm64x_extra_rfe_table   0000000000000000     <absolute>
 0000:00000000       __arm64x_extra_rfe_table_size 0000000000000000     <absolute>
 0000:00000000       __arm64x_native_entrypoint 0000000000000000     <absolute>
 0000:00000000       __arm64x_redirection_metadata 0000000000000000     <absolute>
 0000:00000000       __arm64x_redirection_metadata_count 0000000000000000     <absolute>
 0000:00000000       __dynamic_value_reloc_table 0000000000000000     <absolute>
 0000:00000000       __enclave_config           0000000000000000     <absolute>
 0000:00000000       __guard_check_icall_a64n_fptr 0000000000000000     <absolute>
 0000:00000000       __guard_eh_cont_count      0000000000000000     <absolute>
 0000:00000000       __guard_eh_cont_table      0000000000000000     <absolute>
 0000:00000000       __guard_fids_count         0000000000000000     <absolute>
 0000:00000000       __guard_fids_table         0000000000000000     <absolute>
 0000:00000000       __guard_iat_count          0000000000000000     <absolute>
 0000:00000000       __guard_iat_table          0000000000000000     <absolute>
 0000:00000000       __guard_longjmp_count      0000000000000000     <absolute>
 0000:00000000       __guard_longjmp_table      0000000000000000     <absolute>
 0000:00000000       __hybrid_auxiliary_iat     0000000000000000     <absolute>
 0000:00000000       __hybrid_auxiliary_iat_copy 0000000000000000     <absolute>
 0000:00000000       __hybrid_code_map          0000000000000000     <absolute>
 0000:00000000       __hybrid_code_map_count    0000000000000000     <absolute>
 0000:00000000       __x64_code_ranges_to_entry_points 0000000000000000     <absolute>
 0000:00000000       __x64_code_ranges_to_entry_points_count 0000000000000000     <absolute>
 0000:00000100       __guard_flags              0000000000000100     <absolute>
 0000:00000000       __ImageBase                0000000100400000     <linker-defined>
 0001:00000000       telnet_init                0000000100401000 f   telnet64d:telnet.c.obj
 0001:00000190       telnet_free                0000000100401190 f   telnet64d:telnet.c.obj
 0001:00000240       telnet_negotiate           0000000100401240 f   telnet64d:telnet.c.obj
 0001:00000b50       telnet_recv                0000000100401b50 f   telnet64d:telnet.c.obj
 0001:000029f0       telnet_iac                 00000001004039f0 f   telnet64d:telnet.c.obj
 0001:00002a60       telnet_3270_cmd            0000000100403a60 f   telnet64d:telnet.c.obj
 0001:00002ad0       telnet_send                0000000100403ad0 f   telnet64d:telnet.c.obj
 0001:00002bc0       telnet_send_one_shot       0000000100403bc0 f   telnet64d:telnet.c.obj
 0001:00002d50       telnet_begin_sb            0000000100403d50 f   telnet64d:telnet.c.obj
 0001:00002dc0       telnet_subnegotiation      0000000100403dc0 f   telnet64d:telnet.c.obj
 0001:00002e90       telnet_vprintf             0000000100403e90 f   telnet64d:telnet.c.obj
 0001:00003240       telnet_printf              0000000100404240 f   telnet64d:telnet.c.obj
 0001:000032d0       telnet_raw_vprintf         00000001004042d0 f   telnet64d:telnet.c.obj
 0001:000034c0       telnet_raw_printf          00000001004044c0 f   telnet64d:telnet.c.obj
 0001:00003550       telnet_begin_newenviron    0000000100404550 f   telnet64d:telnet.c.obj
 0001:000035b0       telnet_newenviron_value    00000001004045b0 f   telnet64d:telnet.c.obj
 0001:00003630       telnet_ttype_send          0000000100404630 f   telnet64d:telnet.c.obj
 0001:00003680       telnet_ttype_is            0000000100404680 f   telnet64d:telnet.c.obj
 0001:00003700       telnet_cmd_name            0000000100404700 f   telnet64d:telnet.c.obj
 0001:00003930       telnet_opt_name            0000000100404930 f   telnet64d:telnet.c.obj
 0001:00003c30       telnet_evt_name            0000000100404c30 f   telnet64d:telnet.c.obj
 0001:00003d50       telnet_err_name            0000000100404d50 f   telnet64d:telnet.c.obj
 0001:00003e00       telnet_closesocket         0000000100404e00 f   telnet64d:telnet.c.obj
 0001:0000f8d0       hdl_check_depends_ep       00000001004108d0 f   console.obj
 0001:0000f970       hdl_define_devtypes_ep     0000000100410970 f   console.obj
 0001:0000f9e0       __local_stdio_printf_options 00000001004109e0 f i console.obj
 0001:0000f9f0       __local_stdio_scanf_options 00000001004109f0 f i console.obj
 0001:0000fa00       _vsnprintf_s               0000000100410a00 f i console.obj
 0001:0000fa50       _vsnprintf_s_l             0000000100410a50 f i console.obj
 0001:0000fad0       _vsscanf_l                 0000000100410ad0 f i console.obj
 0001:0000fb20       fetch_dw_noswap            0000000100410b20 f i console.obj
 0001:0000fb40       fetch_fw_noswap            0000000100410b40 f i console.obj
 0001:0000fb60       fetch_hw_noswap            0000000100410b60 f i console.obj
 0001:0000fb80       sscanf                     0000000100410b80 f i console.obj
 0001:0000fbd0       store_dw_noswap            0000000100410bd0 f i console.obj
 0001:0000fbf0       store_fw_noswap            0000000100410bf0 f i console.obj
 0001:0000fc10       store_hw_noswap            0000000100410c10 f i console.obj
 0001:0000fc28       readlogo                   0000000100410c28 f   hengine:hengine.dll
 0001:0000fc2e       sclp_sysg_attention        0000000100410c2e f   hengine:hengine.dll
 0001:0000fc34       device_attention           0000000100410c34 f   hengine:hengine.dll
 0001:0000fc3a       Dequeue_IO_Interrupt       0000000100410c3a f   hengine:hengine.dll
 0001:0000fc40       fthread_self               0000000100410c40 f   hutil:hutil.dll
 0001:0000fc46       hthread_obtain_lock        0000000100410c46 f   hutil:hutil.dll
 0001:0000fc4c       hthread_try_obtain_lock    0000000100410c4c f   hutil:hutil.dll
 0001:0000fc52       hthread_release_lock       0000000100410c52 f   hutil:hutil.dll
 0001:0000fc58       hthread_create_thread      0000000100410c58 f   hutil:hutil.dll
 0001:0000fc5e       hthread_join_thread        0000000100410c5e f   hutil:hutil.dll
 0001:0000fc64       hthread_set_thread_prio    0000000100410c64 f   hutil:hutil.dll
 0001:0000fc6a       hthread_get_thread_prio    0000000100410c6a f   hutil:hutil.dll
 0001:0000fc70       init_hostinfo              0000000100410c70 f   hutil:hutil.dll
 0001:0000fc76       get_symbol                 0000000100410c76 f   hutil:hutil.dll
 0001:0000fc7c       resolve_symbol_string      0000000100410c7c f   hutil:hutil.dll
 0001:0000fc82       set_symbol                 0000000100410c82 f   hutil:hutil.dll
 0001:0000fc88       strlcpy                    0000000100410c88 f   hutil:hutil.dll
 0001:0000fc8e       timeval_subtract           0000000100410c8e f   hutil:hutil.dll
 0001:0000fc94       w32_strerror               0000000100410c94 f   hutil:hutil.dll
 0001:0000fc9a       strtok_r                   0000000100410c9a f   hutil:hutil.dll
 0001:0000fca0       gettimeofday               0000000100410ca0 f   hutil:hutil.dll
 0001:0000fca6       usleep                     0000000100410ca6 f   hutil:hutil.dll
 0001:0000fcac       sleep                      0000000100410cac f   hutil:hutil.dll
 0001:0000fcb2       sched_yield                0000000100410cb2 f   hutil:hutil.dll
 0001:0000fcb8       hostpath                   0000000100410cb8 f   hutil:hutil.dll
 0001:0000fcbe       socket_set_blocking_mode   0000000100410cbe f   hutil:hutil.dll
 0001:0000fcc4       set_socket_keepalive       0000000100410cc4 f   hutil:hutil.dll
 0001:0000fcca       w32_socket                 0000000100410cca f   hutil:hutil.dll
 0001:0000fcd0       w32_accept                 0000000100410cd0 f   hutil:hutil.dll
 0001:0000fcd6       w32_close_socket           0000000100410cd6 f   hutil:hutil.dll
 0001:0000fcdc       w32_FD_SET                 0000000100410cdc f   hutil:hutil.dll
 0001:0000fce2       w32_FD_ISSET               0000000100410ce2 f   hutil:hutil.dll
 0001:0000fce8       w32_pselect                0000000100410ce8 f   hutil:hutil.dll
 0001:0000fcee       w32_fwrite                 0000000100410cee f   hutil:hutil.dll
 0001:0000fcf4       w32_snprintf               0000000100410cf4 f   hutil:hutil.dll
 0001:0000fcfa       w32_basename               0000000100410cfa f   hutil:hutil.dll
 0001:0000fd00       guest_to_host              0000000100410d00 f   hutil:hutil.dll
 0001:0000fd06       prt_host_to_guest          0000000100410d06 f   hutil:hutil.dll
 0001:0000fd0c       write_socket               0000000100410d0c f   hutil:hutil.dll
 0001:0000fd12       disable_nagle              0000000100410d12 f   hutil:hutil.dll
 0001:0000fd18       fwritemsg                  0000000100410d18 f   hutil:hutil.dll
 0001:0000fd1e       logmsg                     0000000100410d1e f   hutil:hutil.dll
 0001:0000fd24       IsDebuggerPresent          0000000100410d24 f   kernel32:KERNEL32.dll
 0001:0000fd2a       OutputDebugStringA         0000000100410d2a f   kernel32:KERNEL32.dll
 0001:0000fd30       bind                       0000000100410d30 f   ws2_32:WS2_32.dll
 0001:0000fd36       getpeername                0000000100410d36 f   ws2_32:WS2_32.dll
 0001:0000fd3c       htons                      0000000100410d3c f   ws2_32:WS2_32.dll
 0001:0000fd42       inet_addr                  0000000100410d42 f   ws2_32:WS2_32.dll
 0001:0000fd48       inet_ntoa                  0000000100410d48 f   ws2_32:WS2_32.dll
 0001:0000fd4e       listen                     0000000100410d4e f   ws2_32:WS2_32.dll
 0001:0000fd54       ntohs                      0000000100410d54 f   ws2_32:WS2_32.dll
 0001:0000fd5a       recv                       0000000100410d5a f   ws2_32:WS2_32.dll
 0001:0000fd60       send                       0000000100410d60 f   ws2_32:WS2_32.dll
 0001:0000fd66       setsockopt                 0000000100410d66 f   ws2_32:WS2_32.dll
 0001:0000fd6c       gethostbyname              0000000100410d6c f   ws2_32:WS2_32.dll
 0001:0000fd72       getservbyname              0000000100410d72 f   ws2_32:WS2_32.dll
 0001:0000fd78       WSASetLastError            0000000100410d78 f   ws2_32:WS2_32.dll
 0001:0000fd7e       WSAGetLastError            0000000100410d7e f   ws2_32:WS2_32.dll
 0001:0000fd84       inet_pton                  0000000100410d84 f   ws2_32:WS2_32.dll
 0001:0000fd8a       inet_ntop                  0000000100410d8a f   ws2_32:WS2_32.dll
 0001:0000fd90       closesocket                0000000100410d90 f   ws2_32:WS2_32.dll
 0001:0000fd96       shutdown                   0000000100410d96 f   ws2_32:WS2_32.dll
 0001:0000fd9c       select                     0000000100410d9c f   ws2_32:WS2_32.dll
 0001:000101c0       _CRT_INIT                  00000001004111c0 f   MSVCRTD:dll_dllmain.obj
 0001:000101f0       _DllMainCRTStartup         00000001004111f0 f   MSVCRTD:dll_dllmain.obj
 0001:00010230       __raise_securityfailure    0000000100411230 f   MSVCRTD:gs_report.obj
 0001:00010270       __report_gsfailure         0000000100411270 f   MSVCRTD:gs_report.obj
 0001:00010350       __report_rangecheckfailure 0000000100411350 f   MSVCRTD:gs_report.obj
 0001:00010370       __report_securityfailure   0000000100411370 f   MSVCRTD:gs_report.obj
 0001:00010410       __report_securityfailureEx 0000000100411410 f   MSVCRTD:gs_report.obj
 0001:00010680       __GSHandlerCheck           0000000100411680 f   MSVCRTD:gshandler.obj
 0001:000106c0       __GSHandlerCheckCommon     00000001004116c0 f   MSVCRTD:gshandler.obj
 0001:000107d0       __chkstk                   00000001004117d0 f   MSVCRTD:chkstk.obj
 0001:000107d0       _alloca_probe              00000001004117d0 f   MSVCRTD:chkstk.obj
 0001:00010830       __security_check_cookie    0000000100411830 f   MSVCRTD:amdsecgs.obj
 0001:00010850       _CRT_RTC_INIT              0000000100411850 f   MSVCRTD:init.obj
 0001:00010860       _CRT_RTC_INITW             0000000100411860 f   MSVCRTD:init.obj
 0001:00010870       _RTC_InitBase              0000000100411870 f   MSVCRTD:init.obj
 0001:000108b0       _RTC_Shutdown              00000001004118b0 f   MSVCRTD:init.obj
 0001:000108e0       _RTC_AllocaHelper          00000001004118e0 f   MSVCRTD:stack.obj
 0001:00010920       _RTC_CheckStackVars        0000000100411920 f   MSVCRTD:stack.obj
 0001:000109b0       _RTC_CheckStackVars2       00000001004119b0 f   MSVCRTD:stack.obj
 0001:00010b80       __security_init_cookie     0000000100411b80 f   MSVCRTD:gs_support.obj
 0001:00010c00       DllMain                    0000000100411c00 f   MSVCRTD:dll_dllmain_stub.obj
 0001:00010c40       ?__scrt_initialize_type_info@@YAXXZ 0000000100411c40 f   MSVCRTD:tncleanup.obj
 0001:00010c60       ?__scrt_uninitialize_type_info@@YAXXZ 0000000100411c60 f   MSVCRTD:tncleanup.obj
 0001:00010c80       __scrt_initialize_default_local_stdio_options 0000000100411c80 f   MSVCRTD:default_local_stdio_options.obj
 0001:00010cd0       ?configure_argv@__scrt_narrow_argv_policy@@SAHXZ 0000000100411cd0 f i MSVCRTD:utility.obj
 0001:00010dc0       ?initialize_environment@__scrt_narrow_environment_policy@@SAHXZ 0000000100411dc0 f i MSVCRTD:utility.obj
 0001:00010e60       NtCurrentTeb               0000000100411e60 f i MSVCRTD:utility.obj
 0001:00010e70       __scrt_acquire_startup_lock 0000000100411e70 f   MSVCRTD:utility.obj
 0001:00010ee0       __scrt_dllmain_after_initialize_c 0000000100411ee0 f   MSVCRTD:utility.obj
 0001:00010f10       __scrt_dllmain_before_initialize_c 0000000100411f10 f   MSVCRTD:utility.obj
 0001:00010f30       __scrt_dllmain_crt_thread_attach 0000000100411f30 f   MSVCRTD:utility.obj
 0001:00010f60       __scrt_dllmain_crt_thread_detach 0000000100411f60 f   MSVCRTD:utility.obj
 0001:00010f80       __scrt_dllmain_exception_filter 0000000100411f80 f   MSVCRTD:utility.obj
 0001:00010ff0       __scrt_dllmain_uninitialize_c 0000000100411ff0 f   MSVCRTD:utility.obj
 0001:00011020       __scrt_dllmain_uninitialize_critical 0000000100412020 f   MSVCRTD:utility.obj
 0001:00011040       __scrt_initialize_crt      0000000100412040 f   MSVCRTD:utility.obj
 0001:00011090       __scrt_initialize_onexit_tables 0000000100412090 f   MSVCRTD:utility.obj
 0001:000111a0       __scrt_is_nonwritable_in_current_image 00000001004121a0 f   MSVCRTD:utility.obj
 0001:00011230       __scrt_release_startup_lock 0000000100412230 f   MSVCRTD:utility.obj
 0001:00011260       __scrt_uninitialize_crt    0000000100412260 f   MSVCRTD:utility.obj
 0001:000112a0       _onexit                    00000001004122a0 f   MSVCRTD:utility.obj
 0001:00011320       at_quick_exit              0000000100412320 f   MSVCRTD:utility.obj
 0001:00011370       atexit                     0000000100412370 f   MSVCRTD:utility.obj
 0001:000113b0       __scrt_get_dyn_tls_init_callback 00000001004123b0 f   MSVCRTD:dyn_tls_init.obj
 0001:000113c0       __crt_debugger_hook        00000001004123c0 f   MSVCRTD:utility_desktop.obj
 0001:000113d0       __scrt_fastfail            00000001004123d0 f   MSVCRTD:utility_desktop.obj
 0001:00011570       __scrt_get_show_window_mode 0000000100412570 f   MSVCRTD:utility_desktop.obj
 0001:000115d0       __scrt_initialize_mta      00000001004125d0 f   MSVCRTD:utility_desktop.obj
 0001:000115e0       __scrt_initialize_winrt    00000001004125e0 f   MSVCRTD:utility_desktop.obj
 0001:000115f0       __scrt_is_managed_app      00000001004125f0 f   MSVCRTD:utility_desktop.obj
 0001:000116a0       __scrt_set_unhandled_exception_filter 00000001004126a0 f   MSVCRTD:utility_desktop.obj
 0001:000116c0       __scrt_exe_initialize_mta  00000001004126c0 f   MSVCRTD:utility_desktop.obj
 0001:000116c0       __scrt_stub_for_initialize_mta 00000001004126c0 f   MSVCRTD:utility_desktop.obj
 0001:000116d0       __scrt_unhandled_exception_filter 00000001004126d0 f   MSVCRTD:utility_desktop.obj
 0001:00011770       _RTC_Initialize            0000000100412770 f   MSVCRTD:initsect.obj
 0001:000117c0       _RTC_Terminate             00000001004127c0 f   MSVCRTD:initsect.obj
 0001:00011810       _guard_check_icall_nop     0000000100412810 f i MSVCRTD:guard_support.obj
 0001:00011820       ReadNoFence64              0000000100412820 f i MSVCRTD:guard_support.obj
 0001:00011840       ReadPointerNoFence         0000000100412840 f i MSVCRTD:guard_support.obj
 0001:00011860       __castguard_check_failure_debugbreak 0000000100412860 f i MSVCRTD:guard_support.obj
 0001:00011880       __castguard_check_failure_fastfail 0000000100412880 f i MSVCRTD:guard_support.obj
 0001:000118b0       __castguard_check_failure_nop 00000001004128b0 f i MSVCRTD:guard_support.obj
 0001:000118c0       __castguard_check_failure_os_handled 00000001004128c0 f i MSVCRTD:guard_support.obj
 0001:00011990       __castguard_slow_path_check_debugbreak 0000000100412990 f i MSVCRTD:guard_support.obj
 0001:000119d0       __castguard_slow_path_check_fastfail 00000001004129d0 f i MSVCRTD:guard_support.obj
 0001:00011a20       __castguard_slow_path_check_nop 0000000100412a20 f i MSVCRTD:guard_support.obj
 0001:00011a30       __castguard_slow_path_check_os_handled 0000000100412a30 f i MSVCRTD:guard_support.obj
 0001:00011af0       _guard_icall_checks_enforced 0000000100412af0 f i MSVCRTD:guard_support.obj
 0001:00011b30       _guard_rf_checks_enforced  0000000100412b30 f i MSVCRTD:guard_support.obj
 0001:00011b40       ?_RTC_GetErrorFunc@@YAP6AHHPEBDH00ZZPEBX@Z 0000000100412b40 f   MSVCRTD:userapi.obj
 0001:00011b50       ?_RTC_GetErrorFuncW@@YAP6AHHPEB_WH00ZZPEBX@Z 0000000100412b50 f   MSVCRTD:userapi.obj
 0001:00011b60       _RTC_GetErrDesc            0000000100412b60 f   MSVCRTD:userapi.obj
 0001:00011b80       _RTC_NumErrors             0000000100412b80 f   MSVCRTD:userapi.obj
 0001:00011b90       _RTC_SetErrorFunc          0000000100412b90 f   MSVCRTD:userapi.obj
 0001:00011bb0       _RTC_SetErrorFuncW         0000000100412bb0 f   MSVCRTD:userapi.obj
 0001:00011bd0       _RTC_SetErrorType          0000000100412bd0 f   MSVCRTD:userapi.obj
 0001:00011c80       ?_RTC_AllocaFailure@@YAXPEAXPEAU_RTC_ALLOCA_NODE@@H@Z 0000000100412c80 f   MSVCRTD:error.obj
 0001:00011de0       ?_RTC_Failure@@YAXPEAXH@Z  0000000100412de0 f   MSVCRTD:error.obj
 0001:00011e30       ?_RTC_StackFailure@@YAXPEAXPEBD@Z 0000000100412e30 f   MSVCRTD:error.obj
 0001:00012260       _RTC_UninitUse             0000000100413260 f   MSVCRTD:error.obj
 0001:00012330       _vsprintf_s_l              0000000100413330 f i MSVCRTD:error.obj
 0001:000123a0       sprintf_s                  00000001004133a0 f i MSVCRTD:error.obj
 0001:000123d0       __isa_available_init       00000001004133d0 f   MSVCRTD:cpu_disp.obj
 0001:00012780       _get_startup_argv_mode     0000000100413780 f   MSVCRTD:argv_mode.obj
 0001:00012790       __scrt_is_ucrt_dll_in_use  0000000100413790 f   MSVCRTD:ucrt_detection.obj
 0001:00012ce0       ?_RTC_GetSrcLine@@YAHPEAEPEA_WKPEAH1K@Z 0000000100413ce0 f   MSVCRTD:pdblkup.obj
 0001:000130a8       _vfwprintf_l               00000001004140a8 f i legacy_stdio_definitions:legacy_stdio_definitions.obj
 0001:000130f8       vfwprintf                  00000001004140f8 f i legacy_stdio_definitions:legacy_stdio_definitions.obj
 0001:0001313c       _vfwprintf_s_l             000000010041413c f i legacy_stdio_definitions:legacy_stdio_definitions.obj
 0001:0001318c       vfwprintf_s                000000010041418c f i legacy_stdio_definitions:legacy_stdio_definitions.obj
 0001:000131d0       _vfwprintf_p_l             00000001004141d0 f i legacy_stdio_definitions:legacy_stdio_definitions.obj
 0001:00013220       _vfwprintf_p               0000000100414220 f i legacy_stdio_definitions:legacy_stdio_definitions.obj
 0001:00013264       _vwprintf_l                0000000100414264 f i legacy_stdio_definitions:legacy_stdio_definitions.obj
 0001:000132c0       vwprintf                   00000001004142c0 f i legacy_stdio_definitions:legacy_stdio_definitions.obj
 0001:00013310       _vwprintf_s_l              0000000100414310 f i legacy_stdio_definitions:legacy_stdio_definitions.obj
 0001:0001336c       vwprintf_s                 000000010041436c f i legacy_stdio_definitions:legacy_stdio_definitions.obj
 0001:000133bc       _vwprintf_p_l              00000001004143bc f i legacy_stdio_definitions:legacy_stdio_definitions.obj
 0001:00013418       _vwprintf_p                0000000100414418 f i legacy_stdio_definitions:legacy_stdio_definitions.obj
 0001:00013468       _fwprintf_l                0000000100414468 f i legacy_stdio_definitions:legacy_stdio_definitions.obj
 0001:000134ac       fwprintf                   00000001004144ac f i legacy_stdio_definitions:legacy_stdio_definitions.obj
 0001:000134f0       _fwprintf_s_l              00000001004144f0 f i legacy_stdio_definitions:legacy_stdio_definitions.obj
 0001:00013534       fwprintf_s                 0000000100414534 f i legacy_stdio_definitions:legacy_stdio_definitions.obj
 0001:00013578       _fwprintf_p_l              0000000100414578 f i legacy_stdio_definitions:legacy_stdio_definitions.obj
 0001:000135bc       _fwprintf_p                00000001004145bc f i legacy_stdio_definitions:legacy_stdio_definitions.obj
 0001:00013600       _wprintf_l                 0000000100414600 f i legacy_stdio_definitions:legacy_stdio_definitions.obj
 0001:00013650       wprintf                    0000000100414650 f i legacy_stdio_definitions:legacy_stdio_definitions.obj
 0001:000136a0       _wprintf_s_l               00000001004146a0 f i legacy_stdio_definitions:legacy_stdio_definitions.obj
 0001:000136f0       wprintf_s                  00000001004146f0 f i legacy_stdio_definitions:legacy_stdio_definitions.obj
 0001:00013740       _wprintf_p_l               0000000100414740 f i legacy_stdio_definitions:legacy_stdio_definitions.obj
 0001:00013790       _wprintf_p                 0000000100414790 f i legacy_stdio_definitions:legacy_stdio_definitions.obj
 0001:000137e0       _vfwscanf_l                00000001004147e0 f i legacy_stdio_definitions:legacy_stdio_definitions.obj
 0001:00013830       vfwscanf                   0000000100414830 f i legacy_stdio_definitions:legacy_stdio_definitions.obj
 0001:00013874       _vfwscanf_s_l              0000000100414874 f i legacy_stdio_definitions:legacy_stdio_definitions.obj
 0001:000138c8       vfwscanf_s                 00000001004148c8 f i legacy_stdio_definitions:legacy_stdio_definitions.obj
 0001:00013910       _vwscanf_l                 0000000100414910 f i legacy_stdio_definitions:legacy_stdio_definitions.obj
 0001:00013968       vwscanf                    0000000100414968 f i legacy_stdio_definitions:legacy_stdio_definitions.obj
 0001:000139b4       _vwscanf_s_l               00000001004149b4 f i legacy_stdio_definitions:legacy_stdio_definitions.obj
 0001:00013a10       vwscanf_s                  0000000100414a10 f i legacy_stdio_definitions:legacy_stdio_definitions.obj
 0001:00013a60       _fwscanf_l                 0000000100414a60 f i legacy_stdio_definitions:legacy_stdio_definitions.obj
 0001:00013aa4       fwscanf                    0000000100414aa4 f i legacy_stdio_definitions:legacy_stdio_definitions.obj
 0001:00013ae8       _fwscanf_s_l               0000000100414ae8 f i legacy_stdio_definitions:legacy_stdio_definitions.obj
 0001:00013b30       fwscanf_s                  0000000100414b30 f i legacy_stdio_definitions:legacy_stdio_definitions.obj
 0001:00013b78       _wscanf_l                  0000000100414b78 f i legacy_stdio_definitions:legacy_stdio_definitions.obj
 0001:00013bc4       wscanf                     0000000100414bc4 f i legacy_stdio_definitions:legacy_stdio_definitions.obj
 0001:00013c10       _wscanf_s_l                0000000100414c10 f i legacy_stdio_definitions:legacy_stdio_definitions.obj
 0001:00013c60       wscanf_s                   0000000100414c60 f i legacy_stdio_definitions:legacy_stdio_definitions.obj
 0001:00013cb0       _vsnwprintf_l              0000000100414cb0 f i legacy_stdio_definitions:legacy_stdio_definitions.obj
 0001:00013d18       _vsnwprintf_s_l            0000000100414d18 f i legacy_stdio_definitions:legacy_stdio_definitions.obj
 0001:00013d84       _vsnwprintf_s              0000000100414d84 f i legacy_stdio_definitions:legacy_stdio_definitions.obj
 0001:00013dec       _snwprintf                 0000000100414dec f i legacy_stdio_definitions:legacy_stdio_definitions.obj
 0001:00013e44       _vsnwprintf                0000000100414e44 f i legacy_stdio_definitions:legacy_stdio_definitions.obj
 0001:00013ea8       _vswprintf_c_l             0000000100414ea8 f i legacy_stdio_definitions:legacy_stdio_definitions.obj
 0001:00013f0c       _vswprintf_c               0000000100414f0c f i legacy_stdio_definitions:legacy_stdio_definitions.obj
 0001:00013f6c       _vswprintf_l               0000000100414f6c f i legacy_stdio_definitions:legacy_stdio_definitions.obj
 0001:00013fd0       __vswprintf_l              0000000100414fd0 f i legacy_stdio_definitions:legacy_stdio_definitions.obj
 0001:00014030       _vswprintf                 0000000100415030 f i legacy_stdio_definitions:legacy_stdio_definitions.obj
 0001:00014084       vswprintf                  0000000100415084 f i legacy_stdio_definitions:legacy_stdio_definitions.obj
 0001:000140e4       _vswprintf_s_l             00000001004150e4 f i legacy_stdio_definitions:legacy_stdio_definitions.obj
 0001:00014148       vswprintf_s                0000000100415148 f i legacy_stdio_definitions:legacy_stdio_definitions.obj
 0001:000141a8       _vswprintf_p_l             00000001004151a8 f i legacy_stdio_definitions:legacy_stdio_definitions.obj
 0001:0001420c       _vswprintf_p               000000010041520c f i legacy_stdio_definitions:legacy_stdio_definitions.obj
 0001:0001426c       _vscwprintf_l              000000010041526c f i legacy_stdio_definitions:legacy_stdio_definitions.obj
 0001:000142c0       _vscwprintf                00000001004152c0 f i legacy_stdio_definitions:legacy_stdio_definitions.obj
 0001:00014308       _vscwprintf_p_l            0000000100415308 f i legacy_stdio_definitions:legacy_stdio_definitions.obj
 0001:0001435c       _vscwprintf_p              000000010041535c f i legacy_stdio_definitions:legacy_stdio_definitions.obj
 0001:000143a4       __swprintf_l               00000001004153a4 f i legacy_stdio_definitions:legacy_stdio_definitions.obj
 0001:000143f8       _swprintf_l                00000001004153f8 f i legacy_stdio_definitions:legacy_stdio_definitions.obj
 0001:0001444c       _swprintf                  000000010041544c f i legacy_stdio_definitions:legacy_stdio_definitions.obj
 0001:000144a0       swprintf                   00000001004154a0 f i legacy_stdio_definitions:legacy_stdio_definitions.obj
 0001:000144f4       _swprintf_s_l              00000001004154f4 f i legacy_stdio_definitions:legacy_stdio_definitions.obj
 0001:00014548       swprintf_s                 0000000100415548 f i legacy_stdio_definitions:legacy_stdio_definitions.obj
 0001:0001459c       _swprintf_p_l              000000010041559c f i legacy_stdio_definitions:legacy_stdio_definitions.obj
 0001:000145f0       _swprintf_p                00000001004155f0 f i legacy_stdio_definitions:legacy_stdio_definitions.obj
 0001:00014644       _swprintf_c_l              0000000100415644 f i legacy_stdio_definitions:legacy_stdio_definitions.obj
 0001:00014698       _swprintf_c                0000000100415698 f i legacy_stdio_definitions:legacy_stdio_definitions.obj
 0001:000146ec       _snwprintf_l               00000001004156ec f i legacy_stdio_definitions:legacy_stdio_definitions.obj
 0001:00014744       _snwprintf_s_l             0000000100415744 f i legacy_stdio_definitions:legacy_stdio_definitions.obj
 0001:000147a4       _snwprintf_s               00000001004157a4 f i legacy_stdio_definitions:legacy_stdio_definitions.obj
 0001:00014800       _scwprintf_l               0000000100415800 f i legacy_stdio_definitions:legacy_stdio_definitions.obj
 0001:00014854       _scwprintf                 0000000100415854 f i legacy_stdio_definitions:legacy_stdio_definitions.obj
 0001:000148a8       _scwprintf_p_l             00000001004158a8 f i legacy_stdio_definitions:legacy_stdio_definitions.obj
 0001:000148fc       _scwprintf_p               00000001004158fc f i legacy_stdio_definitions:legacy_stdio_definitions.obj
 0001:00014950       _vswscanf_l                0000000100415950 f i legacy_stdio_definitions:legacy_stdio_definitions.obj
 0001:000149a8       vswscanf                   00000001004159a8 f i legacy_stdio_definitions:legacy_stdio_definitions.obj
 0001:000149f4       _vswscanf_s_l              00000001004159f4 f i legacy_stdio_definitions:legacy_stdio_definitions.obj
 0001:00014a50       vswscanf_s                 0000000100415a50 f i legacy_stdio_definitions:legacy_stdio_definitions.obj
 0001:00014aa0       _vsnwscanf_l               0000000100415aa0 f i legacy_stdio_definitions:legacy_stdio_definitions.obj
 0001:00014afc       _vsnwscanf_s_l             0000000100415afc f i legacy_stdio_definitions:legacy_stdio_definitions.obj
 0001:00014b5c       _swscanf_l                 0000000100415b5c f i legacy_stdio_definitions:legacy_stdio_definitions.obj
 0001:00014ba8       swscanf                    0000000100415ba8 f i legacy_stdio_definitions:legacy_stdio_definitions.obj
 0001:00014bf4       _swscanf_s_l               0000000100415bf4 f i legacy_stdio_definitions:legacy_stdio_definitions.obj
 0001:00014c44       swscanf_s                  0000000100415c44 f i legacy_stdio_definitions:legacy_stdio_definitions.obj
 0001:00014c94       _snwscanf_l                0000000100415c94 f i legacy_stdio_definitions:legacy_stdio_definitions.obj
 0001:00014ce0       _snwscanf                  0000000100415ce0 f i legacy_stdio_definitions:legacy_stdio_definitions.obj
 0001:00014d2c       _snwscanf_s_l              0000000100415d2c f i legacy_stdio_definitions:legacy_stdio_definitions.obj
 0001:00014d7c       _snwscanf_s                0000000100415d7c f i legacy_stdio_definitions:legacy_stdio_definitions.obj
 0001:00014dcc       _vfprintf_l                0000000100415dcc f i legacy_stdio_definitions:legacy_stdio_definitions.obj
 0001:00014e1c       vfprintf                   0000000100415e1c f i legacy_stdio_definitions:legacy_stdio_definitions.obj
 0001:00014e60       _vfprintf_s_l              0000000100415e60 f i legacy_stdio_definitions:legacy_stdio_definitions.obj
 0001:00014eb0       vfprintf_s                 0000000100415eb0 f i legacy_stdio_definitions:legacy_stdio_definitions.obj
 0001:00014ef4       _vfprintf_p_l              0000000100415ef4 f i legacy_stdio_definitions:legacy_stdio_definitions.obj
 0001:00014f44       _vfprintf_p                0000000100415f44 f i legacy_stdio_definitions:legacy_stdio_definitions.obj
 0001:00014f88       _vprintf_l                 0000000100415f88 f i legacy_stdio_definitions:legacy_stdio_definitions.obj
 0001:00014fe4       vprintf                    0000000100415fe4 f i legacy_stdio_definitions:legacy_stdio_definitions.obj
 0001:00015034       _vprintf_s_l               0000000100416034 f i legacy_stdio_definitions:legacy_stdio_definitions.obj
 0001:00015090       vprintf_s                  0000000100416090 f i legacy_stdio_definitions:legacy_stdio_definitions.obj
 0001:000150e0       _vprintf_p_l               00000001004160e0 f i legacy_stdio_definitions:legacy_stdio_definitions.obj
 0001:0001513c       _vprintf_p                 000000010041613c f i legacy_stdio_definitions:legacy_stdio_definitions.obj
 0001:0001518c       _fprintf_l                 000000010041618c f i legacy_stdio_definitions:legacy_stdio_definitions.obj
 0001:000151d0       fprintf                    00000001004161d0 f i legacy_stdio_definitions:legacy_stdio_definitions.obj
 0001:00015214       _fprintf_s_l               0000000100416214 f i legacy_stdio_definitions:legacy_stdio_definitions.obj
 0001:00015258       fprintf_s                  0000000100416258 f i legacy_stdio_definitions:legacy_stdio_definitions.obj
 0001:0001529c       _fprintf_p_l               000000010041629c f i legacy_stdio_definitions:legacy_stdio_definitions.obj
 0001:000152e0       _fprintf_p                 00000001004162e0 f i legacy_stdio_definitions:legacy_stdio_definitions.obj
 0001:00015324       _printf_l                  0000000100416324 f i legacy_stdio_definitions:legacy_stdio_definitions.obj
 0001:00015374       printf                     0000000100416374 f i legacy_stdio_definitions:legacy_stdio_definitions.obj
 0001:000153c4       _printf_s_l                00000001004163c4 f i legacy_stdio_definitions:legacy_stdio_definitions.obj
 0001:00015414       printf_s                   0000000100416414 f i legacy_stdio_definitions:legacy_stdio_definitions.obj
 0001:00015464       _printf_p_l                0000000100416464 f i legacy_stdio_definitions:legacy_stdio_definitions.obj
 0001:000154b4       _printf_p                  00000001004164b4 f i legacy_stdio_definitions:legacy_stdio_definitions.obj
 0001:00015504       _vfscanf_l                 0000000100416504 f i legacy_stdio_definitions:legacy_stdio_definitions.obj
 0001:00015554       vfscanf                    0000000100416554 f i legacy_stdio_definitions:legacy_stdio_definitions.obj
 0001:00015598       _vfscanf_s_l               0000000100416598 f i legacy_stdio_definitions:legacy_stdio_definitions.obj
 0001:000155ec       vfscanf_s                  00000001004165ec f i legacy_stdio_definitions:legacy_stdio_definitions.obj
 0001:00015634       _vscanf_l                  0000000100416634 f i legacy_stdio_definitions:legacy_stdio_definitions.obj
 0001:0001568c       vscanf                     000000010041668c f i legacy_stdio_definitions:legacy_stdio_definitions.obj
 0001:000156d8       _vscanf_s_l                00000001004166d8 f i legacy_stdio_definitions:legacy_stdio_definitions.obj
 0001:00015734       vscanf_s                   0000000100416734 f i legacy_stdio_definitions:legacy_stdio_definitions.obj
 0001:00015784       _fscanf_l                  0000000100416784 f i legacy_stdio_definitions:legacy_stdio_definitions.obj
 0001:000157c8       fscanf                     00000001004167c8 f i legacy_stdio_definitions:legacy_stdio_definitions.obj
 0001:0001580c       _fscanf_s_l                000000010041680c f i legacy_stdio_definitions:legacy_stdio_definitions.obj
 0001:00015854       fscanf_s                   0000000100416854 f i legacy_stdio_definitions:legacy_stdio_definitions.obj
 0001:0001589c       _scanf_l                   000000010041689c f i legacy_stdio_definitions:legacy_stdio_definitions.obj
 0001:000158e8       scanf                      00000001004168e8 f i legacy_stdio_definitions:legacy_stdio_definitions.obj
 0001:00015934       _scanf_s_l                 0000000100416934 f i legacy_stdio_definitions:legacy_stdio_definitions.obj
 0001:00015984       scanf_s                    0000000100416984 f i legacy_stdio_definitions:legacy_stdio_definitions.obj
 0001:000159d4       _vsnprintf_l               00000001004169d4 f i legacy_stdio_definitions:legacy_stdio_definitions.obj
 0001:00015a3c       _vsnprintf                 0000000100416a3c f i legacy_stdio_definitions:legacy_stdio_definitions.obj
 0001:00015aa0       vsnprintf                  0000000100416aa0 f i legacy_stdio_definitions:legacy_stdio_definitions.obj
 0001:00015b04       _vsprintf_l                0000000100416b04 f i legacy_stdio_definitions:legacy_stdio_definitions.obj
 0001:00015b68       vsprintf                   0000000100416b68 f i legacy_stdio_definitions:legacy_stdio_definitions.obj
 0001:00015bc0       vsprintf_s                 0000000100416bc0 f i legacy_stdio_definitions:legacy_stdio_definitions.obj
 0001:00015c20       _vsprintf_p_l              0000000100416c20 f i legacy_stdio_definitions:legacy_stdio_definitions.obj
 0001:00015c84       _vsprintf_p                0000000100416c84 f i legacy_stdio_definitions:legacy_stdio_definitions.obj
 0001:00015ce4       vsnprintf_s                0000000100416ce4 f i legacy_stdio_definitions:legacy_stdio_definitions.obj
 0001:00015d4c       _vscprintf_l               0000000100416d4c f i legacy_stdio_definitions:legacy_stdio_definitions.obj
 0001:00015da0       _vscprintf                 0000000100416da0 f i legacy_stdio_definitions:legacy_stdio_definitions.obj
 0001:00015de8       _vscprintf_p_l             0000000100416de8 f i legacy_stdio_definitions:legacy_stdio_definitions.obj
 0001:00015e3c       _vscprintf_p               0000000100416e3c f i legacy_stdio_definitions:legacy_stdio_definitions.obj
 0001:00015e84       _vsnprintf_c_l             0000000100416e84 f i legacy_stdio_definitions:legacy_stdio_definitions.obj
 0001:00015ee8       _vsnprintf_c               0000000100416ee8 f i legacy_stdio_definitions:legacy_stdio_definitions.obj
 0001:00015f48       _sprintf_l                 0000000100416f48 f i legacy_stdio_definitions:legacy_stdio_definitions.obj
 0001:00015fa0       sprintf                    0000000100416fa0 f i legacy_stdio_definitions:legacy_stdio_definitions.obj
 0001:00015ff8       _sprintf_s_l               0000000100416ff8 f i legacy_stdio_definitions:legacy_stdio_definitions.obj
 0001:0001604c       _sprintf_p_l               000000010041704c f i legacy_stdio_definitions:legacy_stdio_definitions.obj
 0001:000160a0       _sprintf_p                 00000001004170a0 f i legacy_stdio_definitions:legacy_stdio_definitions.obj
 0001:000160f4       _snprintf_l                00000001004170f4 f i legacy_stdio_definitions:legacy_stdio_definitions.obj
 0001:0001614c       snprintf                   000000010041714c f i legacy_stdio_definitions:legacy_stdio_definitions.obj
 0001:000161a4       _snprintf                  00000001004171a4 f i legacy_stdio_definitions:legacy_stdio_definitions.obj
 0001:000161fc       _snprintf_c_l              00000001004171fc f i legacy_stdio_definitions:legacy_stdio_definitions.obj
 0001:00016250       _snprintf_c                0000000100417250 f i legacy_stdio_definitions:legacy_stdio_definitions.obj
 0001:000162a4       _snprintf_s_l              00000001004172a4 f i legacy_stdio_definitions:legacy_stdio_definitions.obj
 0001:00016304       _snprintf_s                0000000100417304 f i legacy_stdio_definitions:legacy_stdio_definitions.obj
 0001:00016360       _scprintf_l                0000000100417360 f i legacy_stdio_definitions:legacy_stdio_definitions.obj
 0001:000163b4       _scprintf                  00000001004173b4 f i legacy_stdio_definitions:legacy_stdio_definitions.obj
 0001:00016408       _scprintf_p_l              0000000100417408 f i legacy_stdio_definitions:legacy_stdio_definitions.obj
 0001:0001645c       _scprintf_p                000000010041745c f i legacy_stdio_definitions:legacy_stdio_definitions.obj
 0001:000164b0       vsscanf                    00000001004174b0 f i legacy_stdio_definitions:legacy_stdio_definitions.obj
 0001:000164fc       _vsscanf_s_l               00000001004174fc f i legacy_stdio_definitions:legacy_stdio_definitions.obj
 0001:00016558       vsscanf_s                  0000000100417558 f i legacy_stdio_definitions:legacy_stdio_definitions.obj
 0001:000165a8       _sscanf_l                  00000001004175a8 f i legacy_stdio_definitions:legacy_stdio_definitions.obj
 0001:000165f4       _sscanf_s_l                00000001004175f4 f i legacy_stdio_definitions:legacy_stdio_definitions.obj
 0001:00016644       sscanf_s                   0000000100417644 f i legacy_stdio_definitions:legacy_stdio_definitions.obj
 0001:00016694       _snscanf_l                 0000000100417694 f i legacy_stdio_definitions:legacy_stdio_definitions.obj
 0001:000166e0       _snscanf                   00000001004176e0 f i legacy_stdio_definitions:legacy_stdio_definitions.obj
 0001:0001672c       _snscanf_s_l               000000010041772c f i legacy_stdio_definitions:legacy_stdio_definitions.obj
 0001:0001677c       _snscanf_s                 000000010041777c f i legacy_stdio_definitions:legacy_stdio_definitions.obj
 0001:000167ca       memmove                    00000001004177ca f   vcruntimed:VCRUNTIME140D.dll
 0001:000167d0       strchr                     00000001004177d0 f   vcruntimed:VCRUNTIME140D.dll
 0001:000167d6       memset                     00000001004177d6 f   vcruntimed:VCRUNTIME140D.dll
 0001:000167dc       memcpy                     00000001004177dc f   vcruntimed:VCRUNTIME140D.dll
 0001:000167e2       __C_specific_handler       00000001004177e2 f   vcruntimed:VCRUNTIME140D.dll
 0001:000167e8       __std_type_info_destroy_list 00000001004177e8 f   vcruntimed:VCRUNTIME140D.dll
 0001:000167ee       __current_exception        00000001004177ee f   vcruntimed:VCRUNTIME140D.dll
 0001:000167f4       __current_exception_context 00000001004177f4 f   vcruntimed:VCRUNTIME140D.dll
 0001:000167fa       __C_specific_handler_noexcept 00000001004177fa f   vcruntimed:VCRUNTIME140D.dll
 0001:00016800       __vcrt_GetModuleFileNameW  0000000100417800 f   vcruntimed:VCRUNTIME140D.dll
 0001:00016806       __vcrt_GetModuleHandleW    0000000100417806 f   vcruntimed:VCRUNTIME140D.dll
 0001:0001680c       __vcrt_LoadLibraryExW      000000010041780c f   vcruntimed:VCRUNTIME140D.dll
 0001:00016812       isalpha                    0000000100417812 f   ucrtd:ucrtbased.dll
 0001:00016818       isdigit                    0000000100417818 f   ucrtd:ucrtbased.dll
 0001:0001681e       isalnum                    000000010041781e f   ucrtd:ucrtbased.dll
 0001:00016824       _errno                     0000000100417824 f   ucrtd:ucrtbased.dll
 0001:0001682a       strcmp                     000000010041782a f   ucrtd:ucrtbased.dll
 0001:00016830       _stricmp                   0000000100417830 f   ucrtd:ucrtbased.dll
 0001:00016836       strlen                     0000000100417836 f   ucrtd:ucrtbased.dll
 0001:0001683c       _strnicmp                  000000010041783c f   ucrtd:ucrtbased.dll
 0001:00016842       calloc                     0000000100417842 f   ucrtd:ucrtbased.dll
 0001:00016848       free                       0000000100417848 f   ucrtd:ucrtbased.dll
 0001:0001684e       malloc                     000000010041784e f   ucrtd:ucrtbased.dll
 0001:00016854       realloc                    0000000100417854 f   ucrtd:ucrtbased.dll
 0001:0001685a       _byteswap_ushort           000000010041785a f   ucrtd:ucrtbased.dll
 0001:00016860       _byteswap_ulong            0000000100417860 f   ucrtd:ucrtbased.dll
 0001:00016866       _byteswap_uint64           0000000100417866 f   ucrtd:ucrtbased.dll
 0001:0001686c       atoi                       000000010041786c f   ucrtd:ucrtbased.dll
 0001:00016872       __acrt_iob_func            0000000100417872 f   ucrtd:ucrtbased.dll
 0001:00016878       fread                      0000000100417878 f   ucrtd:ucrtbased.dll
 0001:0001687e       __stdio_common_vsnprintf_s 000000010041787e f   ucrtd:ucrtbased.dll
 0001:00016884       __stdio_common_vsscanf     0000000100417884 f   ucrtd:ucrtbased.dll
 0001:0001688a       strerror                   000000010041788a f   ucrtd:ucrtbased.dll
 0001:00016890       _initterm                  0000000100417890 f   ucrtd:ucrtbased.dll
 0001:00016896       _initterm_e                0000000100417896 f   ucrtd:ucrtbased.dll
 0001:0001689c       _CrtDbgReport              000000010041789c f   ucrtd:ucrtbased.dll
 0001:000168a2       _CrtDbgReportW             00000001004178a2 f   ucrtd:ucrtbased.dll
 0001:000168a8       _seh_filter_dll            00000001004178a8 f   ucrtd:ucrtbased.dll
 0001:000168ae       _configure_narrow_argv     00000001004178ae f   ucrtd:ucrtbased.dll
 0001:000168b4       _initialize_narrow_environment 00000001004178b4 f   ucrtd:ucrtbased.dll
 0001:000168ba       _initialize_onexit_table   00000001004178ba f   ucrtd:ucrtbased.dll
 0001:000168c0       _register_onexit_function  00000001004178c0 f   ucrtd:ucrtbased.dll
 0001:000168c6       _execute_onexit_table      00000001004178c6 f   ucrtd:ucrtbased.dll
 0001:000168cc       _crt_atexit                00000001004178cc f   ucrtd:ucrtbased.dll
 0001:000168d2       _crt_at_quick_exit         00000001004178d2 f   ucrtd:ucrtbased.dll
 0001:000168d8       _cexit                     00000001004178d8 f   ucrtd:ucrtbased.dll
 0001:000168de       terminate                  00000001004178de f   ucrtd:ucrtbased.dll
 0001:000168e4       strcpy_s                   00000001004178e4 f   ucrtd:ucrtbased.dll
 0001:000168ea       strcat_s                   00000001004178ea f   ucrtd:ucrtbased.dll
 0001:000168f0       __stdio_common_vsprintf_s  00000001004178f0 f   ucrtd:ucrtbased.dll
 0001:000168f6       _wmakepath_s               00000001004178f6 f   ucrtd:ucrtbased.dll
 0001:000168fc       _wsplitpath_s              00000001004178fc f   ucrtd:ucrtbased.dll
 0001:00016902       wcscpy_s                   0000000100417902 f   ucrtd:ucrtbased.dll
 0001:00016908       _strdup                    0000000100417908 f   ucrtd:ucrtbased.dll
 0001:0001690e       __stdio_common_vfwprintf   000000010041790e f   ucrtd:ucrtbased.dll
 0001:00016914       __stdio_common_vfwprintf_s 0000000100417914 f   ucrtd:ucrtbased.dll
 0001:0001691a       __stdio_common_vfwprintf_p 000000010041791a f   ucrtd:ucrtbased.dll
 0001:00016920       __stdio_common_vfwscanf    0000000100417920 f   ucrtd:ucrtbased.dll
 0001:00016926       __stdio_common_vswprintf   0000000100417926 f   ucrtd:ucrtbased.dll
 0001:0001692c       __stdio_common_vswprintf_s 000000010041792c f   ucrtd:ucrtbased.dll
 0001:00016932       __stdio_common_vsnwprintf_s 0000000100417932 f   ucrtd:ucrtbased.dll
 0001:00016938       __stdio_common_vswprintf_p 0000000100417938 f   ucrtd:ucrtbased.dll
 0001:0001693e       __stdio_common_vswscanf    000000010041793e f   ucrtd:ucrtbased.dll
 0001:00016944       __stdio_common_vfprintf    0000000100417944 f   ucrtd:ucrtbased.dll
 0001:0001694a       __stdio_common_vfprintf_s  000000010041794a f   ucrtd:ucrtbased.dll
 0001:00016950       __stdio_common_vfprintf_p  0000000100417950 f   ucrtd:ucrtbased.dll
 0001:00016956       __stdio_common_vfscanf     0000000100417956 f   ucrtd:ucrtbased.dll
 0001:0001695c       __stdio_common_vsprintf    000000010041795c f   ucrtd:ucrtbased.dll
 0001:00016962       __stdio_common_vsprintf_p  0000000100417962 f   ucrtd:ucrtbased.dll
 0001:00016985       RtlCaptureContext          0000000100417985 f   kernel32:KERNEL32.dll
 0001:0001698b       RtlLookupFunctionEntry     000000010041798b f   kernel32:KERNEL32.dll
 0001:00016991       RtlVirtualUnwind           0000000100417991 f   kernel32:KERNEL32.dll
 0001:00016997       UnhandledExceptionFilter   0000000100417997 f   kernel32:KERNEL32.dll
 0001:0001699d       SetUnhandledExceptionFilter 000000010041799d f   kernel32:KERNEL32.dll
 0001:000169a3       GetCurrentProcess          00000001004179a3 f   kernel32:KERNEL32.dll
 0001:000169a9       TerminateProcess           00000001004179a9 f   kernel32:KERNEL32.dll
 0001:000169af       IsProcessorFeaturePresent  00000001004179af f   kernel32:KERNEL32.dll
 0001:000169b5       QueryPerformanceCounter    00000001004179b5 f   kernel32:KERNEL32.dll
 0001:000169bb       GetCurrentProcessId        00000001004179bb f   kernel32:KERNEL32.dll
 0001:000169c1       GetCurrentThreadId         00000001004179c1 f   kernel32:KERNEL32.dll
 0001:000169c7       GetSystemTimeAsFileTime    00000001004179c7 f   kernel32:KERNEL32.dll
 0001:000169cd       DisableThreadLibraryCalls  00000001004179cd f   kernel32:KERNEL32.dll
 0001:000169d3       InitializeSListHead        00000001004179d3 f   kernel32:KERNEL32.dll
 0001:000169d9       GetStartupInfoW            00000001004179d9 f   kernel32:KERNEL32.dll
 0001:000169df       GetModuleHandleW           00000001004179df f   kernel32:KERNEL32.dll
 0001:000169e5       RaiseException             00000001004179e5 f   kernel32:KERNEL32.dll
 0001:000169eb       MultiByteToWideChar        00000001004179eb f   kernel32:KERNEL32.dll
 0001:000169f1       WideCharToMultiByte        00000001004179f1 f   kernel32:KERNEL32.dll
 0001:000169f7       GetLastError               00000001004179f7 f   kernel32:KERNEL32.dll
 0001:000169fd       HeapAlloc                  00000001004179fd f   kernel32:KERNEL32.dll
 0001:00016a03       HeapFree                   0000000100417a03 f   kernel32:KERNEL32.dll
 0001:00016a09       GetProcessHeap             0000000100417a09 f   kernel32:KERNEL32.dll
 0001:00016a0f       VirtualQuery               0000000100417a0f f   kernel32:KERNEL32.dll
 0001:00016a15       FreeLibrary                0000000100417a15 f   kernel32:KERNEL32.dll
 0001:00016a1b       GetProcAddress             0000000100417a1b f   kernel32:KERNEL32.dll
 0001:00016a30       __acrt_initialize          0000000100417a30 f   MSVCRTD:ucrt_stubs.obj
 0001:00016a30       __scrt_stub_for_acrt_initialize 0000000100417a30 f   MSVCRTD:ucrt_stubs.obj
 0001:00016a30       __vcrt_initialize          0000000100417a30 f   MSVCRTD:ucrt_stubs.obj
 0001:00016a40       __acrt_thread_attach       0000000100417a40 f   MSVCRTD:ucrt_stubs.obj
 0001:00016a40       __scrt_stub_for_acrt_thread_attach 0000000100417a40 f   MSVCRTD:ucrt_stubs.obj
 0001:00016a40       __vcrt_thread_attach       0000000100417a40 f   MSVCRTD:ucrt_stubs.obj
 0001:00016a50       __acrt_thread_detach       0000000100417a50 f   MSVCRTD:ucrt_stubs.obj
 0001:00016a50       __scrt_stub_for_acrt_thread_detach 0000000100417a50 f   MSVCRTD:ucrt_stubs.obj
 0001:00016a50       __vcrt_thread_detach       0000000100417a50 f   MSVCRTD:ucrt_stubs.obj
 0001:00016a60       __acrt_uninitialize        0000000100417a60 f   MSVCRTD:ucrt_stubs.obj
 0001:00016a60       __scrt_stub_for_acrt_uninitialize 0000000100417a60 f   MSVCRTD:ucrt_stubs.obj
 0001:00016a60       __vcrt_uninitialize        0000000100417a60 f   MSVCRTD:ucrt_stubs.obj
 0001:00016a70       __acrt_uninitialize_critical 0000000100417a70 f   MSVCRTD:ucrt_stubs.obj
 0001:00016a70       __scrt_stub_for_acrt_uninitialize_critical 0000000100417a70 f   MSVCRTD:ucrt_stubs.obj
 0001:00016a70       __vcrt_uninitialize_critical 0000000100417a70 f   MSVCRTD:ucrt_stubs.obj
 0001:00016a80       __scrt_stub_for_is_c_termination_complete 0000000100417a80 f   MSVCRTD:ucrt_stubs.obj
 0001:00016a80       _is_c_termination_complete 0000000100417a80 f   MSVCRTD:ucrt_stubs.obj
 0001:00016aa0       _guard_dispatch_icall_nop  0000000100417aa0 f   MSVCRTD:guard_dispatch.obj
 0001:00016ac0       _guard_xfg_dispatch_icall_nop 0000000100417ac0 f   MSVCRTD:guard_xfg_dispatch.obj
 0002:00000000       __imp_GetProcAddress       0000000100418000     kernel32:KERNEL32.dll
 0002:00000008       __imp_RtlLookupFunctionEntry 0000000100418008     kernel32:KERNEL32.dll
 0002:00000010       __imp_OutputDebugStringA   0000000100418010     kernel32:KERNEL32.dll
 0002:00000018       __imp_IsDebuggerPresent    0000000100418018     kernel32:KERNEL32.dll
 0002:00000020       __imp_FreeLibrary          0000000100418020     kernel32:KERNEL32.dll
 0002:00000028       __imp_VirtualQuery         0000000100418028     kernel32:KERNEL32.dll
 0002:00000030       __imp_GetProcessHeap       0000000100418030     kernel32:KERNEL32.dll
 0002:00000038       __imp_HeapFree             0000000100418038     kernel32:KERNEL32.dll
 0002:00000040       __imp_HeapAlloc            0000000100418040     kernel32:KERNEL32.dll
 0002:00000048       __imp_GetLastError         0000000100418048     kernel32:KERNEL32.dll
 0002:00000050       __imp_WideCharToMultiByte  0000000100418050     kernel32:KERNEL32.dll
 0002:00000058       __imp_MultiByteToWideChar  0000000100418058     kernel32:KERNEL32.dll
 0002:00000060       __imp_RaiseException       0000000100418060     kernel32:KERNEL32.dll
 0002:00000068       __imp_GetModuleHandleW     0000000100418068     kernel32:KERNEL32.dll
 0002:00000070       __imp_GetStartupInfoW      0000000100418070     kernel32:KERNEL32.dll
 0002:00000078       __imp_InitializeSListHead  0000000100418078     kernel32:KERNEL32.dll
 0002:00000080       __imp_DisableThreadLibraryCalls 0000000100418080     kernel32:KERNEL32.dll
 0002:00000088       __imp_GetSystemTimeAsFileTime 0000000100418088     kernel32:KERNEL32.dll
 0002:00000090       __imp_GetCurrentThreadId   0000000100418090     kernel32:KERNEL32.dll
 0002:00000098       __imp_GetCurrentProcessId  0000000100418098     kernel32:KERNEL32.dll
 0002:000000a0       __imp_QueryPerformanceCounter 00000001004180a0     kernel32:KERNEL32.dll
 0002:000000a8       __imp_IsProcessorFeaturePresent 00000001004180a8     kernel32:KERNEL32.dll
 0002:000000b0       __imp_TerminateProcess     00000001004180b0     kernel32:KERNEL32.dll
 0002:000000b8       __imp_GetCurrentProcess    00000001004180b8     kernel32:KERNEL32.dll
 0002:000000c0       __imp_SetUnhandledExceptionFilter 00000001004180c0     kernel32:KERNEL32.dll
 0002:000000c8       __imp_UnhandledExceptionFilter 00000001004180c8     kernel32:KERNEL32.dll
 0002:000000d0       __imp_RtlVirtualUnwind     00000001004180d0     kernel32:KERNEL32.dll
 0002:000000d8       __imp_RtlCaptureContext    00000001004180d8     kernel32:KERNEL32.dll
 0002:000000e0       \177KERNEL32_NULL_THUNK_DATA 00000001004180e0     kernel32:KERNEL32.dll
 0002:000000e8       __imp_memmove              00000001004180e8     vcruntimed:VCRUNTIME140D.dll
 0002:000000f0       __imp_strchr               00000001004180f0     vcruntimed:VCRUNTIME140D.dll
 0002:000000f8       __imp___vcrt_LoadLibraryExW 00000001004180f8     vcruntimed:VCRUNTIME140D.dll
 0002:00000100       __imp___vcrt_GetModuleHandleW 0000000100418100     vcruntimed:VCRUNTIME140D.dll
 0002:00000108       __imp___vcrt_GetModuleFileNameW 0000000100418108     vcruntimed:VCRUNTIME140D.dll
 0002:00000110       __imp___C_specific_handler_noexcept 0000000100418110     vcruntimed:VCRUNTIME140D.dll
 0002:00000118       __imp___current_exception_context 0000000100418118     vcruntimed:VCRUNTIME140D.dll
 0002:00000120       __imp___current_exception  0000000100418120     vcruntimed:VCRUNTIME140D.dll
 0002:00000128       __imp___std_type_info_destroy_list 0000000100418128     vcruntimed:VCRUNTIME140D.dll
 0002:00000130       __imp___C_specific_handler 0000000100418130     vcruntimed:VCRUNTIME140D.dll
 0002:00000138       __imp_memcpy               0000000100418138     vcruntimed:VCRUNTIME140D.dll
 0002:00000140       __imp_memset               0000000100418140     vcruntimed:VCRUNTIME140D.dll
 0002:00000148       \177VCRUNTIME140D_NULL_THUNK_DATA 0000000100418148     vcruntimed:VCRUNTIME140D.dll
 0002:00000150       __imp_inet_pton            0000000100418150     ws2_32:WS2_32.dll
 0002:00000158       __imp_WSAGetLastError      0000000100418158     ws2_32:WS2_32.dll
 0002:00000160       __imp_select               0000000100418160     ws2_32:WS2_32.dll
 0002:00000168       __imp_shutdown             0000000100418168     ws2_32:WS2_32.dll
 0002:00000170       __imp_closesocket          0000000100418170     ws2_32:WS2_32.dll
 0002:00000178       __imp_WSASetLastError      0000000100418178     ws2_32:WS2_32.dll
 0002:00000180       __imp_getservbyname        0000000100418180     ws2_32:WS2_32.dll
 0002:00000188       __imp_gethostbyname        0000000100418188     ws2_32:WS2_32.dll
 0002:00000190       __imp_bind                 0000000100418190     ws2_32:WS2_32.dll
 0002:00000198       __imp_getpeername          0000000100418198     ws2_32:WS2_32.dll
 0002:000001a0       __imp_htons                00000001004181a0     ws2_32:WS2_32.dll
 0002:000001a8       __imp_inet_addr            00000001004181a8     ws2_32:WS2_32.dll
 0002:000001b0       __imp_inet_ntoa            00000001004181b0     ws2_32:WS2_32.dll
 0002:000001b8       __imp_listen               00000001004181b8     ws2_32:WS2_32.dll
 0002:000001c0       __imp_ntohs                00000001004181c0     ws2_32:WS2_32.dll
 0002:000001c8       __imp_recv                 00000001004181c8     ws2_32:WS2_32.dll
 0002:000001d0       __imp_send                 00000001004181d0     ws2_32:WS2_32.dll
 0002:000001d8       __imp_setsockopt           00000001004181d8     ws2_32:WS2_32.dll
 0002:000001e0       __imp_inet_ntop            00000001004181e0     ws2_32:WS2_32.dll
 0002:000001e8       \177WS2_32_NULL_THUNK_DATA 00000001004181e8     ws2_32:WS2_32.dll
 0002:000001f0       __imp_Dequeue_IO_Interrupt 00000001004181f0     hengine:hengine.dll
 0002:000001f8       __imp_readlogo             00000001004181f8     hengine:hengine.dll
 0002:00000200       __imp_device_attention     0000000100418200     hengine:hengine.dll
 0002:00000208       __imp_sclp_sysg_attention  0000000100418208     hengine:hengine.dll
 0002:00000210       \177hengine_NULL_THUNK_DATA 0000000100418210     hengine:hengine.dll
 0002:00000218       __imp_sysblk               0000000100418218     hsys:hsys.dll
 0002:00000220       \177hsys_NULL_THUNK_DATA   0000000100418220     hsys:hsys.dll
 0002:00000228       __imp_hostinfo             0000000100418228     hutil:hutil.dll
 0002:00000230       __imp_logmsg               0000000100418230     hutil:hutil.dll
 0002:00000238       __imp_fwritemsg            0000000100418238     hutil:hutil.dll
 0002:00000240       __imp_disable_nagle        0000000100418240     hutil:hutil.dll
 0002:00000248       __imp_write_socket         0000000100418248     hutil:hutil.dll
 0002:00000250       __imp_prt_host_to_guest    0000000100418250     hutil:hutil.dll
 0002:00000258       __imp_guest_to_host        0000000100418258     hutil:hutil.dll
 0002:00000260       __imp_w32_basename         0000000100418260     hutil:hutil.dll
 0002:00000268       __imp_w32_snprintf         0000000100418268     hutil:hutil.dll
 0002:00000270       __imp_w32_fwrite           0000000100418270     hutil:hutil.dll
 0002:00000278       __imp_w32_pselect          0000000100418278     hutil:hutil.dll
 0002:00000280       __imp_w32_FD_ISSET         0000000100418280     hutil:hutil.dll
 0002:00000288       __imp_w32_FD_SET           0000000100418288     hutil:hutil.dll
 0002:00000290       __imp_w32_close_socket     0000000100418290     hutil:hutil.dll
 0002:00000298       __imp_w32_accept           0000000100418298     hutil:hutil.dll
 0002:000002a0       __imp_hthread_try_obtain_lock 00000001004182a0     hutil:hutil.dll
 0002:000002a8       __imp_hthread_release_lock 00000001004182a8     hutil:hutil.dll
 0002:000002b0       __imp_hthread_obtain_lock  00000001004182b0     hutil:hutil.dll
 0002:000002b8       __imp_hthread_join_thread  00000001004182b8     hutil:hutil.dll
 0002:000002c0       __imp_hthread_set_thread_prio 00000001004182c0     hutil:hutil.dll
 0002:000002c8       __imp_hthread_get_thread_prio 00000001004182c8     hutil:hutil.dll
 0002:000002d0       __imp_init_hostinfo        00000001004182d0     hutil:hutil.dll
 0002:000002d8       __imp_get_symbol           00000001004182d8     hutil:hutil.dll
 0002:000002e0       __imp_resolve_symbol_string 00000001004182e0     hutil:hutil.dll
 0002:000002e8       __imp_set_symbol           00000001004182e8     hutil:hutil.dll
 0002:000002f0       __imp_strlcpy              00000001004182f0     hutil:hutil.dll
 0002:000002f8       __imp_timeval_subtract     00000001004182f8     hutil:hutil.dll
 0002:00000300       __imp_w32_strerror         0000000100418300     hutil:hutil.dll
 0002:00000308       __imp_strtok_r             0000000100418308     hutil:hutil.dll
 0002:00000310       __imp_gettimeofday         0000000100418310     hutil:hutil.dll
 0002:00000318       __imp_usleep               0000000100418318     hutil:hutil.dll
 0002:00000320       __imp_sleep                0000000100418320     hutil:hutil.dll
 0002:00000328       __imp_sched_yield          0000000100418328     hutil:hutil.dll
 0002:00000330       __imp_hostpath             0000000100418330     hutil:hutil.dll
 0002:00000338       __imp_socket_set_blocking_mode 0000000100418338     hutil:hutil.dll
 0002:00000340       __imp_set_socket_keepalive 0000000100418340     hutil:hutil.dll
 0002:00000348       __imp_w32_socket           0000000100418348     hutil:hutil.dll
 0002:00000350       __imp_hthread_create_thread 0000000100418350     hutil:hutil.dll
 0002:00000358       __imp_fthread_self         0000000100418358     hutil:hutil.dll
 0002:00000360       \177hutil_NULL_THUNK_DATA  0000000100418360     hutil:hutil.dll
 0002:00000368       __imp__configure_narrow_argv 0000000100418368     ucrtd:ucrtbased.dll
 0002:00000370       __imp__initialize_narrow_environment 0000000100418370     ucrtd:ucrtbased.dll
 0002:00000378       __imp__initialize_onexit_table 0000000100418378     ucrtd:ucrtbased.dll
 0002:00000380       __imp__register_onexit_function 0000000100418380     ucrtd:ucrtbased.dll
 0002:00000388       __imp__execute_onexit_table 0000000100418388     ucrtd:ucrtbased.dll
 0002:00000390       __imp__crt_atexit          0000000100418390     ucrtd:ucrtbased.dll
 0002:00000398       __imp__CrtDbgReportW       0000000100418398     ucrtd:ucrtbased.dll
 0002:000003a0       __imp__cexit               00000001004183a0     ucrtd:ucrtbased.dll
 0002:000003a8       __imp_terminate            00000001004183a8     ucrtd:ucrtbased.dll
 0002:000003b0       __imp_strcpy_s             00000001004183b0     ucrtd:ucrtbased.dll
 0002:000003b8       __imp_strcat_s             00000001004183b8     ucrtd:ucrtbased.dll
 0002:000003c0       __imp___stdio_common_vsprintf_s 00000001004183c0     ucrtd:ucrtbased.dll
 0002:000003c8       __imp__wmakepath_s         00000001004183c8     ucrtd:ucrtbased.dll
 0002:000003d0       __imp__wsplitpath_s        00000001004183d0     ucrtd:ucrtbased.dll
 0002:000003d8       __imp_wcscpy_s             00000001004183d8     ucrtd:ucrtbased.dll
 0002:000003e0       __imp__strdup              00000001004183e0     ucrtd:ucrtbased.dll
 0002:000003e0       __imp_strdup               00000001004183e0     ucrtd:ucrtbased.dll
 0002:000003e8       __imp___stdio_common_vfwprintf 00000001004183e8     ucrtd:ucrtbased.dll
 0002:000003f0       __imp___stdio_common_vfwprintf_s 00000001004183f0     ucrtd:ucrtbased.dll
 0002:000003f8       __imp___stdio_common_vfwprintf_p 00000001004183f8     ucrtd:ucrtbased.dll
 0002:00000400       __imp___stdio_common_vfwscanf 0000000100418400     ucrtd:ucrtbased.dll
 0002:00000408       __imp___stdio_common_vswprintf 0000000100418408     ucrtd:ucrtbased.dll
 0002:00000410       __imp___stdio_common_vswprintf_s 0000000100418410     ucrtd:ucrtbased.dll
 0002:00000418       __imp___stdio_common_vsnwprintf_s 0000000100418418     ucrtd:ucrtbased.dll
 0002:00000420       __imp___stdio_common_vswprintf_p 0000000100418420     ucrtd:ucrtbased.dll
 0002:00000428       __imp___stdio_common_vswscanf 0000000100418428     ucrtd:ucrtbased.dll
 0002:00000430       __imp___stdio_common_vfprintf 0000000100418430     ucrtd:ucrtbased.dll
 0002:00000438       __imp___stdio_common_vfprintf_s 0000000100418438     ucrtd:ucrtbased.dll
 0002:00000440       __imp___stdio_common_vfprintf_p 0000000100418440     ucrtd:ucrtbased.dll
 0002:00000448       __imp___stdio_common_vfscanf 0000000100418448     ucrtd:ucrtbased.dll
 0002:00000450       __imp___stdio_common_vsprintf 0000000100418450     ucrtd:ucrtbased.dll
 0002:00000458       __imp___stdio_common_vsprintf_p 0000000100418458     ucrtd:ucrtbased.dll
 0002:00000460       __imp__CrtDbgReport        0000000100418460     ucrtd:ucrtbased.dll
 0002:00000468       __imp__initterm_e          0000000100418468     ucrtd:ucrtbased.dll
 0002:00000470       __imp__initterm            0000000100418470     ucrtd:ucrtbased.dll
 0002:00000478       __imp_strerror             0000000100418478     ucrtd:ucrtbased.dll
 0002:00000480       __imp___stdio_common_vsscanf 0000000100418480     ucrtd:ucrtbased.dll
 0002:00000488       __imp___stdio_common_vsnprintf_s 0000000100418488     ucrtd:ucrtbased.dll
 0002:00000490       __imp_fread                0000000100418490     ucrtd:ucrtbased.dll
 0002:00000498       __imp___acrt_iob_func      0000000100418498     ucrtd:ucrtbased.dll
 0002:000004a0       __imp_atoi                 00000001004184a0     ucrtd:ucrtbased.dll
 0002:000004a8       __imp__byteswap_uint64     00000001004184a8     ucrtd:ucrtbased.dll
 0002:000004b0       __imp__byteswap_ulong      00000001004184b0     ucrtd:ucrtbased.dll
 0002:000004b8       __imp__byteswap_ushort     00000001004184b8     ucrtd:ucrtbased.dll
 0002:000004c0       __imp_realloc              00000001004184c0     ucrtd:ucrtbased.dll
 0002:000004c8       __imp_malloc               00000001004184c8     ucrtd:ucrtbased.dll
 0002:000004d0       __imp_free                 00000001004184d0     ucrtd:ucrtbased.dll
 0002:000004d8       __imp_calloc               00000001004184d8     ucrtd:ucrtbased.dll
 0002:000004e0       __imp__strnicmp            00000001004184e0     ucrtd:ucrtbased.dll
 0002:000004e8       __imp_strlen               00000001004184e8     ucrtd:ucrtbased.dll
 0002:000004f0       __imp__stricmp             00000001004184f0     ucrtd:ucrtbased.dll
 0002:000004f8       __imp_strcmp               00000001004184f8     ucrtd:ucrtbased.dll
 0002:00000500       __imp__errno               0000000100418500     ucrtd:ucrtbased.dll
 0002:00000508       __imp_isalnum              0000000100418508     ucrtd:ucrtbased.dll
 0002:00000510       __imp_isdigit              0000000100418510     ucrtd:ucrtbased.dll
 0002:00000518       __imp__seh_filter_dll      0000000100418518     ucrtd:ucrtbased.dll
 0002:00000520       __imp__crt_at_quick_exit   0000000100418520     ucrtd:ucrtbased.dll
 0002:00000528       __imp_isalpha              0000000100418528     ucrtd:ucrtbased.dll
 0002:00000530       \177ucrtbased_NULL_THUNK_DATA 0000000100418530     ucrtd:ucrtbased.dll
 0002:00000538       __guard_check_icall_fptr   0000000100418538     MSVCRTD:guard_support.obj
 0002:00000540       __guard_xfg_check_icall_fptr 0000000100418540     MSVCRTD:guard_support.obj
 0002:00000548       __guard_dispatch_icall_fptr 0000000100418548     MSVCRTD:guard_support.obj
 0002:00000550       __guard_xfg_dispatch_icall_fptr 0000000100418550     MSVCRTD:guard_support.obj
 0002:00000558       __guard_xfg_table_dispatch_icall_fptr 0000000100418558     MSVCRTD:guard_support.obj
 0002:00000560       __castguard_check_failure_os_handled_fptr 0000000100418560     MSVCRTD:guard_support.obj
 0002:00000568       __guard_memcpy_fptr        0000000100418568     vcruntimed:softmemtag.obj
 0002:00000570       __xc_a                     0000000100418570     MSVCRTD:initializers.obj
 0002:00000578       __xc_z                     0000000100418578     MSVCRTD:initializers.obj
 0002:00000580       __xi_a                     0000000100418580     MSVCRTD:initializers.obj
 0002:00000588       __PLEASE_LINK_WITH_legacy_stdio_wide_specifiers.lib 0000000100418588     legacy_stdio_wide_specifiers:legacy_stdio_wide_specifiers.obj
 0002:00000590       __xi_z                     0000000100418590     MSVCRTD:initializers.obj
 0002:00000598       __xp_a                     0000000100418598     MSVCRTD:initializers.obj
 0002:000005a0       __xp_z                     00000001004185a0     MSVCRTD:initializers.obj
 0002:000005a8       __xt_a                     00000001004185a8     MSVCRTD:initializers.obj
 0002:000005b0       __xt_z                     00000001004185b0     MSVCRTD:initializers.obj
 0002:00000f50       __real@3ff0000000000000    0000000100418f50     telnet64d:telnet.c.obj
 0002:00000f58       __real@3fb999999999999a    0000000100418f58     telnet64d:telnet.c.obj
 0002:00000f60       __real@412e848000000000    0000000100418f60     telnet64d:telnet.c.obj
 0002:00000f68       _pDefaultRawDllMain        0000000100418f68     MSVCRTD:dll_dllmain.obj
 0002:00000f68       _pRawDllMain               0000000100418f68     MSVCRTD:dll_dllmain.obj
 0002:00000fa8       ??_C@_0BJ@HEGAHDFO@Stack?5pointer?5corruption@ 0000000100418fa8     MSVCRTD:userapi.obj
 0002:00000fc8       ??_C@_0CK@FEGOIOPB@Cast?5to?5smaller?5type?5causing?5lo@ 0000000100418fc8     MSVCRTD:userapi.obj
 0002:00000ff8       ??_C@_0BI@CIGMDCBH@Stack?5memory?5corruption@ 0000000100418ff8     MSVCRTD:userapi.obj
 0002:00001010       ??_C@_0CK@CNLNOEPB@Local?5variable?5used?5before?5init@ 0000000100419010     MSVCRTD:userapi.obj
 0002:00001040       ??_C@_0BP@OGBCLIBO@Stack?5around?5_alloca?5corrupted@ 0000000100419040     MSVCRTD:userapi.obj
 0002:00001120       ??_C@_0NN@JMPELKLB@The?5value?5of?5ESP?5was?5not?5proper@ 0000000100419120     MSVCRTD:error.obj
 0002:00001200       ??_C@_0BBN@ELNNILBE@A?5cast?5to?5a?5smaller?5data?5type?5h@ 0000000100419200     MSVCRTD:error.obj
 0002:00001320       ??_C@_0BN@BPOGFMJL@Stack?5memory?5was?5corrupted?$AN?6@ 0000000100419320     MSVCRTD:error.obj
 0002:00001340       ??_C@_0DG@DAJCDLPN@A?5local?5variable?5was?5used?5befor@ 0000000100419340     MSVCRTD:error.obj
 0002:00001378       ??_C@_0CM@JMIDGKLA@Stack?5memory?5around?5_alloca?5was@ 0000000100419378     MSVCRTD:error.obj
 0002:000013a8       ??_C@_0BO@CHIONIOI@Unknown?5Runtime?5Check?5Error?$AN?6@ 00000001004193a8     MSVCRTD:error.obj
 0002:000013d0       ??_C@_1GM@CNOOJIHC@?$AAR?$AAu?$AAn?$AAt?$AAi?$AAm?$AAe?$AA?5?$AAC?$AAh?$AAe?$AAc?$AAk?$AA?5?$AAE@ 00000001004193d0     MSVCRTD:error.obj
 0002:00001440       ??_C@_1EA@NFKNIFJP@?$AAR?$AAu?$AAn?$AA?9?$AAT?$AAi?$AAm?$AAe?$AA?5?$AAC?$AAh?$AAe?$AAc?$AAk?$AA?5@ 0000000100419440     MSVCRTD:error.obj
 0002:00001480       ??_C@_0BB@PFFGGCJP@Unknown?5Filename@ 0000000100419480     MSVCRTD:error.obj
 0002:00001498       ??_C@_0BE@GNBOBNCK@Unknown?5Module?5Name@ 0000000100419498     MSVCRTD:error.obj
 0002:000014b0       ??_C@_0CA@IODNCDPG@Run?9Time?5Check?5Failure?5?$CD?$CFd?5?9?5?$CFs@ 00000001004194b0     MSVCRTD:error.obj
 0002:000014d0       ??_C@_0CG@IAFNJNEE@Stack?5corrupted?5near?5unknown?5va@ 00000001004194d0     MSVCRTD:error.obj
 0002:000014f8       ??_C@_05MKKEDADM@?$CF?42X?5@ 00000001004194f8     MSVCRTD:error.obj
 0002:00001500       ??_C@_0EJ@LJKNEOLN@Stack?5area?5around?5_alloca?5memor@ 0000000100419500     MSVCRTD:error.obj
 0002:0000154c       ??_C@_01EEMJAFIK@?6@       000000010041954c     MSVCRTD:error.obj
 0002:00001550       ??_C@_02LLMPMKNF@?$DO?5@   0000000100419550     MSVCRTD:error.obj
 0002:00001558       ??_C@_08OMAHNMHJ@?6Data?3?5?$DM@ 0000000100419558     MSVCRTD:error.obj
 0002:00001568       ??_C@_0CK@DKGBICFE@?6Allocation?5number?5within?5this?5@ 0000000100419568     MSVCRTD:error.obj
 0002:00001598       ??_C@_07DFDJCKFN@?6Size?3?5@ 0000000100419598     MSVCRTD:error.obj
 0002:000015a0       ??_C@_0N@MHFFIMFG@?6Address?3?50x@ 00000001004195a0     MSVCRTD:error.obj
 0002:000015b0       ??_C@_0EI@CLEPFNGI@Stack?5area?5around?5_alloca?5memor@ 00000001004195b0     MSVCRTD:error.obj
 0002:000015f8       ??_C@_0BK@ODNDAGKB@?$CFs?$CFs?$CFp?$CFs?$CFzd?$CFs?$CFd?$CFs?$CFs?$CFs?$CFs?$CFs@ 00000001004195f8     MSVCRTD:error.obj
 0002:00001618       ??_C@_0DE@OHJBPMBP@A?5variable?5is?5being?5used?5withou@ 0000000100419618     MSVCRTD:error.obj
 0002:000016b0       ??_C@_1EI@MLPKHBGE@?$AAa?$AAp?$AAi?$AA?9?$AAm?$AAs?$AA?9?$AAw?$AAi?$AAn?$AA?9?$AAc?$AAo?$AAr?$AAe@ 00000001004196b0     MSVCRTD:pdblkup.obj
 0002:000016f8       ??_C@_1BK@JHLNAEJL@?$AAa?$AAd?$AAv?$AAa?$AAp?$AAi?$AA3?$AA2?$AA?4?$AAd?$AAl?$AAl@ 00000001004196f8     MSVCRTD:pdblkup.obj
 0002:00001718       ??_C@_0O@COHOBMLB@RegOpenKeyExW@ 0000000100419718     MSVCRTD:pdblkup.obj
 0002:00001728       ??_C@_0BB@GLNAEDBD@RegQueryValueExW@ 0000000100419728     MSVCRTD:pdblkup.obj
 0002:00001740       ??_C@_0M@HLOHPNFA@RegCloseKey@ 0000000100419740     MSVCRTD:pdblkup.obj
 0002:00001750       ??_C@_1HE@EBEAGLFB@?$AAS?$AAO?$AAF?$AAT?$AAW?$AAA?$AAR?$AAE?$AA?2?$AAW?$AAo?$AAw?$AA6?$AA4?$AA3@ 0000000100419750     MSVCRTD:pdblkup.obj
 0002:000017c8       ??_C@_1BG@EABPBLLF@?$AAP?$AAr?$AAo?$AAd?$AAu?$AAc?$AAt?$AAD?$AAi?$AAr@ 00000001004197c8     MSVCRTD:pdblkup.obj
 0002:00001800       ??_C@_1BC@JINFINNJ@?$AAM?$AAS?$AAP?$AAD?$AAB?$AA1?$AA4?$AA0@ 0000000100419800     MSVCRTD:pdblkup.obj
 0002:00001818       ??_C@_0BB@KCIACLNC@PDBOpenValidate5@ 0000000100419818     MSVCRTD:pdblkup.obj
 0002:0000182c       ??_C@_01KDCPPGHE@r@        000000010041982c     MSVCRTD:pdblkup.obj
 0002:00001830       __imp___swprintf_l         0000000100419830     legacy_stdio_definitions:legacy_stdio_definitions.obj
 0002:00001838       __imp___vswprintf_l        0000000100419838     legacy_stdio_definitions:legacy_stdio_definitions.obj
 0002:00001840       __imp__fprintf_l           0000000100419840     legacy_stdio_definitions:legacy_stdio_definitions.obj
 0002:00001848       __imp__fprintf_p           0000000100419848     legacy_stdio_definitions:legacy_stdio_definitions.obj
 0002:00001850       __imp__fprintf_p_l         0000000100419850     legacy_stdio_definitions:legacy_stdio_definitions.obj
 0002:00001858       __imp__fprintf_s_l         0000000100419858     legacy_stdio_definitions:legacy_stdio_definitions.obj
 0002:00001860       __imp__fscanf_l            0000000100419860     legacy_stdio_definitions:legacy_stdio_definitions.obj
 0002:00001868       __imp__fscanf_s_l          0000000100419868     legacy_stdio_definitions:legacy_stdio_definitions.obj
 0002:00001870       __imp__fwprintf_l          0000000100419870     legacy_stdio_definitions:legacy_stdio_definitions.obj
 0002:00001878       __imp__fwprintf_p          0000000100419878     legacy_stdio_definitions:legacy_stdio_definitions.obj
 0002:00001880       __imp__fwprintf_p_l        0000000100419880     legacy_stdio_definitions:legacy_stdio_definitions.obj
 0002:00001888       __imp__fwprintf_s_l        0000000100419888     legacy_stdio_definitions:legacy_stdio_definitions.obj
 0002:00001890       __imp__fwscanf_l           0000000100419890     legacy_stdio_definitions:legacy_stdio_definitions.obj
 0002:00001898       __imp__fwscanf_s_l         0000000100419898     legacy_stdio_definitions:legacy_stdio_definitions.obj
 0002:000018a0       __imp__printf_l            00000001004198a0     legacy_stdio_definitions:legacy_stdio_definitions.obj
 0002:000018a8       __imp__printf_p            00000001004198a8     legacy_stdio_definitions:legacy_stdio_definitions.obj
 0002:000018b0       __imp__printf_p_l          00000001004198b0     legacy_stdio_definitions:legacy_stdio_definitions.obj
 0002:000018b8       __imp__printf_s_l          00000001004198b8     legacy_stdio_definitions:legacy_stdio_definitions.obj
 0002:000018c0       __imp__scanf_l             00000001004198c0     legacy_stdio_definitions:legacy_stdio_definitions.obj
 0002:000018c8       __imp__scanf_s_l           00000001004198c8     legacy_stdio_definitions:legacy_stdio_definitions.obj
 0002:000018d0       __imp__scprintf            00000001004198d0     legacy_stdio_definitions:legacy_stdio_definitions.obj
 0002:000018d8       __imp__scprintf_l          00000001004198d8     legacy_stdio_definitions:legacy_stdio_definitions.obj
 0002:000018e0       __imp__scprintf_p          00000001004198e0     legacy_stdio_definitions:legacy_stdio_definitions.obj
 0002:000018e8       __imp__scprintf_p_l        00000001004198e8     legacy_stdio_definitions:legacy_stdio_definitions.obj
 0002:000018f0       __imp__scwprintf           00000001004198f0     legacy_stdio_definitions:legacy_stdio_definitions.obj
 0002:000018f8       __imp__scwprintf_l         00000001004198f8     legacy_stdio_definitions:legacy_stdio_definitions.obj
 0002:00001900       __imp__scwprintf_p         0000000100419900     legacy_stdio_definitions:legacy_stdio_definitions.obj
 0002:00001908       __imp__scwprintf_p_l       0000000100419908     legacy_stdio_definitions:legacy_stdio_definitions.obj
 0002:00001910       __imp__snprintf            0000000100419910     legacy_stdio_definitions:legacy_stdio_definitions.obj
 0002:00001918       __imp__snprintf_c          0000000100419918     legacy_stdio_definitions:legacy_stdio_definitions.obj
 0002:00001920       __imp__snprintf_c_l        0000000100419920     legacy_stdio_definitions:legacy_stdio_definitions.obj
 0002:00001928       __imp__snprintf_l          0000000100419928     legacy_stdio_definitions:legacy_stdio_definitions.obj
 0002:00001930       __imp__snprintf_s          0000000100419930     legacy_stdio_definitions:legacy_stdio_definitions.obj
 0002:00001938       __imp__snprintf_s_l        0000000100419938     legacy_stdio_definitions:legacy_stdio_definitions.obj
 0002:00001940       __imp__snscanf             0000000100419940     legacy_stdio_definitions:legacy_stdio_definitions.obj
 0002:00001948       __imp__snscanf_l           0000000100419948     legacy_stdio_definitions:legacy_stdio_definitions.obj
 0002:00001950       __imp__snscanf_s           0000000100419950     legacy_stdio_definitions:legacy_stdio_definitions.obj
 0002:00001958       __imp__snscanf_s_l         0000000100419958     legacy_stdio_definitions:legacy_stdio_definitions.obj
 0002:00001960       __imp__snwprintf           0000000100419960     legacy_stdio_definitions:legacy_stdio_definitions.obj
 0002:00001968       __imp__snwprintf_l         0000000100419968     legacy_stdio_definitions:legacy_stdio_definitions.obj
 0002:00001970       __imp__snwprintf_s         0000000100419970     legacy_stdio_definitions:legacy_stdio_definitions.obj
 0002:00001978       __imp__snwprintf_s_l       0000000100419978     legacy_stdio_definitions:legacy_stdio_definitions.obj
 0002:00001980       __imp__snwscanf            0000000100419980     legacy_stdio_definitions:legacy_stdio_definitions.obj
 0002:00001988       __imp__snwscanf_l          0000000100419988     legacy_stdio_definitions:legacy_stdio_definitions.obj
[...]
 0003:00003458       $SG179399                  0000000100420458     console.obj
 0003:00003478       $SG179400                  0000000100420478     console.obj
 0003:00003498       $SG179401                  0000000100420498     console.obj
 0003:000034a8       $SG179402                  00000001004204a8     console.obj
 0003:000034b8       $SG179406                  00000001004204b8     console.obj
 0003:000034d8       $SG179407                  00000001004204d8     console.obj
 0003:000034f8       $SG179408                  00000001004204f8     console.obj
 0003:00003508       $SG179414                  0000000100420508     console.obj
 0003:00003528       $SG179415                  0000000100420528     console.obj
 0003:00003538       $SG179419                  0000000100420538     console.obj
 0003:00003548       $SG179421                  0000000100420548     console.obj
 0003:00003558       $SG179425                  0000000100420558     console.obj
 0003:00003568       $SG179431                  0000000100420568     console.obj
 0003:00003578       $SG179432                  0000000100420578     console.obj
 0003:00003588       $SG179439                  0000000100420588     console.obj
 0003:00003598       $SG179441                  0000000100420598     console.obj
 0003:000035a8       $SG179443                  00000001004205a8     console.obj
 0003:000035b8       $SG179448                  00000001004205b8     console.obj
 0003:000035c8       $SG179451                  00000001004205c8     console.obj
 0003:000035e8       $SG179452                  00000001004205e8     console.obj
 0003:000035f8       $SG179543                  00000001004205f8     console.obj
 0003:00003608       $SG179548                  0000000100420608     console.obj
 0003:00003618       $SG179555                  0000000100420618     console.obj
 0003:00003628       $SG179556                  0000000100420628     console.obj
 0003:00003638       $SG179558                  0000000100420638     console.obj
 0003:00003648       $SG179561                  0000000100420648     console.obj
 0003:00003660       $SG179562                  0000000100420660     console.obj
 0003:00003670       $SG179563                  0000000100420670     console.obj
 0003:000036b8       $SG179565                  00000001004206b8     console.obj
 0003:000036d0       $SG179566                  00000001004206d0     console.obj
 0003:000036e0       $SG179567                  00000001004206e0     console.obj
 0003:00003728       $SG179570                  0000000100420728     console.obj
 0003:00003738       $SG179575                  0000000100420738     console.obj
 0003:00003748       $SG179582                  0000000100420748     console.obj
 0003:00003758       $SG179583                  0000000100420758     console.obj
 0003:00003768       $SG179585                  0000000100420768     console.obj
 0003:00003778       $SG179588                  0000000100420778     console.obj
 0003:00003790       $SG179589                  0000000100420790     console.obj
 0003:000037a0       $SG179590                  00000001004207a0     console.obj
 0003:000037e8       $SG179592                  00000001004207e8     console.obj
 0003:00003800       $SG179593                  0000000100420800     console.obj
 0003:00003810       $SG179594                  0000000100420810     console.obj
 0003:00003858       $SG179663                  0000000100420858     console.obj
 0003:00003870       $SG179664                  0000000100420870     console.obj
 0003:00003880       $SG179665                  0000000100420880     console.obj
 0003:000038c8       $SG179667                  00000001004208c8     console.obj
 0003:000038e0       $SG179668                  00000001004208e0     console.obj
 0003:000038f0       $SG179669                  00000001004208f0     console.obj
 0003:00003938       $SG179679                  0000000100420938     console.obj
 0003:00003968       $SG179751                  0000000100420968     console.obj
 0003:00003970       constty_device_hndinfo     0000000100420970     console.obj
 0003:00003a38       $SG179752                  0000000100420a38     console.obj
 0003:00003a40       loc3270_device_hndinfo     0000000100420a40     console.obj
 0003:00003b08       $SG179745                  0000000100420b08     console.obj
 0003:00003b18       $SG179746                  0000000100420b18     console.obj
 0003:00003b28       $SG179748                  0000000100420b28     console.obj
 0003:00003b34       $SG179757                  0000000100420b34     console.obj
 0003:00003b3c       $SG179758                  0000000100420b3c     console.obj
 0003:00003b44       $SG179759                  0000000100420b44     console.obj
 0003:00003b4c       $SG179760                  0000000100420b4c     console.obj
 0003:00003b54       $SG179761                  0000000100420b54     console.obj
 0003:00003b60       $SG82035                   0000000100420b60     telnet64d:telnet.c.obj
 0003:00003bd8       $SG82095                   0000000100420bd8     telnet64d:telnet.c.obj
 0003:00003c00       $SG82096                   0000000100420c00     telnet64d:telnet.c.obj
 0003:00003c10       $SG82101                   0000000100420c10     telnet64d:telnet.c.obj
 0003:00003c38       $SG82102                   0000000100420c38     telnet64d:telnet.c.obj
 0003:00003c48       $SG82105                   0000000100420c48     telnet64d:telnet.c.obj
 0003:00003c68       $SG82106                   0000000100420c68     telnet64d:telnet.c.obj
 0003:00003c78       $SG82117                   0000000100420c78     telnet64d:telnet.c.obj
 0003:00003c90       $SG82118                   0000000100420c90     telnet64d:telnet.c.obj
 0003:00003ca0       $SG82153                   0000000100420ca0     telnet64d:telnet.c.obj
 0003:00003cc8       $SG82154                   0000000100420cc8     telnet64d:telnet.c.obj
 0003:00003cd8       $SG82156                   0000000100420cd8     telnet64d:telnet.c.obj
 0003:00003d00       $SG82157                   0000000100420d00     telnet64d:telnet.c.obj
 0003:00003d10       $SG82162                   0000000100420d10     telnet64d:telnet.c.obj
 0003:00003d28       $SG82163                   0000000100420d28     telnet64d:telnet.c.obj
 0003:00003d38       $SG82217                   0000000100420d38     telnet64d:telnet.c.obj
 0003:00003d68       $SG82218                   0000000100420d68     telnet64d:telnet.c.obj
 0003:00003d78       $SG82221                   0000000100420d78     telnet64d:telnet.c.obj
 0003:00003d90       $SG82222                   0000000100420d90     telnet64d:telnet.c.obj
 0003:00003da0       $SG82254                   0000000100420da0     telnet64d:telnet.c.obj
 0003:00003db8       $SG82255                   0000000100420db8     telnet64d:telnet.c.obj
 0003:00003dd0       $SG82335                   0000000100420dd0     telnet64d:telnet.c.obj
 0003:00003de8       $SG82336                   0000000100420de8     telnet64d:telnet.c.obj
 0003:00003e08       $SG82338                   0000000100420e08     telnet64d:telnet.c.obj
 0003:00003e20       $SG82339                   0000000100420e20     telnet64d:telnet.c.obj
 0003:00003e40       $SG82360                   0000000100420e40     telnet64d:telnet.c.obj
 0003:00003e58       $SG82361                   0000000100420e58     telnet64d:telnet.c.obj
 0003:00003e78       $SG82363                   0000000100420e78     telnet64d:telnet.c.obj
 0003:00003e90       $SG82364                   0000000100420e90     telnet64d:telnet.c.obj
 0003:00003eb0       $SG82427                   0000000100420eb0     telnet64d:telnet.c.obj
 0003:00003ed8       $SG82428                   0000000100420ed8     telnet64d:telnet.c.obj
 0003:00003ef0       $SG82518                   0000000100420ef0     telnet64d:telnet.c.obj
 0003:00003f08       $SG82519                   0000000100420f08     telnet64d:telnet.c.obj
 0003:00003f18       $SG82563                   0000000100420f18     telnet64d:telnet.c.obj
 0003:00003f30       $SG82564                   0000000100420f30     telnet64d:telnet.c.obj
 0003:00003f48       $SG82618                   0000000100420f48     telnet64d:telnet.c.obj
 0003:00003f58       $SG82620                   0000000100420f58     telnet64d:telnet.c.obj
 0003:00003f68       $SG82622                   0000000100420f68     telnet64d:telnet.c.obj
 0003:00003f78       $SG82624                   0000000100420f78     telnet64d:telnet.c.obj
 0003:00003f88       $SG82626                   0000000100420f88     telnet64d:telnet.c.obj
 0003:00003f98       $SG82628                   0000000100420f98     telnet64d:telnet.c.obj
 0003:00003fa8       $SG82630                   0000000100420fa8     telnet64d:telnet.c.obj
 0003:00003fb8       $SG82632                   0000000100420fb8     telnet64d:telnet.c.obj
 0003:00003fc8       $SG82634                   0000000100420fc8     telnet64d:telnet.c.obj
 0003:00003fd8       $SG82636                   0000000100420fd8     telnet64d:telnet.c.obj
 0003:00003fe8       $SG82638                   0000000100420fe8     telnet64d:telnet.c.obj
 0003:00003ff8       $SG82640                   0000000100420ff8     telnet64d:telnet.c.obj
 0003:00004008       $SG82642                   0000000100421008     telnet64d:telnet.c.obj
 0003:00004018       $SG82644                   0000000100421018     telnet64d:telnet.c.obj
 0003:00004028       $SG82646                   0000000100421028     telnet64d:telnet.c.obj
 0003:00004038       $SG82648                   0000000100421038     telnet64d:telnet.c.obj
 0003:00004048       $SG82650                   0000000100421048     telnet64d:telnet.c.obj
 0003:00004058       $SG82652                   0000000100421058     telnet64d:telnet.c.obj
 0003:00004068       $SG82654                   0000000100421068     telnet64d:telnet.c.obj
 0003:00004078       $SG82656                   0000000100421078     telnet64d:telnet.c.obj
 0003:00004088       $SG82658                   0000000100421088     telnet64d:telnet.c.obj
 0003:00004098       $SG82670                   0000000100421098     telnet64d:telnet.c.obj
 0003:000040b8       $SG82672                   00000001004210b8     telnet64d:telnet.c.obj
 0003:000040d0       $SG82674                   00000001004210d0     telnet64d:telnet.c.obj
 0003:000040e8       $SG82676                   00000001004210e8     telnet64d:telnet.c.obj
 0003:00004100       $SG82678                   0000000100421100     telnet64d:telnet.c.obj
 0003:00004118       $SG82680                   0000000100421118     telnet64d:telnet.c.obj
 0003:00004130       $SG82682                   0000000100421130     telnet64d:telnet.c.obj
 0003:00004148       $SG82684                   0000000100421148     telnet64d:telnet.c.obj
 0003:00004160       $SG82686                   0000000100421160     telnet64d:telnet.c.obj
 0003:00004178       $SG82688                   0000000100421178     telnet64d:telnet.c.obj
 0003:00004190       $SG82690                   0000000100421190     telnet64d:telnet.c.obj
 0003:000041a8       $SG82692                   00000001004211a8     telnet64d:telnet.c.obj
 0003:000041c0       $SG82694                   00000001004211c0     telnet64d:telnet.c.obj
 0003:000041d8       $SG82696                   00000001004211d8     telnet64d:telnet.c.obj
 0003:000041f0       $SG82698                   00000001004211f0     telnet64d:telnet.c.obj
 0003:00004208       $SG82700                   0000000100421208     telnet64d:telnet.c.obj
 0003:00004220       $SG82702                   0000000100421220     telnet64d:telnet.c.obj
 0003:00004238       $SG82704                   0000000100421238     telnet64d:telnet.c.obj
 0003:00004250       $SG82706                   0000000100421250     telnet64d:telnet.c.obj
 0003:00004268       $SG82708                   0000000100421268     telnet64d:telnet.c.obj
 0003:00004280       $SG82710                   0000000100421280     telnet64d:telnet.c.obj
 0003:00004298       $SG82712                   0000000100421298     telnet64d:telnet.c.obj
 0003:000042b0       $SG82714                   00000001004212b0     telnet64d:telnet.c.obj
 0003:000042c8       $SG82716                   00000001004212c8     telnet64d:telnet.c.obj
 0003:000042e8       $SG82718                   00000001004212e8     telnet64d:telnet.c.obj
 0003:00004300       $SG82720                   0000000100421300     telnet64d:telnet.c.obj
 0003:00004318       $SG82722                   0000000100421318     telnet64d:telnet.c.obj
 0003:00004330       $SG82724                   0000000100421330     telnet64d:telnet.c.obj
 0003:00004348       $SG82726                   0000000100421348     telnet64d:telnet.c.obj
 0003:00004360       $SG82728                   0000000100421360     telnet64d:telnet.c.obj
 0003:00004378       $SG82730                   0000000100421378     telnet64d:telnet.c.obj
 0003:00004398       $SG82732                   0000000100421398     telnet64d:telnet.c.obj
 0003:000043b0       $SG82734                   00000001004213b0     telnet64d:telnet.c.obj
 0003:000043c8       $SG82736                   00000001004213c8     telnet64d:telnet.c.obj
 0003:000043e0       $SG82738                   00000001004213e0     telnet64d:telnet.c.obj
 0003:000043f8       $SG82740                   00000001004213f8     telnet64d:telnet.c.obj
 0003:00004410       $SG82742                   0000000100421410     telnet64d:telnet.c.obj
 0003:00004428       $SG82744                   0000000100421428     telnet64d:telnet.c.obj
 0003:00004440       $SG82746                   0000000100421440     telnet64d:telnet.c.obj
 0003:00004460       $SG82748                   0000000100421460     telnet64d:telnet.c.obj
 0003:00004478       $SG82750                   0000000100421478     telnet64d:telnet.c.obj
 0003:00004498       $SG82752                   0000000100421498     telnet64d:telnet.c.obj
 0003:000044b0       $SG82764                   00000001004214b0     telnet64d:telnet.c.obj
 0003:000044c8       $SG82766                   00000001004214c8     telnet64d:telnet.c.obj
 0003:000044d8       $SG82768                   00000001004214d8     telnet64d:telnet.c.obj
 0003:000044e8       $SG82770                   00000001004214e8     telnet64d:telnet.c.obj
 0003:000044f8       $SG82772                   00000001004214f8     telnet64d:telnet.c.obj
 0003:00004508       $SG82774                   0000000100421508     telnet64d:telnet.c.obj
 0003:00004518       $SG82776                   0000000100421518     telnet64d:telnet.c.obj
 0003:00004528       $SG82778                   0000000100421528     telnet64d:telnet.c.obj
 0003:00004538       $SG82780                   0000000100421538     telnet64d:telnet.c.obj
 0003:00004558       $SG82782                   0000000100421558     telnet64d:telnet.c.obj
 0003:00004568       $SG82784                   0000000100421568     telnet64d:telnet.c.obj
 0003:00004580       $SG82786                   0000000100421580     telnet64d:telnet.c.obj
 0003:00004598       $SG82788                   0000000100421598     telnet64d:telnet.c.obj
 0003:000045a8       $SG82800                   00000001004215a8     telnet64d:telnet.c.obj
 0003:000045c0       $SG82802                   00000001004215c0     telnet64d:telnet.c.obj
 0003:000045d0       $SG82804                   00000001004215d0     telnet64d:telnet.c.obj
 0003:000045e0       $SG82806                   00000001004215e0     telnet64d:telnet.c.obj
 0003:000045f8       $SG82808                   00000001004215f8     telnet64d:telnet.c.obj
 0003:00004610       $SG82810                   0000000100421610     telnet64d:telnet.c.obj
 0003:00004690       $SG177511                  0000000100421690     console.obj
 0003:00004691       $SG177512                  0000000100421691     console.obj
 0003:00004692       $SG177523                  0000000100421692     console.obj
 0003:00004693       $SG177525                  0000000100421693     console.obj
 0003:00004694       $SG177761                  0000000100421694     console.obj
 0003:000046a0       console_cnslcnt            00000001004216a0     console.obj
 0003:000046a4       $SG178622                  00000001004216a4     console.obj
 0003:000046a5       $SG178634                  00000001004216a5     console.obj
 0003:000046a6       $SG178636                  00000001004216a6     console.obj
 0003:000046a7       $SG178685                  00000001004216a7     console.obj
 0003:000046a8       $SG178984                  00000001004216a8     console.obj
 0003:000046a9       $SG179318                  00000001004216a9     console.obj
 0003:000046aa       $SG179324                  00000001004216aa     console.obj
 0003:000046b0       ?prev@?BN@??console_connection_handler@@9@9 00000001004216b0     console.obj
 0003:000046b8       ?prev@?CE@??console_connection_handler@@9@9 00000001004216b8     console.obj
 0003:000046c0       ?clid@?CI@??console_connection_handler@@9@9 00000001004216c0     console.obj
 0003:000046c8       ?buffer@?3??telnet_cmd_name@@9@9 00000001004216c8     telnet64d:telnet.c.obj
 0003:000046e8       ?buffer@?3??telnet_opt_name@@9@9 00000001004216e8     telnet64d:telnet.c.obj
 0003:00004708       ?buffer@?3??telnet_evt_name@@9@9 0000000100421708     telnet64d:telnet.c.obj
 0003:00004728       ?buffer@?3??telnet_err_name@@9@9 0000000100421728     telnet64d:telnet.c.obj
 0003:00004748       $SG82132                   0000000100421748     telnet64d:telnet.c.obj
 0003:0000474c       ?__proc_attached@@3HA      000000010042174c     MSVCRTD:dll_dllmain.obj
 0003:00004750       GS_ExceptionRecord         0000000100421750     MSVCRTD:gs_report.obj
 0003:000047f0       GS_ContextRecord           00000001004217f0     MSVCRTD:gs_report.obj
 0003:00004cc0       ?init@?1??_RTC_InitBase@@9@4_NA 0000000100421cc0     MSVCRTD:init.obj
 0003:00004d00       ?is_initialized_as_dll@@3_NA 0000000100421d00     MSVCRTD:utility.obj
 0003:00004d01       ?module_local_atexit_table_initialized@@3_NA 0000000100421d01     MSVCRTD:utility.obj
 0003:00004d08       ?module_local_atexit_table@@3U_onexit_table_t@@A 0000000100421d08     MSVCRTD:utility.obj
 0003:00004d20       ?module_local_at_quick_exit_table@@3U_onexit_table_t@@A 0000000100421d20     MSVCRTD:utility.obj
 0003:00004d40       ?_RTC_ErrorReportFunc@@3P6AHHPEBDH00ZZEA 0000000100421d40     MSVCRTD:userapi.obj
 0003:00004d48       ?_RTC_ErrorReportFuncW@@3P6AHHPEB_WH00ZZEA 0000000100421d48     MSVCRTD:userapi.obj
 0003:00004d58       ?mspdb@@3PEAUHINSTANCE__@@EA 0000000100421d58     MSVCRTD:pdblkup.obj
 0003:00004d60       ?alreadyTried@?1??GetPdbDll@@YAPEAUHINSTANCE__@@XZ@4_NA 0000000100421d60     MSVCRTD:pdblkup.obj
 0003:00004d61       ?PDBOK@?1??_RTC_GetSrcLine@@YAHPEAEPEA_WKPEAH1K@Z@4_NA 0000000100421d61     MSVCRTD:pdblkup.obj
 0005:000002d0       $R000000                   00000001004242d0     hercprod.res
 0005:00000878       $R0005A8                   0000000100424878     hercprod.res
 0005:000009a0       $R0006D0                   00000001004249a0     hercprod.res
 0005:00000f08       $R000C38                   0000000100424f08     hercprod.res
 0005:00001370       $R0010A0                   0000000100425370     hercprod.res
 0005:00001658       $R001388                   0000000100425658     hercprod.res
 0005:00001f00       $R001C30                   0000000100425f00     hercprod.res
 0005:00002fa8       $R002CD8                   0000000100426fa8     hercprod.res
 0005:00003610       $R003340                   0000000100427610     hercprod.res
 0005:000044b8       $R0041E8                   00000001004284b8     hercprod.res
 0005:00006a60       $R006790                   000000010042aa60     hercprod.res
 0005:0000ff08       $R00FC38                   0000000100433f08     hercprod.res
 0005:00013bc8       $R0138F8                   0000000100437bc8     hercprod.res
