 hetget

 Timestamp is 63de27a3 (Sat Feb  4 10:38:43 2023)

 Preferred load address is 0000000100400000

 Start         Length     Name                   Class
 0001:00000000 00003980H .text$mn                CODE
 0001:00003980 00000040H .text$mn$00             CODE
 0001:000039c0 0000006dH .text$x                 CODE
 0002:00000000 000002c0H .idata$5                DATA
 0002:000002c0 00000038H .00cfg                  DATA
 0002:000002f8 00000008H .CRT$XCA                DATA
 0002:00000300 00000008H .CRT$XCAA               DATA
 0002:00000308 00000008H .CRT$XCZ                DATA
 0002:00000310 00000008H .CRT$XIA                DATA
 0002:00000318 00000008H .CRT$XIAA               DATA
 0002:00000320 00000008H .CRT$XIAC               DATA
 0002:00000328 00000008H .CRT$XIZ                DATA
 0002:00000330 00000008H .CRT$XPA                DATA
 0002:00000338 00000008H .CRT$XPZ                DATA
 0002:00000340 00000008H .CRT$XTA                DATA
 0002:00000348 00000008H .CRT$XTZ                DATA
 0002:00000350 00000000H .gehcont$y              DATA
 0002:00000350 00000000H .gfids$y                DATA
 0002:00000350 000003b0H .rdata                  DATA
 0002:00000700 00000080H .rdata$CastGuardVftablesA DATA
 0002:00000780 00000080H .rdata$CastGuardVftablesC DATA
 0002:00000800 000000a0H .rdata$voltmd           DATA
 0002:000008a0 00000338H .rdata$zzzdbg           DATA
 0002:00000bd8 00000008H .rtc$IAA                DATA
 0002:00000be0 00000008H .rtc$IZZ                DATA
 0002:00000be8 00000008H .rtc$TAA                DATA
 0002:00000bf0 00000008H .rtc$TZZ                DATA
 0002:00000bf8 000002fcH .xdata                  DATA
 0002:00000ef4 00000000H .edata                  DATA
 0002:00000ef4 00000078H .idata$2                DATA
 0002:00000f6c 00000014H .idata$3                DATA
 0002:00000f80 000002c0H .idata$4                DATA
 0002:00001240 000005d2H .idata$6                DATA
 0003:00000000 000008f0H .data                   DATA
 0003:000008f0 00000678H .bss                    DATA
 0004:00000000 000003e4H .pdata                  DATA
 0005:00000000 000002d0H .rsrc$01                DATA
 0005:000002d0 00026880H .rsrc$02                DATA

  Address         Publics by Value              Rva+Base               Lib:Object

 0000:00000000       __AbsoluteZero             0000000000000000     <absolute>
 0000:00000000       ___safe_se_handler_count   0000000000000000     <absolute>
 0000:00000000       ___safe_se_handler_table   0000000000000000     <absolute>
 0000:00000000       __arm64x_extra_rfe_table   0000000000000000     <absolute>
 0000:00000000       __arm64x_extra_rfe_table_size 0000000000000000     <absolute>
 0000:00000000       __arm64x_native_entrypoint 0000000000000000     <absolute>
 0000:00000000       __arm64x_redirection_metadata 0000000000000000     <absolute>
 0000:00000000       __arm64x_redirection_metadata_count 0000000000000000     <absolute>
 0000:00000000       __dynamic_value_reloc_table 0000000000000000     <absolute>
 0000:00000000       __enclave_config           0000000000000000     <absolute>
 0000:00000000       __guard_check_icall_a64n_fptr 0000000000000000     <absolute>
 0000:00000000       __guard_eh_cont_count      0000000000000000     <absolute>
 0000:00000000       __guard_eh_cont_table      0000000000000000     <absolute>
 0000:00000000       __guard_fids_count         0000000000000000     <absolute>
 0000:00000000       __guard_fids_table         0000000000000000     <absolute>
 0000:00000000       __guard_iat_count          0000000000000000     <absolute>
 0000:00000000       __guard_iat_table          0000000000000000     <absolute>
 0000:00000000       __guard_longjmp_count      0000000000000000     <absolute>
 0000:00000000       __guard_longjmp_table      0000000000000000     <absolute>
 0000:00000000       __hybrid_auxiliary_iat     0000000000000000     <absolute>
 0000:00000000       __hybrid_auxiliary_iat_copy 0000000000000000     <absolute>
 0000:00000000       __hybrid_code_map          0000000000000000     <absolute>
 0000:00000000       __hybrid_code_map_count    0000000000000000     <absolute>
 0000:00000000       __x64_code_ranges_to_entry_points 0000000000000000     <absolute>
 0000:00000000       __x64_code_ranges_to_entry_points_count 0000000000000000     <absolute>
 0000:00000100       __guard_flags              0000000000000100     <absolute>
 0000:00000000       __ImageBase                0000000100400000     <linker-defined>
 0001:00000000       merge                      0000000100401000 f   hetget.obj
 0001:000001f0       bdw_length                 00000001004011f0 f   hetget.obj
 0001:000002e0       rdw_length                 00000001004012e0 f   hetget.obj
 0001:00000330       getblock                   0000000100401330 f   hetget.obj
 0001:000003a0       getrecord                  00000001004013a0 f   hetget.obj
 0001:000004d0       get_sl                     00000001004014d0 f   hetget.obj
 0001:00000640       getfile                    0000000100401640 f   hetget.obj
 0001:00000ed0       usage                      0000000100401ed0 f   hetget.obj
 0001:00000f40       main                       0000000100401f40 f   hetget.obj
 0001:00001850       __local_stdio_printf_options 0000000100402850 f i hetget.obj
 0001:00001860       _vfprintf_l                0000000100402860 f i hetget.obj
 0001:000018b0       printf                     00000001004028b0 f i hetget.obj
 0001:00001908       het_open                   0000000100402908 f   htape:htape.dll
 0001:0000190e       het_close                  000000010040290e f   htape:htape.dll
 0001:00001914       het_read                   0000000100402914 f   htape:htape.dll
 0001:0000191a       het_fsf                    000000010040291a f   htape:htape.dll
 0001:00001920       het_error                  0000000100402920 f   htape:htape.dll
 0001:00001926       fet_open                   0000000100402926 f   htape:htape.dll
 0001:0000192c       fet_close                  000000010040292c f   htape:htape.dll
 0001:00001932       fet_read                   0000000100402932 f   htape:htape.dll
 0001:00001938       fet_fsf                    0000000100402938 f   htape:htape.dll
 0001:0000193e       fet_error                  000000010040293e f   htape:htape.dll
 0001:00001944       sl_etoa                    0000000100402944 f   htape:htape.dll
 0001:0000194a       sl_fmtlab                  000000010040294a f   htape:htape.dll
 0001:00001950       sl_islabel                 0000000100402950 f   htape:htape.dll
 0001:00001956       sl_istype                  0000000100402956 f   htape:htape.dll
 0001:0000195c       strlcat                    000000010040295c f   hutil:hutil.dll
 0001:00001962       initialize_utility         0000000100402962 f   hutil:hutil.dll
 0001:00001968       hostpath                   0000000100402968 f   hutil:hutil.dll
 0001:0000196e       w32_fwrite                 000000010040296e f   hutil:hutil.dll
 0001:00001974       w32_snprintf               0000000100402974 f   hutil:hutil.dll
 0001:0000197a       w32_fprintf                000000010040297a f   hutil:hutil.dll
 0001:00001980       w32_fclose                 0000000100402980 f   hutil:hutil.dll
 0001:00001986       getopt                     0000000100402986 f   hutil:hutil.dll
 0001:0000198c       fwritemsg                  000000010040298c f   hutil:hutil.dll
 0001:000019a0       __raise_securityfailure    00000001004029a0 f   MSVCRTD:gs_report.obj
 0001:000019e0       __report_gsfailure         00000001004029e0 f   MSVCRTD:gs_report.obj
 0001:00001ac0       __report_rangecheckfailure 0000000100402ac0 f   MSVCRTD:gs_report.obj
 0001:00001ae0       __report_securityfailure   0000000100402ae0 f   MSVCRTD:gs_report.obj
 0001:00001b80       __report_securityfailureEx 0000000100402b80 f   MSVCRTD:gs_report.obj
 0001:00001df0       __GSHandlerCheck           0000000100402df0 f   MSVCRTD:gshandler.obj
 0001:00001e30       __GSHandlerCheckCommon     0000000100402e30 f   MSVCRTD:gshandler.obj
 0001:00001f40       __security_check_cookie    0000000100402f40 f   MSVCRTD:amdsecgs.obj
 0001:00002210       ?configure_argv@__scrt_narrow_argv_policy@@SAHXZ 0000000100403210 f i MSVCRTD:exe_main.obj
 0001:00002230       ?initialize_environment@__scrt_narrow_environment_policy@@SAHXZ 0000000100403230 f i MSVCRTD:exe_main.obj
 0001:00002280       ?set_app_type@__scrt_main_policy@@SAXXZ 0000000100403280 f i MSVCRTD:exe_main.obj
 0001:000022a0       ?set_commode@__scrt_file_policy@@SAXXZ 00000001004032a0 f i MSVCRTD:exe_main.obj
 0001:000022c0       ?set_fmode@__scrt_file_policy@@SAXXZ 00000001004032c0 f i MSVCRTD:exe_main.obj
 0001:000022e0       mainCRTStartup             00000001004032e0 f   MSVCRTD:exe_main.obj
 0001:00002460       NtCurrentTeb               0000000100403460 f i MSVCRTD:utility.obj
 0001:00002470       __scrt_acquire_startup_lock 0000000100403470 f   MSVCRTD:utility.obj
 0001:000024e0       __scrt_dllmain_after_initialize_c 00000001004034e0 f   MSVCRTD:utility.obj
 0001:00002510       __scrt_dllmain_before_initialize_c 0000000100403510 f   MSVCRTD:utility.obj
 0001:00002530       __scrt_dllmain_crt_thread_attach 0000000100403530 f   MSVCRTD:utility.obj
 0001:00002560       __scrt_dllmain_crt_thread_detach 0000000100403560 f   MSVCRTD:utility.obj
 0001:00002580       __scrt_dllmain_exception_filter 0000000100403580 f   MSVCRTD:utility.obj
 0001:000025f0       __scrt_dllmain_uninitialize_c 00000001004035f0 f   MSVCRTD:utility.obj
 0001:00002620       __scrt_dllmain_uninitialize_critical 0000000100403620 f   MSVCRTD:utility.obj
 0001:00002640       __scrt_initialize_crt      0000000100403640 f   MSVCRTD:utility.obj
 0001:00002690       __scrt_initialize_onexit_tables 0000000100403690 f   MSVCRTD:utility.obj
 0001:000027a0       __scrt_is_nonwritable_in_current_image 00000001004037a0 f   MSVCRTD:utility.obj
 0001:00002830       __scrt_release_startup_lock 0000000100403830 f   MSVCRTD:utility.obj
 0001:00002860       __scrt_uninitialize_crt    0000000100403860 f   MSVCRTD:utility.obj
 0001:000028a0       _onexit                    00000001004038a0 f   MSVCRTD:utility.obj
 0001:00002920       at_quick_exit              0000000100403920 f   MSVCRTD:utility.obj
 0001:00002970       atexit                     0000000100403970 f   MSVCRTD:utility.obj
 0001:00002a70       __security_init_cookie     0000000100403a70 f   MSVCRTD:gs_support.obj
 0001:00002af0       _matherr                   0000000100403af0 f   MSVCRTD:matherr.obj
 0001:00002b00       _get_startup_argv_mode     0000000100403b00 f   MSVCRTD:argv_mode.obj
 0001:00002b10       _get_startup_commit_mode   0000000100403b10 f   MSVCRTD:commit_mode.obj
 0001:00002b20       _get_startup_file_mode     0000000100403b20 f   MSVCRTD:file_mode.obj
 0001:00002b30       _get_startup_new_mode      0000000100403b30 f   MSVCRTD:new_mode.obj
 0001:00002b40       _get_startup_thread_locale_mode 0000000100403b40 f   MSVCRTD:thread_locale.obj
 0001:00002b50       ?__scrt_initialize_type_info@@YAXXZ 0000000100403b50 f   MSVCRTD:tncleanup.obj
 0001:00002b70       ?__scrt_uninitialize_type_info@@YAXXZ 0000000100403b70 f   MSVCRTD:tncleanup.obj
 0001:00002b90       _should_initialize_environment 0000000100403b90 f   MSVCRTD:env_mode.obj
 0001:00002ba0       _initialize_invalid_parameter_handler 0000000100403ba0 f   MSVCRTD:invalid_parameter_handler.obj
 0001:00002bb0       _initialize_denormal_control 0000000100403bb0 f   MSVCRTD:denormal_control.obj
 0001:00002bc0       __local_stdio_scanf_options 0000000100403bc0 f i MSVCRTD:default_local_stdio_options.obj
 0001:00002bd0       __scrt_initialize_default_local_stdio_options 0000000100403bd0 f   MSVCRTD:default_local_stdio_options.obj
 0001:00002c20       __scrt_is_user_matherr_present 0000000100403c20 f   MSVCRTD:matherr_detection.obj
 0001:00002c50       __scrt_get_dyn_tls_init_callback 0000000100403c50 f   MSVCRTD:dyn_tls_init.obj
 0001:00002c60       __scrt_get_dyn_tls_dtor_callback 0000000100403c60 f   MSVCRTD:dyn_tls_dtor.obj
 0001:00002c70       __crt_debugger_hook        0000000100403c70 f   MSVCRTD:utility_desktop.obj
 0001:00002c80       __scrt_fastfail            0000000100403c80 f   MSVCRTD:utility_desktop.obj
 0001:00002e20       __scrt_get_show_window_mode 0000000100403e20 f   MSVCRTD:utility_desktop.obj
 0001:00002e80       __scrt_initialize_mta      0000000100403e80 f   MSVCRTD:utility_desktop.obj
 0001:00002e90       __scrt_initialize_winrt    0000000100403e90 f   MSVCRTD:utility_desktop.obj
 0001:00002ea0       __scrt_is_managed_app      0000000100403ea0 f   MSVCRTD:utility_desktop.obj
 0001:00002f50       __scrt_set_unhandled_exception_filter 0000000100403f50 f   MSVCRTD:utility_desktop.obj
 0001:00002f70       __scrt_exe_initialize_mta  0000000100403f70 f   MSVCRTD:utility_desktop.obj
 0001:00002f70       __scrt_stub_for_initialize_mta 0000000100403f70 f   MSVCRTD:utility_desktop.obj
 0001:00002f80       __scrt_unhandled_exception_filter 0000000100403f80 f   MSVCRTD:utility_desktop.obj
 0001:00003020       _RTC_Initialize            0000000100404020 f   MSVCRTD:initsect.obj
 0001:00003070       _RTC_Terminate             0000000100404070 f   MSVCRTD:initsect.obj
 0001:000030c0       _guard_check_icall_nop     00000001004040c0 f i MSVCRTD:guard_support.obj
 0001:000030d0       ReadNoFence64              00000001004040d0 f i MSVCRTD:guard_support.obj
 0001:000030f0       ReadPointerNoFence         00000001004040f0 f i MSVCRTD:guard_support.obj
 0001:00003110       __castguard_check_failure_debugbreak 0000000100404110 f i MSVCRTD:guard_support.obj
 0001:00003130       __castguard_check_failure_fastfail 0000000100404130 f i MSVCRTD:guard_support.obj
 0001:00003160       __castguard_check_failure_nop 0000000100404160 f i MSVCRTD:guard_support.obj
 0001:00003170       __castguard_check_failure_os_handled 0000000100404170 f i MSVCRTD:guard_support.obj
 0001:00003240       __castguard_slow_path_check_debugbreak 0000000100404240 f i MSVCRTD:guard_support.obj
 0001:00003280       __castguard_slow_path_check_fastfail 0000000100404280 f i MSVCRTD:guard_support.obj
 0001:000032d0       __castguard_slow_path_check_nop 00000001004042d0 f i MSVCRTD:guard_support.obj
 0001:000032e0       __castguard_slow_path_check_os_handled 00000001004042e0 f i MSVCRTD:guard_support.obj
 0001:000033a0       _guard_icall_checks_enforced 00000001004043a0 f i MSVCRTD:guard_support.obj
 0001:000033e0       _guard_rf_checks_enforced  00000001004043e0 f i MSVCRTD:guard_support.obj
 0001:000033f0       __isa_available_init       00000001004043f0 f   MSVCRTD:cpu_disp.obj
 0001:000037a0       __scrt_is_ucrt_dll_in_use  00000001004047a0 f   MSVCRTD:ucrt_detection.obj
 0001:000037d0       __C_specific_handler       00000001004047d0 f   vcruntimed:VCRUNTIME140D.dll
 0001:000037d6       __std_type_info_destroy_list 00000001004047d6 f   vcruntimed:VCRUNTIME140D.dll
 0001:000037dc       __current_exception        00000001004047dc f   vcruntimed:VCRUNTIME140D.dll
 0001:000037e2       __current_exception_context 00000001004047e2 f   vcruntimed:VCRUNTIME140D.dll
 0001:000037e8       _stricmp                   00000001004047e8 f   ucrtd:ucrtbased.dll
 0001:000037ee       strlen                     00000001004047ee f   ucrtd:ucrtbased.dll
 0001:000037f4       free                       00000001004047f4 f   ucrtd:ucrtbased.dll
 0001:000037fa       malloc                     00000001004047fa f   ucrtd:ucrtbased.dll
 0001:00003800       exit                       0000000100404800 f   ucrtd:ucrtbased.dll
 0001:00003806       atoi                       0000000100404806 f   ucrtd:ucrtbased.dll
 0001:0000380c       __acrt_iob_func            000000010040480c f   ucrtd:ucrtbased.dll
 0001:00003812       fopen                      0000000100404812 f   ucrtd:ucrtbased.dll
 0001:00003818       _ftelli64                  0000000100404818 f   ucrtd:ucrtbased.dll
 0001:0000381e       __stdio_common_vfprintf    000000010040481e f   ucrtd:ucrtbased.dll
 0001:00003824       _seh_filter_exe            0000000100404824 f   ucrtd:ucrtbased.dll
 0001:0000382a       _set_app_type              000000010040482a f   ucrtd:ucrtbased.dll
 0001:00003830       __setusermatherr           0000000100404830 f   ucrtd:ucrtbased.dll
 0001:00003836       _configure_narrow_argv     0000000100404836 f   ucrtd:ucrtbased.dll
 0001:0000383c       _initialize_narrow_environment 000000010040483c f   ucrtd:ucrtbased.dll
 0001:00003842       _get_initial_narrow_environment 0000000100404842 f   ucrtd:ucrtbased.dll
 0001:00003848       _initterm                  0000000100404848 f   ucrtd:ucrtbased.dll
 0001:0000384e       _initterm_e                000000010040484e f   ucrtd:ucrtbased.dll
 0001:00003854       _exit                      0000000100404854 f   ucrtd:ucrtbased.dll
 0001:0000385a       _set_fmode                 000000010040485a f   ucrtd:ucrtbased.dll
 0001:00003860       __p___argc                 0000000100404860 f   ucrtd:ucrtbased.dll
 0001:00003866       __p___argv                 0000000100404866 f   ucrtd:ucrtbased.dll
 0001:0000386c       _cexit                     000000010040486c f   ucrtd:ucrtbased.dll
 0001:00003872       _c_exit                    0000000100404872 f   ucrtd:ucrtbased.dll
 0001:00003878       _register_thread_local_exe_atexit_callback 0000000100404878 f   ucrtd:ucrtbased.dll
 0001:0000387e       _configthreadlocale        000000010040487e f   ucrtd:ucrtbased.dll
 0001:00003884       _set_new_mode              0000000100404884 f   ucrtd:ucrtbased.dll
 0001:0000388a       __p__commode               000000010040488a f   ucrtd:ucrtbased.dll
 0001:00003890       _seh_filter_dll            0000000100404890 f   ucrtd:ucrtbased.dll
 0001:00003896       _initialize_onexit_table   0000000100404896 f   ucrtd:ucrtbased.dll
 0001:0000389c       _register_onexit_function  000000010040489c f   ucrtd:ucrtbased.dll
 0001:000038a2       _execute_onexit_table      00000001004048a2 f   ucrtd:ucrtbased.dll
 0001:000038a8       _crt_atexit                00000001004048a8 f   ucrtd:ucrtbased.dll
 0001:000038ae       _crt_at_quick_exit         00000001004048ae f   ucrtd:ucrtbased.dll
 0001:000038b4       terminate                  00000001004048b4 f   ucrtd:ucrtbased.dll
 0001:000038ba       _strdup                    00000001004048ba f   ucrtd:ucrtbased.dll
 0001:000038c0       RtlCaptureContext          00000001004048c0 f   kernel32:KERNEL32.dll
 0001:000038c6       RtlLookupFunctionEntry     00000001004048c6 f   kernel32:KERNEL32.dll
 0001:000038cc       RtlVirtualUnwind           00000001004048cc f   kernel32:KERNEL32.dll
 0001:000038d2       UnhandledExceptionFilter   00000001004048d2 f   kernel32:KERNEL32.dll
 0001:000038d8       SetUnhandledExceptionFilter 00000001004048d8 f   kernel32:KERNEL32.dll
 0001:000038de       GetCurrentProcess          00000001004048de f   kernel32:KERNEL32.dll
 0001:000038e4       TerminateProcess           00000001004048e4 f   kernel32:KERNEL32.dll
 0001:000038ea       IsProcessorFeaturePresent  00000001004048ea f   kernel32:KERNEL32.dll
 0001:000038f0       QueryPerformanceCounter    00000001004048f0 f   kernel32:KERNEL32.dll
 0001:000038f6       GetCurrentProcessId        00000001004048f6 f   kernel32:KERNEL32.dll
 0001:000038fc       GetCurrentThreadId         00000001004048fc f   kernel32:KERNEL32.dll
 0001:00003902       GetSystemTimeAsFileTime    0000000100404902 f   kernel32:KERNEL32.dll
 0001:00003908       InitializeSListHead        0000000100404908 f   kernel32:KERNEL32.dll
 0001:0000390e       IsDebuggerPresent          000000010040490e f   kernel32:KERNEL32.dll
 0001:00003914       GetStartupInfoW            0000000100404914 f   kernel32:KERNEL32.dll
 0001:0000391a       GetModuleHandleW           000000010040491a f   kernel32:KERNEL32.dll
 0001:00003920       __acrt_initialize          0000000100404920 f   MSVCRTD:ucrt_stubs.obj
 0001:00003920       __scrt_stub_for_acrt_initialize 0000000100404920 f   MSVCRTD:ucrt_stubs.obj
 0001:00003920       __vcrt_initialize          0000000100404920 f   MSVCRTD:ucrt_stubs.obj
 0001:00003930       __acrt_thread_attach       0000000100404930 f   MSVCRTD:ucrt_stubs.obj
 0001:00003930       __scrt_stub_for_acrt_thread_attach 0000000100404930 f   MSVCRTD:ucrt_stubs.obj
 0001:00003930       __vcrt_thread_attach       0000000100404930 f   MSVCRTD:ucrt_stubs.obj
 0001:00003940       __acrt_thread_detach       0000000100404940 f   MSVCRTD:ucrt_stubs.obj
 0001:00003940       __scrt_stub_for_acrt_thread_detach 0000000100404940 f   MSVCRTD:ucrt_stubs.obj
 0001:00003940       __vcrt_thread_detach       0000000100404940 f   MSVCRTD:ucrt_stubs.obj
 0001:00003950       __acrt_uninitialize        0000000100404950 f   MSVCRTD:ucrt_stubs.obj
 0001:00003950       __scrt_stub_for_acrt_uninitialize 0000000100404950 f   MSVCRTD:ucrt_stubs.obj
 0001:00003950       __vcrt_uninitialize        0000000100404950 f   MSVCRTD:ucrt_stubs.obj
 0001:00003960       __acrt_uninitialize_critical 0000000100404960 f   MSVCRTD:ucrt_stubs.obj
 0001:00003960       __scrt_stub_for_acrt_uninitialize_critical 0000000100404960 f   MSVCRTD:ucrt_stubs.obj
 0001:00003960       __vcrt_uninitialize_critical 0000000100404960 f   MSVCRTD:ucrt_stubs.obj
 0001:00003970       __scrt_stub_for_is_c_termination_complete 0000000100404970 f   MSVCRTD:ucrt_stubs.obj
 0001:00003970       _is_c_termination_complete 0000000100404970 f   MSVCRTD:ucrt_stubs.obj
 0001:00003973       memcpy                     0000000100404973 f   vcruntimed:VCRUNTIME140D.dll
 0001:00003990       _guard_dispatch_icall_nop  0000000100404990 f   MSVCRTD:guard_dispatch.obj
 0001:000039b0       _guard_xfg_dispatch_icall_nop 00000001004049b0 f   MSVCRTD:guard_xfg_dispatch.obj
 0002:00000000       __imp_IsDebuggerPresent    0000000100405000     kernel32:KERNEL32.dll
 0002:00000008       __imp_RtlLookupFunctionEntry 0000000100405008     kernel32:KERNEL32.dll
 0002:00000010       __imp_RtlVirtualUnwind     0000000100405010     kernel32:KERNEL32.dll
 0002:00000018       __imp_UnhandledExceptionFilter 0000000100405018     kernel32:KERNEL32.dll
 0002:00000020       __imp_SetUnhandledExceptionFilter 0000000100405020     kernel32:KERNEL32.dll
 0002:00000028       __imp_GetCurrentProcess    0000000100405028     kernel32:KERNEL32.dll
 0002:00000030       __imp_TerminateProcess     0000000100405030     kernel32:KERNEL32.dll
 0002:00000038       __imp_IsProcessorFeaturePresent 0000000100405038     kernel32:KERNEL32.dll
 0002:00000040       __imp_QueryPerformanceCounter 0000000100405040     kernel32:KERNEL32.dll
 0002:00000048       __imp_GetCurrentProcessId  0000000100405048     kernel32:KERNEL32.dll
 0002:00000050       __imp_GetCurrentThreadId   0000000100405050     kernel32:KERNEL32.dll
 0002:00000058       __imp_GetSystemTimeAsFileTime 0000000100405058     kernel32:KERNEL32.dll
 0002:00000060       __imp_InitializeSListHead  0000000100405060     kernel32:KERNEL32.dll
 0002:00000068       __imp_RtlCaptureContext    0000000100405068     kernel32:KERNEL32.dll
 0002:00000070       __imp_GetStartupInfoW      0000000100405070     kernel32:KERNEL32.dll
 0002:00000078       __imp_GetModuleHandleW     0000000100405078     kernel32:KERNEL32.dll
 0002:00000080       \177KERNEL32_NULL_THUNK_DATA 0000000100405080     kernel32:KERNEL32.dll
 0002:00000088       __imp___C_specific_handler 0000000100405088     vcruntimed:VCRUNTIME140D.dll
 0002:00000090       __imp___std_type_info_destroy_list 0000000100405090     vcruntimed:VCRUNTIME140D.dll
 0002:00000098       __imp___current_exception_context 0000000100405098     vcruntimed:VCRUNTIME140D.dll
 0002:000000a0       __imp___current_exception  00000001004050a0     vcruntimed:VCRUNTIME140D.dll
 0002:000000a8       __imp_memcpy               00000001004050a8     vcruntimed:VCRUNTIME140D.dll
 0002:000000b0       \177VCRUNTIME140D_NULL_THUNK_DATA 00000001004050b0     vcruntimed:VCRUNTIME140D.dll
 0002:000000b8       __imp_extgui               00000001004050b8     hsys:hsys.dll
 0002:000000c0       \177hsys_NULL_THUNK_DATA   00000001004050c0     hsys:hsys.dll
 0002:000000c8       __imp_fet_read             00000001004050c8     htape:htape.dll
 0002:000000d0       __imp_fet_close            00000001004050d0     htape:htape.dll
 0002:000000d8       __imp_fet_fsf              00000001004050d8     htape:htape.dll
 0002:000000e0       __imp_fet_error            00000001004050e0     htape:htape.dll
 0002:000000e8       __imp_sl_etoa              00000001004050e8     htape:htape.dll
 0002:000000f0       __imp_sl_fmtlab            00000001004050f0     htape:htape.dll
 0002:000000f8       __imp_sl_islabel           00000001004050f8     htape:htape.dll
 0002:00000100       __imp_sl_istype            0000000100405100     htape:htape.dll
 0002:00000108       __imp_het_error            0000000100405108     htape:htape.dll
 0002:00000110       __imp_het_fsf              0000000100405110     htape:htape.dll
 0002:00000118       __imp_het_read             0000000100405118     htape:htape.dll
 0002:00000120       __imp_het_close            0000000100405120     htape:htape.dll
 0002:00000128       __imp_fet_open             0000000100405128     htape:htape.dll
 0002:00000130       __imp_het_open             0000000100405130     htape:htape.dll
 0002:00000138       \177htape_NULL_THUNK_DATA  0000000100405138     htape:htape.dll
 0002:00000140       __imp_hostpath             0000000100405140     hutil:hutil.dll
 0002:00000148       __imp_w32_fwrite           0000000100405148     hutil:hutil.dll
 0002:00000150       __imp_w32_snprintf         0000000100405150     hutil:hutil.dll
 0002:00000158       __imp_w32_fprintf          0000000100405158     hutil:hutil.dll
 0002:00000160       __imp_w32_fclose           0000000100405160     hutil:hutil.dll
 0002:00000168       __imp_getopt               0000000100405168     hutil:hutil.dll
 0002:00000170       __imp_fwritemsg            0000000100405170     hutil:hutil.dll
 0002:00000178       __imp_optind               0000000100405178     hutil:hutil.dll
 0002:00000180       __imp_strlcat              0000000100405180     hutil:hutil.dll
 0002:00000188       __imp_initialize_utility   0000000100405188     hutil:hutil.dll
 0002:00000190       \177hutil_NULL_THUNK_DATA  0000000100405190     hutil:hutil.dll
 0002:00000198       __imp__exit                0000000100405198     ucrtd:ucrtbased.dll
 0002:000001a0       __imp__set_fmode           00000001004051a0     ucrtd:ucrtbased.dll
 0002:000001a8       __imp___p___argc           00000001004051a8     ucrtd:ucrtbased.dll
 0002:000001b0       __imp___p___argv           00000001004051b0     ucrtd:ucrtbased.dll
 0002:000001b8       __imp__cexit               00000001004051b8     ucrtd:ucrtbased.dll
 0002:000001c0       __imp__c_exit              00000001004051c0     ucrtd:ucrtbased.dll
 0002:000001c8       __imp__register_thread_local_exe_atexit_callback 00000001004051c8     ucrtd:ucrtbased.dll
 0002:000001d0       __imp__configthreadlocale  00000001004051d0     ucrtd:ucrtbased.dll
 0002:000001d8       __imp__set_new_mode        00000001004051d8     ucrtd:ucrtbased.dll
 0002:000001e0       __imp___p__commode         00000001004051e0     ucrtd:ucrtbased.dll
 0002:000001e8       __imp__seh_filter_dll      00000001004051e8     ucrtd:ucrtbased.dll
 0002:000001f0       __imp__initterm            00000001004051f0     ucrtd:ucrtbased.dll
 0002:000001f8       __imp__register_onexit_function 00000001004051f8     ucrtd:ucrtbased.dll
 0002:00000200       __imp__execute_onexit_table 0000000100405200     ucrtd:ucrtbased.dll
 0002:00000208       __imp__crt_atexit          0000000100405208     ucrtd:ucrtbased.dll
 0002:00000210       __imp__crt_at_quick_exit   0000000100405210     ucrtd:ucrtbased.dll
 0002:00000218       __imp_terminate            0000000100405218     ucrtd:ucrtbased.dll
 0002:00000220       __imp__strdup              0000000100405220     ucrtd:ucrtbased.dll
 0002:00000220       __imp_strdup               0000000100405220     ucrtd:ucrtbased.dll
 0002:00000228       __imp__get_initial_narrow_environment 0000000100405228     ucrtd:ucrtbased.dll
 0002:00000230       __imp_exit                 0000000100405230     ucrtd:ucrtbased.dll
 0002:00000238       __imp_malloc               0000000100405238     ucrtd:ucrtbased.dll
 0002:00000240       __imp_free                 0000000100405240     ucrtd:ucrtbased.dll
 0002:00000248       __imp_strlen               0000000100405248     ucrtd:ucrtbased.dll
 0002:00000250       __imp__stricmp             0000000100405250     ucrtd:ucrtbased.dll
 0002:00000258       __imp__initterm_e          0000000100405258     ucrtd:ucrtbased.dll
 0002:00000260       __imp__initialize_narrow_environment 0000000100405260     ucrtd:ucrtbased.dll
 0002:00000268       __imp__configure_narrow_argv 0000000100405268     ucrtd:ucrtbased.dll
 0002:00000270       __imp___setusermatherr     0000000100405270     ucrtd:ucrtbased.dll
 0002:00000278       __imp_atoi                 0000000100405278     ucrtd:ucrtbased.dll
 0002:00000280       __imp__seh_filter_exe      0000000100405280     ucrtd:ucrtbased.dll
 0002:00000288       __imp___stdio_common_vfprintf 0000000100405288     ucrtd:ucrtbased.dll
 0002:00000290       __imp__ftelli64            0000000100405290     ucrtd:ucrtbased.dll
 0002:00000298       __imp_fopen                0000000100405298     ucrtd:ucrtbased.dll
 0002:000002a0       __imp__initialize_onexit_table 00000001004052a0     ucrtd:ucrtbased.dll
 0002:000002a8       __imp___acrt_iob_func      00000001004052a8     ucrtd:ucrtbased.dll
 0002:000002b0       __imp__set_app_type        00000001004052b0     ucrtd:ucrtbased.dll
 0002:000002b8       \177ucrtbased_NULL_THUNK_DATA 00000001004052b8     ucrtd:ucrtbased.dll
 0002:000002c0       __guard_check_icall_fptr   00000001004052c0     MSVCRTD:guard_support.obj
 0002:000002c8       __guard_xfg_check_icall_fptr 00000001004052c8     MSVCRTD:guard_support.obj
 0002:000002d0       __guard_dispatch_icall_fptr 00000001004052d0     MSVCRTD:guard_support.obj
 0002:000002d8       __guard_xfg_dispatch_icall_fptr 00000001004052d8     MSVCRTD:guard_support.obj
 0002:000002e0       __guard_xfg_table_dispatch_icall_fptr 00000001004052e0     MSVCRTD:guard_support.obj
 0002:000002e8       __castguard_check_failure_os_handled_fptr 00000001004052e8     MSVCRTD:guard_support.obj
 0002:000002f0       __guard_memcpy_fptr        00000001004052f0     vcruntimed:softmemtag.obj
 0002:000002f8       __xc_a                     00000001004052f8     MSVCRTD:initializers.obj
 0002:00000308       __xc_z                     0000000100405308     MSVCRTD:initializers.obj
 0002:00000310       __xi_a                     0000000100405310     MSVCRTD:initializers.obj
 0002:00000328       __xi_z                     0000000100405328     MSVCRTD:initializers.obj
 0002:00000330       __xp_a                     0000000100405330     MSVCRTD:initializers.obj
 0002:00000338       __xp_z                     0000000100405338     MSVCRTD:initializers.obj
 0002:00000340       __xt_a                     0000000100405340     MSVCRTD:initializers.obj
 0002:00000348       __xt_z                     0000000100405348     MSVCRTD:initializers.obj
 0002:00000520       _load_config_used          0000000100405520     MSVCRTD:loadcfg.obj
 0002:00000700       __CastGuardVftablesStart   0000000100405700     MSVCRTD:guard_support.obj
 0002:00000780       __CastGuardVftablesEnd     0000000100405780     MSVCRTD:guard_support.obj
 0002:00000800       __volatile_metadata        0000000100405800     <linker-defined>
 0002:00000bd8       __rtc_iaa                  0000000100405bd8     MSVCRTD:initsect.obj
 0002:00000be0       __rtc_izz                  0000000100405be0     MSVCRTD:initsect.obj
 0002:00000be8       __rtc_taa                  0000000100405be8     MSVCRTD:initsect.obj
 0002:00000bf0       __rtc_tzz                  0000000100405bf0     MSVCRTD:initsect.obj
 0002:00000ef4       __IMPORT_DESCRIPTOR_htape  0000000100405ef4     htape:htape.dll
 0002:00000f08       __IMPORT_DESCRIPTOR_hsys   0000000100405f08     hsys:hsys.dll
 0002:00000f1c       __IMPORT_DESCRIPTOR_hutil  0000000100405f1c     hutil:hutil.dll
 0002:00000f30       __IMPORT_DESCRIPTOR_VCRUNTIME140D 0000000100405f30     vcruntimed:VCRUNTIME140D.dll
 0002:00000f44       __IMPORT_DESCRIPTOR_ucrtbased 0000000100405f44     ucrtd:ucrtbased.dll
 0002:00000f58       __IMPORT_DESCRIPTOR_KERNEL32 0000000100405f58     kernel32:KERNEL32.dll
 0002:00000f6c       __NULL_IMPORT_DESCRIPTOR   0000000100405f6c     htape:htape.dll
 0003:000008b0       __security_cookie_complement 00000001004078b0     MSVCRTD:gs_cookie.obj
 0003:000008b8       __security_cookie          00000001004078b8     MSVCRTD:gs_cookie.obj
 0003:000008c0       __scrt_native_dllmain_reason 00000001004078c0     MSVCRTD:utility.obj
 0003:000008c4       __scrt_default_matherr     00000001004078c4     MSVCRTD:matherr.obj
 0003:000008c8       __isa_available            00000001004078c8     MSVCRTD:cpu_disp.obj
 0003:000008cc       __isa_enabled              00000001004078cc     MSVCRTD:cpu_disp.obj
 0003:000008d0       __memset_fast_string_threshold 00000001004078d0     MSVCRTD:cpu_disp.obj
 0003:000008d8       __memset_nt_threshold      00000001004078d8     MSVCRTD:cpu_disp.obj
 0003:000008e0       __scrt_ucrt_dll_is_in_use  00000001004078e0     MSVCRTD:ucrt_stubs.obj
 0003:000008f0       opts                       00000001004078f0     hetget.obj
 0003:00000928       blkptr                     0000000100407928     hetget.obj
 0003:00000930       blkidx                     0000000100407930     hetget.obj
 0003:00000934       blklen                     0000000100407934     hetget.obj
 0003:00000938       recptr                     0000000100407938     hetget.obj
 0003:00000940       recidx                     0000000100407940     hetget.obj
 0003:00000944       reclen                     0000000100407944     hetget.obj
 0003:00000ed0       __scrt_current_native_startup_state 0000000100407ed0     MSVCRTD:utility.obj
 0003:00000ed8       __scrt_native_startup_lock 0000000100407ed8     MSVCRTD:utility.obj
 0003:00000f20       ?__type_info_root_node@@3U__type_info_node@@A 0000000100407f20     MSVCRTD:tncleanup.obj
 0003:00000f30       ?_OptionsStorage@?1??__local_stdio_printf_options@@9@4_KA 0000000100407f30     MSVCRTD:default_local_stdio_options.obj
 0003:00000f38       ?_OptionsStorage@?1??__local_stdio_scanf_options@@9@4_KA 0000000100407f38     MSVCRTD:default_local_stdio_options.obj
 0003:00000f40       __scrt_debugger_hook_flag  0000000100407f40     MSVCRTD:utility_desktop.obj
 0003:00000f44       __favor                    0000000100407f44     MSVCRTD:cpu_disp.obj
 0003:00000f48       ?_OptionsStorage@?1??__local_stdio_printf_options@@9@9 0000000100407f48     <common>
 0003:00000f50       __@@_PchSym_@00@UkzkzUnbtrgUsbkvirlmRaevxgliUnhexOwvyftOznwGEOlyqUyfrowPkxsOlyq@4B2008FD98C1DD4 0000000100407f50     <common>
 0003:00000f58       __dyn_tls_dtor_callback    0000000100407f58     <common>
 0003:00000f60       __dyn_tls_init_callback    0000000100407f60     <common>

 entry point at        0001:000022e0

 Static symbols

 0000:00000000       _volmd                     0000000100400000     hetget.obj
 0000:fffcf000       .debug$S                   0000000100400000     kernel32:KERNEL32.dll
 0000:fffcf000       .debug$S                   0000000100400000     kernel32:KERNEL32.dll
 0000:fffcf000       .debug$S                   0000000100400000     kernel32:KERNEL32.dll
 0000:fffcf000       .debug$S                   0000000100400000     kernel32:KERNEL32.dll
 0000:fffcf000       .debug$S                   0000000100400000     kernel32:KERNEL32.dll
 0000:fffcf000       .debug$S                   0000000100400000     kernel32:KERNEL32.dll
 0000:fffcf000       .debug$S                   0000000100400000     kernel32:KERNEL32.dll
 0000:fffcf000       .debug$S                   0000000100400000     kernel32:KERNEL32.dll
 0000:fffcf000       .debug$S                   0000000100400000     kernel32:KERNEL32.dll
 0000:fffcf000       .debug$S                   0000000100400000     kernel32:KERNEL32.dll
 0000:fffcf000       .debug$S                   0000000100400000     kernel32:KERNEL32.dll
 0000:fffcf000       .debug$S                   0000000100400000     kernel32:KERNEL32.dll
 0000:fffcf000       .debug$S                   0000000100400000     kernel32:KERNEL32.dll
 0000:fffcf000       .debug$S                   0000000100400000     kernel32:KERNEL32.dll
 0000:fffcf000       .debug$S                   0000000100400000     kernel32:KERNEL32.dll
 0000:fffcf000       .debug$S                   0000000100400000     kernel32:KERNEL32.dll
 0000:fffcf000       .debug$S                   0000000100400000     ucrtd:ucrtbased.dll
 0000:fffcf000       .debug$S                   0000000100400000     ucrtd:ucrtbased.dll
 0000:fffcf000       .debug$S                   0000000100400000     ucrtd:ucrtbased.dll
 0000:fffcf000       .debug$S                   0000000100400000     ucrtd:ucrtbased.dll
 0000:fffcf000       .debug$S                   0000000100400000     ucrtd:ucrtbased.dll
 0000:fffcf000       .debug$S                   0000000100400000     ucrtd:ucrtbased.dll
 0000:fffcf000       .debug$S                   0000000100400000     ucrtd:ucrtbased.dll
 0000:fffcf000       .debug$S                   0000000100400000     ucrtd:ucrtbased.dll
 0000:fffcf000       .debug$S                   0000000100400000     ucrtd:ucrtbased.dll
 0000:fffcf000       .debug$S                   0000000100400000     ucrtd:ucrtbased.dll
 0000:fffcf000       .debug$S                   0000000100400000     ucrtd:ucrtbased.dll
 0000:fffcf000       .debug$S                   0000000100400000     ucrtd:ucrtbased.dll
 0000:fffcf000       .debug$S                   0000000100400000     ucrtd:ucrtbased.dll
 0000:fffcf000       .debug$S                   0000000100400000     ucrtd:ucrtbased.dll
 0000:fffcf000       .debug$S                   0000000100400000     ucrtd:ucrtbased.dll
 0000:fffcf000       .debug$S                   0000000100400000     ucrtd:ucrtbased.dll
 0000:fffcf000       .debug$S                   0000000100400000     ucrtd:ucrtbased.dll
 0000:fffcf000       .debug$S                   0000000100400000     ucrtd:ucrtbased.dll
 0000:fffcf000       .debug$S                   0000000100400000     ucrtd:ucrtbased.dll
 0000:fffcf000       .debug$S                   0000000100400000     ucrtd:ucrtbased.dll
 0000:fffcf000       .debug$S                   0000000100400000     ucrtd:ucrtbased.dll
 0000:fffcf000       .debug$S                   0000000100400000     ucrtd:ucrtbased.dll
 0000:fffcf000       .debug$S                   0000000100400000     ucrtd:ucrtbased.dll
 0000:fffcf000       .debug$S                   0000000100400000     ucrtd:ucrtbased.dll
 0000:fffcf000       .debug$S                   0000000100400000     ucrtd:ucrtbased.dll
 0000:fffcf000       .debug$S                   0000000100400000     ucrtd:ucrtbased.dll
 0000:fffcf000       .debug$S                   0000000100400000     ucrtd:ucrtbased.dll
 0000:fffcf000       .debug$S                   0000000100400000     ucrtd:ucrtbased.dll
 0000:fffcf000       .debug$S                   0000000100400000     ucrtd:ucrtbased.dll
 0000:fffcf000       .debug$S                   0000000100400000     ucrtd:ucrtbased.dll
 0000:fffcf000       .debug$S                   0000000100400000     ucrtd:ucrtbased.dll
 0000:fffcf000       .debug$S                   0000000100400000     ucrtd:ucrtbased.dll
 0000:fffcf000       .debug$S                   0000000100400000     ucrtd:ucrtbased.dll
 0000:fffcf000       .debug$S                   0000000100400000     ucrtd:ucrtbased.dll
 0000:fffcf000       .debug$S                   0000000100400000     ucrtd:ucrtbased.dll
 0000:fffcf000       .debug$S                   0000000100400000     ucrtd:ucrtbased.dll
 0000:00000000       _volmd                     0000000100400000     MSVCRTD:cpu_disp.obj
 0002:ffffb000       __guard_ehcont_?__scrt_common_main_seh@@YAHXZ 0000000100400000     MSVCRTD:exe_main.obj
 0002:ffffb000       __guard_fids_?pre_c_initialization@@YAHXZ 0000000100400000     MSVCRTD:exe_main.obj
 0002:ffffb000       __guard_fids__             0000000100400000     MSVCRTD:exe_main.obj
 0000:00000000       _volmd                     0000000100400000     MSVCRTD:gs_report.obj
 0000:00000000       _volmd                     0000000100400000     MSVCRTD:gs_report.obj
 0000:00000000       _volmd                     0000000100400000     MSVCRTD:gs_report.obj
 0002:ffffb000       __guard_fids__             0000000100400000     MSVCRTD:guard_support.obj
 0002:ffffb000       __guard_fids__             0000000100400000     MSVCRTD:guard_support.obj
 0002:ffffb000       __guard_fids__guard_icall_checks_enforced 0000000100400000     MSVCRTD:guard_support.obj
 0000:00000000       _volmd                     0000000100400000     MSVCRTD:guard_support.obj
 0000:00000000       _volmd                     0000000100400000     MSVCRTD:guard_support.obj
 0002:ffffb000       $unwind$?configure_argv@__scrt_narrow_argv_policy@@SAHXZ 0000000100400000     MSVCRTD:utility.obj
 0002:ffffb000       $unwind$?initialize_environment@__scrt_narrow_environment_policy@@SAHXZ 0000000100400000     MSVCRTD:utility.obj
 0002:ffffb000       __guard_ehcont___scrt_is_nonwritable_in_current_image 0000000100400000     MSVCRTD:utility.obj
 0000:00000000       _volmd                     0000000100400000     MSVCRTD:utility.obj
 0000:00000000       _volmd                     0000000100400000     MSVCRTD:utility.obj
 0000:00000000       _volmd                     0000000100400000     MSVCRTD:utility.obj
 0002:ffffb000       __guard_fids___scrt_set_unhandled_exception_filter 0000000100400000     MSVCRTD:utility_desktop.obj
 0000:00000000       _volmd                     0000000100400000     MSVCRTD:utility_desktop.obj
 0002:ffffb000       __guard_fids__             0000000100400000     vcruntimed:softmemtag.obj
 0000:fffcf000       .debug$S                   0000000100400000     vcruntimed:VCRUNTIME140D.dll
 0000:fffcf000       .debug$S                   0000000100400000     vcruntimed:VCRUNTIME140D.dll
 0000:fffcf000       .debug$S                   0000000100400000     vcruntimed:VCRUNTIME140D.dll
 0000:fffcf000       .debug$S                   0000000100400000     vcruntimed:VCRUNTIME140D.dll
 0000:fffcf000       .debug$S                   0000000100400000     vcruntimed:VCRUNTIME140D.dll
 0000:fffcf000       .debug$S                   0000000100400000     hsys:hsys.dll
 0000:fffcf000       .debug$S                   0000000100400000     htape:htape.dll
 0000:fffcf000       .debug$S                   0000000100400000     htape:htape.dll
 0000:fffcf000       .debug$S                   0000000100400000     htape:htape.dll
 0000:fffcf000       .debug$S                   0000000100400000     htape:htape.dll
 0000:fffcf000       .debug$S                   0000000100400000     htape:htape.dll
 0000:fffcf000       .debug$S                   0000000100400000     htape:htape.dll
 0000:fffcf000       .debug$S                   0000000100400000     htape:htape.dll
 0000:fffcf000       .debug$S                   0000000100400000     htape:htape.dll
 0000:fffcf000       .debug$S                   0000000100400000     htape:htape.dll
 0000:fffcf000       .debug$S                   0000000100400000     htape:htape.dll
 0000:fffcf000       .debug$S                   0000000100400000     htape:htape.dll
 0000:fffcf000       .debug$S                   0000000100400000     htape:htape.dll
 0000:fffcf000       .debug$S                   0000000100400000     htape:htape.dll
 0000:fffcf000       .debug$S                   0000000100400000     htape:htape.dll
 0000:fffcf000       .debug$S                   0000000100400000     hutil:hutil.dll
 0000:fffcf000       .debug$S                   0000000100400000     hutil:hutil.dll
 0000:fffcf000       .debug$S                   0000000100400000     hutil:hutil.dll
 0000:fffcf000       .debug$S                   0000000100400000     hutil:hutil.dll
 0000:fffcf000       .debug$S                   0000000100400000     hutil:hutil.dll
 0000:fffcf000       .debug$S                   0000000100400000     hutil:hutil.dll
 0000:fffcf000       .debug$S                   0000000100400000     hutil:hutil.dll
 0000:fffcf000       .debug$S                   0000000100400000     hutil:hutil.dll
 0000:fffcf000       .debug$S                   0000000100400000     hutil:hutil.dll
 0000:fffcf000       .debug$S                   0000000100400000     hutil:hutil.dll
 0002:ffffb004       __guard_fids__             0000000100400004     MSVCRTD:exe_main.obj
 0002:ffffb008       __guard_fids__             0000000100400008     MSVCRTD:exe_main.obj
 0000:00000010       _volmd                     0000000100400010     hetget.obj
 0000:00000020       _volmd                     0000000100400020     hetget.obj
 0001:00001c90       capture_current_context    0000000100402c90 f   MSVCRTD:gs_report.obj
 0001:00001d30       capture_previous_context   0000000100402d30 f   MSVCRTD:gs_report.obj
 0001:00001f30       $$000000                   0000000100402f30     MSVCRTD:amdsecgs.obj
 0001:00001f60       ?pre_c_initialization@@YAHXZ 0000000100402f60 f   MSVCRTD:exe_main.obj
 0001:00002020       ?post_pgo_initialization@@YAHXZ 0000000100403020 f   MSVCRTD:exe_main.obj
 0001:00002030       ?pre_cpp_initialization@@YAXXZ 0000000100403030 f   MSVCRTD:exe_main.obj
 0001:00002050       ?__scrt_common_main@@YAHXZ 0000000100403050 f   MSVCRTD:exe_main.obj
 0001:00002070       ?__scrt_common_main_seh@@YAHXZ 0000000100403070 f   MSVCRTD:exe_main.obj
 0001:00002240       ?invoke_main@@YAHXZ        0000000100403240 f   MSVCRTD:exe_main.obj
 0001:00002300       ?find_pe_section@@YAPEAU_IMAGE_SECTION_HEADER@@QEAE_K@Z 0000000100403300 f   MSVCRTD:utility.obj
 0001:000023d0       ?is_potentially_valid_image_base@@YA_NQEAX@Z 00000001004033d0 f   MSVCRTD:utility.obj
 0001:000029b0       __get_entropy              00000001004039b0 f   MSVCRTD:gs_support.obj
 0001:000031a0       __castguard_check_failure_os_handled_wrapper 00000001004041a0 f   MSVCRTD:guard_support.obj
 0001:000031d0       __castguard_compat_check   00000001004041d0 f   MSVCRTD:guard_support.obj
 0001:00003330       __castguard_slow_path_compat_check 0000000100404330 f   MSVCRTD:guard_support.obj
 0001:00003980       $$000000                   0000000100404980     MSVCRTD:guard_dispatch.obj
 0001:000039a0       $$000000                   00000001004049a0     MSVCRTD:guard_xfg_dispatch.obj
 0001:000039c0       ?filt$0@?0??__scrt_common_main_seh@@YAHXZ@4HA 00000001004049c0 f   MSVCRTD:exe_main.obj
 0001:000039f0       __scrt_is_nonwritable_in_current_image$filt$0 00000001004049f0 f   MSVCRTD:utility.obj
 0002:00000300       ?pre_cpp_initializer@@3P6AXXZEA 0000000100405300     MSVCRTD:exe_main.obj
 0002:00000318       ?pre_c_initializer@@3P6AHXZEA 0000000100405318     MSVCRTD:exe_main.obj
 0002:00000320       ?post_pgo_initializer@@3P6AHXZEA 0000000100405320     MSVCRTD:exe_main.obj
 0002:00000350       CKD_ENDTRK                 0000000100405350     hetget.obj
 0002:00000360       valfm                      0000000100405360     hetget.obj
 0002:00000510       GS_ExceptionPointers       0000000100405510     MSVCRTD:gs_report.obj
 0002:00000bf8       $unwind$_vfprintf_l        0000000100405bf8     hetget.obj
 0002:00000c00       $unwind$printf             0000000100405c00     hetget.obj
 0002:00000c08       $unwind$merge              0000000100405c08     hetget.obj
 0002:00000c18       $unwind$bdw_length         0000000100405c18     hetget.obj
 0002:00000c20       $unwind$rdw_length         0000000100405c20     hetget.obj
 0002:00000c28       $unwind$getblock           0000000100405c28     hetget.obj
 0002:00000c30       $unwind$getrecord          0000000100405c30     hetget.obj
 0002:00000c38       $unwind$get_sl             0000000100405c38     hetget.obj
 0002:00000c40       $unwind$getfile            0000000100405c40     hetget.obj
 0002:00000c50       $unwind$usage              0000000100405c50     hetget.obj
 0002:00000c58       $unwind$main               0000000100405c58     hetget.obj
 0002:00000c6c       $unwind$__report_securityfailure 0000000100405c6c     MSVCRTD:gs_report.obj
 0002:00000c74       $unwind$__report_securityfailureEx 0000000100405c74     MSVCRTD:gs_report.obj
 0002:00000c7c       $unwind$__report_rangecheckfailure 0000000100405c7c     MSVCRTD:gs_report.obj
 0002:00000c84       $unwind$__report_gsfailure 0000000100405c84     MSVCRTD:gs_report.obj
 0002:00000c8c       $unwind$capture_current_context 0000000100405c8c     MSVCRTD:gs_report.obj
 0002:00000c94       $unwind$capture_previous_context 0000000100405c94     MSVCRTD:gs_report.obj
 0002:00000c9c       $unwind$__raise_securityfailure 0000000100405c9c     MSVCRTD:gs_report.obj
 0002:00000ca4       $unwind$__GSHandlerCheckCommon 0000000100405ca4     MSVCRTD:gshandler.obj
 0002:00000cac       $unwind$__GSHandlerCheck   0000000100405cac     MSVCRTD:gshandler.obj
 0002:00000cb8       $xdatasym                  0000000100405cb8     MSVCRTD:amdsecgs.obj
 0002:00000cbc       $unwind$?configure_argv@__scrt_narrow_argv_policy@@SAHXZ 0000000100405cbc     MSVCRTD:exe_main.obj
 0002:00000cc4       $unwind$?initialize_environment@__scrt_narrow_environment_policy@@SAHXZ 0000000100405cc4     MSVCRTD:exe_main.obj
 0002:00000ccc       $unwind$?set_app_type@__scrt_main_policy@@SAXXZ 0000000100405ccc     MSVCRTD:exe_main.obj
 0002:00000cd4       $unwind$?set_fmode@__scrt_file_policy@@SAXXZ 0000000100405cd4     MSVCRTD:exe_main.obj
 0002:00000cdc       $unwind$?set_commode@__scrt_file_policy@@SAXXZ 0000000100405cdc     MSVCRTD:exe_main.obj
 0002:00000ce4       $unwind$?invoke_main@@YAHXZ 0000000100405ce4     MSVCRTD:exe_main.obj
 0002:00000cec       $unwind$?pre_c_initialization@@YAHXZ 0000000100405cec     MSVCRTD:exe_main.obj
 0002:00000cf4       $unwind$?post_pgo_initialization@@YAHXZ 0000000100405cf4     MSVCRTD:exe_main.obj
 0002:00000cfc       $unwind$?pre_cpp_initialization@@YAXXZ 0000000100405cfc     MSVCRTD:exe_main.obj
 0002:00000d04       $unwind$?__scrt_common_main_seh@@YAHXZ 0000000100405d04     MSVCRTD:exe_main.obj
 0002:00000d24       $unwind$?filt$0@?0??__scrt_common_main_seh@@YAHXZ@4HA 0000000100405d24     MSVCRTD:exe_main.obj
 0002:00000d2c       $unwind$?__scrt_common_main@@YAHXZ 0000000100405d2c     MSVCRTD:exe_main.obj
 0002:00000d34       $unwind$mainCRTStartup     0000000100405d34     MSVCRTD:exe_main.obj
 0002:00000d3c       $unwind$atexit             0000000100405d3c     MSVCRTD:utility.obj
 0002:00000d44       $unwind$_onexit            0000000100405d44     MSVCRTD:utility.obj
 0002:00000d4c       $unwind$at_quick_exit      0000000100405d4c     MSVCRTD:utility.obj
 0002:00000d54       $unwind$__scrt_is_nonwritable_in_current_image 0000000100405d54     MSVCRTD:utility.obj
 0002:00000d74       $unwind$__scrt_is_nonwritable_in_current_image$filt$0 0000000100405d74     MSVCRTD:utility.obj
 0002:00000d7c       $unwind$__scrt_acquire_startup_lock 0000000100405d7c     MSVCRTD:utility.obj
 0002:00000d84       $unwind$__scrt_release_startup_lock 0000000100405d84     MSVCRTD:utility.obj
 0002:00000d8c       $unwind$__scrt_initialize_crt 0000000100405d8c     MSVCRTD:utility.obj
 0002:00000d94       $unwind$__scrt_uninitialize_crt 0000000100405d94     MSVCRTD:utility.obj
 0002:00000d9c       $unwind$__scrt_initialize_onexit_tables 0000000100405d9c     MSVCRTD:utility.obj
 0002:00000da8       $unwind$__scrt_dllmain_exception_filter 0000000100405da8     MSVCRTD:utility.obj
 0002:00000db0       $unwind$__scrt_dllmain_before_initialize_c 0000000100405db0     MSVCRTD:utility.obj
 0002:00000db8       $unwind$__scrt_dllmain_after_initialize_c 0000000100405db8     MSVCRTD:utility.obj
 0002:00000dc0       $unwind$__scrt_dllmain_uninitialize_c 0000000100405dc0     MSVCRTD:utility.obj
 0002:00000dc8       $unwind$__scrt_dllmain_uninitialize_critical 0000000100405dc8     MSVCRTD:utility.obj
 0002:00000dd0       $unwind$__scrt_dllmain_crt_thread_attach 0000000100405dd0     MSVCRTD:utility.obj
 0002:00000dd8       $unwind$__scrt_dllmain_crt_thread_detach 0000000100405dd8     MSVCRTD:utility.obj
 0002:00000de0       $unwind$?is_potentially_valid_image_base@@YA_NQEAX@Z 0000000100405de0     MSVCRTD:utility.obj
 0002:00000de8       $unwind$?find_pe_section@@YAPEAU_IMAGE_SECTION_HEADER@@QEAE_K@Z 0000000100405de8     MSVCRTD:utility.obj
 0002:00000df0       $unwind$__security_init_cookie 0000000100405df0     MSVCRTD:gs_support.obj
 0002:00000df8       $unwind$__get_entropy      0000000100405df8     MSVCRTD:gs_support.obj
 0002:00000e00       $unwind$?__scrt_initialize_type_info@@YAXXZ 0000000100405e00     MSVCRTD:tncleanup.obj
 0002:00000e08       $unwind$?__scrt_uninitialize_type_info@@YAXXZ 0000000100405e08     MSVCRTD:tncleanup.obj
 0002:00000e10       $unwind$__scrt_initialize_default_local_stdio_options 0000000100405e10     MSVCRTD:default_local_stdio_options.obj
 0002:00000e18       $unwind$__scrt_is_user_matherr_present 0000000100405e18     MSVCRTD:matherr_detection.obj
 0002:00000e20       $unwind$__scrt_get_show_window_mode 0000000100405e20     MSVCRTD:utility_desktop.obj
 0002:00000e2c       $unwind$__scrt_is_managed_app 0000000100405e2c     MSVCRTD:utility_desktop.obj
 0002:00000e34       $unwind$__scrt_initialize_mta 0000000100405e34     MSVCRTD:utility_desktop.obj
 0002:00000e3c       $unwind$__scrt_set_unhandled_exception_filter 0000000100405e3c     MSVCRTD:utility_desktop.obj
 0002:00000e44       $unwind$__scrt_fastfail    0000000100405e44     MSVCRTD:utility_desktop.obj
 0002:00000e50       $unwind$__scrt_unhandled_exception_filter 0000000100405e50     MSVCRTD:utility_desktop.obj
 0002:00000e58       $unwind$_RTC_Initialize    0000000100405e58     MSVCRTD:initsect.obj
 0002:00000e64       $unwind$_RTC_Terminate     0000000100405e64     MSVCRTD:initsect.obj
 0002:00000e70       $unwind$ReadNoFence64      0000000100405e70     MSVCRTD:guard_support.obj
 0002:00000e78       $unwind$ReadPointerNoFence 0000000100405e78     MSVCRTD:guard_support.obj
 0002:00000e80       $unwind$_guard_icall_checks_enforced 0000000100405e80     MSVCRTD:guard_support.obj
 0002:00000e88       $unwind$__castguard_compat_check 0000000100405e88     MSVCRTD:guard_support.obj
 0002:00000e90       $unwind$__castguard_check_failure_os_handled_wrapper 0000000100405e90     MSVCRTD:guard_support.obj
 0002:00000e98       $unwind$__castguard_check_failure_debugbreak 0000000100405e98     MSVCRTD:guard_support.obj
 0002:00000ea0       $unwind$__castguard_check_failure_fastfail 0000000100405ea0     MSVCRTD:guard_support.obj
 0002:00000ea8       $unwind$__castguard_check_failure_os_handled 0000000100405ea8     MSVCRTD:guard_support.obj
 0002:00000eb0       $unwind$__castguard_slow_path_compat_check 0000000100405eb0     MSVCRTD:guard_support.obj
 0002:00000eb8       $unwind$__castguard_slow_path_check_debugbreak 0000000100405eb8     MSVCRTD:guard_support.obj
 0002:00000ec0       $unwind$__castguard_slow_path_check_fastfail 0000000100405ec0     MSVCRTD:guard_support.obj
 0002:00000ec8       $unwind$__castguard_slow_path_check_os_handled 0000000100405ec8     MSVCRTD:guard_support.obj
 0002:00000ed0       $unwind$__isa_available_init 0000000100405ed0     MSVCRTD:cpu_disp.obj
 0002:00000ee0       $unwind$__scrt_is_ucrt_dll_in_use 0000000100405ee0     MSVCRTD:ucrt_detection.obj
 0002:00000ee8       $xdatasym                  0000000100405ee8     MSVCRTD:guard_dispatch.obj
 0002:00000ef0       $xdatasym                  0000000100405ef0     MSVCRTD:guard_xfg_dispatch.obj
 0002:000012e4       .idata$6                   00000001004062e4     htape:htape.dll
 0002:000012f8       .idata$6                   00000001004062f8     hsys:hsys.dll
 0002:00001388       .idata$6                   0000000100406388     hutil:hutil.dll
 0002:000013fe       .idata$6                   00000001004063fe     vcruntimed:VCRUNTIME140D.dll
 0002:0000167c       .idata$6                   000000010040667c     ucrtd:ucrtbased.dll
 0002:000017fa       .idata$6                   00000001004067fa     kernel32:KERNEL32.dll
 0003:00000000       $SG159318                  0000000100407000     hetget.obj
 0003:00000004       $SG159319                  0000000100407004     hetget.obj
 0003:00000008       $SG159320                  0000000100407008     hetget.obj
 0003:0000000c       $SG159321                  000000010040700c     hetget.obj
 0003:00000010       $SG159322                  0000000100407010     hetget.obj
 0003:00000014       $SG159323                  0000000100407014     hetget.obj
 0003:00000018       $SG159324                  0000000100407018     hetget.obj
 0003:0000001c       $SG159325                  000000010040701c     hetget.obj
 0003:00000020       $SG159326                  0000000100407020     hetget.obj
 0003:00000024       $SG159327                  0000000100407024     hetget.obj
 0003:00000028       $SG159328                  0000000100407028     hetget.obj
 0003:0000002c       $SG159329                  000000010040702c     hetget.obj
 0003:00000030       $SG159330                  0000000100407030     hetget.obj
 0003:00000034       $SG159331                  0000000100407034     hetget.obj
 0003:0000003c       $SG159332                  000000010040703c     hetget.obj
 0003:00000044       $SG159333                  0000000100407044     hetget.obj
 0003:00000048       $SG159334                  0000000100407048     hetget.obj
 0003:0000004c       $SG159335                  000000010040704c     hetget.obj
 0003:00000050       $SG159336                  0000000100407050     hetget.obj
 0003:00000054       $SG159337                  0000000100407054     hetget.obj
 0003:00000058       $SG159338                  0000000100407058     hetget.obj
 0003:0000005c       $SG159339                  000000010040705c     hetget.obj
 0003:00000060       $SG159340                  0000000100407060     hetget.obj
 0003:00000064       $SG159341                  0000000100407064     hetget.obj
 0003:00000068       $SG159342                  0000000100407068     hetget.obj
 0003:0000006c       $SG159343                  000000010040706c     hetget.obj
 0003:00000074       $SG159344                  0000000100407074     hetget.obj
 0003:0000007c       $SG159374                  000000010040707c     hetget.obj
 0003:00000080       $SG159375                  0000000100407080     hetget.obj
 0003:000000cc       $SG159376                  00000001004070cc     hetget.obj
 0003:000000d4       $SG159426                  00000001004070d4     hetget.obj
 0003:000000d8       $SG159377                  00000001004070d8     hetget.obj
 0003:000000e4       $SG159428                  00000001004070e4     hetget.obj
 0003:000000ec       $SG159431                  00000001004070ec     hetget.obj
 0003:000000f0       $SG159425                  00000001004070f0     hetget.obj
 0003:000000fc       $SG159472                  00000001004070fc     hetget.obj
 0003:00000100       $SG159427                  0000000100407100     hetget.obj
 0003:00000128       $SG159429                  0000000100407128     hetget.obj
 0003:00000134       $SG159433                  0000000100407134     hetget.obj
 0003:0000013c       $SG159473                  000000010040713c     hetget.obj
 0003:00000140       $SG159430                  0000000100407140     hetget.obj
 0003:0000014c       $SG159475                  000000010040714c     hetget.obj
 0003:00000150       $SG159432                  0000000100407150     hetget.obj
 0003:00000178       $SG159434                  0000000100407178     hetget.obj
 0003:00000184       $SG159482                  0000000100407184     hetget.obj
 0003:00000188       $SG159474                  0000000100407188     hetget.obj
 0003:000001b4       $SG159489                  00000001004071b4     hetget.obj
 0003:000001b8       $SG159476                  00000001004071b8     hetget.obj
 0003:000001e0       $SG159477                  00000001004071e0     hetget.obj
 0003:000001e8       $SG159478                  00000001004071e8     hetget.obj
 0003:000001f4       $SG159481                  00000001004071f4     hetget.obj
 0003:000001fc       $SG159490                  00000001004071fc     hetget.obj
 0003:00000200       $SG159483                  0000000100407200     hetget.obj
 0003:00000220       $SG159484                  0000000100407220     hetget.obj
 0003:00000228       $SG159485                  0000000100407228     hetget.obj
 0003:00000234       $SG159492                  0000000100407234     hetget.obj
 0003:00000238       $SG159491                  0000000100407238     hetget.obj
 0003:00000264       $SG159499                  0000000100407264     hetget.obj
 0003:00000268       $SG159493                  0000000100407268     hetget.obj
 0003:00000290       $SG159494                  0000000100407290     hetget.obj
 0003:00000298       $SG159495                  0000000100407298     hetget.obj
 0003:000002a4       $SG159498                  00000001004072a4     hetget.obj
 0003:000002ac       $SG159503                  00000001004072ac     hetget.obj
 0003:000002b0       $SG159500                  00000001004072b0     hetget.obj
 0003:000002d0       $SG159501                  00000001004072d0     hetget.obj
 0003:000002d8       $SG159502                  00000001004072d8     hetget.obj
 0003:000002e4       $SG159510                  00000001004072e4     hetget.obj
 0003:000002e8       $SG159504                  00000001004072e8     hetget.obj
 0003:00000310       $SG159505                  0000000100407310     hetget.obj
 0003:00000318       $SG159506                  0000000100407318     hetget.obj
 0003:00000324       $SG159509                  0000000100407324     hetget.obj
 0003:0000032c       $SG159520                  000000010040732c     hetget.obj
 0003:00000330       $SG159511                  0000000100407330     hetget.obj
 0003:00000350       $SG159512                  0000000100407350     hetget.obj
 0003:00000358       $SG159513                  0000000100407358     hetget.obj
 0003:00000364       $SG159525                  0000000100407364     hetget.obj
 0003:00000368       $SG159519                  0000000100407368     hetget.obj
 0003:00000374       $SG159541                  0000000100407374     hetget.obj
 0003:00000378       $SG159521                  0000000100407378     hetget.obj
 0003:000003a0       $SG159522                  00000001004073a0     hetget.obj
 0003:000003a8       $SG159523                  00000001004073a8     hetget.obj
 0003:000003b4       $SG159552                  00000001004073b4     hetget.obj
 0003:000003b8       $SG159524                  00000001004073b8     hetget.obj
 0003:000003c4       $SG159590                  00000001004073c4     hetget.obj
 0003:000003cc       $SG159601                  00000001004073cc     hetget.obj
 0003:000003d0       $SG159526                  00000001004073d0     hetget.obj
 0003:000003f8       $SG159527                  00000001004073f8     hetget.obj
 0003:00000400       $SG159528                  0000000100407400     hetget.obj
 0003:0000040c       $SG159554                  000000010040740c     hetget.obj
 0003:00000414       $SG159591                  0000000100407414     hetget.obj
 0003:0000041c       $SG159609                  000000010040741c     hetget.obj
 0003:00000420       $SG159536                  0000000100407420     hetget.obj
 0003:0000042c       $SG159611                  000000010040742c     hetget.obj
 0003:00000430       $SG159547                  0000000100407430     hetget.obj
 0003:00000440       $SG159553                  0000000100407440     hetget.obj
 0003:00000624       $SG159617                  0000000100407624     hetget.obj
 0003:00000628       $SG159555                  0000000100407628     hetget.obj
 0003:00000634       $SG159629                  0000000100407634     hetget.obj
 0003:00000638       $SG159589                  0000000100407638     hetget.obj
 0003:00000660       $SG159602                  0000000100407660     hetget.obj
 0003:00000688       $SG159603                  0000000100407688     hetget.obj
 0003:00000690       $SG159604                  0000000100407690     hetget.obj
 0003:0000069c       $SG159606                  000000010040769c     hetget.obj
 0003:000006a4       $SG159634                  00000001004076a4     hetget.obj
 0003:000006a8       $SG159610                  00000001004076a8     hetget.obj
 0003:000006dc       $SG159636                  00000001004076dc     hetget.obj
 0003:000006e0       $SG159612                  00000001004076e0     hetget.obj
 0003:00000704       $SG159613                  0000000100407704     hetget.obj
 0003:0000070c       $SG159639                  000000010040770c     hetget.obj
 0003:00000710       $SG159614                  0000000100407710     hetget.obj
 0003:0000071c       $SG159640                  000000010040771c     hetget.obj
 0003:00000720       $SG159618                  0000000100407720     hetget.obj
 0003:00000750       $SG159619                  0000000100407750     hetget.obj
 0003:00000758       $SG159620                  0000000100407758     hetget.obj
 0003:00000764       $SG159649                  0000000100407764     hetget.obj
 0003:00000768       $SG159630                  0000000100407768     hetget.obj
 0003:00000790       $SG159631                  0000000100407790     hetget.obj
 0003:0000079c       $SG159654                  000000010040779c     hetget.obj
 0003:000007a0       $SG159635                  00000001004077a0     hetget.obj
 0003:000007b0       $SG159638                  00000001004077b0     hetget.obj
 0003:000007cc       $SG159659                  00000001004077cc     hetget.obj
 0003:000007d0       $SG159641                  00000001004077d0     hetget.obj
 0003:000007f4       $SG159642                  00000001004077f4     hetget.obj
 0003:00000800       $SG159643                  0000000100407800     hetget.obj
 0003:00000810       $SG159653                  0000000100407810     hetget.obj
 0003:00000820       $SG159655                  0000000100407820     hetget.obj
 0003:00000848       $SG159656                  0000000100407848     hetget.obj
 0003:00000850       $SG159657                  0000000100407850     hetget.obj
 0003:00000860       $SG159658                  0000000100407860     hetget.obj
 0003:00000870       $SG159660                  0000000100407870     hetget.obj
 0003:00000898       $SG159661                  0000000100407898     hetget.obj
 0003:000008a0       $SG159662                  00000001004078a0     hetget.obj
 0003:00000948       prevpos                    0000000100407948     hetget.obj
 0003:00000950       $SG159625                  0000000100407950     hetget.obj
 0003:00000951       $SG159626                  0000000100407951     hetget.obj
 0003:00000952       $SG159627                  0000000100407952     hetget.obj
 0003:00000953       $SG159628                  0000000100407953     hetget.obj
 0003:00000960       GS_ExceptionRecord         0000000100407960     MSVCRTD:gs_report.obj
 0003:00000a00       GS_ContextRecord           0000000100407a00     MSVCRTD:gs_report.obj
 0003:00000ee0       ?is_initialized_as_dll@@3_NA 0000000100407ee0     MSVCRTD:utility.obj
 0003:00000ee1       ?module_local_atexit_table_initialized@@3_NA 0000000100407ee1     MSVCRTD:utility.obj
 0003:00000ee8       ?module_local_atexit_table@@3U_onexit_table_t@@A 0000000100407ee8     MSVCRTD:utility.obj
 0003:00000f00       ?module_local_at_quick_exit_table@@3U_onexit_table_t@@A 0000000100407f00     MSVCRTD:utility.obj
 0005:000002d0       $R000000                   00000001004092d0     herctape.res
 0005:00000878       $R0005A8                   0000000100409878     herctape.res
 0005:000009a0       $R0006D0                   00000001004099a0     herctape.res
 0005:00000f08       $R000C38                   0000000100409f08     herctape.res
 0005:00001370       $R0010A0                   000000010040a370     herctape.res
 0005:00001658       $R001388                   000000010040a658     herctape.res
 0005:00001f00       $R001C30                   000000010040af00     herctape.res
 0005:00002fa8       $R002CD8                   000000010040bfa8     herctape.res
 0005:00003610       $R003340                   000000010040c610     herctape.res
 0005:000044b8       $R0041E8                   000000010040d4b8     herctape.res
 0005:00006a60       $R006790                   000000010040fa60     herctape.res
 0005:0000ff08       $R00FC38                   0000000100418f08     herctape.res
 0005:00026ab0       $R0267E0                   000000010042fab0     herctape.res
