 tapecopy

 Timestamp is 63de27a5 (Sat Feb  4 10:38:45 2023)

 Preferred load address is 0000000100400000

 Start         Length     Name                   Class
 0001:00000000 00005290H .text$mn                CODE
 0001:00005290 00000040H .text$mn$00             CODE
 0001:000052d0 0000006dH .text$x                 CODE
 0002:00000000 00000298H .idata$5                DATA
 0002:00000298 00000038H .00cfg                  DATA
 0002:000002d0 00000008H .CRT$XCA                DATA
 0002:000002d8 00000008H .CRT$XCAA               DATA
 0002:000002e0 00000008H .CRT$XCZ                DATA
 0002:000002e8 00000008H .CRT$XIA                DATA
 0002:000002f0 00000008H .CRT$XIAA               DATA
 0002:000002f8 00000008H .CRT$XIAC               DATA
 0002:00000300 00000008H .CRT$XIZ                DATA
 0002:00000308 00000008H .CRT$XPA                DATA
 0002:00000310 00000008H .CRT$XPZ                DATA
 0002:00000318 00000008H .CRT$XTA                DATA
 0002:00000320 00000010H .CRT$XTZ                DATA
 0002:00000328 00000000H .gehcont$y              DATA
 0002:00000328 00000000H .gfids$y                DATA
 0002:00000330 000001d0H .rdata                  DATA
 0002:00000500 00000080H .rdata$CastGuardVftablesA DATA
 0002:00000580 00000080H .rdata$CastGuardVftablesC DATA
 0002:00000600 000000b8H .rdata$voltmd           DATA
 0002:000006b8 00000340H .rdata$zzzdbg           DATA
 0002:000009f8 00000008H .rtc$IAA                DATA
 0002:00000a00 00000008H .rtc$IZZ                DATA
 0002:00000a08 00000008H .rtc$TAA                DATA
 0002:00000a10 00000008H .rtc$TZZ                DATA
 0002:00000a18 00000354H .xdata                  DATA
 0002:00000d6c 00000000H .edata                  DATA
 0002:00000d6c 00000078H .idata$2                DATA
 0002:00000de4 00000014H .idata$3                DATA
 0002:00000df8 00000298H .idata$4                DATA
 0002:00001090 000005d2H .idata$6                DATA
 0003:00000000 00002220H .data                   DATA
 0003:00002220 00200680H .bss                    DATA
 0004:00000000 00000444H .pdata                  DATA
 0005:00000000 000002d0H .rsrc$01                DATA
 0005:000002d0 00026880H .rsrc$02                DATA

  Address         Publics by Value              Rva+Base               Lib:Object

 0000:00000000       __AbsoluteZero             0000000000000000     <absolute>
 0000:00000000       ___safe_se_handler_count   0000000000000000     <absolute>
 0000:00000000       ___safe_se_handler_table   0000000000000000     <absolute>
 0000:00000000       __arm64x_extra_rfe_table   0000000000000000     <absolute>
 0000:00000000       __arm64x_extra_rfe_table_size 0000000000000000     <absolute>
 0000:00000000       __arm64x_native_entrypoint 0000000000000000     <absolute>
 0000:00000000       __arm64x_redirection_metadata 0000000000000000     <absolute>
 0000:00000000       __arm64x_redirection_metadata_count 0000000000000000     <absolute>
 0000:00000000       __dynamic_value_reloc_table 0000000000000000     <absolute>
 0000:00000000       __enclave_config           0000000000000000     <absolute>
 0000:00000000       __guard_check_icall_a64n_fptr 0000000000000000     <absolute>
 0000:00000000       __guard_eh_cont_count      0000000000000000     <absolute>
 0000:00000000       __guard_eh_cont_table      0000000000000000     <absolute>
 0000:00000000       __guard_fids_count         0000000000000000     <absolute>
 0000:00000000       __guard_fids_table         0000000000000000     <absolute>
 0000:00000000       __guard_iat_count          0000000000000000     <absolute>
 0000:00000000       __guard_iat_table          0000000000000000     <absolute>
 0000:00000000       __guard_longjmp_count      0000000000000000     <absolute>
 0000:00000000       __guard_longjmp_table      0000000000000000     <absolute>
 0000:00000000       __hybrid_auxiliary_iat     0000000000000000     <absolute>
 0000:00000000       __hybrid_auxiliary_iat_copy 0000000000000000     <absolute>
 0000:00000000       __hybrid_code_map          0000000000000000     <absolute>
 0000:00000000       __hybrid_code_map_count    0000000000000000     <absolute>
 0000:00000000       __x64_code_ranges_to_entry_points 0000000000000000     <absolute>
 0000:00000000       __x64_code_ranges_to_entry_points_count 0000000000000000     <absolute>
 0000:00000100       __guard_flags              0000000000000100     <absolute>
 0000:00000000       __ImageBase                0000000100400000     <linker-defined>
 0001:00000550       read_scsi_tape             0000000100401550 f   tapecopy.obj
 0001:00000740       read_aws_disk              0000000100401740 f   tapecopy.obj
 0001:00000b10       write_scsi_tape            0000000100401b10 f   tapecopy.obj
 0001:00000c20       write_aws_disk             0000000100401c20 f   tapecopy.obj
 0001:00000ed0       write_tapemark_scsi_tape   0000000100401ed0 f   tapecopy.obj
 0001:00000fc0       write_tapemark_aws_disk    0000000100401fc0 f   tapecopy.obj
 0001:00001140       main                       0000000100402140 f   tapecopy.obj
 0001:00002800       __local_stdio_printf_options 0000000100403800 f i tapecopy.obj
 0001:00002810       _vfprintf_l                0000000100403810 f i tapecopy.obj
 0001:00002860       _vsnprintf_s               0000000100403860 f i tapecopy.obj
 0001:000028b0       _vsnprintf_s_l             00000001004038b0 f i tapecopy.obj
 0001:00002930       printf                     0000000100403930 f i tapecopy.obj
 0001:00002990       gstat2str                  0000000100403990 f   scsiutil.obj
 0001:000031d2       w32_open_tape              00000001004041d2 f   htape:htape.dll
 0001:000031d8       w32_ioctl_tape             00000001004041d8 f   htape:htape.dll
 0001:000031de       w32_close_tape             00000001004041de f   htape:htape.dll
 0001:000031e4       w32_read_tape              00000001004041e4 f   htape:htape.dll
 0001:000031ea       w32_write_tape             00000001004041ea f   htape:htape.dll
 0001:000031f0       initialize_utility         00000001004041f0 f   hutil:hutil.dll
 0001:000031f6       w32_strerror               00000001004041f6 f   hutil:hutil.dll
 0001:000031fc       usleep                     00000001004041fc f   hutil:hutil.dll
 0001:00003202       hostpath                   0000000100404202 f   hutil:hutil.dll
 0001:00003208       w32_snprintf               0000000100404208 f   hutil:hutil.dll
 0001:0000320e       w32_fprintf                000000010040420e f   hutil:hutil.dll
 0001:00003214       w32_hopen                  0000000100404214 f   hutil:hutil.dll
 0001:0000321a       guest_to_host              000000010040421a f   hutil:hutil.dll
 0001:00003220       fwritemsg                  0000000100404220 f   hutil:hutil.dll
 0001:00003226       logmsg                     0000000100404226 f   hutil:hutil.dll
 0001:0000322c       IsDebuggerPresent          000000010040422c f   kernel32:KERNEL32.dll
 0001:00003232       OutputDebugStringA         0000000100404232 f   kernel32:KERNEL32.dll
 0001:00003240       __raise_securityfailure    0000000100404240 f   MSVCRTD:gs_report.obj
 0001:00003280       __report_gsfailure         0000000100404280 f   MSVCRTD:gs_report.obj
 0001:00003360       __report_rangecheckfailure 0000000100404360 f   MSVCRTD:gs_report.obj
 0001:00003380       __report_securityfailure   0000000100404380 f   MSVCRTD:gs_report.obj
 0001:00003420       __report_securityfailureEx 0000000100404420 f   MSVCRTD:gs_report.obj
 0001:00003690       __GSHandlerCheck           0000000100404690 f   MSVCRTD:gshandler.obj
 0001:000036d0       __GSHandlerCheckCommon     00000001004046d0 f   MSVCRTD:gshandler.obj
 0001:000037e0       __chkstk                   00000001004047e0 f   MSVCRTD:chkstk.obj
 0001:000037e0       _alloca_probe              00000001004047e0 f   MSVCRTD:chkstk.obj
 0001:00003840       __security_check_cookie    0000000100404840 f   MSVCRTD:amdsecgs.obj
 0001:00003b10       ?configure_argv@__scrt_narrow_argv_policy@@SAHXZ 0000000100404b10 f i MSVCRTD:exe_main.obj
 0001:00003b30       ?initialize_environment@__scrt_narrow_environment_policy@@SAHXZ 0000000100404b30 f i MSVCRTD:exe_main.obj
 0001:00003b80       ?set_app_type@__scrt_main_policy@@SAXXZ 0000000100404b80 f i MSVCRTD:exe_main.obj
 0001:00003ba0       ?set_commode@__scrt_file_policy@@SAXXZ 0000000100404ba0 f i MSVCRTD:exe_main.obj
 0001:00003bc0       ?set_fmode@__scrt_file_policy@@SAXXZ 0000000100404bc0 f i MSVCRTD:exe_main.obj
 0001:00003be0       mainCRTStartup             0000000100404be0 f   MSVCRTD:exe_main.obj
 0001:00003d60       NtCurrentTeb               0000000100404d60 f i MSVCRTD:utility.obj
 0001:00003d70       __scrt_acquire_startup_lock 0000000100404d70 f   MSVCRTD:utility.obj
 0001:00003de0       __scrt_dllmain_after_initialize_c 0000000100404de0 f   MSVCRTD:utility.obj
 0001:00003e10       __scrt_dllmain_before_initialize_c 0000000100404e10 f   MSVCRTD:utility.obj
 0001:00003e30       __scrt_dllmain_crt_thread_attach 0000000100404e30 f   MSVCRTD:utility.obj
 0001:00003e60       __scrt_dllmain_crt_thread_detach 0000000100404e60 f   MSVCRTD:utility.obj
 0001:00003e80       __scrt_dllmain_exception_filter 0000000100404e80 f   MSVCRTD:utility.obj
 0001:00003ef0       __scrt_dllmain_uninitialize_c 0000000100404ef0 f   MSVCRTD:utility.obj
 0001:00003f20       __scrt_dllmain_uninitialize_critical 0000000100404f20 f   MSVCRTD:utility.obj
 0001:00003f40       __scrt_initialize_crt      0000000100404f40 f   MSVCRTD:utility.obj
 0001:00003f90       __scrt_initialize_onexit_tables 0000000100404f90 f   MSVCRTD:utility.obj
 0001:000040a0       __scrt_is_nonwritable_in_current_image 00000001004050a0 f   MSVCRTD:utility.obj
 0001:00004130       __scrt_release_startup_lock 0000000100405130 f   MSVCRTD:utility.obj
 0001:00004160       __scrt_uninitialize_crt    0000000100405160 f   MSVCRTD:utility.obj
 0001:000041a0       _onexit                    00000001004051a0 f   MSVCRTD:utility.obj
 0001:00004220       at_quick_exit              0000000100405220 f   MSVCRTD:utility.obj
 0001:00004270       atexit                     0000000100405270 f   MSVCRTD:utility.obj
 0001:00004370       __security_init_cookie     0000000100405370 f   MSVCRTD:gs_support.obj
 0001:000043f0       _matherr                   00000001004053f0 f   MSVCRTD:matherr.obj
 0001:00004400       _get_startup_argv_mode     0000000100405400 f   MSVCRTD:argv_mode.obj
 0001:00004410       _get_startup_commit_mode   0000000100405410 f   MSVCRTD:commit_mode.obj
 0001:00004420       _get_startup_file_mode     0000000100405420 f   MSVCRTD:file_mode.obj
 0001:00004430       _get_startup_new_mode      0000000100405430 f   MSVCRTD:new_mode.obj
 0001:00004440       _get_startup_thread_locale_mode 0000000100405440 f   MSVCRTD:thread_locale.obj
 0001:00004450       ?__scrt_initialize_type_info@@YAXXZ 0000000100405450 f   MSVCRTD:tncleanup.obj
 0001:00004470       ?__scrt_uninitialize_type_info@@YAXXZ 0000000100405470 f   MSVCRTD:tncleanup.obj
 0001:00004490       _should_initialize_environment 0000000100405490 f   MSVCRTD:env_mode.obj
 0001:000044a0       _initialize_invalid_parameter_handler 00000001004054a0 f   MSVCRTD:invalid_parameter_handler.obj
 0001:000044b0       _initialize_denormal_control 00000001004054b0 f   MSVCRTD:denormal_control.obj
 0001:000044c0       __local_stdio_scanf_options 00000001004054c0 f i MSVCRTD:default_local_stdio_options.obj
 0001:000044d0       __scrt_initialize_default_local_stdio_options 00000001004054d0 f   MSVCRTD:default_local_stdio_options.obj
 0001:00004520       __scrt_is_user_matherr_present 0000000100405520 f   MSVCRTD:matherr_detection.obj
 0001:00004550       __scrt_get_dyn_tls_init_callback 0000000100405550 f   MSVCRTD:dyn_tls_init.obj
 0001:00004560       __scrt_get_dyn_tls_dtor_callback 0000000100405560 f   MSVCRTD:dyn_tls_dtor.obj
 0001:00004570       __crt_debugger_hook        0000000100405570 f   MSVCRTD:utility_desktop.obj
 0001:00004580       __scrt_fastfail            0000000100405580 f   MSVCRTD:utility_desktop.obj
 0001:00004720       __scrt_get_show_window_mode 0000000100405720 f   MSVCRTD:utility_desktop.obj
 0001:00004780       __scrt_initialize_mta      0000000100405780 f   MSVCRTD:utility_desktop.obj
 0001:00004790       __scrt_initialize_winrt    0000000100405790 f   MSVCRTD:utility_desktop.obj
 0001:000047a0       __scrt_is_managed_app      00000001004057a0 f   MSVCRTD:utility_desktop.obj
 0001:00004850       __scrt_set_unhandled_exception_filter 0000000100405850 f   MSVCRTD:utility_desktop.obj
 0001:00004870       __scrt_exe_initialize_mta  0000000100405870 f   MSVCRTD:utility_desktop.obj
 0001:00004870       __scrt_stub_for_initialize_mta 0000000100405870 f   MSVCRTD:utility_desktop.obj
 0001:00004880       __scrt_unhandled_exception_filter 0000000100405880 f   MSVCRTD:utility_desktop.obj
 0001:00004920       _RTC_Initialize            0000000100405920 f   MSVCRTD:initsect.obj
 0001:00004970       _RTC_Terminate             0000000100405970 f   MSVCRTD:initsect.obj
 0001:000049c0       _guard_check_icall_nop     00000001004059c0 f i MSVCRTD:guard_support.obj
 0001:000049d0       ReadNoFence64              00000001004059d0 f i MSVCRTD:guard_support.obj
 0001:000049f0       ReadPointerNoFence         00000001004059f0 f i MSVCRTD:guard_support.obj
 0001:00004a10       __castguard_check_failure_debugbreak 0000000100405a10 f i MSVCRTD:guard_support.obj
 0001:00004a30       __castguard_check_failure_fastfail 0000000100405a30 f i MSVCRTD:guard_support.obj
 0001:00004a60       __castguard_check_failure_nop 0000000100405a60 f i MSVCRTD:guard_support.obj
 0001:00004a70       __castguard_check_failure_os_handled 0000000100405a70 f i MSVCRTD:guard_support.obj
 0001:00004b40       __castguard_slow_path_check_debugbreak 0000000100405b40 f i MSVCRTD:guard_support.obj
 0001:00004b80       __castguard_slow_path_check_fastfail 0000000100405b80 f i MSVCRTD:guard_support.obj
 0001:00004bd0       __castguard_slow_path_check_nop 0000000100405bd0 f i MSVCRTD:guard_support.obj
 0001:00004be0       __castguard_slow_path_check_os_handled 0000000100405be0 f i MSVCRTD:guard_support.obj
 0001:00004ca0       _guard_icall_checks_enforced 0000000100405ca0 f i MSVCRTD:guard_support.obj
 0001:00004ce0       _guard_rf_checks_enforced  0000000100405ce0 f i MSVCRTD:guard_support.obj
 0001:00004cf0       __isa_available_init       0000000100405cf0 f   MSVCRTD:cpu_disp.obj
 0001:000050a0       __scrt_is_ucrt_dll_in_use  00000001004060a0 f   MSVCRTD:ucrt_detection.obj
 0001:000050d0       memcmp                     00000001004060d0 f   vcruntimed:VCRUNTIME140D.dll
 0001:000050d6       __C_specific_handler       00000001004060d6 f   vcruntimed:VCRUNTIME140D.dll
 0001:000050dc       __std_type_info_destroy_list 00000001004060dc f   vcruntimed:VCRUNTIME140D.dll
 0001:000050e2       __current_exception        00000001004060e2 f   vcruntimed:VCRUNTIME140D.dll
 0001:000050e8       __current_exception_context 00000001004060e8 f   vcruntimed:VCRUNTIME140D.dll
 0001:000050ee       _errno                     00000001004060ee f   ucrtd:ucrtbased.dll
 0001:000050f4       strlen                     00000001004060f4 f   ucrtd:ucrtbased.dll
 0001:000050fa       _strnicmp                  00000001004060fa f   ucrtd:ucrtbased.dll
 0001:00005100       free                       0000000100406100 f   ucrtd:ucrtbased.dll
 0001:00005106       malloc                     0000000100406106 f   ucrtd:ucrtbased.dll
 0001:0000510c       exit                       000000010040610c f   ucrtd:ucrtbased.dll
 0001:00005112       __acrt_iob_func            0000000100406112 f   ucrtd:ucrtbased.dll
 0001:00005118       __stdio_common_vfprintf    0000000100406118 f   ucrtd:ucrtbased.dll
 0001:0000511e       __stdio_common_vsnprintf_s 000000010040611e f   ucrtd:ucrtbased.dll
 0001:00005124       _time64                    0000000100406124 f   ucrtd:ucrtbased.dll
 0001:0000512a       _seh_filter_exe            000000010040612a f   ucrtd:ucrtbased.dll
 0001:00005130       _set_app_type              0000000100406130 f   ucrtd:ucrtbased.dll
 0001:00005136       __setusermatherr           0000000100406136 f   ucrtd:ucrtbased.dll
 0001:0000513c       _configure_narrow_argv     000000010040613c f   ucrtd:ucrtbased.dll
 0001:00005142       _initialize_narrow_environment 0000000100406142 f   ucrtd:ucrtbased.dll
 0001:00005148       _get_initial_narrow_environment 0000000100406148 f   ucrtd:ucrtbased.dll
 0001:0000514e       _initterm                  000000010040614e f   ucrtd:ucrtbased.dll
 0001:00005154       _initterm_e                0000000100406154 f   ucrtd:ucrtbased.dll
 0001:0000515a       _exit                      000000010040615a f   ucrtd:ucrtbased.dll
 0001:00005160       _set_fmode                 0000000100406160 f   ucrtd:ucrtbased.dll
 0001:00005166       __p___argc                 0000000100406166 f   ucrtd:ucrtbased.dll
 0001:0000516c       __p___argv                 000000010040616c f   ucrtd:ucrtbased.dll
 0001:00005172       _cexit                     0000000100406172 f   ucrtd:ucrtbased.dll
 0001:00005178       _c_exit                    0000000100406178 f   ucrtd:ucrtbased.dll
 0001:0000517e       _register_thread_local_exe_atexit_callback 000000010040617e f   ucrtd:ucrtbased.dll
 0001:00005184       _configthreadlocale        0000000100406184 f   ucrtd:ucrtbased.dll
 0001:0000518a       _set_new_mode              000000010040618a f   ucrtd:ucrtbased.dll
 0001:00005190       __p__commode               0000000100406190 f   ucrtd:ucrtbased.dll
 0001:00005196       _seh_filter_dll            0000000100406196 f   ucrtd:ucrtbased.dll
 0001:0000519c       _initialize_onexit_table   000000010040619c f   ucrtd:ucrtbased.dll
 0001:000051a2       _register_onexit_function  00000001004061a2 f   ucrtd:ucrtbased.dll
 0001:000051a8       _execute_onexit_table      00000001004061a8 f   ucrtd:ucrtbased.dll
 0001:000051ae       _crt_atexit                00000001004061ae f   ucrtd:ucrtbased.dll
 0001:000051b4       _crt_at_quick_exit         00000001004061b4 f   ucrtd:ucrtbased.dll
 0001:000051ba       terminate                  00000001004061ba f   ucrtd:ucrtbased.dll
 0001:000051c0       _close                     00000001004061c0 f   ucrtd:ucrtbased.dll
 0001:000051c6       _read                      00000001004061c6 f   ucrtd:ucrtbased.dll
 0001:000051cc       _write                     00000001004061cc f   ucrtd:ucrtbased.dll
 0001:000051d2       RtlCaptureContext          00000001004061d2 f   kernel32:KERNEL32.dll
 0001:000051d8       RtlLookupFunctionEntry     00000001004061d8 f   kernel32:KERNEL32.dll
 0001:000051de       RtlVirtualUnwind           00000001004061de f   kernel32:KERNEL32.dll
 0001:000051e4       UnhandledExceptionFilter   00000001004061e4 f   kernel32:KERNEL32.dll
 0001:000051ea       SetUnhandledExceptionFilter 00000001004061ea f   kernel32:KERNEL32.dll
 0001:000051f0       GetCurrentProcess          00000001004061f0 f   kernel32:KERNEL32.dll
 0001:000051f6       TerminateProcess           00000001004061f6 f   kernel32:KERNEL32.dll
 0001:000051fc       IsProcessorFeaturePresent  00000001004061fc f   kernel32:KERNEL32.dll
 0001:00005202       QueryPerformanceCounter    0000000100406202 f   kernel32:KERNEL32.dll
 0001:00005208       GetCurrentProcessId        0000000100406208 f   kernel32:KERNEL32.dll
 0001:0000520e       GetCurrentThreadId         000000010040620e f   kernel32:KERNEL32.dll
 0001:00005214       GetSystemTimeAsFileTime    0000000100406214 f   kernel32:KERNEL32.dll
 0001:0000521a       InitializeSListHead        000000010040621a f   kernel32:KERNEL32.dll
 0001:00005220       GetStartupInfoW            0000000100406220 f   kernel32:KERNEL32.dll
 0001:00005226       GetModuleHandleW           0000000100406226 f   kernel32:KERNEL32.dll
 0001:00005230       __acrt_initialize          0000000100406230 f   MSVCRTD:ucrt_stubs.obj
 0001:00005230       __scrt_stub_for_acrt_initialize 0000000100406230 f   MSVCRTD:ucrt_stubs.obj
 0001:00005230       __vcrt_initialize          0000000100406230 f   MSVCRTD:ucrt_stubs.obj
 0001:00005240       __acrt_thread_attach       0000000100406240 f   MSVCRTD:ucrt_stubs.obj
 0001:00005240       __scrt_stub_for_acrt_thread_attach 0000000100406240 f   MSVCRTD:ucrt_stubs.obj
 0001:00005240       __vcrt_thread_attach       0000000100406240 f   MSVCRTD:ucrt_stubs.obj
 0001:00005250       __acrt_thread_detach       0000000100406250 f   MSVCRTD:ucrt_stubs.obj
 0001:00005250       __scrt_stub_for_acrt_thread_detach 0000000100406250 f   MSVCRTD:ucrt_stubs.obj
 0001:00005250       __vcrt_thread_detach       0000000100406250 f   MSVCRTD:ucrt_stubs.obj
 0001:00005260       __acrt_uninitialize        0000000100406260 f   MSVCRTD:ucrt_stubs.obj
 0001:00005260       __scrt_stub_for_acrt_uninitialize 0000000100406260 f   MSVCRTD:ucrt_stubs.obj
 0001:00005260       __vcrt_uninitialize        0000000100406260 f   MSVCRTD:ucrt_stubs.obj
 0001:00005270       __acrt_uninitialize_critical 0000000100406270 f   MSVCRTD:ucrt_stubs.obj
 0001:00005270       __scrt_stub_for_acrt_uninitialize_critical 0000000100406270 f   MSVCRTD:ucrt_stubs.obj
 0001:00005270       __vcrt_uninitialize_critical 0000000100406270 f   MSVCRTD:ucrt_stubs.obj
 0001:00005280       __scrt_stub_for_is_c_termination_complete 0000000100406280 f   MSVCRTD:ucrt_stubs.obj
 0001:00005280       _is_c_termination_complete 0000000100406280 f   MSVCRTD:ucrt_stubs.obj
 0001:00005283       memcpy                     0000000100406283 f   vcruntimed:VCRUNTIME140D.dll
 0001:000052a0       _guard_dispatch_icall_nop  00000001004062a0 f   MSVCRTD:guard_dispatch.obj
 0001:000052c0       _guard_xfg_dispatch_icall_nop 00000001004062c0 f   MSVCRTD:guard_xfg_dispatch.obj
 0002:00000000       __imp_TerminateProcess     0000000100407000     kernel32:KERNEL32.dll
 0002:00000008       __imp_RtlLookupFunctionEntry 0000000100407008     kernel32:KERNEL32.dll
 0002:00000010       __imp_RtlVirtualUnwind     0000000100407010     kernel32:KERNEL32.dll
 0002:00000018       __imp_OutputDebugStringA   0000000100407018     kernel32:KERNEL32.dll
 0002:00000020       __imp_IsDebuggerPresent    0000000100407020     kernel32:KERNEL32.dll
 0002:00000028       __imp_GetModuleHandleW     0000000100407028     kernel32:KERNEL32.dll
 0002:00000030       __imp_UnhandledExceptionFilter 0000000100407030     kernel32:KERNEL32.dll
 0002:00000038       __imp_SetUnhandledExceptionFilter 0000000100407038     kernel32:KERNEL32.dll
 0002:00000040       __imp_GetStartupInfoW      0000000100407040     kernel32:KERNEL32.dll
 0002:00000048       __imp_InitializeSListHead  0000000100407048     kernel32:KERNEL32.dll
 0002:00000050       __imp_GetSystemTimeAsFileTime 0000000100407050     kernel32:KERNEL32.dll
 0002:00000058       __imp_GetCurrentThreadId   0000000100407058     kernel32:KERNEL32.dll
 0002:00000060       __imp_GetCurrentProcessId  0000000100407060     kernel32:KERNEL32.dll
 0002:00000068       __imp_QueryPerformanceCounter 0000000100407068     kernel32:KERNEL32.dll
 0002:00000070       __imp_IsProcessorFeaturePresent 0000000100407070     kernel32:KERNEL32.dll
 0002:00000078       __imp_RtlCaptureContext    0000000100407078     kernel32:KERNEL32.dll
 0002:00000080       __imp_GetCurrentProcess    0000000100407080     kernel32:KERNEL32.dll
 0002:00000088       \177KERNEL32_NULL_THUNK_DATA 0000000100407088     kernel32:KERNEL32.dll
 0002:00000090       __imp___current_exception  0000000100407090     vcruntimed:VCRUNTIME140D.dll
 0002:00000098       __imp_memcpy               0000000100407098     vcruntimed:VCRUNTIME140D.dll
 0002:000000a0       __imp___current_exception_context 00000001004070a0     vcruntimed:VCRUNTIME140D.dll
 0002:000000a8       __imp___std_type_info_destroy_list 00000001004070a8     vcruntimed:VCRUNTIME140D.dll
 0002:000000b0       __imp_memcmp               00000001004070b0     vcruntimed:VCRUNTIME140D.dll
 0002:000000b8       __imp___C_specific_handler 00000001004070b8     vcruntimed:VCRUNTIME140D.dll
 0002:000000c0       \177VCRUNTIME140D_NULL_THUNK_DATA 00000001004070c0     vcruntimed:VCRUNTIME140D.dll
 0002:000000c8       __imp_extgui               00000001004070c8     hsys:hsys.dll
 0002:000000d0       \177hsys_NULL_THUNK_DATA   00000001004070d0     hsys:hsys.dll
 0002:000000d8       __imp_w32_close_tape       00000001004070d8     htape:htape.dll
 0002:000000e0       __imp_w32_ioctl_tape       00000001004070e0     htape:htape.dll
 0002:000000e8       __imp_w32_write_tape       00000001004070e8     htape:htape.dll
 0002:000000f0       __imp_w32_read_tape        00000001004070f0     htape:htape.dll
 0002:000000f8       __imp_w32_open_tape        00000001004070f8     htape:htape.dll
 0002:00000100       \177htape_NULL_THUNK_DATA  0000000100407100     htape:htape.dll
 0002:00000108       __imp_usleep               0000000100407108     hutil:hutil.dll
 0002:00000110       __imp_hostpath             0000000100407110     hutil:hutil.dll
 0002:00000118       __imp_w32_snprintf         0000000100407118     hutil:hutil.dll
 0002:00000120       __imp_w32_fprintf          0000000100407120     hutil:hutil.dll
 0002:00000128       __imp_w32_hopen            0000000100407128     hutil:hutil.dll
 0002:00000130       __imp_guest_to_host        0000000100407130     hutil:hutil.dll
 0002:00000138       __imp_fwritemsg            0000000100407138     hutil:hutil.dll
 0002:00000140       __imp_logmsg               0000000100407140     hutil:hutil.dll
 0002:00000148       __imp_initialize_utility   0000000100407148     hutil:hutil.dll
 0002:00000150       __imp_w32_strerror         0000000100407150     hutil:hutil.dll
 0002:00000158       \177hutil_NULL_THUNK_DATA  0000000100407158     hutil:hutil.dll
 0002:00000160       __imp__initterm            0000000100407160     ucrtd:ucrtbased.dll
 0002:00000168       __imp__initterm_e          0000000100407168     ucrtd:ucrtbased.dll
 0002:00000170       __imp__exit                0000000100407170     ucrtd:ucrtbased.dll
 0002:00000178       __imp__set_fmode           0000000100407178     ucrtd:ucrtbased.dll
 0002:00000180       __imp___p___argc           0000000100407180     ucrtd:ucrtbased.dll
 0002:00000188       __imp___p___argv           0000000100407188     ucrtd:ucrtbased.dll
 0002:00000190       __imp__cexit               0000000100407190     ucrtd:ucrtbased.dll
 0002:00000198       __imp__c_exit              0000000100407198     ucrtd:ucrtbased.dll
 0002:000001a0       __imp__register_thread_local_exe_atexit_callback 00000001004071a0     ucrtd:ucrtbased.dll
 0002:000001a8       __imp__configthreadlocale  00000001004071a8     ucrtd:ucrtbased.dll
 0002:000001b0       __imp__set_new_mode        00000001004071b0     ucrtd:ucrtbased.dll
 0002:000001b8       __imp___p__commode         00000001004071b8     ucrtd:ucrtbased.dll
 0002:000001c0       __imp__initialize_narrow_environment 00000001004071c0     ucrtd:ucrtbased.dll
 0002:000001c8       __imp__initialize_onexit_table 00000001004071c8     ucrtd:ucrtbased.dll
 0002:000001d0       __imp__register_onexit_function 00000001004071d0     ucrtd:ucrtbased.dll
 0002:000001d8       __imp__execute_onexit_table 00000001004071d8     ucrtd:ucrtbased.dll
 0002:000001e0       __imp__crt_atexit          00000001004071e0     ucrtd:ucrtbased.dll
 0002:000001e8       __imp__crt_at_quick_exit   00000001004071e8     ucrtd:ucrtbased.dll
 0002:000001f0       __imp_terminate            00000001004071f0     ucrtd:ucrtbased.dll
 0002:000001f8       __imp__close               00000001004071f8     ucrtd:ucrtbased.dll
 0002:000001f8       __imp_close                00000001004071f8     ucrtd:ucrtbased.dll
 0002:00000200       __imp__read                0000000100407200     ucrtd:ucrtbased.dll
 0002:00000200       __imp_read                 0000000100407200     ucrtd:ucrtbased.dll
 0002:00000208       __imp__write               0000000100407208     ucrtd:ucrtbased.dll
 0002:00000208       __imp_write                0000000100407208     ucrtd:ucrtbased.dll
 0002:00000210       __imp_free                 0000000100407210     ucrtd:ucrtbased.dll
 0002:00000218       __imp__strnicmp            0000000100407218     ucrtd:ucrtbased.dll
 0002:00000220       __imp_strlen               0000000100407220     ucrtd:ucrtbased.dll
 0002:00000228       __imp__errno               0000000100407228     ucrtd:ucrtbased.dll
 0002:00000230       __imp__get_initial_narrow_environment 0000000100407230     ucrtd:ucrtbased.dll
 0002:00000238       __imp___setusermatherr     0000000100407238     ucrtd:ucrtbased.dll
 0002:00000240       __imp__set_app_type        0000000100407240     ucrtd:ucrtbased.dll
 0002:00000248       __imp__seh_filter_exe      0000000100407248     ucrtd:ucrtbased.dll
 0002:00000250       __imp__time64              0000000100407250     ucrtd:ucrtbased.dll
 0002:00000258       __imp___stdio_common_vsnprintf_s 0000000100407258     ucrtd:ucrtbased.dll
 0002:00000260       __imp___stdio_common_vfprintf 0000000100407260     ucrtd:ucrtbased.dll
 0002:00000268       __imp___acrt_iob_func      0000000100407268     ucrtd:ucrtbased.dll
 0002:00000270       __imp_exit                 0000000100407270     ucrtd:ucrtbased.dll
 0002:00000278       __imp__seh_filter_dll      0000000100407278     ucrtd:ucrtbased.dll
 0002:00000280       __imp_malloc               0000000100407280     ucrtd:ucrtbased.dll
 0002:00000288       __imp__configure_narrow_argv 0000000100407288     ucrtd:ucrtbased.dll
 0002:00000290       \177ucrtbased_NULL_THUNK_DATA 0000000100407290     ucrtd:ucrtbased.dll
 0002:00000298       __guard_check_icall_fptr   0000000100407298     MSVCRTD:guard_support.obj
 0002:000002a0       __guard_xfg_check_icall_fptr 00000001004072a0     MSVCRTD:guard_support.obj
 0002:000002a8       __guard_dispatch_icall_fptr 00000001004072a8     MSVCRTD:guard_support.obj
 0002:000002b0       __guard_xfg_dispatch_icall_fptr 00000001004072b0     MSVCRTD:guard_support.obj
 0002:000002b8       __guard_xfg_table_dispatch_icall_fptr 00000001004072b8     MSVCRTD:guard_support.obj
 0002:000002c0       __castguard_check_failure_os_handled_fptr 00000001004072c0     MSVCRTD:guard_support.obj
 0002:000002c8       __guard_memcpy_fptr        00000001004072c8     vcruntimed:softmemtag.obj
 0002:000002d0       __xc_a                     00000001004072d0     MSVCRTD:initializers.obj
 0002:000002e0       __xc_z                     00000001004072e0     MSVCRTD:initializers.obj
 0002:000002e8       __xi_a                     00000001004072e8     MSVCRTD:initializers.obj
 0002:00000300       __xi_z                     0000000100407300     MSVCRTD:initializers.obj
 0002:00000308       __xp_a                     0000000100407308     MSVCRTD:initializers.obj
 0002:00000310       __xp_z                     0000000100407310     MSVCRTD:initializers.obj
 0002:00000318       __xt_a                     0000000100407318     MSVCRTD:initializers.obj
 0002:00000320       __xt_z                     0000000100407320     MSVCRTD:initializers.obj
 0002:00000338       __real@4130000000000000    0000000100407338     tapecopy.obj
 0002:00000360       _load_config_used          0000000100407360     MSVCRTD:loadcfg.obj
 0002:00000500       __CastGuardVftablesStart   0000000100407500     MSVCRTD:guard_support.obj
 0002:00000580       __CastGuardVftablesEnd     0000000100407580     MSVCRTD:guard_support.obj
 0002:00000600       __volatile_metadata        0000000100407600     <linker-defined>
 0002:000009f8       __rtc_iaa                  00000001004079f8     MSVCRTD:initsect.obj
 0002:00000a00       __rtc_izz                  0000000100407a00     MSVCRTD:initsect.obj
 0002:00000a08       __rtc_taa                  0000000100407a08     MSVCRTD:initsect.obj
 0002:00000a10       __rtc_tzz                  0000000100407a10     MSVCRTD:initsect.obj
 0002:00000d6c       __IMPORT_DESCRIPTOR_htape  0000000100407d6c     htape:htape.dll
 0002:00000d80       __IMPORT_DESCRIPTOR_hsys   0000000100407d80     hsys:hsys.dll
 0002:00000d94       __IMPORT_DESCRIPTOR_hutil  0000000100407d94     hutil:hutil.dll
 0002:00000da8       __IMPORT_DESCRIPTOR_KERNEL32 0000000100407da8     kernel32:KERNEL32.dll
 0002:00000dbc       __IMPORT_DESCRIPTOR_VCRUNTIME140D 0000000100407dbc     vcruntimed:VCRUNTIME140D.dll
 0002:00000dd0       __IMPORT_DESCRIPTOR_ucrtbased 0000000100407dd0     ucrtd:ucrtbased.dll
 0002:00000de4       __NULL_IMPORT_DESCRIPTOR   0000000100407de4     htape:htape.dll
 0003:000021d0       __security_cookie_complement 000000010040b1d0     MSVCRTD:gs_cookie.obj
 0003:000021d8       __security_cookie          000000010040b1d8     MSVCRTD:gs_cookie.obj
 0003:000021e0       _fltused                   000000010040b1e0     MSVCRTD:fltused.obj
 0003:000021e4       __scrt_native_dllmain_reason 000000010040b1e4     MSVCRTD:utility.obj
 0003:000021e8       __scrt_default_matherr     000000010040b1e8     MSVCRTD:matherr.obj
 0003:000021f0       __isa_available            000000010040b1f0     MSVCRTD:cpu_disp.obj
 0003:000021f4       __isa_enabled              000000010040b1f4     MSVCRTD:cpu_disp.obj
 0003:000021f8       __memset_fast_string_threshold 000000010040b1f8     MSVCRTD:cpu_disp.obj
 0003:00002200       __memset_nt_threshold      000000010040b200     MSVCRTD:cpu_disp.obj
 0003:00002210       __scrt_ucrt_dll_is_in_use  000000010040b210     MSVCRTD:ucrt_stubs.obj
 0003:00002220       curr_progress_time         000000010040b220     tapecopy.obj
 0003:00002228       prev_progress_time         000000010040b228     tapecopy.obj
 0003:002027d0       __scrt_current_native_startup_state 000000010060b7d0     MSVCRTD:utility.obj
 0003:002027d8       __scrt_native_startup_lock 000000010060b7d8     MSVCRTD:utility.obj
 0003:00202820       ?__type_info_root_node@@3U__type_info_node@@A 000000010060b820     MSVCRTD:tncleanup.obj
 0003:00202830       ?_OptionsStorage@?1??__local_stdio_printf_options@@9@4_KA 000000010060b830     MSVCRTD:default_local_stdio_options.obj
 0003:00202838       ?_OptionsStorage@?1??__local_stdio_scanf_options@@9@4_KA 000000010060b838     MSVCRTD:default_local_stdio_options.obj
 0003:00202840       __scrt_debugger_hook_flag  000000010060b840     MSVCRTD:utility_desktop.obj
 0003:00202844       __favor                    000000010060b844     MSVCRTD:cpu_disp.obj
 0003:00202848       ?_OptionsStorage@?1??__local_stdio_printf_options@@9@9 000000010060b848     <common>
 0003:00202850       filenameout                000000010060b850     <common>
 0003:00202858       filenamein                 000000010060b858     <common>
 0003:00202860       devnameout                 000000010060b860     <common>
 0003:00202868       devnamein                  000000010060b868     <common>
 0003:00202870       bytes_written              000000010060b870     <common>
 0003:00202878       prevlen                    000000010060b878     <common>
 0003:0020287c       len                        000000010060b87c     <common>
 0003:00202880       pgm                        000000010060b880     <common>
 0003:00202888       __@@_PchSym_@00@UkzkzUnbtrgUsbkvirlmRaevxgliUnhexOwvyftOznwGEOlyqUyfrowPkxsOlyq@4B2008FD98C1DD4 000000010060b888     <common>
 0003:00202890       __dyn_tls_dtor_callback    000000010060b890     <common>
 0003:00202898       __dyn_tls_init_callback    000000010060b898     <common>

 entry point at        0001:00003be0

 Static symbols

 0000:00000000       _volmd                     0000000100400000     tapecopy.obj
 0000:ffdcb000       .debug$S                   0000000100400000     kernel32:KERNEL32.dll
 0000:ffdcb000       .debug$S                   0000000100400000     kernel32:KERNEL32.dll
 0000:ffdcb000       .debug$S                   0000000100400000     kernel32:KERNEL32.dll
 0000:ffdcb000       .debug$S                   0000000100400000     kernel32:KERNEL32.dll
 0000:ffdcb000       .debug$S                   0000000100400000     kernel32:KERNEL32.dll
 0000:ffdcb000       .debug$S                   0000000100400000     kernel32:KERNEL32.dll
 0000:ffdcb000       .debug$S                   0000000100400000     kernel32:KERNEL32.dll
 0000:ffdcb000       .debug$S                   0000000100400000     kernel32:KERNEL32.dll
 0000:ffdcb000       .debug$S                   0000000100400000     kernel32:KERNEL32.dll
 0000:ffdcb000       .debug$S                   0000000100400000     kernel32:KERNEL32.dll
 0000:ffdcb000       .debug$S                   0000000100400000     kernel32:KERNEL32.dll
 0000:ffdcb000       .debug$S                   0000000100400000     kernel32:KERNEL32.dll
 0000:ffdcb000       .debug$S                   0000000100400000     kernel32:KERNEL32.dll
 0000:ffdcb000       .debug$S                   0000000100400000     kernel32:KERNEL32.dll
 0000:ffdcb000       .debug$S                   0000000100400000     kernel32:KERNEL32.dll
 0000:ffdcb000       .debug$S                   0000000100400000     kernel32:KERNEL32.dll
 0000:ffdcb000       .debug$S                   0000000100400000     kernel32:KERNEL32.dll
 0000:ffdcb000       .debug$S                   0000000100400000     ucrtd:ucrtbased.dll
 0000:ffdcb000       .debug$S                   0000000100400000     ucrtd:ucrtbased.dll
 0000:ffdcb000       .debug$S                   0000000100400000     ucrtd:ucrtbased.dll
 0000:ffdcb000       .debug$S                   0000000100400000     ucrtd:ucrtbased.dll
 0000:ffdcb000       .debug$S                   0000000100400000     ucrtd:ucrtbased.dll
 0000:ffdcb000       .debug$S                   0000000100400000     ucrtd:ucrtbased.dll
 0000:ffdcb000       .debug$S                   0000000100400000     ucrtd:ucrtbased.dll
 0000:ffdcb000       .debug$S                   0000000100400000     ucrtd:ucrtbased.dll
 0000:ffdcb000       .debug$S                   0000000100400000     ucrtd:ucrtbased.dll
 0000:ffdcb000       .debug$S                   0000000100400000     ucrtd:ucrtbased.dll
 0000:ffdcb000       .debug$S                   0000000100400000     ucrtd:ucrtbased.dll
 0000:ffdcb000       .debug$S                   0000000100400000     ucrtd:ucrtbased.dll
 0000:ffdcb000       .debug$S                   0000000100400000     ucrtd:ucrtbased.dll
 0000:ffdcb000       .debug$S                   0000000100400000     ucrtd:ucrtbased.dll
 0000:ffdcb000       .debug$S                   0000000100400000     ucrtd:ucrtbased.dll
 0000:ffdcb000       .debug$S                   0000000100400000     ucrtd:ucrtbased.dll
 0000:ffdcb000       .debug$S                   0000000100400000     ucrtd:ucrtbased.dll
 0000:ffdcb000       .debug$S                   0000000100400000     ucrtd:ucrtbased.dll
 0000:ffdcb000       .debug$S                   0000000100400000     ucrtd:ucrtbased.dll
 0000:ffdcb000       .debug$S                   0000000100400000     ucrtd:ucrtbased.dll
 0000:ffdcb000       .debug$S                   0000000100400000     ucrtd:ucrtbased.dll
 0000:ffdcb000       .debug$S                   0000000100400000     ucrtd:ucrtbased.dll
 0000:ffdcb000       .debug$S                   0000000100400000     ucrtd:ucrtbased.dll
 0000:ffdcb000       .debug$S                   0000000100400000     ucrtd:ucrtbased.dll
 0000:ffdcb000       .debug$S                   0000000100400000     ucrtd:ucrtbased.dll
 0000:ffdcb000       .debug$S                   0000000100400000     ucrtd:ucrtbased.dll
 0000:ffdcb000       .debug$S                   0000000100400000     ucrtd:ucrtbased.dll
 0000:ffdcb000       .debug$S                   0000000100400000     ucrtd:ucrtbased.dll
 0000:ffdcb000       .debug$S                   0000000100400000     ucrtd:ucrtbased.dll
 0000:ffdcb000       .debug$S                   0000000100400000     ucrtd:ucrtbased.dll
 0000:ffdcb000       .debug$S                   0000000100400000     ucrtd:ucrtbased.dll
 0000:ffdcb000       .debug$S                   0000000100400000     ucrtd:ucrtbased.dll
 0000:ffdcb000       .debug$S                   0000000100400000     ucrtd:ucrtbased.dll
 0000:ffdcb000       .debug$S                   0000000100400000     ucrtd:ucrtbased.dll
 0000:ffdcb000       .debug$S                   0000000100400000     ucrtd:ucrtbased.dll
 0000:ffdcb000       .debug$S                   0000000100400000     ucrtd:ucrtbased.dll
 0000:ffdcb000       .debug$S                   0000000100400000     ucrtd:ucrtbased.dll
 0000:ffdcb000       .debug$S                   0000000100400000     ucrtd:ucrtbased.dll
 0000:00000000       _volmd                     0000000100400000     MSVCRTD:cpu_disp.obj
 0002:ffff9000       __guard_ehcont_?__scrt_common_main_seh@@YAHXZ 0000000100400000     MSVCRTD:exe_main.obj
 0002:ffff9000       __guard_fids_?pre_c_initialization@@YAHXZ 0000000100400000     MSVCRTD:exe_main.obj
 0002:ffff9000       __guard_fids__             0000000100400000     MSVCRTD:exe_main.obj
 0000:00000000       _volmd                     0000000100400000     MSVCRTD:gs_report.obj
 0000:00000000       _volmd                     0000000100400000     MSVCRTD:gs_report.obj
 0000:00000000       _volmd                     0000000100400000     MSVCRTD:gs_report.obj
 0002:ffff9000       __guard_fids__             0000000100400000     MSVCRTD:guard_support.obj
 0002:ffff9000       __guard_fids__             0000000100400000     MSVCRTD:guard_support.obj
 0002:ffff9000       __guard_fids__guard_icall_checks_enforced 0000000100400000     MSVCRTD:guard_support.obj
 0000:00000000       _volmd                     0000000100400000     MSVCRTD:guard_support.obj
 0000:00000000       _volmd                     0000000100400000     MSVCRTD:guard_support.obj
 0002:ffff9000       $unwind$?configure_argv@__scrt_narrow_argv_policy@@SAHXZ 0000000100400000     MSVCRTD:utility.obj
 0002:ffff9000       $unwind$?initialize_environment@__scrt_narrow_environment_policy@@SAHXZ 0000000100400000     MSVCRTD:utility.obj
 0002:ffff9000       __guard_ehcont___scrt_is_nonwritable_in_current_image 0000000100400000     MSVCRTD:utility.obj
 0000:00000000       _volmd                     0000000100400000     MSVCRTD:utility.obj
 0000:00000000       _volmd                     0000000100400000     MSVCRTD:utility.obj
 0000:00000000       _volmd                     0000000100400000     MSVCRTD:utility.obj
 0002:ffff9000       __guard_fids___scrt_set_unhandled_exception_filter 0000000100400000     MSVCRTD:utility_desktop.obj
 0000:00000000       _volmd                     0000000100400000     MSVCRTD:utility_desktop.obj
 0002:ffff9000       __guard_fids__             0000000100400000     vcruntimed:softmemtag.obj
 0000:ffdcb000       .debug$S                   0000000100400000     vcruntimed:VCRUNTIME140D.dll
 0000:ffdcb000       .debug$S                   0000000100400000     vcruntimed:VCRUNTIME140D.dll
 0000:ffdcb000       .debug$S                   0000000100400000     vcruntimed:VCRUNTIME140D.dll
 0000:ffdcb000       .debug$S                   0000000100400000     vcruntimed:VCRUNTIME140D.dll
 0000:ffdcb000       .debug$S                   0000000100400000     vcruntimed:VCRUNTIME140D.dll
 0000:ffdcb000       .debug$S                   0000000100400000     vcruntimed:VCRUNTIME140D.dll
 0000:ffdcb000       .debug$S                   0000000100400000     hsys:hsys.dll
 0000:ffdcb000       .debug$S                   0000000100400000     htape:htape.dll
 0000:ffdcb000       .debug$S                   0000000100400000     htape:htape.dll
 0000:ffdcb000       .debug$S                   0000000100400000     htape:htape.dll
 0000:ffdcb000       .debug$S                   0000000100400000     htape:htape.dll
 0000:ffdcb000       .debug$S                   0000000100400000     htape:htape.dll
 0000:ffdcb000       .debug$S                   0000000100400000     hutil:hutil.dll
 0000:ffdcb000       .debug$S                   0000000100400000     hutil:hutil.dll
 0000:ffdcb000       .debug$S                   0000000100400000     hutil:hutil.dll
 0000:ffdcb000       .debug$S                   0000000100400000     hutil:hutil.dll
 0000:ffdcb000       .debug$S                   0000000100400000     hutil:hutil.dll
 0000:ffdcb000       .debug$S                   0000000100400000     hutil:hutil.dll
 0000:ffdcb000       .debug$S                   0000000100400000     hutil:hutil.dll
 0000:ffdcb000       .debug$S                   0000000100400000     hutil:hutil.dll
 0000:ffdcb000       .debug$S                   0000000100400000     hutil:hutil.dll
 0000:ffdcb000       .debug$S                   0000000100400000     hutil:hutil.dll
 0002:ffff9004       __guard_fids__             0000000100400004     MSVCRTD:exe_main.obj
 0002:ffff9008       __guard_fids__             0000000100400008     MSVCRTD:exe_main.obj
 0000:00000010       _volmd                     0000000100400010     tapecopy.obj
 0000:00000020       _volmd                     0000000100400020     tapecopy.obj
 0000:00000030       _volmd                     0000000100400030     tapecopy.obj
 0000:00000040       _volmd                     0000000100400040     tapecopy.obj
 0000:00000050       _volmd                     0000000100400050     tapecopy.obj
 0001:00000000       time                       0000000100401000 f   tapecopy.obj
 0001:00000020       DebuggerTrace              0000000100401020 f   tapecopy.obj
 0001:00000120       delayed_exit               0000000100401120 f   tapecopy.obj
 0001:000001a0       print_status               00000001004011a0 f   tapecopy.obj
 0001:00000290       print_usage                0000000100401290 f   tapecopy.obj
 0001:000003f0       obtain_status              00000001004013f0 f   tapecopy.obj
 0001:00003530       capture_current_context    0000000100404530 f   MSVCRTD:gs_report.obj
 0001:000035d0       capture_previous_context   00000001004045d0 f   MSVCRTD:gs_report.obj
 0001:000037d0       $$000000                   00000001004047d0     MSVCRTD:chkstk.obj
 0001:00003830       $$000000                   0000000100404830     MSVCRTD:amdsecgs.obj
 0001:00003860       ?pre_c_initialization@@YAHXZ 0000000100404860 f   MSVCRTD:exe_main.obj
 0001:00003920       ?post_pgo_initialization@@YAHXZ 0000000100404920 f   MSVCRTD:exe_main.obj
 0001:00003930       ?pre_cpp_initialization@@YAXXZ 0000000100404930 f   MSVCRTD:exe_main.obj
 0001:00003950       ?__scrt_common_main@@YAHXZ 0000000100404950 f   MSVCRTD:exe_main.obj
 0001:00003970       ?__scrt_common_main_seh@@YAHXZ 0000000100404970 f   MSVCRTD:exe_main.obj
 0001:00003b40       ?invoke_main@@YAHXZ        0000000100404b40 f   MSVCRTD:exe_main.obj
 0001:00003c00       ?find_pe_section@@YAPEAU_IMAGE_SECTION_HEADER@@QEAE_K@Z 0000000100404c00 f   MSVCRTD:utility.obj
 0001:00003cd0       ?is_potentially_valid_image_base@@YA_NQEAX@Z 0000000100404cd0 f   MSVCRTD:utility.obj
 0001:000042b0       __get_entropy              00000001004052b0 f   MSVCRTD:gs_support.obj
 0001:00004aa0       __castguard_check_failure_os_handled_wrapper 0000000100405aa0 f   MSVCRTD:guard_support.obj
 0001:00004ad0       __castguard_compat_check   0000000100405ad0 f   MSVCRTD:guard_support.obj
 0001:00004c30       __castguard_slow_path_compat_check 0000000100405c30 f   MSVCRTD:guard_support.obj
 0001:00005290       $$000000                   0000000100406290     MSVCRTD:guard_dispatch.obj
 0001:000052b0       $$000000                   00000001004062b0     MSVCRTD:guard_xfg_dispatch.obj
 0001:000052d0       ?filt$0@?0??__scrt_common_main_seh@@YAHXZ@4HA 00000001004062d0 f   MSVCRTD:exe_main.obj
 0001:00005300       __scrt_is_nonwritable_in_current_image$filt$0 0000000100406300 f   MSVCRTD:utility.obj
 0002:000002d8       ?pre_cpp_initializer@@3P6AXXZEA 00000001004072d8     MSVCRTD:exe_main.obj
 0002:000002f0       ?pre_c_initializer@@3P6AHXZEA 00000001004072f0     MSVCRTD:exe_main.obj
 0002:000002f8       ?post_pgo_initializer@@3P6AHXZEA 00000001004072f8     MSVCRTD:exe_main.obj
 0002:00000330       CKD_ENDTRK                 0000000100407330     tapecopy.obj
 0002:00000340       CKD_ENDTRK                 0000000100407340     scsiutil.obj
 0002:00000348       GS_ExceptionPointers       0000000100407348     MSVCRTD:gs_report.obj
 0002:00000a18       $unwind$_vfprintf_l        0000000100407a18     tapecopy.obj
 0002:00000a20       $unwind$printf             0000000100407a20     tapecopy.obj
 0002:00000a28       $unwind$_vsnprintf_s_l     0000000100407a28     tapecopy.obj
 0002:00000a30       $unwind$_vsnprintf_s       0000000100407a30     tapecopy.obj
 0002:00000a38       $unwind$time               0000000100407a38     tapecopy.obj
 0002:00000a40       $unwind$DebuggerTrace      0000000100407a40     tapecopy.obj
 0002:00000a48       $unwind$delayed_exit       0000000100407a48     tapecopy.obj
 0002:00000a50       $unwind$print_status       0000000100407a50     tapecopy.obj
 0002:00000a64       $unwind$print_usage        0000000100407a64     tapecopy.obj
 0002:00000a74       $unwind$obtain_status      0000000100407a74     tapecopy.obj
 0002:00000a7c       $unwind$read_scsi_tape     0000000100407a7c     tapecopy.obj
 0002:00000a84       $unwind$read_aws_disk      0000000100407a84     tapecopy.obj
 0002:00000a94       $unwind$write_scsi_tape    0000000100407a94     tapecopy.obj
 0002:00000a9c       $unwind$write_aws_disk     0000000100407a9c     tapecopy.obj
 0002:00000aac       $unwind$write_tapemark_scsi_tape 0000000100407aac     tapecopy.obj
 0002:00000ab4       $unwind$write_tapemark_aws_disk 0000000100407ab4     tapecopy.obj
 0002:00000ac4       $unwind$main               0000000100407ac4     tapecopy.obj
 0002:00000ad4       $unwind$gstat2str          0000000100407ad4     scsiutil.obj
 0002:00000adc       $unwind$__report_securityfailure 0000000100407adc     MSVCRTD:gs_report.obj
 0002:00000ae4       $unwind$__report_securityfailureEx 0000000100407ae4     MSVCRTD:gs_report.obj
 0002:00000aec       $unwind$__report_rangecheckfailure 0000000100407aec     MSVCRTD:gs_report.obj
 0002:00000af4       $unwind$__report_gsfailure 0000000100407af4     MSVCRTD:gs_report.obj
 0002:00000afc       $unwind$capture_current_context 0000000100407afc     MSVCRTD:gs_report.obj
 0002:00000b04       $unwind$capture_previous_context 0000000100407b04     MSVCRTD:gs_report.obj
 0002:00000b0c       $unwind$__raise_securityfailure 0000000100407b0c     MSVCRTD:gs_report.obj
 0002:00000b14       $unwind$__GSHandlerCheckCommon 0000000100407b14     MSVCRTD:gshandler.obj
 0002:00000b1c       $unwind$__GSHandlerCheck   0000000100407b1c     MSVCRTD:gshandler.obj
 0002:00000b28       $xdatasym                  0000000100407b28     MSVCRTD:chkstk.obj
 0002:00000b30       $xdatasym                  0000000100407b30     MSVCRTD:amdsecgs.obj
 0002:00000b34       $unwind$?configure_argv@__scrt_narrow_argv_policy@@SAHXZ 0000000100407b34     MSVCRTD:exe_main.obj
 0002:00000b3c       $unwind$?initialize_environment@__scrt_narrow_environment_policy@@SAHXZ 0000000100407b3c     MSVCRTD:exe_main.obj
 0002:00000b44       $unwind$?set_app_type@__scrt_main_policy@@SAXXZ 0000000100407b44     MSVCRTD:exe_main.obj
 0002:00000b4c       $unwind$?set_fmode@__scrt_file_policy@@SAXXZ 0000000100407b4c     MSVCRTD:exe_main.obj
 0002:00000b54       $unwind$?set_commode@__scrt_file_policy@@SAXXZ 0000000100407b54     MSVCRTD:exe_main.obj
 0002:00000b5c       $unwind$?invoke_main@@YAHXZ 0000000100407b5c     MSVCRTD:exe_main.obj
 0002:00000b64       $unwind$?pre_c_initialization@@YAHXZ 0000000100407b64     MSVCRTD:exe_main.obj
 0002:00000b6c       $unwind$?post_pgo_initialization@@YAHXZ 0000000100407b6c     MSVCRTD:exe_main.obj
 0002:00000b74       $unwind$?pre_cpp_initialization@@YAXXZ 0000000100407b74     MSVCRTD:exe_main.obj
 0002:00000b7c       $unwind$?__scrt_common_main_seh@@YAHXZ 0000000100407b7c     MSVCRTD:exe_main.obj
 0002:00000b9c       $unwind$?filt$0@?0??__scrt_common_main_seh@@YAHXZ@4HA 0000000100407b9c     MSVCRTD:exe_main.obj
 0002:00000ba4       $unwind$?__scrt_common_main@@YAHXZ 0000000100407ba4     MSVCRTD:exe_main.obj
 0002:00000bac       $unwind$mainCRTStartup     0000000100407bac     MSVCRTD:exe_main.obj
 0002:00000bb4       $unwind$atexit             0000000100407bb4     MSVCRTD:utility.obj
 0002:00000bbc       $unwind$_onexit            0000000100407bbc     MSVCRTD:utility.obj
 0002:00000bc4       $unwind$at_quick_exit      0000000100407bc4     MSVCRTD:utility.obj
 0002:00000bcc       $unwind$__scrt_is_nonwritable_in_current_image 0000000100407bcc     MSVCRTD:utility.obj
 0002:00000bec       $unwind$__scrt_is_nonwritable_in_current_image$filt$0 0000000100407bec     MSVCRTD:utility.obj
 0002:00000bf4       $unwind$__scrt_acquire_startup_lock 0000000100407bf4     MSVCRTD:utility.obj
 0002:00000bfc       $unwind$__scrt_release_startup_lock 0000000100407bfc     MSVCRTD:utility.obj
 0002:00000c04       $unwind$__scrt_initialize_crt 0000000100407c04     MSVCRTD:utility.obj
 0002:00000c0c       $unwind$__scrt_uninitialize_crt 0000000100407c0c     MSVCRTD:utility.obj
 0002:00000c14       $unwind$__scrt_initialize_onexit_tables 0000000100407c14     MSVCRTD:utility.obj
 0002:00000c20       $unwind$__scrt_dllmain_exception_filter 0000000100407c20     MSVCRTD:utility.obj
 0002:00000c28       $unwind$__scrt_dllmain_before_initialize_c 0000000100407c28     MSVCRTD:utility.obj
 0002:00000c30       $unwind$__scrt_dllmain_after_initialize_c 0000000100407c30     MSVCRTD:utility.obj
 0002:00000c38       $unwind$__scrt_dllmain_uninitialize_c 0000000100407c38     MSVCRTD:utility.obj
 0002:00000c40       $unwind$__scrt_dllmain_uninitialize_critical 0000000100407c40     MSVCRTD:utility.obj
 0002:00000c48       $unwind$__scrt_dllmain_crt_thread_attach 0000000100407c48     MSVCRTD:utility.obj
 0002:00000c50       $unwind$__scrt_dllmain_crt_thread_detach 0000000100407c50     MSVCRTD:utility.obj
 0002:00000c58       $unwind$?is_potentially_valid_image_base@@YA_NQEAX@Z 0000000100407c58     MSVCRTD:utility.obj
 0002:00000c60       $unwind$?find_pe_section@@YAPEAU_IMAGE_SECTION_HEADER@@QEAE_K@Z 0000000100407c60     MSVCRTD:utility.obj
 0002:00000c68       $unwind$__security_init_cookie 0000000100407c68     MSVCRTD:gs_support.obj
 0002:00000c70       $unwind$__get_entropy      0000000100407c70     MSVCRTD:gs_support.obj
 0002:00000c78       $unwind$?__scrt_initialize_type_info@@YAXXZ 0000000100407c78     MSVCRTD:tncleanup.obj
 0002:00000c80       $unwind$?__scrt_uninitialize_type_info@@YAXXZ 0000000100407c80     MSVCRTD:tncleanup.obj
 0002:00000c88       $unwind$__scrt_initialize_default_local_stdio_options 0000000100407c88     MSVCRTD:default_local_stdio_options.obj
 0002:00000c90       $unwind$__scrt_is_user_matherr_present 0000000100407c90     MSVCRTD:matherr_detection.obj
 0002:00000c98       $unwind$__scrt_get_show_window_mode 0000000100407c98     MSVCRTD:utility_desktop.obj
 0002:00000ca4       $unwind$__scrt_is_managed_app 0000000100407ca4     MSVCRTD:utility_desktop.obj
 0002:00000cac       $unwind$__scrt_initialize_mta 0000000100407cac     MSVCRTD:utility_desktop.obj
 0002:00000cb4       $unwind$__scrt_set_unhandled_exception_filter 0000000100407cb4     MSVCRTD:utility_desktop.obj
 0002:00000cbc       $unwind$__scrt_fastfail    0000000100407cbc     MSVCRTD:utility_desktop.obj
 0002:00000cc8       $unwind$__scrt_unhandled_exception_filter 0000000100407cc8     MSVCRTD:utility_desktop.obj
 0002:00000cd0       $unwind$_RTC_Initialize    0000000100407cd0     MSVCRTD:initsect.obj
 0002:00000cdc       $unwind$_RTC_Terminate     0000000100407cdc     MSVCRTD:initsect.obj
 0002:00000ce8       $unwind$ReadNoFence64      0000000100407ce8     MSVCRTD:guard_support.obj
 0002:00000cf0       $unwind$ReadPointerNoFence 0000000100407cf0     MSVCRTD:guard_support.obj
 0002:00000cf8       $unwind$_guard_icall_checks_enforced 0000000100407cf8     MSVCRTD:guard_support.obj
 0002:00000d00       $unwind$__castguard_compat_check 0000000100407d00     MSVCRTD:guard_support.obj
 0002:00000d08       $unwind$__castguard_check_failure_os_handled_wrapper 0000000100407d08     MSVCRTD:guard_support.obj
 0002:00000d10       $unwind$__castguard_check_failure_debugbreak 0000000100407d10     MSVCRTD:guard_support.obj
 0002:00000d18       $unwind$__castguard_check_failure_fastfail 0000000100407d18     MSVCRTD:guard_support.obj
 0002:00000d20       $unwind$__castguard_check_failure_os_handled 0000000100407d20     MSVCRTD:guard_support.obj
 0002:00000d28       $unwind$__castguard_slow_path_compat_check 0000000100407d28     MSVCRTD:guard_support.obj
 0002:00000d30       $unwind$__castguard_slow_path_check_debugbreak 0000000100407d30     MSVCRTD:guard_support.obj
 0002:00000d38       $unwind$__castguard_slow_path_check_fastfail 0000000100407d38     MSVCRTD:guard_support.obj
 0002:00000d40       $unwind$__castguard_slow_path_check_os_handled 0000000100407d40     MSVCRTD:guard_support.obj
 0002:00000d48       $unwind$__isa_available_init 0000000100407d48     MSVCRTD:cpu_disp.obj
 0002:00000d58       $unwind$__scrt_is_ucrt_dll_in_use 0000000100407d58     MSVCRTD:ucrt_detection.obj
 0002:00000d60       $xdatasym                  0000000100407d60     MSVCRTD:guard_dispatch.obj
 0002:00000d68       $xdatasym                  0000000100407d68     MSVCRTD:guard_xfg_dispatch.obj
 0002:000010e6       .idata$6                   00000001004080e6     htape:htape.dll
 0002:000010fa       .idata$6                   00000001004080fa     hsys:hsys.dll
 0002:00001190       .idata$6                   0000000100408190     hutil:hutil.dll
 0002:000011c4       .idata$6                   00000001004081c4     kernel32:KERNEL32.dll
 0002:00001248       .idata$6                   0000000100408248     vcruntimed:VCRUNTIME140D.dll
 0002:000014ee       .idata$6                   00000001004084ee     ucrtd:ucrtbased.dll
 0003:00000000       $SG169185                  0000000100409000     tapecopy.obj
 0003:00000020       $SG169186                  0000000100409020     tapecopy.obj
 0003:00000040       $SG169187                  0000000100409040     tapecopy.obj
 0003:00000058       $SG169188                  0000000100409058     tapecopy.obj
 0003:00000068       $SG169189                  0000000100409068     tapecopy.obj
 0003:00000078       $SG169190                  0000000100409078     tapecopy.obj
 0003:00000098       $SG169191                  0000000100409098     tapecopy.obj
 0003:000000b0       $SG169192                  00000001004090b0     tapecopy.obj
 0003:000000c8       $SG169193                  00000001004090c8     tapecopy.obj
 0003:000000e0       $SG169194                  00000001004090e0     tapecopy.obj
 0003:00000104       $SG169225                  0000000100409104     tapecopy.obj
 0003:00000110       $SG169195                  0000000100409110     tapecopy.obj
 0003:00000138       $SG169196                  0000000100409138     tapecopy.obj
 0003:00000158       $SG169197                  0000000100409158     tapecopy.obj
 0003:00000180       $SG169198                  0000000100409180     tapecopy.obj
 0003:00000198       $SG169199                  0000000100409198     tapecopy.obj
 0003:000001c8       $SG169200                  00000001004091c8     tapecopy.obj
 0003:000001e0       $SG169201                  00000001004091e0     tapecopy.obj
 0003:000001f8       $SG169204                  00000001004091f8     tapecopy.obj
 0003:00000208       $SG169205                  0000000100409208     tapecopy.obj
 0003:00000218       $SG169206                  0000000100409218     tapecopy.obj
 0003:00000228       $SG169207                  0000000100409228     tapecopy.obj
 0003:00000248       $SG169208                  0000000100409248     tapecopy.obj
 0003:00000258       $SG169209                  0000000100409258     tapecopy.obj
 0003:00000268       $SG169210                  0000000100409268     tapecopy.obj
 0003:00000278       $SG169211                  0000000100409278     tapecopy.obj
 0003:00000288       $SG169212                  0000000100409288     tapecopy.obj
 0003:00000298       $SG169213                  0000000100409298     tapecopy.obj
 0003:000002a8       $SG169214                  00000001004092a8     tapecopy.obj
 0003:000002b8       $SG169215                  00000001004092b8     tapecopy.obj
 0003:000002c8       $SG169216                  00000001004092c8     tapecopy.obj
 0003:000002e0       $SG169217                  00000001004092e0     tapecopy.obj
 0003:00000300       $SG169218                  0000000100409300     tapecopy.obj
 0003:00000320       $SG169219                  0000000100409320     tapecopy.obj
 0003:00000340       $SG169220                  0000000100409340     tapecopy.obj
 0003:00000350       $SG169221                  0000000100409350     tapecopy.obj
 0003:00000370       $SG169222                  0000000100409370     tapecopy.obj
 0003:00000390       $SG169223                  0000000100409390     tapecopy.obj
 0003:000003a0       $SG169224                  00000001004093a0     tapecopy.obj
 0003:000003b0       $SG169226                  00000001004093b0     tapecopy.obj
 0003:000003c8       $SG169227                  00000001004093c8     tapecopy.obj
 0003:000003dc       vollbl                     00000001004093dc     tapecopy.obj
 0003:000003e0       hdrlbl                     00000001004093e0     tapecopy.obj
 0003:000003e4       eoflbl                     00000001004093e4     tapecopy.obj
 0003:000003e8       eovlbl                     00000001004093e8     tapecopy.obj
 0003:000003ec       $SG169241                  00000001004093ec     tapecopy.obj
 0003:000003f0       tapeinfo                   00000001004093f0     tapecopy.obj
 0003:00000510       densinfo                   0000000100409510     tapecopy.obj
 0003:000006a0       $SG169242                  00000001004096a0     tapecopy.obj
 0003:000006c4       $SG169255                  00000001004096c4     tapecopy.obj
 0003:000006c8       $SG169243                  00000001004096c8     tapecopy.obj
 0003:000006d8       $SG169244                  00000001004096d8     tapecopy.obj
 0003:000006e4       $SG169265                  00000001004096e4     tapecopy.obj
 0003:000006e8       $SG169256                  00000001004096e8     tapecopy.obj
 0003:00000714       $SG169284                  0000000100409714     tapecopy.obj
 0003:00000718       $SG169257                  0000000100409718     tapecopy.obj
 0003:00000728       $SG169258                  0000000100409728     tapecopy.obj
 0003:00000734       $SG169319                  0000000100409734     tapecopy.obj
 0003:00000738       $SG169263                  0000000100409738     tapecopy.obj
 0003:00000750       $SG169264                  0000000100409750     tapecopy.obj
 0003:000011b4       $SG169323                  000000010040a1b4     tapecopy.obj
 0003:000011b8       $SG169266                  000000010040a1b8     tapecopy.obj
 0003:000011c8       $SG169267                  000000010040a1c8     tapecopy.obj
 0003:000011d4       $SG169351                  000000010040a1d4     tapecopy.obj
 0003:000011d8       $SG169268                  000000010040a1d8     tapecopy.obj
 0003:000011e4       $SG169357                  000000010040a1e4     tapecopy.obj
 0003:000011e8       $SG169285                  000000010040a1e8     tapecopy.obj
 0003:00001228       $SG169286                  000000010040a228     tapecopy.obj
 0003:00001238       $SG169287                  000000010040a238     tapecopy.obj
 0003:00001244       $SG169364                  000000010040a244     tapecopy.obj
 0003:00001248       $SG169310                  000000010040a248     tapecopy.obj
 0003:00001258       $SG169311                  000000010040a258     tapecopy.obj
 0003:00001268       $SG169314                  000000010040a268     tapecopy.obj
 0003:00001278       $SG169320                  000000010040a278     tapecopy.obj
 0003:00001290       $SG169312                  000000010040a290     tapecopy.obj
 0003:000012d8       $SG169315                  000000010040a2d8     tapecopy.obj
 0003:000012e8       $SG169321                  000000010040a2e8     tapecopy.obj
 0003:000012f8       $SG169324                  000000010040a2f8     tapecopy.obj
 0003:00001330       $SG169316                  000000010040a330     tapecopy.obj
 0003:00001378       $SG169322                  000000010040a378     tapecopy.obj
 0003:00001384       $SG169370                  000000010040a384     tapecopy.obj
 0003:00001388       $SG169325                  000000010040a388     tapecopy.obj
 0003:00001398       $SG169326                  000000010040a398     tapecopy.obj
 0003:000013a4       $SG169386                  000000010040a3a4     tapecopy.obj
 0003:000013a8       $SG169350                  000000010040a3a8     tapecopy.obj
 0003:000013bc       $SG169407                  000000010040a3bc     tapecopy.obj
 0003:000013c0       $SG169352                  000000010040a3c0     tapecopy.obj
 0003:000013e8       $SG169353                  000000010040a3e8     tapecopy.obj
 0003:000013f8       $SG169354                  000000010040a3f8     tapecopy.obj
 0003:00001404       $SG169413                  000000010040a404     tapecopy.obj
 0003:00001408       $SG169356                  000000010040a408     tapecopy.obj
 0003:00001420       $SG169358                  000000010040a420     tapecopy.obj
 0003:00001464       $SG169427                  000000010040a464     tapecopy.obj
 0003:00001468       $SG169359                  000000010040a468     tapecopy.obj
 0003:00001478       $SG169360                  000000010040a478     tapecopy.obj
 0003:00001484       $SG169442                  000000010040a484     tapecopy.obj
 0003:00001488       $SG169363                  000000010040a488     tapecopy.obj
 0003:00001498       $SG169366                  000000010040a498     tapecopy.obj
 0003:000014a8       $SG169369                  000000010040a4a8     tapecopy.obj
 0003:000014c0       $SG169365                  000000010040a4c0     tapecopy.obj
 0003:0000150c       $SG169581                  000000010040a50c     tapecopy.obj
 0003:00001510       $SG169367                  000000010040a510     tapecopy.obj
 0003:00001520       $SG169371                  000000010040a520     tapecopy.obj
 0003:00001568       $SG169372                  000000010040a568     tapecopy.obj
 0003:00001578       $SG169373                  000000010040a578     tapecopy.obj
 0003:00001588       $SG169388                  000000010040a588     tapecopy.obj
 0003:00001598       $SG169406                  000000010040a598     tapecopy.obj
 0003:000015b0       $SG169387                  000000010040a5b0     tapecopy.obj
 0003:000015f4       $SG169586                  000000010040a5f4     tapecopy.obj
 0003:000015f8       $SG169389                  000000010040a5f8     tapecopy.obj
 0003:00001608       $SG169409                  000000010040a608     tapecopy.obj
 0003:00001618       $SG169412                  000000010040a618     tapecopy.obj
 0003:00001630       $SG169408                  000000010040a630     tapecopy.obj
 0003:00001674       $SG169591                  000000010040a674     tapecopy.obj
 0003:00001678       $SG169410                  000000010040a678     tapecopy.obj
 0003:00001688       $SG169415                  000000010040a688     tapecopy.obj
 0003:00001698       $SG169444                  000000010040a698     tapecopy.obj
 0003:000016b0       $SG169414                  000000010040a6b0     tapecopy.obj
 0003:000016f8       $SG169416                  000000010040a6f8     tapecopy.obj
 0003:00001708       $SG169441                  000000010040a708     tapecopy.obj
 0003:00001718       $SG169553                  000000010040a718     tapecopy.obj
 0003:00001740       $SG169428                  000000010040a740     tapecopy.obj
 0003:00001784       $SG169561                  000000010040a784     tapecopy.obj
 0003:0000178c       $SG169600                  000000010040a78c     tapecopy.obj
 0003:00001790       $SG169429                  000000010040a790     tapecopy.obj
 0003:000017ac       $SG169563                  000000010040a7ac     tapecopy.obj
 0003:000017b4       $SG169608                  000000010040a7b4     tapecopy.obj
 0003:000017b8       $SG169430                  000000010040a7b8     tapecopy.obj
 0003:000017c4       $SG169564                  000000010040a7c4     tapecopy.obj
 0003:000017d0       $SG169443                  000000010040a7d0     tapecopy.obj
 0003:00001814       $SG169616                  000000010040a814     tapecopy.obj
 0003:00001818       $SG169445                  000000010040a818     tapecopy.obj
 0003:00001824       $SG169662                  000000010040a824     tapecopy.obj
 0003:00001828       $SG169554                  000000010040a828     tapecopy.obj
 0003:00001834       $SG169571                  000000010040a834     tapecopy.obj
 0003:0000183c       $SG169573                  000000010040a83c     tapecopy.obj
 0003:00001844       $SG169574                  000000010040a844     tapecopy.obj
 0003:0000184c       $SG169675                  000000010040a84c     tapecopy.obj
 0003:00001850       $SG169582                  000000010040a850     tapecopy.obj
 0003:00001884       $SG169583                  000000010040a884     tapecopy.obj
 0003:0000188c       $SG169686                  000000010040a88c     tapecopy.obj
 0003:00001890       $SG169584                  000000010040a890     tapecopy.obj
 0003:000018a0       $SG169587                  000000010040a8a0     tapecopy.obj
 0003:000018e4       $SG169588                  000000010040a8e4     tapecopy.obj
 0003:000018ec       $SG169700                  000000010040a8ec     tapecopy.obj
 0003:000018f0       $SG169589                  000000010040a8f0     tapecopy.obj
 0003:000018fc       $SG169702                  000000010040a8fc     tapecopy.obj
 0003:00001900       $SG169592                  000000010040a900     tapecopy.obj
 0003:0000193c       $SG169593                  000000010040a93c     tapecopy.obj
 0003:00001944       $SG169705                  000000010040a944     tapecopy.obj
 0003:00001948       $SG169594                  000000010040a948     tapecopy.obj
 0003:00001954       $SG169598                  000000010040a954     tapecopy.obj
 0003:0000195c       $SG169709                  000000010040a95c     tapecopy.obj
 0003:00001960       $SG169599                  000000010040a960     tapecopy.obj
 0003:00001970       $SG169601                  000000010040a970     tapecopy.obj
 0003:00001994       $SG169602                  000000010040a994     tapecopy.obj
 0003:0000199c       $SG169713                  000000010040a99c     tapecopy.obj
 0003:000019a0       $SG169603                  000000010040a9a0     tapecopy.obj
 0003:000019ac       $SG169606                  000000010040a9ac     tapecopy.obj
 0003:000019b4       $SG169718                  000000010040a9b4     tapecopy.obj
 0003:000019b8       $SG169607                  000000010040a9b8     tapecopy.obj
 0003:000019c8       $SG169609                  000000010040a9c8     tapecopy.obj
 0003:000019f0       $SG169610                  000000010040a9f0     tapecopy.obj
 0003:000019f8       $SG169611                  000000010040a9f8     tapecopy.obj
 0003:00001a08       $SG169617                  000000010040aa08     tapecopy.obj
 0003:00001a3c       $SG169618                  000000010040aa3c     tapecopy.obj
 0003:00001a48       $SG169619                  000000010040aa48     tapecopy.obj
 0003:00001a54       $SG169622                  000000010040aa54     tapecopy.obj
 0003:00001a60       $SG169623                  000000010040aa60     tapecopy.obj
 0003:00001a70       $SG169624                  000000010040aa70     tapecopy.obj
 0003:00001ab8       $SG169626                  000000010040aab8     tapecopy.obj
 0003:00001ac0       $SG169627                  000000010040aac0     tapecopy.obj
 0003:00001ad0       $SG169628                  000000010040aad0     tapecopy.obj
 0003:00001b18       $SG169633                  000000010040ab18     tapecopy.obj
 0003:00001b28       $SG169635                  000000010040ab28     tapecopy.obj
 0003:00001b38       $SG169642                  000000010040ab38     tapecopy.obj
 0003:00001b48       $SG169644                  000000010040ab48     tapecopy.obj
 0003:00001b54       $SG169654                  000000010040ab54     tapecopy.obj
 0003:00001b60       $SG169655                  000000010040ab60     tapecopy.obj
 0003:00001b70       $SG169656                  000000010040ab70     tapecopy.obj
 0003:00001bb8       $SG169658                  000000010040abb8     tapecopy.obj
 0003:00001bc0       $SG169659                  000000010040abc0     tapecopy.obj
 0003:00001bd0       $SG169660                  000000010040abd0     tapecopy.obj
 0003:00001c18       $SG169664                  000000010040ac18     tapecopy.obj
 0003:00001c20       $SG169663                  000000010040ac20     tapecopy.obj
 0003:00001c78       $SG169665                  000000010040ac78     tapecopy.obj
 0003:00001c84       $SG169667                  000000010040ac84     tapecopy.obj
 0003:00001c90       $SG169668                  000000010040ac90     tapecopy.obj
 0003:00001ca0       $SG169669                  000000010040aca0     tapecopy.obj
 0003:00001ce8       $SG169671                  000000010040ace8     tapecopy.obj
 0003:00001cf0       $SG169672                  000000010040acf0     tapecopy.obj
 0003:00001d00       $SG169673                  000000010040ad00     tapecopy.obj
 0003:00001d48       $SG169676                  000000010040ad48     tapecopy.obj
 0003:00001d6c       $SG169677                  000000010040ad6c     tapecopy.obj
 0003:00001d78       $SG169678                  000000010040ad78     tapecopy.obj
 0003:00001d88       $SG169687                  000000010040ad88     tapecopy.obj
 0003:00001da4       $SG169688                  000000010040ada4     tapecopy.obj
 0003:00001db0       $SG169689                  000000010040adb0     tapecopy.obj
 0003:00001dbc       $SG169691                  000000010040adbc     tapecopy.obj
 0003:00001dc8       $SG169692                  000000010040adc8     tapecopy.obj
 0003:00001dd4       $SG169695                  000000010040add4     tapecopy.obj
 0003:00001de0       $SG169693                  000000010040ade0     tapecopy.obj
 0003:00001e28       $SG169696                  000000010040ae28     tapecopy.obj
 0003:00001e38       $SG169701                  000000010040ae38     tapecopy.obj
 0003:00001e60       $SG169697                  000000010040ae60     tapecopy.obj
 0003:00001ea8       $SG169706                  000000010040aea8     tapecopy.obj
 0003:00001ecc       $SG169707                  000000010040aecc     tapecopy.obj
 0003:00001ed8       $SG169708                  000000010040aed8     tapecopy.obj
 0003:00001ee8       $SG169710                  000000010040aee8     tapecopy.obj
 0003:00001f28       $SG169711                  000000010040af28     tapecopy.obj
 0003:00001f30       $SG169712                  000000010040af30     tapecopy.obj
 0003:00001f40       $SG169714                  000000010040af40     tapecopy.obj
 0003:00001f6c       $SG169715                  000000010040af6c     tapecopy.obj
 0003:00001f78       $SG169716                  000000010040af78     tapecopy.obj
 0003:00001f88       $SG169719                  000000010040af88     tapecopy.obj
 0003:00001fc4       $SG169720                  000000010040afc4     tapecopy.obj
 0003:00001fd0       $SG169721                  000000010040afd0     tapecopy.obj
 0003:00001fe0       $SG159049                  000000010040afe0     scsiutil.obj
 0003:00001fec       $SG159105                  000000010040afec     scsiutil.obj
 0003:00001ff0       $SG159051                  000000010040aff0     scsiutil.obj
 0003:00002000       $SG159053                  000000010040b000     scsiutil.obj
 0003:00002010       $SG159055                  000000010040b010     scsiutil.obj
 0003:00002020       $SG159057                  000000010040b020     scsiutil.obj
 0003:00002030       $SG159059                  000000010040b030     scsiutil.obj
 0003:00002040       $SG159061                  000000010040b040     scsiutil.obj
 0003:00002050       $SG159063                  000000010040b050     scsiutil.obj
 0003:00002060       $SG159065                  000000010040b060     scsiutil.obj
 0003:00002070       $SG159067                  000000010040b070     scsiutil.obj
 0003:00002080       $SG159069                  000000010040b080     scsiutil.obj
 0003:00002090       $SG159071                  000000010040b090     scsiutil.obj
 0003:000020a0       $SG159073                  000000010040b0a0     scsiutil.obj
 0003:000020b0       $SG159075                  000000010040b0b0     scsiutil.obj
 0003:000020c0       $SG159077                  000000010040b0c0     scsiutil.obj
 0003:000020cc       $SG159079                  000000010040b0cc     scsiutil.obj
 0003:000020d8       $SG159081                  000000010040b0d8     scsiutil.obj
 0003:000020e8       $SG159083                  000000010040b0e8     scsiutil.obj
 0003:000020f8       $SG159085                  000000010040b0f8     scsiutil.obj
 0003:00002108       $SG159087                  000000010040b108     scsiutil.obj
 0003:00002110       $SG159089                  000000010040b110     scsiutil.obj
 0003:0000211c       $SG159091                  000000010040b11c     scsiutil.obj
 0003:00002128       $SG159093                  000000010040b128     scsiutil.obj
 0003:00002130       $SG159095                  000000010040b130     scsiutil.obj
 0003:00002138       $SG159097                  000000010040b138     scsiutil.obj
 0003:00002140       $SG159099                  000000010040b140     scsiutil.obj
 0003:00002150       $SG159101                  000000010040b150     scsiutil.obj
 0003:0000215c       $SG159103                  000000010040b15c     scsiutil.obj
 0003:00002164       $SG159107                  000000010040b164     scsiutil.obj
 0003:0000216c       $SG159109                  000000010040b16c     scsiutil.obj
 0003:00002174       $SG159111                  000000010040b174     scsiutil.obj
 0003:00002180       $SG159113                  000000010040b180     scsiutil.obj
 0003:00002230       buf                        000000010040b230     tapecopy.obj
 0003:00202230       $SG169254                  000000010060b230     tapecopy.obj
 0003:00202231       $SG159050                  000000010060b231     scsiutil.obj
 0003:00202232       $SG159052                  000000010060b232     scsiutil.obj
 0003:00202233       $SG159054                  000000010060b233     scsiutil.obj
 0003:00202234       $SG159056                  000000010060b234     scsiutil.obj
 0003:00202235       $SG159058                  000000010060b235     scsiutil.obj
 0003:00202236       $SG159060                  000000010060b236     scsiutil.obj
 0003:00202237       $SG159062                  000000010060b237     scsiutil.obj
 0003:00202238       $SG159064                  000000010060b238     scsiutil.obj
 0003:00202239       $SG159066                  000000010060b239     scsiutil.obj
 0003:0020223a       $SG159068                  000000010060b23a     scsiutil.obj
 0003:0020223b       $SG159070                  000000010060b23b     scsiutil.obj
 0003:0020223c       $SG159072                  000000010060b23c     scsiutil.obj
 0003:0020223d       $SG159074                  000000010060b23d     scsiutil.obj
 0003:0020223e       $SG159076                  000000010060b23e     scsiutil.obj
 0003:0020223f       $SG159078                  000000010060b23f     scsiutil.obj
 0003:00202240       $SG159080                  000000010060b240     scsiutil.obj
 0003:00202241       $SG159082                  000000010060b241     scsiutil.obj
 0003:00202242       $SG159084                  000000010060b242     scsiutil.obj
 0003:00202243       $SG159086                  000000010060b243     scsiutil.obj
 0003:00202244       $SG159088                  000000010060b244     scsiutil.obj
 0003:00202245       $SG159090                  000000010060b245     scsiutil.obj
 0003:00202246       $SG159092                  000000010060b246     scsiutil.obj
 0003:00202247       $SG159094                  000000010060b247     scsiutil.obj
 0003:00202248       $SG159096                  000000010060b248     scsiutil.obj
 0003:00202249       $SG159098                  000000010060b249     scsiutil.obj
 0003:0020224a       $SG159100                  000000010060b24a     scsiutil.obj
 0003:0020224b       $SG159102                  000000010060b24b     scsiutil.obj
 0003:0020224c       $SG159104                  000000010060b24c     scsiutil.obj
 0003:0020224d       $SG159106                  000000010060b24d     scsiutil.obj
 0003:0020224e       $SG159108                  000000010060b24e     scsiutil.obj
 0003:0020224f       $SG159110                  000000010060b24f     scsiutil.obj
 0003:00202250       $SG159112                  000000010060b250     scsiutil.obj
 0003:00202260       GS_ExceptionRecord         000000010060b260     MSVCRTD:gs_report.obj
 0003:00202300       GS_ContextRecord           000000010060b300     MSVCRTD:gs_report.obj
 0003:002027e0       ?is_initialized_as_dll@@3_NA 000000010060b7e0     MSVCRTD:utility.obj
 0003:002027e1       ?module_local_atexit_table_initialized@@3_NA 000000010060b7e1     MSVCRTD:utility.obj
 0003:002027e8       ?module_local_atexit_table@@3U_onexit_table_t@@A 000000010060b7e8     MSVCRTD:utility.obj
 0003:00202800       ?module_local_at_quick_exit_table@@3U_onexit_table_t@@A 000000010060b800     MSVCRTD:utility.obj
 0005:000002d0       $R000000                   000000010060d2d0     herctape.res
 0005:00000878       $R0005A8                   000000010060d878     herctape.res
 0005:000009a0       $R0006D0                   000000010060d9a0     herctape.res
 0005:00000f08       $R000C38                   000000010060df08     herctape.res
 0005:00001370       $R0010A0                   000000010060e370     herctape.res
 0005:00001658       $R001388                   000000010060e658     herctape.res
 0005:00001f00       $R001C30                   000000010060ef00     herctape.res
 0005:00002fa8       $R002CD8                   000000010060ffa8     herctape.res
 0005:00003610       $R003340                   0000000100610610     herctape.res
 0005:000044b8       $R0041E8                   00000001006114b8     herctape.res
 0005:00006a60       $R006790                   0000000100613a60     herctape.res
 0005:0000ff08       $R00FC38                   000000010061cf08     herctape.res
 0005:00026ab0       $R0267E0                   0000000100633ab0     herctape.res
